******************************************************************************
              TMS320C55x Linker PC v4.4.1                      
******************************************************************************
>> Linked Sun May 14 17:30:49 2023

OUTPUT FILE NAME:   <AGC.out>
ENTRY POINT SYMBOL: "_c_int00"  address: 0000ad49


MEMORY CONFIGURATION

         name            origin    length      used     unused   attr    fill
                        (bytes)   (bytes)    (bytes)   (bytes)
----------------------  --------  ---------  --------  --------  ----  --------
  DARAM                 000000c0   0000fe40  0000bc98  000041a8  RWIX
  VECT                  0000ff00   00000100  00000100  00000000  RWIX


SECTION ALLOCATION MAP
(Addresses surrounded by []'s are displayed for convenience only!)

output                                                          attributes/
section   page  orgn(bytes) orgn(words) len(bytes) len(words)   input sections
--------  ----  ----------- ----------- ---------- ----------   --------------
.vers        0   [ 00000000 ]  00000000          *   0000003c   COPY SECTION
                 [ 00000000 ]  00000000          *   0000003c   hellocfg.obj (.vers)

.text        0     000000c0  [ 00000060 ] 0000243c          *   
                   000000c0  [ 00000060 ] 000003cc          *   rts55x.lib : divd.obj (.text)
                   0000048c  [ 00000246 ] 00000359          *   audioProcessing.obj (.text)
                   000007e5  [ 000003f2 ] 00000003          *   --HOLE-- [fill = 20]
                   000007e8  [ 000003f4 ] 00000261          *   csl5502x.lib : mcbsp_rst.obj (.text:MCBSP_reset)
                   00000a49  [ 00000524+] 0000025a          *   rts55x.lib : addd.obj (.text)
                   00000ca3  [ 00000651+] 00000231          *   aic3204.obj (.text)
                   00000ed4  [ 0000076a ] 0000020c          *   ezdsp5502_gpio.obj (.text)
                   000010e0  [ 00000870 ] 000001ea          *   rts55x.lib : cmpd.obj (.text)
                   000012ca  [ 00000965 ] 00000002          *   --HOLE-- [fill = 20]
                   000012cc  [ 00000966 ] 0000018e          *   csl5502x.lib : i2c_write.obj (.text:I2C_write)
                   0000145a  [ 00000a2d ] 00000002          *   --HOLE-- [fill = 20]
                   0000145c  [ 00000a2e ] 0000015d          *                : i2c_read.obj (.text:I2C_read)
                   000015b9  [ 00000adc+] 0000014e          *   ezdsp5502_i2cgpio.obj (.text)
                   00001707  [ 00000b83+] 0000014c          *   rts55x.lib : mpyd.obj (.text)
                   00001853  [ 00000c29 ] 00000001          *   --HOLE-- [fill = 20]
                   00001854  [ 00000c2a ] 00000130          *   csl5502x.lib : mcbsp_cfg.obj (.text:MCBSP_config)
                   00001984  [ 00000cc2 ] 000000ee          *                : mcbsp_open.obj (.text:MCBSP_open)
                   00001a72  [ 00000d39 ] 000000c4          *   myFIR.obj (.text)
                   00001b36  [ 00000d9b ] 000000ba          *   ezdsp5502_mcbsp.obj (.text)
                   00001bf0  [ 00000df8 ] 0000008e          *   main.obj (.text)
                   00001c7e  [ 00000e3f ] 00000089          *   userInterface.obj (.text)
                   00001d07  [ 00000e83 ] 00000001          *   --HOLE-- [fill = 20]
                   00001d08  [ 00000e84 ] 00000082          *   csl5502x.lib : mcbsp_start.obj (.text:MCBSP_start)
                   00001d8a  [ 00000ec5 ] 0000007b          *   fir2.obj (.text)
                   00001e05  [ 00000f02+] 00000076          *   rts55x.lib : frcmpyd.obj (.text)
                   00001e7b  [ 00000f3d+] 00000075          *              : sinit.obj (.text)
                   00001ef0  [ 00000f78 ] 00000073          *              : frcmpyd_div.obj (.text)
                   00001f63  [ 00000fb1 ] 00000001          *   --HOLE-- [fill = 20]
                   00001f64  [ 00000fb2 ] 00000072          *   csl5502x.lib : i2c_cfg.obj (.text:I2C_config)
                   00001fd6  [ 00000feb ] 0000006f          *   ezdsp5502.obj (.text)
                   00002045  [ 00001022+] 0000006f          *   rts55x.lib : atexit.obj (.text)
                   000020b4  [ 0000105a ] 0000006f          *              : fixdli.obj (.text)
                   00002123  [ 00001091+] 0000006d          *   ezdsp5502_i2c.obj (.text)
                   00002190  [ 000010c8 ] 00000067          *   bios.a55L : c55_enable.o55L (.text)
                   000021f7  [ 000010fb+] 00000067          *   rts55x.lib : fltlid.obj (.text)
                   0000225e  [ 0000112f ] 00000002          *   --HOLE-- [fill = 20]
                   00002260  [ 00001130 ] 0000005c          *   bios.a55L : tsk_stup.o55L (.text)
                   000022bc  [ 0000115e ] 0000004f          *   csl5502x.lib : gpio_open.obj (.text:GPIO_open)
                   0000230b  [ 00001185+] 0000003f          *   rts55x.lib : memcpy.obj (.text)
                   0000234a  [ 000011a5 ] 0000003e          *              : exit.obj (.text)
                   00002388  [ 000011c4 ] 00000036          *   csl5502x.lib : mcbsp_cls.obj (.text:MCBSP_close)
                   000023be  [ 000011df ] 0000002a          *   rts55x.lib : fixdi.obj (.text)
                   000023e8  [ 000011f4 ] 0000001f          *   csl5502x.lib : gpio_dir.obj (.text:GPIO_pinDirection)
                   00002407  [ 00001203 ] 00000001          *   --HOLE-- [fill = 20]
                   00002408  [ 00001204 ] 0000001f          *                : gpio_write.obj (.text:GPIO_pinWrite)
                   00002427  [ 00001213 ] 00000001          *   --HOLE-- [fill = 20]
                   00002428  [ 00001214 ] 00000014          *                : gpio_read.obj (.text:GPIO_pinRead)
                   0000243c  [ 0000121e ] 00000014          *   rts55x.lib : subd.obj (.text)
                   00002450  [ 00001228 ] 00000013          *   csl5502x.lib : gpio_enab.obj (.text:GPIO_pinEnable)
                   00002463  [ 00001231+] 00000013          *   rts55x.lib : lmpy.obj (.text)
                   00002476  [ 0000123b ] 00000012          *              : _lock.obj (.text)
                   00002488  [ 00001244 ] 00000011          *              : memset.obj (.text)
                   00002499  [ 0000124c ] 00000003          *   --HOLE-- [fill = 20]
                   0000249c  [ 0000124e ] 0000000f          *   csl5502x.lib : irq_gdisab.obj (.text:IRQ_globalDisable)
                   000024ab  [ 00001255 ] 00000001          *   --HOLE-- [fill = 20]
                   000024ac  [ 00001256 ] 0000000d          *                : _csl_init.obj (.text:_CSL_init)
                   000024b9  [ 0000125c ] 00000003          *   --HOLE-- [fill = 20]
                   000024bc  [ 0000125e ] 0000000c          *                : csl.obj (.text:CSL_init)
                   000024c8  [ 00001264 ] 0000000c          *                : irq_grest.obj (.text:IRQ_globalRestore)
                   000024d4  [ 0000126a ] 0000000c          *   rts55x.lib : fltid.obj (.text)
                   000024e0  [ 00001270 ] 00000007          *              : exit.obj (.text:CIO_breakpoint)
                   000024e7  [ 00001273 ] 00000001          *   --HOLE-- [fill = 20]
                   000024e8  [ 00001274 ] 00000007          *   csl5502x.lib : mcbsp_r16.obj (.text:MCBSP_read16)
                   000024ef  [ 00001277 ] 00000001          *   --HOLE-- [fill = 20]
                   000024f0  [ 00001278 ] 00000007          *                : mcbsp_w16.obj (.text:MCBSP_write16)
                   000024f7  [ 0000127b ] 00000001          *   --HOLE-- [fill = 20]
                   000024f8  [ 0000127c ] 00000002          *                : csl.obj (.text)
                   000024fa  [ 0000127d ] 00000002          *   --HOLE-- [fill = 20]

.data        0   [ 000000c0 ]  00000060          *   00000000   UNINITIALIZED

.bios        0     000024fc  [ 0000127e ] 000020e4          *   
                   000024fc  [ 0000127e ] 000003d4          *   bios.a55L : swi.o55L (.bios)
                   000028d0  [ 00001468 ] 000003a3          *   lnkrtdx.a55L : rtdx.o55L (.bios)
                   00002c73  [ 00001639+] 0000035f          *   bios.a55L : hwi_disp_asm.o55L (.bios)
                   00002fd2  [ 000017e9 ] 00000002          *   bios5502.a55L : clk5502_wdog.o55L (.bios)
                   00002fd4  [ 000017ea ] 0000018b          *   bios.a55L : sem_pend.o55L (.bios)
                   0000315f  [ 000018af+] 00000186          *             : prd.o55L (.bios)
                   000032e5  [ 00001972 ] 00000003          *   --HOLE-- [fill = 20]
                   000032e8  [ 00001974 ] 00000185          *             : knl_run.o55L (.bios)
                   0000346d  [ 00001a36 ] 00000003          *   --HOLE-- [fill = 20]
                   00003470  [ 00001a38 ] 00000144          *             : knl_tick.o55L (.bios)
                   000035b4  [ 00001ada ] 00000130          *             : rta.o55L (.bios)
                   000036e4  [ 00001b72 ] 00000119          *             : pip.o55L (.bios)
                   000037fd  [ 00001bfe+] 0000010e          *             : knl_swit.o55L (.bios)
                   0000390b  [ 00001c85 ] 00000001          *   --HOLE-- [fill = 20]
                   0000390c  [ 00001c86 ] 0000010d          *             : mbx.o55L (.bios)
                   00003a19  [ 00001d0c ] 00000003          *   --HOLE-- [fill = 20]
                   00003a1c  [ 00001d0e ] 00000104          *             : sem_dopo.o55L (.bios)
                   00003b20  [ 00001d90 ] 000000f8          *             : tsk_exit.o55L (.bios)
                   00003c18  [ 00001e0c ] 000000f6          *             : tsk_setu.o55L (.bios)
                   00003d0e  [ 00001e87 ] 00000002          *   --HOLE-- [fill = 20]
                   00003d10  [ 00001e88 ] 000000bf          *             : tsk_stup.o55L (.bios)
                   00003dcf  [ 00001ee7+] 000000a2          *             : c55_c.o55L (.bios)
                   00003e71  [ 00001f38+] 0000008d          *             : knl_chec.o55L (.bios)
                   00003efe  [ 00001f7f ] 0000008d          *   bios5502.a55L : clk_isr.o55L (.bios)
                   00003f8b  [ 00001fc5+] 00000082          *   bios.a55L : sem_post_asm.o55L (.bios)
                   0000400d  [ 00002006+] 0000006b          *   bios5502.a55L : clk5502_start.o55L (.bios)
                   00004078  [ 0000203c ] 0000005f          *   bios.a55L : knl_exit.o55L (.bios)
                   000040d7  [ 0000206b ] 00000001          *   --HOLE-- [fill = 20]
                   000040d8  [ 0000206c ] 0000005b          *             : knl_ipos.o55L (.bios)
                   00004133  [ 00002099 ] 00000001          *   --HOLE-- [fill = 20]
                   00004134  [ 0000209a ] 00000058          *             : lck.o55L (.bios)
                   0000418c  [ 000020c6 ] 00000051          *             : log.o55L (.bios)
                   000041dd  [ 000020ee+] 0000004e          *             : sem_pend_counting.o55L (.bios)
                   0000422b  [ 00002115 ] 00000001          *   --HOLE-- [fill = 20]
                   0000422c  [ 00002116 ] 00000048          *             : sem_post.o55L (.bios)
                   00004274  [ 0000213a ] 00000048          *             : sts.o55L (.bios)
                   000042bc  [ 0000215e ] 00000048          *             : sys_exit.o55L (.bios)
                   00004304  [ 00002182 ] 00000047          *             : idl_busy.o55L (.bios)
                   0000434b  [ 000021a5+] 00000046          *             : idl_cal.o55L (.bios)
                   00004391  [ 000021c8+] 00000043          *             : rta_andn.o55L (.bios)
                   000043d4  [ 000021ea ] 00000040          *   bios5502.a55L : clk5502_meas.o55L (.bios)
                   00004414  [ 0000220a ] 00000036          *   bios.a55L : utl_putc.o55L (.bios)
                   0000444a  [ 00002225 ] 00000002          *   --HOLE-- [fill = 20]
                   0000444c  [ 00002226 ] 00000034          *             : knl_post.o55L (.bios)
                   00004480  [ 00002240 ] 0000002c          *   bios5502.a55L : clk5502_startHtime.o55L (.bios)
                   000044ac  [ 00002256 ] 00000025          *   bios.a55L : fxn.o55L (.bios)
                   000044d1  [ 00002268+] 00000024          *             : idl_stub.o55L (.bios)
                   000044f5  [ 0000227a ] 00000003          *   --HOLE-- [fill = 20]
                   000044f8  [ 0000227c ] 00000023          *             : utl_doab.o55L (.bios)
                   0000451b  [ 0000228d ] 00000001          *   --HOLE-- [fill = 20]
                   0000451c  [ 0000228e ] 00000020          *             : utl_doer.o55L (.bios)
                   0000453c  [ 0000229e ] 0000001f          *             : clk_itime.o55L (.bios)
                   0000455b  [ 000022ad ] 00000001          *   --HOLE-- [fill = 20]
                   0000455c  [ 000022ae ] 0000001a          *             : hwi_xable.o55L (.bios)
                   00004576  [ 000022bb ] 00000017          *             : clk_run.o55L (.bios)
                   0000458d  [ 000022c6 ] 00000003          *   --HOLE-- [fill = 20]
                   00004590  [ 000022c8 ] 00000017          *             : sys_abor.o55L (.bios)
                   000045a7  [ 000022d3+] 0000000f          *   bios5502.a55L : clk5502_htime.o55L (.bios)
                   000045b6  [ 000022db ] 0000000c          *   bios.a55L : idl.o55L (.bios)
                   000045c2  [ 000022e1 ] 00000002          *   --HOLE-- [fill = 20]
                   000045c4  [ 000022e2 ] 00000008          *             : utl_halt.o55L (.bios)
                   000045cc  [ 000022e6 ] 00000007          *             : sts_set.o55L (.bios)
                   000045d3  [ 000022e9+] 00000006          *             : gbl_vers.o55L (.bios)
                   000045d9  [ 000022ec ] 00000003          *   --HOLE-- [fill = 20]
                   000045dc  [ 000022ee ] 00000002          *             : fxn_c.o55L (.bios)
                   000045de  [ 000022ef ] 00000002          *   --HOLE-- [fill = 20]

.cinit       0   [ 000045e0 ]  000022f0          *   0000078f   
                 [ 000045e0 ]  000022f0          *   00000433   hellocfg.obj (.cinit)
                 [ 00004e46 ]  00002723          *   000000af   bios.a55L : biosdata.o55L (.cinit)
                 [ 00004fa4 ]  000027d2          *   000000a0             : knl.o55L (.cinit)
                 [ 000050e4 ]  00002872          *   00000069   csl5502x.lib : csl_mcbspdat.obj (.cinit)
                 [ 000051b6 ]  000028db          *   00000052   audioProcessing.obj (.cinit)
                 [ 0000525a ]  0000292d          *   00000031   bios.a55L : tsk.o55L (.cinit)
                 [ 000052bc ]  0000295e          *   0000002e             : tsk_stup.o55L (.cinit)
                 [ 00005318 ]  0000298c          *   00000025   csl5502x.lib : csl_csldat.obj (.cinit)
                 [ 00005362 ]  000029b1          *   00000023                : csl_gpiodat.obj (.cinit)
                 [ 000053a8 ]  000029d4          *   00000019   bios.a55L : rta.o55L (.cinit)
                 [ 000053da ]  000029ed          *   00000017   rtdxx.lib : buffer1.o55L (.cinit)
                 [ 00005408 ]  00002a04          *   0000000f   bios.a55L : utl_putc.o55L (.cinit)
                 [ 00005426 ]  00002a13          *   0000000c   main.obj (.cinit)
                 [ 0000543e ]  00002a1f          *   0000000c   userInterface.obj (.cinit)
                 [ 00005456 ]  00002a2b          *   0000000b   bios.a55L : knl_tick.o55L (.cinit)
                 [ 0000546c ]  00002a36          *   0000000a             : obj_init.o55L (.cinit)
                 [ 00005480 ]  00002a40          *   0000000a             : sys.o55L (.cinit)
                 [ 00005494 ]  00002a4a          *   0000000a   rts55x.lib : _lock.obj (.cinit)
                 [ 000054a8 ]  00002a54          *   0000000a              : exit.obj (.cinit)
                 [ 000054bc ]  00002a5e          *   00000009   lnkrtdx.a55L : rtdx.o55L (.cinit)
                 [ 000054ce ]  00002a67          *   00000008   rts55x.lib : atexit.obj (.cinit)
                 [ 000054de ]  00002a6f          *   00000005   bios.a55L : idl_busy.o55L (.cinit)
                 [ 000054e8 ]  00002a74          *   00000005             : knl_swit.o55L (.cinit)
                 [ 000054f2 ]  00002a79          *   00000005   rts55x.lib : sinit.obj (.cinit)
                 [ 000054fc ]  00002a7e          *   00000001   --HOLE-- [fill = 0]

.mem         0   [ 000054fe ]  00002a7f          *   00000001   UNINITIALIZED
                 [ 000054fe ]  00002a7f          *   00000001   hellocfg.obj (.mem)

.bss         0   [ 00005500 ]  00002a80          *   00000628   UNINITIALIZED
                 [ 00005500 ]  00002a80          *   000003fa   audioProcessing.obj (.bss)
                 [ 00005cf4 ]  00002e7a          *   000000c2   rts55x.lib : atexit.obj (.bss)
                 [ 00005e78 ]  00002f3c          *   0000008a   bios.a55L : knl.o55L (.bss)
                 [ 00005f8c ]  00002fc6          *   00000030             : tsk.o55L (.bss)
                 [ 00005fec ]  00002ff6          *   00000028             : tsk_stup.o55L (.bss)
                 [ 0000603c ]  0000301e          *   00000023             : obj_init.o55L (.bss)
                 [ 00006082 ]  00003041          *   00000001   --HOLE--
                 [ 00006084 ]  00003042          *   00000014             : sys.o55L (.bss)
                 [ 000060ac ]  00003056          *   00000014   hellocfg.obj (.bss)
                 [ 000060d4 ]  0000306a          *   0000000a   main.obj (.bss)
                 [ 000060e8 ]  00003074          *   00000008   bios.a55L : knl_tick.o55L (.bss)
                 [ 000060f8 ]  0000307c          *   00000008   ezdsp5502_gpio.obj (.bss)
                 [ 00006108 ]  00003084          *   00000006   bios.a55L : utl_putc.o55L (.bss)
                 [ 00006114 ]  0000308a          *   00000006   rtdxx.lib : buffer1.o55L (.bss)
                 [ 00006120 ]  00003090          *   00000004   bios.a55L : clk_data.o55L (.bss)
                 [ 00006128 ]  00003094          *   00000004   rts55x.lib : _lock.obj (.bss)
                 [ 00006130 ]  00003098          *   00000004              : exit.obj (.bss)
                 [ 00006138 ]  0000309c          *   00000004   userInterface.obj (.bss)
                 [ 00006140 ]  000030a0          *   00000002   bios.a55L : clk_data2.o55L (.bss)
                 [ 00006144 ]  000030a2          *   00000002             : mem_asm.o55L (.bss)
                 [ 00006148 ]  000030a4          *   00000002   ezdsp5502_mcbsp.obj (.bss)
                 [ 0000614c ]  000030a6          *   00000002   rts55x.lib : sinit.obj (.bss)

.sysstack 
*            0   [ 00006150 ]  000030a8          *   00000100   UNINITIALIZED
                 [ 00006150 ]  000030a8          *   00000100   --HOLE--

.stack       0   [ 00006350 ]  000031a8          *   00000400   UNINITIALIZED
                 [ 00006350 ]  000031a8          *   00000400   --HOLE--

.DARAM$heap 
*            0   [ 00006b50 ]  000035a8          *   00000500   UNINITIALIZED
                 [ 00006b50 ]  000035a8          *   00000500   --HOLE--

.TSK_idle$stk 
*            0   [ 00007550 ]  00003aa8          *   00000500   UNINITIALIZED
                 [ 00007550 ]  00003aa8          *   00000500   hellocfg.obj (.TSK_idle$stk)

.TaskAudioProcessing$stk 
*            0   [ 00007f50 ]  00003fa8          *   00000500   UNINITIALIZED
                 [ 00007f50 ]  00003fa8          *   00000500   hellocfg.obj (.TaskAudioProcessing$stk)

.rtdx_text 
*            0     00008950  [ 000044a8 ] 00000942          *   
                   00008950  [ 000044a8 ] 000001db          *   rtdxx.lib : buffer1.o55L (.rtdx_text:_RTDX_write_next)
                   00008b2b  [ 00004595+] 0000017c          *             : buffer1.o55L (.rtdx_text:_RTDX_Buffer_WriteCB)
                   00008ca7  [ 00004653+] 0000010f          *             : rtdx_mon.o55L (.rtdx_text:_RTDX_Init_RT_Monitor)
                   00008db6  [ 000046db ] 000000ec          *             : rtdx_mon.o55L (.rtdx_text:_RTDX_Poll)
                   00008ea2  [ 00004751 ] 000000b5          *             : buffer1.o55L (.rtdx_text:_claim)
                   00008f57  [ 000047ab+] 00000093          *             : rtdx_mon.o55L (.rtdx_text:_StartXFer)
                   00008fea  [ 000047f5 ] 00000088          *             : rtdx_mon.o55L (.rtdx_text:_RTDX_Mon_Queue)
                   00009072  [ 00004839 ] 00000065          *             : rtdx_mon.o55L (.rtdx_text:_RTDX_H2TPoll)
                   000090d7  [ 0000486b+] 00000053          *             : buffer1.o55L (.rtdx_text:_RTDX_Buffer_Initialize)
                   0000912a  [ 00004895 ] 0000004b          *             : buffer2.o55L (.rtdx_text:_RTDX_Buffer_ReadCB)
                   00009175  [ 000048ba+] 0000003c          *             : rtdx_mon.o55L (.rtdx_text:_RTDX_Final_RT_Monitor)
                   000091b1  [ 000048d8+] 0000003b          *             : buffer1.o55L (.rtdx_text:_RTDX_Buffer_Size)
                   000091ec  [ 000048f6 ] 0000002a          *             : intr_tgt.o55L (.rtdx_text:_RTDX_Mask_IER)
                   00009216  [ 0000490b ] 00000022          *             : buffer2.o55L (.rtdx_text:_RTDX_Buffer_Read)
                   00009238  [ 0000491c ] 0000001e          *             : intr_tgt.o55L (.rtdx_text:_RTDX_Set_IER)
                   00009256  [ 0000492b ] 0000001c          *             : buffer1.o55L (.rtdx_text:_RTDX_Buffer_Write)
                   00009272  [ 00004939 ] 00000017          *             : rtdx_mon.o55L (.rtdx_text:_Allow_EmuAccess)
                   00009289  [ 00004944+] 00000004          *             : rtdx_mon.o55L (.rtdx_text:_Disallow_EmuAccess)
                   0000928d  [ 00004946+] 00000004          *             : rtdx_mon.o55L (.rtdx_text:_Wait)
                   00009291  [ 00004948 ] 00000001          *   --HOLE-- [fill = 20]

.pinit       0   [ 00009294 ]  0000494a          *   00000006   
                 [ 00009294 ]  0000494a          *   00000002   rtdxx.lib : buffer1.o55L (.pinit)
                 [ 00009298 ]  0000494c          *   00000002             : rtdx_mon.o55L (.pinit)
                 [ 0000929c ]  0000494e          *   00000002   --HOLE-- [fill = 0]

.coeffs2     0   [ 000092a0 ]  00004950          *   00000089   
                 [ 000092a0 ]  00004950          *   00000089   main.obj (.coeffs2)

.hst         0   [ 000093b4 ]  000049da          *   0000001a   UNINITIALIZED
                 [ 000093b4 ]  000049da          *   0000001a   hellocfg.obj (.hst)

.prd         0   [ 000093e8 ]  000049f4          *   0000000c   UNINITIALIZED
                 [ 000093e8 ]  000049f4          *   0000000c   hellocfg.obj (.prd)

.LOG_system$buf 
*            0   [ 00009400 ]  00004a00          *   00000200   UNINITIALIZED
                 [ 00009400 ]  00004a00          *   00000200   hellocfg.obj (.LOG_system$buf)

.trace$buf 
*            0   [ 00009800 ]  00004c00          *   00000400   UNINITIALIZED
                 [ 00009800 ]  00004c00          *   00000400   hellocfg.obj (.trace$buf)

.TSKUserInterface$stk 
*            0   [ 0000a000 ]  00005000          *   00000300   UNINITIALIZED
                 [ 0000a000 ]  00005000          *   00000300   hellocfg.obj (.TSKUserInterface$stk)

.trace       0   [ 0000a600 ]  00005300          *   00000200   
                 [ 0000a600 ]  00005300          *   00000200   --HOLE-- [fill = 00]

.sysinit     0     0000aa00  [ 00005500 ] 000003bc          *   
                   0000aa00  [ 00005500 ] 0000013d          *   hellocfg.obj (.sysinit)
                   0000ab3d  [ 0000559e ] 00000003          *   --HOLE-- [fill = 20]
                   0000ab40  [ 000055a0 ] 00000111          *   bios.a55L : mem_init.o55L (.sysinit)
                   0000ac51  [ 00005628 ] 00000003          *   --HOLE-- [fill = 20]
                   0000ac54  [ 0000562a ] 00000084          *             : tsk_init.o55L (.sysinit)
                   0000acd8  [ 0000566c ] 00000071          *             : autoinit.o55L (.sysinit)
                   0000ad49  [ 000056a4+] 0000006f          *             : boot.o55L (.sysinit)
                   0000adb8  [ 000056dc ] 00000002          *             : obj_init.o55L (.sysinit)
                   0000adba  [ 000056dd ] 00000002          *   --HOLE-- [fill = 20]

.rtdx_data 
*            0   [ 0000adbc ]  000056de          *   00000128   UNINITIALIZED
                 [ 0000adbc ]  000056de          *   00000102   hellocfg.obj (.rtdx_data)
                 [ 0000afc0 ]  000057e0          *   00000012   rtdxx.lib : rtdx_mon.o55L (.rtdx_data)
                 [ 0000afe4 ]  000057f2          *   00000010             : buffer1.o55L (.rtdx_data)
                 [ 0000b004 ]  00005802          *   00000004   bios.a55L : rtdx_data.o55L (.rtdx_data)

.const       0   [ 0000b00c ]  00005806          *   000000db   
                 [ 0000b00c ]  00005806          *   0000004f   bios.a55L : tsk_stup.o55L (.const)
                 [ 0000b0aa ]  00005855          *   00000001   main.obj (.const)
                 [ 0000b0ac ]  00005856          *   00000023   bios.a55L : utl_doab.o55L (.const)
                 [ 0000b0f2 ]  00005879          *   00000001   --HOLE-- [fill = 0]
                 [ 0000b0f4 ]  0000587a          *   00000022             : utl_doer.o55L (.const)
                 [ 0000b138 ]  0000589c          *   0000001b   ezdsp5502_mcbsp.obj (.const:_$P$T0$1)
                 [ 0000b16e ]  000058b7          *   0000000a   ezdsp5502_i2c.obj (.const:_$P$T0$1)
                 [ 0000b182 ]  000058c1          *   00000001   --HOLE-- [fill = 0]
                 [ 0000b184 ]  000058c2          *   0000000a   audioProcessing.obj (.const)
                 [ 0000b198 ]  000058cc          *   00000008   rts55x.lib : divd.obj (.const:_initial_approx$1)
                 [ 0000b1a8 ]  000058d4          *   00000006   rtdxx.lib : rtdx_mon.o55L (.const)
                 [ 0000b1b4 ]  000058da          *   00000004             : buffer1.o55L (.const)
                 [ 0000b1bc ]  000058de          *   00000002   rts55x.lib : fltlid.obj (.const)
                 [ 0000b1c0 ]  000058e0          *   00000001   bios.a55L : tsk.o55L (.const)

.printf      0   [ 0000b1c2 ]  000058e1          *   000000b2   COPY SECTION
                 [ 0000b1c2 ]  000058e1          *   000000b2   hellocfg.obj (.printf)

.sysdata     0   [ 0000b1c4 ]  000058e2          *   000000ce   UNINITIALIZED
                 [ 0000b1c4 ]  000058e2          *   000000b0   bios.a55L : biosdata.o55L (.sysdata)
                 [ 0000b324 ]  00005992          *   00000016             : rta.o55L (.sysdata)
                 [ 0000b350 ]  000059a8          *   00000006   lnkrtdx.a55L : rtdx.o55L (.sysdata)
                 [ 0000b35c ]  000059ae          *   00000002   bios.a55L : idl_busy.o55L (.sysdata)

.hwi_disp_sec 
*            0   [ 0000b360 ]  000059b0          *   000000c0   UNINITIALIZED
                 [ 0000b360 ]  000059b0          *   000000c0   bios.a55L : hwi_disp_asm.o55L (.hwi_disp_sec)

.tsk         0   [ 0000b4e0 ]  00005a70          *   00000084   UNINITIALIZED
                 [ 0000b4e0 ]  00005a70          *   00000084   hellocfg.obj (.tsk)

.mbx         0   [ 0000b5e8 ]  00005af4          *   00000068   UNINITIALIZED
                 [ 0000b5e8 ]  00005af4          *   00000068   hellocfg.obj (.mbx)

.pip         0   [ 0000b6b8 ]  00005b5c          *   00000064   UNINITIALIZED
                 [ 0000b6b8 ]  00005b5c          *   00000064   hellocfg.obj (.pip)

.dbufferLP 
*            0   [ 0000b780 ]  00005bc0          *   00000046   
                 [ 0000b780 ]  00005bc0          *   00000046   main.obj (.dbufferLP) [fill = 00]

.args        0   [ 0000b80c ]  00005c06          *   00000008   
                 [ 0000b80c ]  00005c06          *   00000008   --HOLE-- [fill = 0]

.dbufferHP 
*            0   [ 0000b820 ]  00005c10          *   00000043   
                 [ 0000b820 ]  00005c10          *   00000043   main.obj (.dbufferHP) [fill = 00]

.sem         0   [ 0000b8a8 ]  00005c54          *   00000042   UNINITIALIZED
                 [ 0000b8a8 ]  00005c54          *   00000042   hellocfg.obj (.sem)

.hst0        0   [ 0000b92c ]  00005c96          *   00000040   UNINITIALIZED
                 [ 0000b92c ]  00005c96          *   00000040   hellocfg.obj (.hst0)

.sts         0   [ 0000b9ac ]  00005cd6          *   00000038   UNINITIALIZED
                 [ 0000b9ac ]  00005cd6          *   00000038   hellocfg.obj (.sts)

.MBXAudio$que 
*            0   [ 0000ba1c ]  00005d0e          *   00000034   UNINITIALIZED
                 [ 0000ba1c ]  00005d0e          *   00000034   --HOLE--

.MBXOutput$que 
*            0   [ 0000ba84 ]  00005d42          *   00000034   UNINITIALIZED
                 [ 0000ba84 ]  00005d42          *   00000034   --HOLE--

.gblinit     0   [ 0000baec ]  00005d76          *   00000031   
                 [ 0000baec ]  00005d76          *   00000031   hellocfg.obj (.gblinit)

.swi         0   [ 0000bb50 ]  00005da8          *   00000028   UNINITIALIZED
                 [ 0000bb50 ]  00005da8          *   00000028   hellocfg.obj (.swi)

.log         0   [ 0000bba0 ]  00005dd0          *   00000014   UNINITIALIZED
                 [ 0000bba0 ]  00005dd0          *   00000014   hellocfg.obj (.log)

.hst1        0   [ 0000bbc8 ]  00005de4          *   00000008   UNINITIALIZED
                 [ 0000bbc8 ]  00005de4          *   00000008   hellocfg.obj (.hst1)

.idl         0   [ 0000bbd8 ]  00005dec          *   00000008   UNINITIALIZED
                 [ 0000bbd8 ]  00005dec          *   00000008   hellocfg.obj (.idl)

.idlcal      0   [ 0000bbe8 ]  00005df4          *   00000008   UNINITIALIZED
                 [ 0000bbe8 ]  00005df4          *   00000008   hellocfg.obj (.idlcal)

.sys         0   [ 0000bbf8 ]  00005dfc          *   00000008   UNINITIALIZED
                 [ 0000bbf8 ]  00005dfc          *   00000008   hellocfg.obj (.sys)

.clk         0   [ 0000bc08 ]  00005e04          *   00000004   UNINITIALIZED
                 [ 0000bc08 ]  00005e04          *   00000004   hellocfg.obj (.clk)

.trcdata     0   [ 0000bc10 ]  00005e08          *   00000003   
                 [ 0000bc10 ]  00005e08          *   00000003   bios.a55L : trc.o55L (.trcdata)

.csldata     0   [ 0000bc18 ]  00005e0c          *   000000a8   UNINITIALIZED
                 [ 0000bc18 ]  00005e0c          *   00000066   csl5502x.lib : csl_mcbspdat.obj (.csldata:MCBSP_data)
                 [ 0000bce4 ]  00005e72          *   00000022                : csl_csldat.obj (.csldata:SYS_data)
                 [ 0000bd28 ]  00005e94          *   00000020                : csl_gpiodat.obj (.csldata:GPIO_data)

.hwi_vec     0     0000ff00  [ 00007f80 ] 00000100          *   
                   0000ff00  [ 00007f80 ] 00000100          *   hellocfg.obj (.hwi_vec)


GLOBAL SYMBOLS: SORTED ALPHABETICALLY BY Name 

abs. value/
byte addr   word addr   name
---------   ---------   ----
00000002                $TI_capability$C5500$CallingConvention
00000002                $TI_capability$C5500$MemoryModel
00000001                $TI_capability_requires_rev2
            00002a80    .bss
            00000060    .data
000000c0                .text
00000014                BIOSDATA_O_CLK_D_COUNTSPMS
0000000e                BIOSDATA_O_CLK_D_DIRTY
00000016                BIOSDATA_O_CLK_D_IDLETIME
00000018                BIOSDATA_O_CLK_D_ISRHOOK
00000010                BIOSDATA_O_CLK_D_PRD
0000001a                BIOSDATA_O_CLK_D_TABBEG
00000012                BIOSDATA_O_CLK_D_TDDR
0000001c                BIOSDATA_O_CLK_D_TIMEFXN
00000006                BIOSDATA_O_CLK_HTIMEDIV
00000008                BIOSDATA_O_CLK_HTIMEMULT
0000000a                BIOSDATA_O_CLK_LTIMEDIV
0000000c                BIOSDATA_O_CLK_LTIMEMULT
0000001e                BIOSDATA_O_CLK_R_TIMH
0000001f                BIOSDATA_O_CLK_R_TIML
00000020                BIOSDATA_O_HST_D_CHANMASK
000000a0                BIOSDATA_O_HST_D_TABBEGADDR
000000a2                BIOSDATA_O_HST_D_TABENDADDR
00000088                BIOSDATA_O_HWI_D_SPSAVE
0000008a                BIOSDATA_O_HWI_D_SSPSAVE
0000008c                BIOSDATA_O_HWI_D_STKBOTADDR
00000090                BIOSDATA_O_HWI_D_STKTOPADDR
0000008e                BIOSDATA_O_HWI_D_SYSTKBOTADDR
00000092                BIOSDATA_O_HWI_D_SYSTKTOPADDR
00000022                BIOSDATA_O_IDL_D_CALBEG
00000024                BIOSDATA_O_IDL_D_CALIBRATE
00000026                BIOSDATA_O_IDL_D_TABBEG
00000028                BIOSDATA_O_LOG_D_SYSTEM
00000098                BIOSDATA_O_MEM_D_FREELIST
0000009a                BIOSDATA_O_MEM_D_LOCKADDR
00000096                BIOSDATA_O_MEM_D_MEMTAB
00000095                BIOSDATA_O_MEM_D_NUMSEGMENTS
0000009c                BIOSDATA_O_MEM_D_UNLOCKADDR
0000002a                BIOSDATA_O_PIP_D_TABBEG
0000002c                BIOSDATA_O_PIP_D_TABLEN
0000002e                BIOSDATA_O_PRD_D_CUR
00000030                BIOSDATA_O_PRD_D_ELAPSED
00000031                BIOSDATA_O_PRD_D_PREVTIM
00000032                BIOSDATA_O_PRD_D_SCALAR
00000034                BIOSDATA_O_PRD_D_SWIHANDLE
00000036                BIOSDATA_O_PRD_D_TABBEG
00000038                BIOSDATA_O_PRD_D_TABLEN
0000003a                BIOSDATA_O_PRD_D_THOOK
0000003c                BIOSDATA_O_PRD_D_TICKH
0000003d                BIOSDATA_O_PRD_D_TICKL
000000a8                BIOSDATA_O_RTDX_D_BUFREAD
000000aa                BIOSDATA_O_RTDX_D_BUFWRITE
00000046                BIOSDATA_O_SWI_D_CURFXN
00000042                BIOSDATA_O_SWI_D_CURMASK
00000045                BIOSDATA_O_SWI_D_CURMBOX
00000043                BIOSDATA_O_SWI_D_CURSET
00000040                BIOSDATA_O_SWI_D_EXECADDR
00000044                BIOSDATA_O_SWI_D_LOCK
00000048                BIOSDATA_O_SWI_D_RDYBEG
0000004a                BIOSDATA_O_SWI_D_RDYTAB
0000003e                BIOSDATA_O_SWI_D_RUNADDR
0000009e                BIOSDATA_O_SYS
000000a4                BIOSDATA_O_TSK_D_IDLSTKADDR
000000a6                BIOSDATA_O_TSK_D_IDLSYSTKADDR
0000aa00                BIOS_init
0000aaf1                BIOS_start
00000000                BUF$
00000001                BUF_ENABLED
000024e1                C$$EXIT
            000058e2    C55_BIOSDATAOBJ
00000001                CLK$
00005e04                CLK_A_TABBEG
0000bc08                CLK_A_TABBEGb
00000001                CLK_CALDIV
00000004                CLK_CALMULT
00000001                CLK_CLKDIV
000124f8                CLK_COUNTSPMS
00000001                CLK_COUNTSPMSHIGH
            000058f8    CLK_D_idletime
            000058fa    CLK_D_isrhook
            000058fc    CLK_D_tabbeg
            000058fe    CLK_D_timefxn
00000001                CLK_ENABLEHTIME
00004581                CLK_F_dispRun
000045a7                CLK_F_gethtime
00003efe                CLK_F_isr
0000453c                CLK_F_itime
00004576                CLK_HOOKFXN
00000001                CLK_HTIMEDIV
00000004                CLK_HTIMEMULT
000124f8                CLK_HTIMEPERLTIME
00000010                CLK_IMR0TINTMASK
00000000                CLK_IMR1TINTMASK
00000004                CLK_INTBIT
00000004                CLK_INTID
00000001                CLK_LTIMEDIV
000493e0                CLK_LTIMEMULT
000003e8                CLK_MICROSECS
            00005e06    CLK_NULL
000124f7                CLK_PRD
00000001                CLK_PRDHIGH
00001000                CLK_REGS
            00005900    CLK_R_timh
            00005901    CLK_R_timl
00000020                CLK_TCR
00000000                CLK_TDDR
00000000                CLK_TDDRHIGH
000045a7                CLK_TIMEFXN
00000001                CLK_TIMERIFR
00000000                CLK_TIMERIMR
00000010                CLK_TIMERIMRMASK
00000000                CLK_TIMERNUM
00000001                CLK_USETIMER
            0000305c    DARAM
000035a8                DARAM$B
00006b50                DARAM$Bb
00000a00                DARAM$L
00000000                DEV$
00000000                DGN$
00000000                DHL$
00000000                DHL_gChannelsAvailable
00000000                DIO$
00000000                DIO_NUMSWIBASE
00000000                DIO_NUMTSKBASE
00000000                DIO_STATIC
00000000                DPI$
000044ac                FXN_F_nop
000044ae                FXN_F_run
000044cf                FXN_F_selfLoop
000044cb                FXN_F_zero
00000001                GBL$
00005205                GBL_A_VERSION
000045dc                GBL_BIOS_BOOTFXN
00f80000                GBL_CACHEICRTAG1
00f81000                GBL_CACHEICRTAG2
00000002                GBL_CACHETYPE
00000001                GBL_CALLCSLCFGINIT
00004e20                GBL_CLKIN
00000001                GBL_CLKMD
0000157e                GBL_CLKTYPE
00000001                GBL_DCRPOSTEDWRITE
0000157e                GBL_DSPSUBTYPE
00000037                GBL_DSPTYPE
00000000                GBL_ENABLEICACHE
00000001                GBL_ENABLEINST
00000042                GBL_FOOTPRINT
000493e0                GBL_FREQ
00000001                GBL_LARGEMODEL
00000001                GBL_MODIFYCLKMD
00000000                GBL_NULL
00008000                GBL_PLLDIV0
00008003                GBL_PLLDIV1
0000000f                GBL_PLLM
00000000                GBL_PROCID
00000000                GBL_ROM
00000000                GBL_SUPPORTCSL
0000dbef                GBL_TRCMASKVALUE
00000000                GBL_USERINIT
000045dc                GBL_USERINITFXN
00000001                GBL_boot
            00005e0a    GBL_initdone
            000031a8    GBL_stackbeg
            000035a7    GBL_stackend
            000030a8    GBL_sysstackbeg
            000031a7    GBL_sysstackend
00000000                GIO$
000045dc                GIO_CREATEFXN
000045dc                GIO_DELETEFXN
000045dc                GIO_PENDFXN
000045dc                GIO_POSTFXN
00000000                HOOK$
00000000                HOOK_KNLID
00000001                HST$
000049da                HST_A_TABBEG
000093b4                HST_A_TABBEGb
000049f4                HST_A_TABEND
000093e8                HST_A_TABENDb
00000000                HST_BIOSLINK
00000000                HST_DSM
            0000305c    HST_DSMBUFSEG
00000400                HST_DSMMEMSIZE
            00005902    HST_D_chanmask
            00005982    HST_D_tabbegaddr
            00005984    HST_D_tabendaddr
000000ff                HST_MAXFRAMEALLOWED
00000040                HST_MAXFRAMESET
00000000                HST_NONE
00000001                HST_RTDX
00000001                HWI$
0000ff00                HWI_A_VECS
00000018                HWI_BERR
00000019                HWI_DLOG
            00005976    HWI_D_inhwi
            0000596a    HWI_D_spsave
            0000596c    HWI_D_sspsave
            0000596e    HWI_D_stkbotaddr
            00005972    HWI_D_stktopaddr
            00005970    HWI_D_systkbotaddr
            00005974    HWI_D_systktopaddr
00002c73                HWI_F_dispatch
0000000a                HWI_INT10
0000000b                HWI_INT11
0000000c                HWI_INT12
0000000d                HWI_INT13
0000000e                HWI_INT14
0000000f                HWI_INT15
00000010                HWI_INT16
00000011                HWI_INT17
00000012                HWI_INT18
00000013                HWI_INT19
00000002                HWI_INT2
00000014                HWI_INT20
00000015                HWI_INT21
00000016                HWI_INT22
00000017                HWI_INT23
00000003                HWI_INT3
00000004                HWI_INT4
00000005                HWI_INT5
00000006                HWI_INT6
00000007                HWI_INT7
00000008                HWI_INT8
00000009                HWI_INT9
00000001                HWI_NMI
00000000                HWI_RESET
0000001a                HWI_RTOS
0000001b                HWI_SINT27
0000001c                HWI_SINT28
0000001d                HWI_SINT29
0000001e                HWI_SINT30
0000001f                HWI_SINT31
00000004                HWI_TINT
00000000                HWI_ZEROTAB
00002463                I$$LMPY
00000001                IDL$
00005df4                IDL_A_CALBEG
0000bbe8                IDL_A_CALBEGb
00005dec                IDL_A_TABBEG
0000bbd8                IDL_A_TABBEGb
00000000                IDL_CALIBRERROR
000044d1                IDL_CALIBRFXN
            000059ae    IDL_D_busyObj
            00005904    IDL_D_calbeg
            00005906    IDL_D_calibrate
            00005908    IDL_D_tabbeg
            00005df2    IDL_END
            00005dfa    IDL_END$
00004304                IDL_F_busy
000045b6                IDL_F_loop
00000001                IDL_USECLKIDLTIME
            00005d08    IDL_busyObj
            0000598e    IDL_busyObj$avgfmt
00000001                IDL_busyObj$filter
00000001                IDL_busyObj$iA
00000000                IDL_busyObj$iB
00000001                IDL_busyObj$iC
            00005988    IDL_busyObj$maxfmt
00000000                IDL_busyObj$operation
            00005d06    IDL_busyObj$stsobj
            0000598b    IDL_busyObj$sumfmt
00000002                IDL_busyObj$unittype
            00005df0    IDL_cpuLoad
            00005df8    IDL_cpuLoad$
00000001                ISRC$
0000384b                KNL_glue
            00005dbc    KNL_swi
00000001                KNL_swi$dorta
00000002                KNL_swi$ord
00000000                KNL_swi$pri
            00005ce8    KNL_swi$sts
            00005930    KNL_swi$sts$avgfmt
00000002                KNL_swi$sts$filter
00000001                KNL_swi$sts$filtmaxmult
00000001                KNL_swi$sts$filtsummult
            00005920    KNL_swi$sts$maxfmt
            00005ce6    KNL_swi$sts$stsobj
            00005928    KNL_swi$sts$sumfmt
00000000                KNL_swi$sts$unittype
00000000                KNL_swi$swi
0000388a                KNL_tick_stub
00000001                LCK$
            000059a8    LNKCTRL
            000059a9    LNK_D_dataReadyMask
            000059a8    LNK_D_fromHostMask
            000059ab    LNK_D_readDone
            000059ac    LNK_D_readFail
            000059aa    LNK_D_readPend
            000059ad    LNK_D_writeFail
000028d2                LNK_F_checkChanEnabled
0000292b                LNK_F_dataPump
000028f9                LNK_F_getChanPtr
000028e0                LNK_F_getNextChan
000028d0                LNK_F_init
00002c4e                LNK_F_readCallBack
            00005dec    LNK_dataPump
            00005df4    LNK_dataPump$
00002a96                LNK_newin
00002b7a                LNK_newout
0000292b                LNK_rcloop
0000297f                LNK_rdrtry
00002989                LNK_rrloop
00002a09                LNK_wrloop
000029ff                LNK_wrrtry
00000001                LOG$
00005dd0                LOG_A_TABBEG
0000bba0                LOG_A_TABBEGb
00005de4                LOG_A_TABEND
0000bbc8                LOG_A_TABENDb
00000002                LOG_A_TABLEN
            0000590a    LOG_D_system
00000001                LOG_ENABLED
0000418c                LOG_F_event
            00005dd0    LOG_system
            00004a00    LOG_system$buf
00000000                LOG_system$datatype
00000000                LOG_system$log
00000200                LOG_system$size
00000001                MBX$
            00005afa    MBXAudio
            00005b02    MBXAudio$data
            00005b12    MBXAudio$free
            00005d0e    MBXAudio$queElems
            00005b2e    MBXOutput
            00005b36    MBXOutput$data
            00005b46    MBXOutput$free
            00005d42    MBXOutput$queElems
00000001                MEM$
            0000305c    MEM_MALLOCSEG
00000000                MEM_NULL
            0000305c    MEM_SEGZERO
00000001                MEM_gNumHeap
00000000                MSGQ$
00000000                MSGQ_USEMSGQ
00000000                OBJ$
00000000                PIP$
00005b5c                PIP_A_TABBEG
0000b6b8                PIP_A_TABBEGb
00005bc0                PIP_A_TABEND
0000b780                PIP_A_TABENDb
00000002                PIP_A_TABLEN
            0000590c    PIP_D_tabbeg
            0000590e    PIP_D_tablen
0000373a                PIP_F_give
00003738                PIP_F_probe
000037ac                PIP_F_start
000036e4                PIP_F_take
00000064                PIP_OBJSIZE
00000000                PIP_gNextId
00000002                PIP_gNumEmbed
00000000                POOL$
00000000                POOL_USEPOOL
00000001                PRD$
            000049f4    PRDHeartBeat
            000049fe    PRDHeartBeat$aaa
00000000                PRDHeartBeat$mode
00000003                PRDHeartBeat$ord
000001f4                PRDHeartBeat$period
00000000                PRDHeartBeat$prd
            00005cd8    PRDHeartBeat$sts
            000058fb    PRDHeartBeat$sts$avgfmt
00000000                PRDHeartBeat$sts$filter
            000058e9    PRDHeartBeat$sts$maxfmt
            00005cd6    PRDHeartBeat$sts$stsobj
            000058f2    PRDHeartBeat$sts$sumfmt
00000002                PRDHeartBeat$sts$unittype
000049f4                PRD_A_TABBEG
000093e8                PRD_A_TABBEGb
00004a00                PRD_A_TABEND
00009400                PRD_A_TABENDb
00000001                PRD_A_TABLEN
            00005910    PRD_D_cur
            00005912    PRD_D_elapsed
            00005913    PRD_D_prevtim
            00005914    PRD_D_scalar
            00005916    PRD_D_swihandle
            00005918    PRD_D_tabbeg
            0000591a    PRD_D_tablen
            0000591c    PRD_D_thook
            0000591e    PRD_D_tickh
            0000591f    PRD_D_tickl
0000315f                PRD_F_swi
00003284                PRD_F_tick
00000004                PRD_SCALAR
            00005da8    PRD_SWIHANDLE
0000388a                PRD_THOOKFXN
            00005e04    PRD_clock
            00005da8    PRD_swi
00000001                PRD_swi$dorta
00000000                PRD_swi$ord
00000001                PRD_swi$pri
            00005ce0    PRD_swi$sts
            00005916    PRD_swi$sts$avgfmt
00000002                PRD_swi$sts$filter
00000001                PRD_swi$sts$filtmaxmult
00000001                PRD_swi$sts$filtsummult
            00005906    PRD_swi$sts$maxfmt
            00005cde    PRD_swi$sts$stsobj
            0000590e    PRD_swi$sts$sumfmt
00000000                PRD_swi$sts$unittype
00000000                PRD_swi$swi
00000001                PWRM$
00000000                PWRM_PWRM_ADAPTCLK
000045dc                PWRM_PWRM_BOOTHOOKFXN
00000023                PWRM_PWRM_CAPSMASK
0000003f                PWRM_PWRM_DS_IDLEMASK
00000000                PWRM_PWRM_ENABLE
00000005                PWRM_PWRM_IDLEMASK
00000000                PWRM_PWRM_IER0
00000000                PWRM_PWRM_IER1
00000640                PWRM_PWRM_INITMILVOLTS
0000000f                PWRM_PWRM_INITSP
00000000                PWRM_PWRM_SCALING
00000001                QUE$
            00005992    RTA_D_fromHost
            00005996    RTA_D_logval
            000059a0    RTA_D_stsval
            00005994    RTA_D_toHost
00004391                RTA_F_andn
0000363d                RTA_F_dispatch
000035b4                RTA_F_getlog
000035e0                RTA_F_getsts
000043a7                RTA_F_or
0000360f                RTA_F_readblk
00003622                RTA_F_resetmem
0000361e                RTA_F_writeword
            00005dee    RTA_dispatcher
            00005df6    RTA_dispatcher$
            000049dc    RTA_fromHost
            00005de4    RTA_fromHost$buf
00000008                RTA_fromHost$framesize
00000000                RTA_fromHost$hst
00000001                RTA_fromHost$id
00000000                RTA_fromHost$mode
            00005b5c    RTA_fromHost$pipe
            0000305e    RTA_fromHost$pipe$dtab
            00005b5e    RTA_fromHost$pipe$rd
            00005b60    RTA_fromHost$pipe$rdaddr
            00005b64    RTA_fromHost$pipe$rdcurdesc
            00005b62    RTA_fromHost$pipe$rdsize
            00005b74    RTA_fromHost$pipe$rdstshdl
            00005b76    RTA_fromHost$pipe$wr
            00005b78    RTA_fromHost$pipe$wraddr
            00005b7c    RTA_fromHost$pipe$wrcurdesc
            00005b7a    RTA_fromHost$pipe$wrsize
            00005b8c    RTA_fromHost$pipe$wrstshdl
            000049e0    RTA_fromHost$rtdx
            000049e8    RTA_toHost
            00005c96    RTA_toHost$buf
00000040                RTA_toHost$framesize
00000000                RTA_toHost$hst
00000000                RTA_toHost$id
00000001                RTA_toHost$mode
            00005b8e    RTA_toHost$pipe
            00003064    RTA_toHost$pipe$dtab
            00005b90    RTA_toHost$pipe$rd
            00005b92    RTA_toHost$pipe$rdaddr
            00005b96    RTA_toHost$pipe$rdcurdesc
            00005b94    RTA_toHost$pipe$rdsize
            00005ba6    RTA_toHost$pipe$rdstshdl
            00005ba8    RTA_toHost$pipe$wr
            00005baa    RTA_toHost$pipe$wraddr
            00005bae    RTA_toHost$pipe$wrcurdesc
            00005bac    RTA_toHost$pipe$wrsize
            00005bbe    RTA_toHost$pipe$wrstshdl
            000049ec    RTA_toHost$rtdx
00000001                RTDX$
00000102                RTDX_BUFMEMSIZE
            0000305c    RTDX_DATAMEMSEG
            0000598a    RTDX_D_BufRead
            0000598c    RTDX_D_BufWrite
00000000                RTDX_MODE
00000001                RTDX_USERTDX
00000000                RTDX_USERTEXECUTION
00000001                SEM$
            00005c86    SEMFilter
            00005c5a    SEMI2C
            00005c70    SEMLED
00000000                SIO$
00000001                STS$
00005cd6                STS_A_TABBEG
0000b9ac                STS_A_TABBEGb
00005d0e                STS_A_TABEND
0000ba1c                STS_A_TABENDb
00004296                STS_F_add
00004274                STS_F_delta
000042ae                STS_F_reset
00000001                SWI$
00005da8                SWI_A_TABBEG
0000bb50                SWI_A_TABBEGb
00005dd0                SWI_A_TABEND
0000bba0                SWI_A_TABENDb
00000002                SWI_A_TABLEN
            00005928    SWI_D_curfxn
            00005924    SWI_D_curmask
            00005927    SWI_D_curmbox
            00005925    SWI_D_curset
            00005922    SWI_D_execaddr
            00005968    SWI_D_inswi
            00005926    SWI_D_lock
            0000592a    SWI_D_rdybeg
            0000592c    SWI_D_rdytab
            00005920    SWI_D_runaddr
00000000                SWI_EHOOKFXN
00002642                SWI_EXECFXN
000024fc                SWI_F_enable
00002642                SWI_F_exec
000025ba                SWI_F_exec_sync
0000252f                SWI_F_post
0000272e                SWI_F_run
00000000                SWI_IHOOKFXN
0000272e                SWI_RUNFXN
00000001                SYS$
            00005dfc    SYS$config
000044f8                SYS_ABORTFXN
0000451c                SYS_ERRORFXN
000045c4                SYS_EXITFXN
00004414                SYS_PUTCFXN
00004000                TRC_GBLTARG
            00005e09    TRC_R_mask
            00005e08    TRC_cinit
00000001                TSK$
            00005ace    TSKUserInterface
00000003                TSKUserInterface$ord
00000001                TSKUserInterface$pri
            00005000    TSKUserInterface$stack
            000051e2    TSKUserInterface$stkptr
            00005d00    TSKUserInterface$sts
            0000597e    TSKUserInterface$sts$avgfmt
00000002                TSKUserInterface$sts$filter
00000001                TSKUserInterface$sts$filtmaxmult
00000001                TSKUserInterface$sts$filtsummult
            0000596e    TSKUserInterface$sts$maxfmt
            00005cfe    TSKUserInterface$sts$stsobj
            00005976    TSKUserInterface$sts$sumfmt
00000000                TSKUserInterface$sts$unittype
            00005200    TSKUserInterface$sysstack
            000052e2    TSKUserInterface$sysstkptr
00000000                TSKUserInterface$tsk
            00005ae6    TSKUserInterface$tskobj
            00005986    TSK_D_idlstkaddr
            00005988    TSK_D_idlsystkaddr
00000000                TSK_NUM_HOOKS
00000001                TSK_PRIORITY
00000000                TSK_READYFXN
00000000                TSK_STACKSEG
00000400                TSK_STACKSIZE
00000000                TSK_SWITCHFXN
00000100                TSK_SYSTACKSIZE
000045dc                TSK_VCREATEFXN
000045dc                TSK_VDELETEFXN
000045dc                TSK_VEXITFXN
            00005a76    TSK_idle
00000001                TSK_idle$ord
00000000                TSK_idle$pri
            00003aa8    TSK_idle$stack
            00003e8a    TSK_idle$stkptr
            00005cf0    TSK_idle$sts
            0000594a    TSK_idle$sts$avgfmt
00000002                TSK_idle$sts$filter
00000001                TSK_idle$sts$filtmaxmult
00000001                TSK_idle$sts$filtsummult
            0000593a    TSK_idle$sts$maxfmt
            00005cee    TSK_idle$sts$stsobj
            00005942    TSK_idle$sts$sumfmt
00000000                TSK_idle$sts$unittype
            00003ea8    TSK_idle$sysstack
            00003f8a    TSK_idle$sysstkptr
00000000                TSK_idle$tsk
            00005a8e    TSK_idle$tskobj
            00005aa2    TaskAudioProcessing
00000002                TaskAudioProcessing$ord
0000000f                TaskAudioProcessing$pri
            00003fa8    TaskAudioProcessing$stack
            0000438a    TaskAudioProcessing$stkptr
            00005cf8    TaskAudioProcessing$sts
            00005964    TaskAudioProcessing$sts$avgfmt
00000002                TaskAudioProcessing$sts$filter
00000001                TaskAudioProcessing$sts$filtmaxmult
00000001                TaskAudioProcessing$sts$filtsummult
            00005954    TaskAudioProcessing$sts$maxfmt
            00005cf6    TaskAudioProcessing$sts$stsobj
            0000595c    TaskAudioProcessing$sts$sumfmt
00000000                TaskAudioProcessing$sts$unittype
            000043a8    TaskAudioProcessing$sysstack
            0000448a    TaskAudioProcessing$sysstkptr
00000000                TaskAudioProcessing$tsk
            00005aba    TaskAudioProcessing$tskobj
00000000                UDEV$
ffffffff                VECT
00000ca3                _AIC3204_rget
00000cee                _AIC3204_rset
0000aa00                _BIOS_init
0000aaf1                _BIOS_start
            00005855    _BL
00003e47                _C55_clearIFR0
00003e5c                _C55_clearIFR1
00003dcf                _C55_disableIMR0
00003df2                _C55_disableIMR1
000021c4                _C55_disableInt
00003e15                _C55_enableIMR0
00003e2e                _C55_enableIMR1
00002190                _C55_enableInt
000124f8                _CLK_COUNTSPMS
            00003090    _CLK_DFLTMICROSECS
            000058f6    _CLK_D_countspms
            000058f0    _CLK_D_dirty
            00003092    _CLK_D_microseconds
            000058f2    _CLK_D_prd
            000058f4    _CLK_D_tddr
000124f7                _CLK_PRD
00000001                _CLK_PRDHIGH
00001000                _CLK_REGS
00000020                _CLK_TCR
00000000                _CLK_TDDR
00000000                _CLK_TDDRHIGH
00000000                _CLK_TIMERNUM
00000001                _CLK_USETIMER
00004581                _CLK_dispRun
000045a7                _CLK_getfhtime
000045a7                _CLK_getshtime
            000058e8    _CLK_htimeDiv
            000058ea    _CLK_htimeMult
            000030a0    _CLK_htimePerLtime
00003efe                _CLK_isr
            000058fa    _CLK_isrhook
0000453c                _CLK_itime
            000058ec    _CLK_ltimeDiv
            000058ee    _CLK_ltimeMult
000043d4                _CLK_measure
00004576                _CLK_run
0000400d                _CLK_start
00004480                _CLK_start_htimer
0000406c                _CLK_stop
000044a5                _CLK_stop_htimer
            00005900    _CLK_time
00002fd2                _CLK_wdogdisable
000024f8                _CSL5502_LIB_
            00005e94    _CSL_GpioData
            00005e0c    _CSL_McbspData
            00005e72    _CSL_SysData
000024bc                _CSL_init
00000d22                _ConfigureAic3204
            0000305c    _DARAM
000035a8                _DARAM_base
00006b50                _DARAM_baseb
00000a00                _DARAM_length
00001065                _EZDSP5502_GPIO_getInput
00000ed4                _EZDSP5502_GPIO_init
00000f6b                _EZDSP5502_GPIO_setDirection
00000fe8                _EZDSP5502_GPIO_setOutput
000015b9                _EZDSP5502_I2CGPIO_configLine
00001690                _EZDSP5502_I2CGPIO_read
0000160c                _EZDSP5502_I2CGPIO_readLine
000016dd                _EZDSP5502_I2CGPIO_write
0000163d                _EZDSP5502_I2CGPIO_writeLine
00002123                _EZDSP5502_I2C_init
0000216c                _EZDSP5502_I2C_read
00002140                _EZDSP5502_I2C_reset
0000214a                _EZDSP5502_I2C_write
00001b7a                _EZDSP5502_MCBSP_close
00001b36                _EZDSP5502_MCBSP_init
00001bbc                _EZDSP5502_MCBSP_read
00001b8c                _EZDSP5502_MCBSP_write
0000202c                _EZDSP5502_init
00001fe6                _EZDSP5502_wait
0000201a                _EZDSP5502_waitusec
000045dc                _FXN_F_nop
            000058e4    _GBL_clkIn
            000058e6    _GBL_freq
000045d3                _GBL_getVersion
            000058e2    _GBL_procId
000022bc                _GPIO_open
000023e8                _GPIO_pinDirection
00002450                _GPIO_pinEnable
00002428                _GPIO_pinRead
00002408                _GPIO_pinWrite
000049da                _HST_A_TABBEG
000049f4                _HST_A_TABEND
            000058e1    _HST_HOST_CHANNEL_DRIVER
00000018                _HWI_BERR
00000019                _HWI_DLOG
            00005976    _HWI_D_inhwi
            0000596a    _HWI_D_spsave
            0000596c    _HWI_D_sspsave
00002ef2                _HWI_F_DispIsr0
00002c73                _HWI_F_dispatch
00000761                _HWI_I2S_Rx
000006e9                _HWI_I2S_Tx
0000000a                _HWI_INT10
0000000b                _HWI_INT11
0000000c                _HWI_INT12
0000000d                _HWI_INT13
0000000e                _HWI_INT14
0000000f                _HWI_INT15
00000010                _HWI_INT16
00000011                _HWI_INT17
00000012                _HWI_INT18
00000013                _HWI_INT19
00000002                _HWI_INT2
00000014                _HWI_INT20
00000015                _HWI_INT21
00000016                _HWI_INT22
00000017                _HWI_INT23
00000003                _HWI_INT3
00000004                _HWI_INT4
00000005                _HWI_INT5
00000006                _HWI_INT6
00000007                _HWI_INT7
00000008                _HWI_INT8
00000009                _HWI_INT9
00000001                _HWI_NMI
00000000                _HWI_RESET
0000001a                _HWI_RTOS
0000001b                _HWI_SINT27
0000001c                _HWI_SINT28
0000001d                _HWI_SINT29
0000001e                _HWI_SINT30
0000001f                _HWI_SINT31
            000035a8    _HWI_STKBOTTOM
            000031a8    _HWI_STKTOP
            000031a8    _HWI_SYSSTKBOTTOM
            000030a8    _HWI_SYSSTKTOP
00000004                _HWI_TINT
            0000596a    _HWI_data
0000455c                _HWI_disable
            000059b0    _HWI_dispatchTab
0000456c                _HWI_enable
00004570                _HWI_restore
00001f64                _I2C_config
0000145c                _I2C_read
000012cc                _I2C_write
00004304                _IDL_busy
            00005d08    _IDL_busyObj
0000434b                _IDL_calibrate
            00005df0    _IDL_cpuLoad
00004330                _IDL_init
000045b6                _IDL_loop
000044d1                _IDL_stub
0000249c                _IRQ_globalDisable
000024c8                _IRQ_globalRestore
            00002f90    _KNL_alarm
00003e71                _KNL_check
            00002fb8    _KNL_curqueue
            00002fb0    _KNL_curtask
            00002fb4    _KNL_curtime
            00002f98    _KNL_dummy
00004078                _KNL_enter
000040b8                _KNL_exit
00003ecc                _KNL_idle
            00002fc4    _KNL_idlefxn
            00002f94    _KNL_inactive
000040d8                _KNL_ipost
00003ee9                _KNL_max
            00002fba    _KNL_maxqueue
0000444c                _KNL_post
            00002fb2    _KNL_prevtask
            00002f96    _KNL_priority
            00002f3e    _KNL_queues
000032e8                _KNL_run
000038aa                _KNL_saveIsrFrame
            00002f3d    _KNL_set
            00002f92    _KNL_setpri
            00005dbc    _KNL_swi
            00002fb6    _KNL_swiptr
000037fd                _KNL_switch
            00002fbe    _KNL_tcreatefxn
            00002fc0    _KNL_tdeletefxn
000035a4                _KNL_tick
            00002fc2    _KNL_treadyfxn
            00002fbc    _KNL_tswitchfxn
            00002f3c    _KNL_wFlag
            00002f8e    _KNL_wList
00004154                _LCK_pend
00004134                _LCK_post
00002c4e                _LNK_F_readCallBack
            00005dec    _LNK_dataPump
00005dd0                _LOG_A_TABBEG
00005de4                _LOG_A_TABEND
00000002                _LOG_A_TABLEN
            0000590a    _LOG_D_system
0000418c                _LOG_event
            00005dd0    _LOG_system
            00005afa    _MBXAudio
            00005b2e    _MBXOutput
0000390c                _MBX_pend
00003994                _MBX_post
00002388                _MCBSP_close
00001854                _MCBSP_config
00001984                _MCBSP_open
000024e8                _MCBSP_read16
000007e8                _MCBSP_reset
00001d08                _MCBSP_start
000024f0                _MCBSP_write16
            000030a2    _MEM
            00005977    _MEM_D_NUMSEGMENTS
            0000597a    _MEM_D_freelist
            0000597c    _MEM_D_lockaddr
            00005978    _MEM_D_memtab
            0000597e    _MEM_D_unlockaddr
0000ab40                _MEM_init
            00003056    _MEM_memtab
0000adb8                _OBJ_init
            0000303a    _OBJ_segtab
            0000301e    _OBJ_table
00005b5c                _PIP_A_TABBEG
00005bc0                _PIP_A_TABEND
            000049f4    _PRDHeartBeat
00001cd6                _PRDLedFxn
            0000591f    _PRD_D_tick
            00005e04    _PRD_clock
            00005da8    _PRD_swi
000035b4                _RTA_F_getlog
            00005dee    _RTA_dispatcher
            000049dc    _RTA_fromHost
            000049e8    _RTA_toHost
            000056de    _RTDX_Buffer
            00005804    _RTDX_Buffer_End
000090d7                _RTDX_Buffer_Initialize
00009216                _RTDX_Buffer_Read
0000912a                _RTDX_Buffer_ReadCB
000091b1                _RTDX_Buffer_Size
            00005802    _RTDX_Buffer_Start
00009256                _RTDX_Buffer_Write
00008b2b                _RTDX_Buffer_WriteCB
00009175                _RTDX_Final_RT_Monitor
00009072                _RTDX_H2TPoll
00008ca7                _RTDX_Init_RT_Monitor
00000003                _RTDX_JTAGONLY
00000001                _RTDX_LMM
000091ec                _RTDX_Mask_IER
00008fea                _RTDX_Mon_Queue
00008db6                _RTDX_Poll
00009238                _RTDX_Set_IER
00000000                _RTDX_interrupt_mask
            000057f8    _RTDX_writing
            0000305c    _SEG0
            00005c86    _SEMFilter
            00005c5a    _SEMI2C
            00005c70    _SEMLED
000041dd                _SEM_pend
00002fd4                _SEM_pendEnterKnl
00003f8b                _SEM_post
00003f8b                _SEM_postBinary
0000422c                _SEM_postEnterKnl
00005cd6                _STS_A_TABBEG
00005d0e                _STS_A_TABEND
00004296                _STS_add
00004274                _STS_delta
000042ae                _STS_reset
000045cc                _STS_set
            00005928    _SWI_D_curfxn
            00005924    _SWI_D_curmask
            00005968    _SWI_D_inswi
            00005926    _SWI_D_lock
            0000592a    _SWI_D_rdybeg
            00005920    _SWI_data
000024fc                _SWI_enable
0000252f                _SWI_post
            00005980    _SYS
            00005300    _SYS_PUTCBEG
            000054ff    _SYS_PUTCEND
00004590                _SYS_abort
000042bc                _SYS_exit
            00003042    _SYS_exitStack
            00003052    _SYS_exitStackPtr
            00003054    _SYS_exitStackTop
            00005e09    _TRC_R_mask
            00002fe4    _TSK
0000049a                _TSKAudioProcessorFxn
            00005ace    _TSKUserInterface
00001c7e                _TSKUserInterfaceFxn
            00002fc8    _TSK_ATTRS
            00002fd6    _TSK_config
00003b20                _TSK_exit
            00005a76    _TSK_idle
0000ac54                _TSK_init
            00002fc6    _TSK_nTasks
            00002fc7    _TSK_pid
00003c18                _TSK_setup
00003d6c                _TSK_startup
            00002fe6    _TSK_timerSem
            00005aa2    _TaskAudioProcessing
000044f8                _UTL_doAbort
0000451c                _UTL_doError
00004414                _UTL_doPutc
000045c4                _UTL_halt
ffffffff                _VECT
000024ac                __CSL_init
            00005990    __HOOK_NUMHOOKS
            0000598e    __HOOK_knlId
            0000300a    __MEM_mutex
00003a1c                __SEM_dopost
            000035a8    __STACK_END
00000800                __STACK_SIZE
00000200                __SYSSTACK_SIZE
            00002ff6    __TSK_mutex
00001ed1                ___add_dtor
            00002e7a    ___atexit_func_id__
ffffffff                ___binit__
            00002a80    ___bss__
ffffffff                ___c_args__
            000022f0    ___cinit__
            00000060    ___data__
            00000060    ___edata__
            000030a8    ___end__
000024fc                ___etext__
            0000494a    ___pinit__
000000c0                ___text__
00000a49                __addd
            00003098    __cleanup_ptr
00001272                __cmpd
000000c0                __divd
            0000309a    __dtors_ptr
0000123e                __eqld
000023be                __fixdi
000020b4                __fixdli
000024d4                __fltid
000021f7                __fltlid
00001e05                __frcmpyd
00001ef0                __frcmpyd_div
000011f4                __geqd
000011a9                __gtrd
0000115c                __leqd
            00003094    __lock
00001114                __lssd
00001707                __mpyd
00002463                __mpyli
000010e0                __neqd
00002486                __nop
0000247e                __register_lock
00002476                __register_unlock
            000031a8    __stack
0000243c                __subd
            000030a8    __sysstack
            00003096    __unlock
000024e0                _abort
00000d18                _aic3204_init
            000030a4    _aicMcbsp
            00002cae    _alpha
00002045                _atexit
            00002e40    _attack
0000048c                _audioProcessingInit
0000acd8                _auto_init
            00002e49    _bufferIn
0000ad49                _c_int00
00001e7b                _call_dtors
            00003072    _counter
            00002e42    _decay
            00005c10    _delayLineHP
            0000306e    _delayLineHPptr
            00005bc0    _delayLineLP
            0000306c    _delayLineLPptr
            00004950    _demoFilter
            0000306a    _demoFilterptr
            00002cac    _desiredGain
            00002b16    _detector
            00002b18    _detector_array
            000030a6    _dtors
0000234a                _exit
            0000309e    _filterMode
            00002a84    _filteredLeftSample
            00002b14    _filteredLeftSampleOutput
00001d8a                _fir2
            0000309f    _flagHighakadanger
            00002caa    _gain
            0000307c    _hGPIO_group0
            0000307e    _hGPIO_group1
            00003080    _hGPIO_group2
            00003082    _hGPIO_group3
            00004996    _highPass
            00003070    _highPassptr
            00002e79    _indexIn
            00003073    _k
            00002a82    _leftRightFlag
00001bf0                _main
0000230b                _memcpy
00002488                _memset
            00002ab4    _msg
00001a72                _myFIR
            00002cb0    _out
            00002ae4    _output
            0000308e    _rtdxNullChanCnt
            0000308f    _rtdxNullFuncCnt
            000057f2    _rtdx_buffer_state
            000057e0    _rtdx_mon_state
            00002a81    _rxLeftSample
            00002a80    _rxRightSample
            00002e44    _setpoint
            00002e46    _start
            00002e47    _stop
            00002ca8    _sum_output
            0000309c    _switch1
            0000309d    _switch1Prev
            00002e48    _time
            00005dda    _trace
            00002b15    _txcounter
            00002a83    _txleftRightFlag
ffffffff                binit
            000022f0    cinit
            00000060    edata
            000030a8    end
000024fc                etext
            00005d76    gblinit
0000ff00                hwi0
0000ff08                hwi1
0000ff50                hwi10
0000ff58                hwi11
0000ff60                hwi12
0000ff68                hwi13
0000ff70                hwi14
0000ff78                hwi15
0000ff80                hwi16
0000ff88                hwi17
0000ff90                hwi18
0000ff98                hwi19
0000ff10                hwi2
0000ffa0                hwi20
0000ffa8                hwi21
0000ffb0                hwi22
0000ffb8                hwi23
0000ffc0                hwi24
0000ffc8                hwi25
0000ffd0                hwi26
0000ffd8                hwi27
0000ffe0                hwi28
0000ffe8                hwi29
0000ff18                hwi3
0000fff0                hwi30
0000fff8                hwi31
0000ff20                hwi4
0000ff28                hwi5
0000ff30                hwi6
0000ff38                hwi7
0000ff40                hwi8
0000ff48                hwi9
000043be                iRTA_F_or
00002834                logPost
            0000494a    pinit
00002886                stsPost
            00005dda    trace
            00004c00    trace$buf
00000001                trace$datatype
00000000                trace$log
00000400                trace$size


GLOBAL SYMBOLS: SORTED BY Symbol Address 

abs. value/
byte addr   word addr   name
---------   ---------   ----
00000000                BUF$
00000000                CLK_IMR1TINTMASK
00000000                CLK_TDDR
00000000                CLK_TDDRHIGH
00000000                CLK_TIMERIMR
00000000                CLK_TIMERNUM
00000000                DEV$
00000000                DGN$
00000000                DHL$
00000000                DHL_gChannelsAvailable
00000000                DIO$
00000000                DIO_NUMSWIBASE
00000000                DIO_NUMTSKBASE
00000000                DIO_STATIC
00000000                DPI$
00000000                GBL_ENABLEICACHE
00000000                GBL_NULL
00000000                GBL_PROCID
00000000                GBL_ROM
00000000                GBL_SUPPORTCSL
00000000                GBL_USERINIT
00000000                GIO$
00000000                HOOK$
00000000                HOOK_KNLID
00000000                HST_BIOSLINK
00000000                HST_DSM
00000000                HST_NONE
00000000                HWI_RESET
00000000                HWI_ZEROTAB
00000000                IDL_CALIBRERROR
00000000                IDL_busyObj$iB
00000000                IDL_busyObj$operation
00000000                KNL_swi$pri
00000000                KNL_swi$sts$unittype
00000000                KNL_swi$swi
00000000                LOG_system$datatype
00000000                LOG_system$log
00000000                MEM_NULL
00000000                MSGQ$
00000000                MSGQ_USEMSGQ
00000000                OBJ$
00000000                PIP$
00000000                PIP_gNextId
00000000                POOL$
00000000                POOL_USEPOOL
00000000                PRDHeartBeat$mode
00000000                PRDHeartBeat$prd
00000000                PRDHeartBeat$sts$filter
00000000                PRD_swi$ord
00000000                PRD_swi$sts$unittype
00000000                PRD_swi$swi
00000000                PWRM_PWRM_ADAPTCLK
00000000                PWRM_PWRM_ENABLE
00000000                PWRM_PWRM_IER0
00000000                PWRM_PWRM_IER1
00000000                PWRM_PWRM_SCALING
00000000                RTA_fromHost$hst
00000000                RTA_fromHost$mode
00000000                RTA_toHost$hst
00000000                RTA_toHost$id
00000000                RTDX_MODE
00000000                RTDX_USERTEXECUTION
00000000                SIO$
00000000                SWI_EHOOKFXN
00000000                SWI_IHOOKFXN
00000000                TSKUserInterface$sts$unittype
00000000                TSKUserInterface$tsk
00000000                TSK_NUM_HOOKS
00000000                TSK_READYFXN
00000000                TSK_STACKSEG
00000000                TSK_SWITCHFXN
00000000                TSK_idle$pri
00000000                TSK_idle$sts$unittype
00000000                TSK_idle$tsk
00000000                TaskAudioProcessing$sts$unittype
00000000                TaskAudioProcessing$tsk
00000000                UDEV$
00000000                _CLK_TDDR
00000000                _CLK_TDDRHIGH
00000000                _CLK_TIMERNUM
00000000                _HWI_RESET
00000000                _RTDX_interrupt_mask
00000000                trace$log
00000001                $TI_capability_requires_rev2
00000001                BUF_ENABLED
00000001                CLK$
00000001                CLK_CALDIV
00000001                CLK_CLKDIV
00000001                CLK_COUNTSPMSHIGH
00000001                CLK_ENABLEHTIME
00000001                CLK_HTIMEDIV
00000001                CLK_LTIMEDIV
00000001                CLK_PRDHIGH
00000001                CLK_TIMERIFR
00000001                CLK_USETIMER
00000001                GBL$
00000001                GBL_CALLCSLCFGINIT
00000001                GBL_CLKMD
00000001                GBL_DCRPOSTEDWRITE
00000001                GBL_ENABLEINST
00000001                GBL_LARGEMODEL
00000001                GBL_MODIFYCLKMD
00000001                GBL_boot
00000001                HST$
00000001                HST_RTDX
00000001                HWI$
00000001                HWI_NMI
00000001                IDL$
00000001                IDL_USECLKIDLTIME
00000001                IDL_busyObj$filter
00000001                IDL_busyObj$iA
00000001                IDL_busyObj$iC
00000001                ISRC$
00000001                KNL_swi$dorta
00000001                KNL_swi$sts$filtmaxmult
00000001                KNL_swi$sts$filtsummult
00000001                LCK$
00000001                LOG$
00000001                LOG_ENABLED
00000001                MBX$
00000001                MEM$
00000001                MEM_gNumHeap
00000001                PRD$
00000001                PRD_A_TABLEN
00000001                PRD_swi$dorta
00000001                PRD_swi$pri
00000001                PRD_swi$sts$filtmaxmult
00000001                PRD_swi$sts$filtsummult
00000001                PWRM$
00000001                QUE$
00000001                RTA_fromHost$id
00000001                RTA_toHost$mode
00000001                RTDX$
00000001                RTDX_USERTDX
00000001                SEM$
00000001                STS$
00000001                SWI$
00000001                SYS$
00000001                TSK$
00000001                TSKUserInterface$pri
00000001                TSKUserInterface$sts$filtmaxmult
00000001                TSKUserInterface$sts$filtsummult
00000001                TSK_PRIORITY
00000001                TSK_idle$ord
00000001                TSK_idle$sts$filtmaxmult
00000001                TSK_idle$sts$filtsummult
00000001                TaskAudioProcessing$sts$filtmaxmult
00000001                TaskAudioProcessing$sts$filtsummult
00000001                _CLK_PRDHIGH
00000001                _CLK_USETIMER
00000001                _HWI_NMI
00000001                _RTDX_LMM
00000001                trace$datatype
00000002                $TI_capability$C5500$CallingConvention
00000002                $TI_capability$C5500$MemoryModel
00000002                GBL_CACHETYPE
00000002                HWI_INT2
00000002                IDL_busyObj$unittype
00000002                KNL_swi$ord
00000002                KNL_swi$sts$filter
00000002                LOG_A_TABLEN
00000002                PIP_A_TABLEN
00000002                PIP_gNumEmbed
00000002                PRDHeartBeat$sts$unittype
00000002                PRD_swi$sts$filter
00000002                SWI_A_TABLEN
00000002                TSKUserInterface$sts$filter
00000002                TSK_idle$sts$filter
00000002                TaskAudioProcessing$ord
00000002                TaskAudioProcessing$sts$filter
00000002                _HWI_INT2
00000002                _LOG_A_TABLEN
00000003                HWI_INT3
00000003                PRDHeartBeat$ord
00000003                TSKUserInterface$ord
00000003                _HWI_INT3
00000003                _RTDX_JTAGONLY
00000004                CLK_CALMULT
00000004                CLK_HTIMEMULT
[...]
000044cb                FXN_F_zero
000044cf                FXN_F_selfLoop
000044d1                IDL_CALIBRFXN
000044d1                _IDL_stub
000044f8                SYS_ABORTFXN
000044f8                _UTL_doAbort
0000451c                SYS_ERRORFXN
0000451c                _UTL_doError
0000453c                CLK_F_itime
0000453c                _CLK_itime
0000455c                _HWI_disable
0000456c                _HWI_enable
00004570                _HWI_restore
00004576                CLK_HOOKFXN
00004576                _CLK_run
00004581                CLK_F_dispRun
00004581                _CLK_dispRun
00004590                _SYS_abort
000045a7                CLK_F_gethtime
000045a7                CLK_TIMEFXN
000045a7                _CLK_getfhtime
000045a7                _CLK_getshtime
000045b6                IDL_F_loop
000045b6                _IDL_loop
000045c4                SYS_EXITFXN
000045c4                _UTL_halt
000045cc                _STS_set
000045d3                _GBL_getVersion
000045dc                GBL_BIOS_BOOTFXN
000045dc                GBL_USERINITFXN
000045dc                GIO_CREATEFXN
000045dc                GIO_DELETEFXN
000045dc                GIO_PENDFXN
000045dc                GIO_POSTFXN
000045dc                PWRM_PWRM_BOOTHOOKFXN
000045dc                TSK_VCREATEFXN
000045dc                TSK_VDELETEFXN
000045dc                TSK_VEXITFXN
000045dc                _FXN_F_nop
            000022f0    ___cinit__
            000022f0    cinit
000049da                HST_A_TABBEG
000049da                _HST_A_TABBEG
000049f4                HST_A_TABEND
000049f4                PRD_A_TABBEG
000049f4                _HST_A_TABEND
00004a00                PRD_A_TABEND
00004e20                GBL_CLKIN
00005205                GBL_A_VERSION
            00002a80    .bss
            00002a80    ___bss__
            00002a80    _rxRightSample
            00002a81    _rxLeftSample
            00002a82    _leftRightFlag
            00002a83    _txleftRightFlag
            00002a84    _filteredLeftSample
            00002ab4    _msg
            00002ae4    _output
            00002b14    _filteredLeftSampleOutput
            00002b15    _txcounter
            00002b16    _detector
            00002b18    _detector_array
            00002ca8    _sum_output
            00002caa    _gain
            00002cac    _desiredGain
            00002cae    _alpha
            00002cb0    _out
00005b5c                PIP_A_TABBEG
00005b5c                _PIP_A_TABBEG
00005bc0                PIP_A_TABEND
00005bc0                _PIP_A_TABEND
            00002e40    _attack
            00002e42    _decay
            00002e44    _setpoint
            00002e46    _start
            00002e47    _stop
            00002e48    _time
            00002e49    _bufferIn
00005cd6                STS_A_TABBEG
00005cd6                _STS_A_TABBEG
            00002e79    _indexIn
            00002e7a    ___atexit_func_id__
00005d0e                STS_A_TABEND
00005d0e                _STS_A_TABEND
00005da8                SWI_A_TABBEG
00005dd0                LOG_A_TABBEG
00005dd0                SWI_A_TABEND
00005dd0                _LOG_A_TABBEG
00005de4                LOG_A_TABEND
00005de4                _LOG_A_TABEND
00005dec                IDL_A_TABBEG
00005df4                IDL_A_CALBEG
00005e04                CLK_A_TABBEG
            00002f3c    _KNL_wFlag
            00002f3d    _KNL_set
            00002f3e    _KNL_queues
            00002f8e    _KNL_wList
            00002f90    _KNL_alarm
            00002f92    _KNL_setpri
            00002f94    _KNL_inactive
            00002f96    _KNL_priority
            00002f98    _KNL_dummy
            00002fb0    _KNL_curtask
            00002fb2    _KNL_prevtask
            00002fb4    _KNL_curtime
            00002fb6    _KNL_swiptr
            00002fb8    _KNL_curqueue
            00002fba    _KNL_maxqueue
            00002fbc    _KNL_tswitchfxn
            00002fbe    _KNL_tcreatefxn
            00002fc0    _KNL_tdeletefxn
            00002fc2    _KNL_treadyfxn
            00002fc4    _KNL_idlefxn
            00002fc6    _TSK_nTasks
            00002fc7    _TSK_pid
            00002fc8    _TSK_ATTRS
            00002fd6    _TSK_config
            00002fe4    _TSK
            00002fe6    _TSK_timerSem
            00002ff6    __TSK_mutex
            0000300a    __MEM_mutex
            0000301e    _OBJ_table
            0000303a    _OBJ_segtab
            00003042    _SYS_exitStack
            00003052    _SYS_exitStackPtr
            00003054    _SYS_exitStackTop
            00003056    _MEM_memtab
            0000305c    DARAM
            0000305c    HST_DSMBUFSEG
            0000305c    MEM_MALLOCSEG
            0000305c    MEM_SEGZERO
            0000305c    RTDX_DATAMEMSEG
            0000305c    _DARAM
            0000305c    _SEG0
            0000305e    RTA_fromHost$pipe$dtab
            00003064    RTA_toHost$pipe$dtab
            0000306a    _demoFilterptr
            0000306c    _delayLineLPptr
            0000306e    _delayLineHPptr
            00003070    _highPassptr
            00003072    _counter
            00003073    _k
            0000307c    _hGPIO_group0
            0000307e    _hGPIO_group1
            00003080    _hGPIO_group2
            00003082    _hGPIO_group3
            0000308e    _rtdxNullChanCnt
            0000308f    _rtdxNullFuncCnt
            00003090    _CLK_DFLTMICROSECS
            00003092    _CLK_D_microseconds
            00003094    __lock
            00003096    __unlock
            00003098    __cleanup_ptr
            0000309a    __dtors_ptr
            0000309c    _switch1
            0000309d    _switch1Prev
            0000309e    _filterMode
            0000309f    _flagHighakadanger
            000030a0    _CLK_htimePerLtime
            000030a2    _MEM
            000030a4    _aicMcbsp
            000030a6    _dtors
            000030a8    GBL_sysstackbeg
            000030a8    _HWI_SYSSTKTOP
            000030a8    ___end__
            000030a8    __sysstack
            000030a8    end
            000031a7    GBL_sysstackend
            000031a8    GBL_stackbeg
            000031a8    _HWI_STKTOP
            000031a8    _HWI_SYSSTKBOTTOM
            000031a8    __stack
            000035a7    GBL_stackend
00006b50                DARAM$Bb
00006b50                _DARAM_baseb
            000035a8    _HWI_STKBOTTOM
            000035a8    __STACK_END
            00003aa8    TSK_idle$stack
            00003e8a    TSK_idle$stkptr
            00003ea8    TSK_idle$sysstack
            00003f8a    TSK_idle$sysstkptr
            00003fa8    TaskAudioProcessing$stack
00008000                GBL_PLLDIV0
00008003                GBL_PLLDIV1
            0000438a    TaskAudioProcessing$stkptr
            000043a8    TaskAudioProcessing$sysstack
            0000448a    TaskAudioProcessing$sysstkptr
00008b2b                _RTDX_Buffer_WriteCB
00008ca7                _RTDX_Init_RT_Monitor
00008db6                _RTDX_Poll
00008fea                _RTDX_Mon_Queue
00009072                _RTDX_H2TPoll
000090d7                _RTDX_Buffer_Initialize
0000912a                _RTDX_Buffer_ReadCB
00009175                _RTDX_Final_RT_Monitor
000091b1                _RTDX_Buffer_Size
000091ec                _RTDX_Mask_IER
00009216                _RTDX_Buffer_Read
00009238                _RTDX_Set_IER
00009256                _RTDX_Buffer_Write
            0000494a    ___pinit__
            0000494a    pinit
            00004950    _demoFilter
            00004996    _highPass
000093b4                HST_A_TABBEGb
            000049dc    RTA_fromHost
            000049dc    _RTA_fromHost
            000049e0    RTA_fromHost$rtdx
            000049e8    RTA_toHost
            000049e8    _RTA_toHost
            000049ec    RTA_toHost$rtdx
000093e8                HST_A_TABENDb
            000049f4    PRDHeartBeat
000093e8                PRD_A_TABBEGb
            000049f4    _PRDHeartBeat
            000049fe    PRDHeartBeat$aaa
            00004a00    LOG_system$buf
00009400                PRD_A_TABENDb
            00004c00    trace$buf
            00005000    TSKUserInterface$stack
            000051e2    TSKUserInterface$stkptr
            00005200    TSKUserInterface$sysstack
            000052e2    TSKUserInterface$sysstkptr
            00005300    _SYS_PUTCBEG
            000054ff    _SYS_PUTCEND
0000aa00                BIOS_init
0000aa00                _BIOS_init
0000aaf1                BIOS_start
0000aaf1                _BIOS_start
0000ab40                _MEM_init
0000ac54                _TSK_init
0000acd8                _auto_init
0000ad49                _c_int00
0000adb8                _OBJ_init
            000056de    _RTDX_Buffer
            000057e0    _rtdx_mon_state
            000057f2    _rtdx_buffer_state
            000057f8    _RTDX_writing
            00005802    _RTDX_Buffer_Start
            00005804    _RTDX_Buffer_End
            00005855    _BL
            000058e1    _HST_HOST_CHANNEL_DRIVER
            000058e2    C55_BIOSDATAOBJ
            000058e2    _GBL_procId
            000058e4    _GBL_clkIn
            000058e6    _GBL_freq
            000058e8    _CLK_htimeDiv
            000058e9    PRDHeartBeat$sts$maxfmt
            000058ea    _CLK_htimeMult
            000058ec    _CLK_ltimeDiv
            000058ee    _CLK_ltimeMult
            000058f0    _CLK_D_dirty
            000058f2    PRDHeartBeat$sts$sumfmt
            000058f2    _CLK_D_prd
            000058f4    _CLK_D_tddr
            000058f6    _CLK_D_countspms
            000058f8    CLK_D_idletime
            000058fa    CLK_D_isrhook
            000058fa    _CLK_isrhook
            000058fb    PRDHeartBeat$sts$avgfmt
            000058fc    CLK_D_tabbeg
            000058fe    CLK_D_timefxn
            00005900    CLK_R_timh
            00005900    _CLK_time
            00005901    CLK_R_timl
            00005902    HST_D_chanmask
            00005904    IDL_D_calbeg
            00005906    IDL_D_calibrate
            00005906    PRD_swi$sts$maxfmt
            00005908    IDL_D_tabbeg
            0000590a    LOG_D_system
            0000590a    _LOG_D_system
            0000590c    PIP_D_tabbeg
            0000590e    PIP_D_tablen
            0000590e    PRD_swi$sts$sumfmt
            00005910    PRD_D_cur
            00005912    PRD_D_elapsed
            00005913    PRD_D_prevtim
            00005914    PRD_D_scalar
            00005916    PRD_D_swihandle
            00005916    PRD_swi$sts$avgfmt
            00005918    PRD_D_tabbeg
            0000591a    PRD_D_tablen
            0000591c    PRD_D_thook
            0000591e    PRD_D_tickh
            0000591f    PRD_D_tickl
            0000591f    _PRD_D_tick
            00005920    KNL_swi$sts$maxfmt
            00005920    SWI_D_runaddr
            00005920    _SWI_data
            00005922    SWI_D_execaddr
            00005924    SWI_D_curmask
            00005924    _SWI_D_curmask
            00005925    SWI_D_curset
            00005926    SWI_D_lock
            00005926    _SWI_D_lock
            00005927    SWI_D_curmbox
            00005928    KNL_swi$sts$sumfmt
            00005928    SWI_D_curfxn
            00005928    _SWI_D_curfxn
            0000592a    SWI_D_rdybeg
            0000592a    _SWI_D_rdybeg
            0000592c    SWI_D_rdytab
            00005930    KNL_swi$sts$avgfmt
            0000593a    TSK_idle$sts$maxfmt
            00005942    TSK_idle$sts$sumfmt
            0000594a    TSK_idle$sts$avgfmt
            00005954    TaskAudioProcessing$sts$maxfmt
            0000595c    TaskAudioProcessing$sts$sumfmt
            00005964    TaskAudioProcessing$sts$avgfmt
            00005968    SWI_D_inswi
            00005968    _SWI_D_inswi
            0000596a    HWI_D_spsave
            0000596a    _HWI_D_spsave
            0000596a    _HWI_data
            0000596c    HWI_D_sspsave
            0000596c    _HWI_D_sspsave
            0000596e    HWI_D_stkbotaddr
            0000596e    TSKUserInterface$sts$maxfmt
            00005970    HWI_D_systkbotaddr
            00005972    HWI_D_stktopaddr
            00005974    HWI_D_systktopaddr
            00005976    HWI_D_inhwi
            00005976    TSKUserInterface$sts$sumfmt
            00005976    _HWI_D_inhwi
            00005977    _MEM_D_NUMSEGMENTS
            00005978    _MEM_D_memtab
            0000597a    _MEM_D_freelist
            0000597c    _MEM_D_lockaddr
            0000597e    TSKUserInterface$sts$avgfmt
            0000597e    _MEM_D_unlockaddr
            00005980    _SYS
            00005982    HST_D_tabbegaddr
            00005984    HST_D_tabendaddr
            00005986    TSK_D_idlstkaddr
            00005988    IDL_busyObj$maxfmt
            00005988    TSK_D_idlsystkaddr
            0000598a    RTDX_D_BufRead
            0000598b    IDL_busyObj$sumfmt
            0000598c    RTDX_D_BufWrite
            0000598e    IDL_busyObj$avgfmt
            0000598e    __HOOK_knlId
            00005990    __HOOK_NUMHOOKS
            00005992    RTA_D_fromHost
            00005994    RTA_D_toHost
            00005996    RTA_D_logval
            000059a0    RTA_D_stsval
            000059a8    LNKCTRL
            000059a8    LNK_D_fromHostMask
            000059a9    LNK_D_dataReadyMask
            000059aa    LNK_D_readPend
            000059ab    LNK_D_readDone
            000059ac    LNK_D_readFail
            000059ad    LNK_D_writeFail
            000059ae    IDL_D_busyObj
            000059b0    _HWI_dispatchTab
            00005a76    TSK_idle
            00005a76    _TSK_idle
            00005a8e    TSK_idle$tskobj
            00005aa2    TaskAudioProcessing
            00005aa2    _TaskAudioProcessing
            00005aba    TaskAudioProcessing$tskobj
            00005ace    TSKUserInterface
            00005ace    _TSKUserInterface
            00005ae6    TSKUserInterface$tskobj
            00005afa    MBXAudio
            00005afa    _MBXAudio
            00005b02    MBXAudio$data
            00005b12    MBXAudio$free
            00005b2e    MBXOutput
            00005b2e    _MBXOutput
            00005b36    MBXOutput$data
            00005b46    MBXOutput$free
0000b6b8                PIP_A_TABBEGb
            00005b5c    RTA_fromHost$pipe
            00005b5e    RTA_fromHost$pipe$rd
            00005b60    RTA_fromHost$pipe$rdaddr
            00005b62    RTA_fromHost$pipe$rdsize
            00005b64    RTA_fromHost$pipe$rdcurdesc
            00005b74    RTA_fromHost$pipe$rdstshdl
            00005b76    RTA_fromHost$pipe$wr
            00005b78    RTA_fromHost$pipe$wraddr
            00005b7a    RTA_fromHost$pipe$wrsize
            00005b7c    RTA_fromHost$pipe$wrcurdesc
            00005b8c    RTA_fromHost$pipe$wrstshdl
            00005b8e    RTA_toHost$pipe
            00005b90    RTA_toHost$pipe$rd
            00005b92    RTA_toHost$pipe$rdaddr
            00005b94    RTA_toHost$pipe$rdsize
            00005b96    RTA_toHost$pipe$rdcurdesc
            00005ba6    RTA_toHost$pipe$rdstshdl
            00005ba8    RTA_toHost$pipe$wr
            00005baa    RTA_toHost$pipe$wraddr
            00005bac    RTA_toHost$pipe$wrsize
            00005bae    RTA_toHost$pipe$wrcurdesc
            00005bbe    RTA_toHost$pipe$wrstshdl
0000b780                PIP_A_TABENDb
            00005bc0    _delayLineLP
            00005c10    _delayLineHP
            00005c5a    SEMI2C
            00005c5a    _SEMI2C
            00005c70    SEMLED
            00005c70    _SEMLED
            00005c86    SEMFilter
            00005c86    _SEMFilter
            00005c96    RTA_toHost$buf
            00005cd6    PRDHeartBeat$sts$stsobj
0000b9ac                STS_A_TABBEGb
            00005cd8    PRDHeartBeat$sts
            00005cde    PRD_swi$sts$stsobj
            00005ce0    PRD_swi$sts
            00005ce6    KNL_swi$sts$stsobj
            00005ce8    KNL_swi$sts
            00005cee    TSK_idle$sts$stsobj
            00005cf0    TSK_idle$sts
            00005cf6    TaskAudioProcessing$sts$stsobj
            00005cf8    TaskAudioProcessing$sts
            00005cfe    TSKUserInterface$sts$stsobj
            00005d00    TSKUserInterface$sts
            00005d06    IDL_busyObj$stsobj
            00005d08    IDL_busyObj
            00005d08    _IDL_busyObj
            00005d0e    MBXAudio$queElems
0000ba1c                STS_A_TABENDb
            00005d42    MBXOutput$queElems
            00005d76    gblinit
            00005da8    PRD_SWIHANDLE
            00005da8    PRD_swi
0000bb50                SWI_A_TABBEGb
            00005da8    _PRD_swi
            00005dbc    KNL_swi
            00005dbc    _KNL_swi
0000bba0                LOG_A_TABBEGb
            00005dd0    LOG_system
0000bba0                SWI_A_TABENDb
            00005dd0    _LOG_system
            00005dda    _trace
            00005dda    trace
0000bbc8                LOG_A_TABENDb
            00005de4    RTA_fromHost$buf
0000bbd8                IDL_A_TABBEGb
            00005dec    LNK_dataPump
            00005dec    _LNK_dataPump
            00005dee    RTA_dispatcher
            00005dee    _RTA_dispatcher
            00005df0    IDL_cpuLoad
            00005df0    _IDL_cpuLoad
            00005df2    IDL_END
0000bbe8                IDL_A_CALBEGb
            00005df4    LNK_dataPump$
            00005df6    RTA_dispatcher$
            00005df8    IDL_cpuLoad$
            00005dfa    IDL_END$
            00005dfc    SYS$config
0000bc08                CLK_A_TABBEGb
            00005e04    PRD_clock
            00005e04    _PRD_clock
            00005e06    CLK_NULL
            00005e08    TRC_cinit
            00005e09    TRC_R_mask
            00005e09    _TRC_R_mask
            00005e0a    GBL_initdone
            00005e0c    _CSL_McbspData
            00005e72    _CSL_SysData
            00005e94    _CSL_GpioData
0000dbef                GBL_TRCMASKVALUE
0000ff00                HWI_A_VECS
0000ff00                hwi0
0000ff08                hwi1
0000ff10                hwi2
0000ff18                hwi3
0000ff20                hwi4
0000ff28                hwi5
0000ff30                hwi6
0000ff38                hwi7
0000ff40                hwi8
0000ff48                hwi9
0000ff50                hwi10
0000ff58                hwi11
0000ff60                hwi12
0000ff68                hwi13
0000ff70                hwi14
0000ff78                hwi15
0000ff80                hwi16
0000ff88                hwi17
0000ff90                hwi18
0000ff98                hwi19
0000ffa0                hwi20
0000ffa8                hwi21
0000ffb0                hwi22
0000ffb8                hwi23
0000ffc0                hwi24
0000ffc8                hwi25
0000ffd0                hwi26
0000ffd8                hwi27
0000ffe0                hwi28
0000ffe8                hwi29
0000fff0                hwi30
0000fff8                hwi31
000124f7                CLK_PRD
000124f7                _CLK_PRD
000124f8                CLK_COUNTSPMS
000124f8                CLK_HTIMEPERLTIME
000124f8                _CLK_COUNTSPMS
000493e0                CLK_LTIMEMULT
000493e0                GBL_FREQ
00f80000                GBL_CACHEICRTAG1
00f81000                GBL_CACHEICRTAG2
ffffffff                VECT
ffffffff                _VECT
ffffffff                ___binit__
ffffffff                ___c_args__
ffffffff                binit

[1043 symbols]
