******************************************************************************
              TMS320C55x Linker PC v4.4.1                      
******************************************************************************
>> Linked Mon May 08 11:20:07 2023

OUTPUT FILE NAME:   <AGC.out>
ENTRY POINT SYMBOL: "_c_int00"  address: 0000ad49


MEMORY CONFIGURATION

         name            origin    length      used     unused   attr    fill
                        (bytes)   (bytes)    (bytes)   (bytes)
----------------------  --------  ---------  --------  --------  ----  --------
  DARAM                 000000c0   0000fe40  0000bc28  00004218  RWIX
  VECT                  0000ff00   00000100  00000100  00000000  RWIX


SECTION ALLOCATION MAP
(Addresses surrounded by []'s are displayed for convenience only!)

output                                                          attributes/
section   page  orgn(bytes) orgn(words) len(bytes) len(words)   input sections
--------  ----  ----------- ----------- ---------- ----------   --------------
.vers        0   [ 00000000 ]  00000000          *   0000003c   COPY SECTION
                 [ 00000000 ]  00000000          *   0000003c   hellocfg.obj (.vers)

.text        0     000000c0  [ 00000060 ] 000023d0          *   
                   000000c0  [ 00000060 ] 000003cc          *   rts55x.lib : divd.obj (.text)
                   0000048c  [ 00000246 ] 000002ee          *   audioProcessing.obj (.text)
                   0000077a  [ 000003bd ] 00000002          *   --HOLE-- [fill = 20]
                   0000077c  [ 000003be ] 00000261          *   csl5502x.lib : mcbsp_rst.obj (.text:MCBSP_reset)
                   000009dd  [ 000004ee+] 0000025a          *   rts55x.lib : addd.obj (.text)
                   00000c37  [ 0000061b+] 00000231          *   aic3204.obj (.text)
                   00000e68  [ 00000734 ] 0000020c          *   ezdsp5502_gpio.obj (.text)
                   00001074  [ 0000083a ] 000001ea          *   rts55x.lib : cmpd.obj (.text)
                   0000125e  [ 0000092f ] 00000002          *   --HOLE-- [fill = 20]
                   00001260  [ 00000930 ] 0000018e          *   csl5502x.lib : i2c_write.obj (.text:I2C_write)
                   000013ee  [ 000009f7 ] 00000002          *   --HOLE-- [fill = 20]
                   000013f0  [ 000009f8 ] 0000015d          *                : i2c_read.obj (.text:I2C_read)
                   0000154d  [ 00000aa6+] 0000014e          *   ezdsp5502_i2cgpio.obj (.text)
                   0000169b  [ 00000b4d+] 0000014c          *   rts55x.lib : mpyd.obj (.text)
                   000017e7  [ 00000bf3 ] 00000001          *   --HOLE-- [fill = 20]
                   000017e8  [ 00000bf4 ] 00000130          *   csl5502x.lib : mcbsp_cfg.obj (.text:MCBSP_config)
                   00001918  [ 00000c8c ] 000000ee          *                : mcbsp_open.obj (.text:MCBSP_open)
                   00001a06  [ 00000d03 ] 000000c4          *   myFIR.obj (.text)
                   00001aca  [ 00000d65 ] 000000ba          *   ezdsp5502_mcbsp.obj (.text)
                   00001b84  [ 00000dc2 ] 0000008e          *   main.obj (.text)
                   00001c12  [ 00000e09 ] 00000089          *   userInterface.obj (.text)
                   00001c9b  [ 00000e4d ] 00000001          *   --HOLE-- [fill = 20]
                   00001c9c  [ 00000e4e ] 00000082          *   csl5502x.lib : mcbsp_start.obj (.text:MCBSP_start)
                   00001d1e  [ 00000e8f ] 0000007b          *   fir2.obj (.text)
                   00001d99  [ 00000ecc+] 00000076          *   rts55x.lib : frcmpyd.obj (.text)
                   00001e0f  [ 00000f07+] 00000075          *              : sinit.obj (.text)
                   00001e84  [ 00000f42 ] 00000073          *              : frcmpyd_div.obj (.text)
                   00001ef7  [ 00000f7b ] 00000001          *   --HOLE-- [fill = 20]
                   00001ef8  [ 00000f7c ] 00000072          *   csl5502x.lib : i2c_cfg.obj (.text:I2C_config)
                   00001f6a  [ 00000fb5 ] 0000006f          *   ezdsp5502.obj (.text)
                   00001fd9  [ 00000fec+] 0000006f          *   rts55x.lib : atexit.obj (.text)
                   00002048  [ 00001024 ] 0000006f          *              : fixdli.obj (.text)
                   000020b7  [ 0000105b+] 0000006d          *   ezdsp5502_i2c.obj (.text)
                   00002124  [ 00001092 ] 00000067          *   bios.a55L : c55_enable.o55L (.text)
                   0000218b  [ 000010c5+] 00000067          *   rts55x.lib : fltlid.obj (.text)
                   000021f2  [ 000010f9 ] 00000002          *   --HOLE-- [fill = 20]
                   000021f4  [ 000010fa ] 0000005c          *   bios.a55L : tsk_stup.o55L (.text)
                   00002250  [ 00001128 ] 0000004f          *   csl5502x.lib : gpio_open.obj (.text:GPIO_open)
                   0000229f  [ 0000114f+] 0000003f          *   rts55x.lib : memcpy.obj (.text)
                   000022de  [ 0000116f ] 0000003e          *              : exit.obj (.text)
                   0000231c  [ 0000118e ] 00000036          *   csl5502x.lib : mcbsp_cls.obj (.text:MCBSP_close)
                   00002352  [ 000011a9 ] 0000002a          *   rts55x.lib : fixdi.obj (.text)
                   0000237c  [ 000011be ] 0000001f          *   csl5502x.lib : gpio_dir.obj (.text:GPIO_pinDirection)
                   0000239b  [ 000011cd ] 00000001          *   --HOLE-- [fill = 20]
                   0000239c  [ 000011ce ] 0000001f          *                : gpio_write.obj (.text:GPIO_pinWrite)
                   000023bb  [ 000011dd ] 00000001          *   --HOLE-- [fill = 20]
                   000023bc  [ 000011de ] 00000014          *                : gpio_read.obj (.text:GPIO_pinRead)
                   000023d0  [ 000011e8 ] 00000014          *   rts55x.lib : subd.obj (.text)
                   000023e4  [ 000011f2 ] 00000013          *   csl5502x.lib : gpio_enab.obj (.text:GPIO_pinEnable)
                   000023f7  [ 000011fb+] 00000013          *   rts55x.lib : lmpy.obj (.text)
                   0000240a  [ 00001205 ] 00000012          *              : _lock.obj (.text)
                   0000241c  [ 0000120e ] 00000011          *              : memset.obj (.text)
                   0000242d  [ 00001216 ] 00000003          *   --HOLE-- [fill = 20]
                   00002430  [ 00001218 ] 0000000f          *   csl5502x.lib : irq_gdisab.obj (.text:IRQ_globalDisable)
                   0000243f  [ 0000121f ] 00000001          *   --HOLE-- [fill = 20]
                   00002440  [ 00001220 ] 0000000d          *                : _csl_init.obj (.text:_CSL_init)
                   0000244d  [ 00001226 ] 00000003          *   --HOLE-- [fill = 20]
                   00002450  [ 00001228 ] 0000000c          *                : csl.obj (.text:CSL_init)
                   0000245c  [ 0000122e ] 0000000c          *                : irq_grest.obj (.text:IRQ_globalRestore)
                   00002468  [ 00001234 ] 0000000c          *   rts55x.lib : fltid.obj (.text)
                   00002474  [ 0000123a ] 00000007          *              : exit.obj (.text:CIO_breakpoint)
                   0000247b  [ 0000123d ] 00000001          *   --HOLE-- [fill = 20]
                   0000247c  [ 0000123e ] 00000007          *   csl5502x.lib : mcbsp_r16.obj (.text:MCBSP_read16)
                   00002483  [ 00001241 ] 00000001          *   --HOLE-- [fill = 20]
                   00002484  [ 00001242 ] 00000007          *                : mcbsp_w16.obj (.text:MCBSP_write16)
                   0000248b  [ 00001245 ] 00000001          *   --HOLE-- [fill = 20]
                   0000248c  [ 00001246 ] 00000002          *                : csl.obj (.text)
                   0000248e  [ 00001247 ] 00000002          *   --HOLE-- [fill = 20]

.data        0   [ 000000c0 ]  00000060          *   00000000   UNINITIALIZED

.bios        0     00002490  [ 00001248 ] 000020e4          *   
                   00002490  [ 00001248 ] 000003d4          *   bios.a55L : swi.o55L (.bios)
                   00002864  [ 00001432 ] 000003a3          *   lnkrtdx.a55L : rtdx.o55L (.bios)
                   00002c07  [ 00001603+] 0000035f          *   bios.a55L : hwi_disp_asm.o55L (.bios)
                   00002f66  [ 000017b3 ] 00000002          *   bios5502.a55L : clk5502_wdog.o55L (.bios)
                   00002f68  [ 000017b4 ] 0000018b          *   bios.a55L : sem_pend.o55L (.bios)
                   000030f3  [ 00001879+] 00000186          *             : prd.o55L (.bios)
                   00003279  [ 0000193c ] 00000003          *   --HOLE-- [fill = 20]
                   0000327c  [ 0000193e ] 00000185          *             : knl_run.o55L (.bios)
                   00003401  [ 00001a00 ] 00000003          *   --HOLE-- [fill = 20]
                   00003404  [ 00001a02 ] 00000144          *             : knl_tick.o55L (.bios)
                   00003548  [ 00001aa4 ] 00000130          *             : rta.o55L (.bios)
                   00003678  [ 00001b3c ] 00000119          *             : pip.o55L (.bios)
                   00003791  [ 00001bc8+] 0000010e          *             : knl_swit.o55L (.bios)
                   0000389f  [ 00001c4f ] 00000001          *   --HOLE-- [fill = 20]
                   000038a0  [ 00001c50 ] 0000010d          *             : mbx.o55L (.bios)
                   000039ad  [ 00001cd6 ] 00000003          *   --HOLE-- [fill = 20]
                   000039b0  [ 00001cd8 ] 00000104          *             : sem_dopo.o55L (.bios)
                   00003ab4  [ 00001d5a ] 000000f8          *             : tsk_exit.o55L (.bios)
                   00003bac  [ 00001dd6 ] 000000f6          *             : tsk_setu.o55L (.bios)
                   00003ca2  [ 00001e51 ] 00000002          *   --HOLE-- [fill = 20]
                   00003ca4  [ 00001e52 ] 000000bf          *             : tsk_stup.o55L (.bios)
                   00003d63  [ 00001eb1+] 000000a2          *             : c55_c.o55L (.bios)
                   00003e05  [ 00001f02+] 0000008d          *             : knl_chec.o55L (.bios)
                   00003e92  [ 00001f49 ] 0000008d          *   bios5502.a55L : clk_isr.o55L (.bios)
                   00003f1f  [ 00001f8f+] 00000082          *   bios.a55L : sem_post_asm.o55L (.bios)
                   00003fa1  [ 00001fd0+] 0000006b          *   bios5502.a55L : clk5502_start.o55L (.bios)
                   0000400c  [ 00002006 ] 0000005f          *   bios.a55L : knl_exit.o55L (.bios)
                   0000406b  [ 00002035 ] 00000001          *   --HOLE-- [fill = 20]
                   0000406c  [ 00002036 ] 0000005b          *             : knl_ipos.o55L (.bios)
                   000040c7  [ 00002063 ] 00000001          *   --HOLE-- [fill = 20]
                   000040c8  [ 00002064 ] 00000058          *             : lck.o55L (.bios)
                   00004120  [ 00002090 ] 00000051          *             : log.o55L (.bios)
                   00004171  [ 000020b8+] 0000004e          *             : sem_pend_counting.o55L (.bios)
                   000041bf  [ 000020df ] 00000001          *   --HOLE-- [fill = 20]
                   000041c0  [ 000020e0 ] 00000048          *             : sem_post.o55L (.bios)
                   00004208  [ 00002104 ] 00000048          *             : sts.o55L (.bios)
                   00004250  [ 00002128 ] 00000048          *             : sys_exit.o55L (.bios)
                   00004298  [ 0000214c ] 00000047          *             : idl_busy.o55L (.bios)
                   000042df  [ 0000216f+] 00000046          *             : idl_cal.o55L (.bios)
                   00004325  [ 00002192+] 00000043          *             : rta_andn.o55L (.bios)
                   00004368  [ 000021b4 ] 00000040          *   bios5502.a55L : clk5502_meas.o55L (.bios)
                   000043a8  [ 000021d4 ] 00000036          *   bios.a55L : utl_putc.o55L (.bios)
                   000043de  [ 000021ef ] 00000002          *   --HOLE-- [fill = 20]
                   000043e0  [ 000021f0 ] 00000034          *             : knl_post.o55L (.bios)
                   00004414  [ 0000220a ] 0000002c          *   bios5502.a55L : clk5502_startHtime.o55L (.bios)
                   00004440  [ 00002220 ] 00000025          *   bios.a55L : fxn.o55L (.bios)
                   00004465  [ 00002232+] 00000024          *             : idl_stub.o55L (.bios)
                   00004489  [ 00002244 ] 00000003          *   --HOLE-- [fill = 20]
                   0000448c  [ 00002246 ] 00000023          *             : utl_doab.o55L (.bios)
                   000044af  [ 00002257 ] 00000001          *   --HOLE-- [fill = 20]
                   000044b0  [ 00002258 ] 00000020          *             : utl_doer.o55L (.bios)
                   000044d0  [ 00002268 ] 0000001f          *             : clk_itime.o55L (.bios)
                   000044ef  [ 00002277 ] 00000001          *   --HOLE-- [fill = 20]
                   000044f0  [ 00002278 ] 0000001a          *             : hwi_xable.o55L (.bios)
                   0000450a  [ 00002285 ] 00000017          *             : clk_run.o55L (.bios)
                   00004521  [ 00002290 ] 00000003          *   --HOLE-- [fill = 20]
                   00004524  [ 00002292 ] 00000017          *             : sys_abor.o55L (.bios)
                   0000453b  [ 0000229d+] 0000000f          *   bios5502.a55L : clk5502_htime.o55L (.bios)
                   0000454a  [ 000022a5 ] 0000000c          *   bios.a55L : idl.o55L (.bios)
                   00004556  [ 000022ab ] 00000002          *   --HOLE-- [fill = 20]
                   00004558  [ 000022ac ] 00000008          *             : utl_halt.o55L (.bios)
                   00004560  [ 000022b0 ] 00000007          *             : sts_set.o55L (.bios)
                   00004567  [ 000022b3+] 00000006          *             : gbl_vers.o55L (.bios)
                   0000456d  [ 000022b6 ] 00000003          *   --HOLE-- [fill = 20]
                   00004570  [ 000022b8 ] 00000002          *             : fxn_c.o55L (.bios)
                   00004572  [ 000022b9 ] 00000002          *   --HOLE-- [fill = 20]

.cinit       0   [ 00004574 ]  000022ba          *   0000078f   
                 [ 00004574 ]  000022ba          *   00000433   hellocfg.obj (.cinit)
                 [ 00004dda ]  000026ed          *   000000af   bios.a55L : biosdata.o55L (.cinit)
                 [ 00004f38 ]  0000279c          *   000000a0             : knl.o55L (.cinit)
                 [ 00005078 ]  0000283c          *   00000069   csl5502x.lib : csl_mcbspdat.obj (.cinit)
                 [ 0000514a ]  000028a5          *   00000052   audioProcessing.obj (.cinit)
                 [ 000051ee ]  000028f7          *   00000031   bios.a55L : tsk.o55L (.cinit)
                 [ 00005250 ]  00002928          *   0000002e             : tsk_stup.o55L (.cinit)
                 [ 000052ac ]  00002956          *   00000025   csl5502x.lib : csl_csldat.obj (.cinit)
                 [ 000052f6 ]  0000297b          *   00000023                : csl_gpiodat.obj (.cinit)
                 [ 0000533c ]  0000299e          *   00000019   bios.a55L : rta.o55L (.cinit)
                 [ 0000536e ]  000029b7          *   00000017   rtdxx.lib : buffer1.o55L (.cinit)
                 [ 0000539c ]  000029ce          *   0000000f   bios.a55L : utl_putc.o55L (.cinit)
                 [ 000053ba ]  000029dd          *   0000000c   main.obj (.cinit)
                 [ 000053d2 ]  000029e9          *   0000000c   userInterface.obj (.cinit)
                 [ 000053ea ]  000029f5          *   0000000b   bios.a55L : knl_tick.o55L (.cinit)
                 [ 00005400 ]  00002a00          *   0000000a             : obj_init.o55L (.cinit)
                 [ 00005414 ]  00002a0a          *   0000000a             : sys.o55L (.cinit)
                 [ 00005428 ]  00002a14          *   0000000a   rts55x.lib : _lock.obj (.cinit)
                 [ 0000543c ]  00002a1e          *   0000000a              : exit.obj (.cinit)
                 [ 00005450 ]  00002a28          *   00000009   lnkrtdx.a55L : rtdx.o55L (.cinit)
                 [ 00005462 ]  00002a31          *   00000008   rts55x.lib : atexit.obj (.cinit)
                 [ 00005472 ]  00002a39          *   00000005   bios.a55L : idl_busy.o55L (.cinit)
                 [ 0000547c ]  00002a3e          *   00000005             : knl_swit.o55L (.cinit)
                 [ 00005486 ]  00002a43          *   00000005   rts55x.lib : sinit.obj (.cinit)
                 [ 00005490 ]  00002a48          *   00000001   --HOLE-- [fill = 0]

.mem         0   [ 00005492 ]  00002a49          *   00000001   UNINITIALIZED
                 [ 00005492 ]  00002a49          *   00000001   hellocfg.obj (.mem)

.bss         0   [ 00005494 ]  00002a4a          *   00000628   UNINITIALIZED
                 [ 00005494 ]  00002a4a          *   000003fa   audioProcessing.obj (.bss)
                 [ 00005c88 ]  00002e44          *   000000c2   rts55x.lib : atexit.obj (.bss)
                 [ 00005e0c ]  00002f06          *   0000008a   bios.a55L : knl.o55L (.bss)
                 [ 00005f20 ]  00002f90          *   00000030             : tsk.o55L (.bss)
                 [ 00005f80 ]  00002fc0          *   00000028             : tsk_stup.o55L (.bss)
                 [ 00005fd0 ]  00002fe8          *   00000023             : obj_init.o55L (.bss)
                 [ 00006016 ]  0000300b          *   00000001   --HOLE--
                 [ 00006018 ]  0000300c          *   00000014             : sys.o55L (.bss)
                 [ 00006040 ]  00003020          *   00000014   hellocfg.obj (.bss)
                 [ 00006068 ]  00003034          *   0000000a   main.obj (.bss)
                 [ 0000607c ]  0000303e          *   00000008   bios.a55L : knl_tick.o55L (.bss)
                 [ 0000608c ]  00003046          *   00000008   ezdsp5502_gpio.obj (.bss)
                 [ 0000609c ]  0000304e          *   00000006   bios.a55L : utl_putc.o55L (.bss)
                 [ 000060a8 ]  00003054          *   00000006   rtdxx.lib : buffer1.o55L (.bss)
                 [ 000060b4 ]  0000305a          *   00000004   bios.a55L : clk_data.o55L (.bss)
                 [ 000060bc ]  0000305e          *   00000004   rts55x.lib : _lock.obj (.bss)
                 [ 000060c4 ]  00003062          *   00000004              : exit.obj (.bss)
                 [ 000060cc ]  00003066          *   00000004   userInterface.obj (.bss)
                 [ 000060d4 ]  0000306a          *   00000002   bios.a55L : clk_data2.o55L (.bss)
                 [ 000060d8 ]  0000306c          *   00000002             : mem_asm.o55L (.bss)
                 [ 000060dc ]  0000306e          *   00000002   ezdsp5502_mcbsp.obj (.bss)
                 [ 000060e0 ]  00003070          *   00000002   rts55x.lib : sinit.obj (.bss)

.sysstack 
*            0   [ 000060e4 ]  00003072          *   00000100   UNINITIALIZED
                 [ 000060e4 ]  00003072          *   00000100   --HOLE--

.stack       0   [ 000062e4 ]  00003172          *   00000400   UNINITIALIZED
                 [ 000062e4 ]  00003172          *   00000400   --HOLE--

.DARAM$heap 
*            0   [ 00006ae4 ]  00003572          *   00000500   UNINITIALIZED
                 [ 00006ae4 ]  00003572          *   00000500   --HOLE--

.TSK_idle$stk 
*            0   [ 000074e4 ]  00003a72          *   00000500   UNINITIALIZED
                 [ 000074e4 ]  00003a72          *   00000500   hellocfg.obj (.TSK_idle$stk)

.TaskAudioProcessing$stk 
*            0   [ 00007ee4 ]  00003f72          *   00000500   UNINITIALIZED
                 [ 00007ee4 ]  00003f72          *   00000500   hellocfg.obj (.TaskAudioProcessing$stk)

.rtdx_text 
*            0     000088e4  [ 00004472 ] 00000942          *   
                   000088e4  [ 00004472 ] 000001db          *   rtdxx.lib : buffer1.o55L (.rtdx_text:_RTDX_write_next)
                   00008abf  [ 0000455f+] 0000017c          *             : buffer1.o55L (.rtdx_text:_RTDX_Buffer_WriteCB)
                   00008c3b  [ 0000461d+] 0000010f          *             : rtdx_mon.o55L (.rtdx_text:_RTDX_Init_RT_Monitor)
                   00008d4a  [ 000046a5 ] 000000ec          *             : rtdx_mon.o55L (.rtdx_text:_RTDX_Poll)
                   00008e36  [ 0000471b ] 000000b5          *             : buffer1.o55L (.rtdx_text:_claim)
                   00008eeb  [ 00004775+] 00000093          *             : rtdx_mon.o55L (.rtdx_text:_StartXFer)
                   00008f7e  [ 000047bf ] 00000088          *             : rtdx_mon.o55L (.rtdx_text:_RTDX_Mon_Queue)
                   00009006  [ 00004803 ] 00000065          *             : rtdx_mon.o55L (.rtdx_text:_RTDX_H2TPoll)
                   0000906b  [ 00004835+] 00000053          *             : buffer1.o55L (.rtdx_text:_RTDX_Buffer_Initialize)
                   000090be  [ 0000485f ] 0000004b          *             : buffer2.o55L (.rtdx_text:_RTDX_Buffer_ReadCB)
                   00009109  [ 00004884+] 0000003c          *             : rtdx_mon.o55L (.rtdx_text:_RTDX_Final_RT_Monitor)
                   00009145  [ 000048a2+] 0000003b          *             : buffer1.o55L (.rtdx_text:_RTDX_Buffer_Size)
                   00009180  [ 000048c0 ] 0000002a          *             : intr_tgt.o55L (.rtdx_text:_RTDX_Mask_IER)
                   000091aa  [ 000048d5 ] 00000022          *             : buffer2.o55L (.rtdx_text:_RTDX_Buffer_Read)
                   000091cc  [ 000048e6 ] 0000001e          *             : intr_tgt.o55L (.rtdx_text:_RTDX_Set_IER)
                   000091ea  [ 000048f5 ] 0000001c          *             : buffer1.o55L (.rtdx_text:_RTDX_Buffer_Write)
                   00009206  [ 00004903 ] 00000017          *             : rtdx_mon.o55L (.rtdx_text:_Allow_EmuAccess)
                   0000921d  [ 0000490e+] 00000004          *             : rtdx_mon.o55L (.rtdx_text:_Disallow_EmuAccess)
                   00009221  [ 00004910+] 00000004          *             : rtdx_mon.o55L (.rtdx_text:_Wait)
                   00009225  [ 00004912 ] 00000001          *   --HOLE-- [fill = 20]

.const       0   [ 00009228 ]  00004914          *   000000d9   
                 [ 00009228 ]  00004914          *   0000004f   bios.a55L : tsk_stup.o55L (.const)
                 [ 000092c6 ]  00004963          *   00000001   main.obj (.const)
                 [ 000092c8 ]  00004964          *   00000023   bios.a55L : utl_doab.o55L (.const)
                 [ 0000930e ]  00004987          *   00000001   --HOLE-- [fill = 0]
                 [ 00009310 ]  00004988          *   00000022             : utl_doer.o55L (.const)
                 [ 00009354 ]  000049aa          *   0000001b   ezdsp5502_mcbsp.obj (.const:_$P$T0$1)
                 [ 0000938a ]  000049c5          *   0000000a   ezdsp5502_i2c.obj (.const:_$P$T0$1)
                 [ 0000939e ]  000049cf          *   00000008   rts55x.lib : divd.obj (.const:_initial_approx$1)
                 [ 000093ae ]  000049d7          *   00000001   --HOLE-- [fill = 0]
                 [ 000093b0 ]  000049d8          *   00000008   audioProcessing.obj (.const)
                 [ 000093c0 ]  000049e0          *   00000006   rtdxx.lib : rtdx_mon.o55L (.const)
                 [ 000093cc ]  000049e6          *   00000004             : buffer1.o55L (.const)
                 [ 000093d4 ]  000049ea          *   00000002   rts55x.lib : fltlid.obj (.const)
                 [ 000093d8 ]  000049ec          *   00000001   bios.a55L : tsk.o55L (.const)

.printf      0   [ 000093da ]  000049ed          *   000000b2   COPY SECTION
                 [ 000093da ]  000049ed          *   000000b2   hellocfg.obj (.printf)

.prd         0   [ 000093dc ]  000049ee          *   0000000c   UNINITIALIZED
                 [ 000093dc ]  000049ee          *   0000000c   hellocfg.obj (.prd)

.pinit       0   [ 000093f4 ]  000049fa          *   00000006   
                 [ 000093f4 ]  000049fa          *   00000002   rtdxx.lib : buffer1.o55L (.pinit)
                 [ 000093f8 ]  000049fc          *   00000002             : rtdx_mon.o55L (.pinit)
                 [ 000093fc ]  000049fe          *   00000002   --HOLE-- [fill = 0]

.LOG_system$buf 
*            0   [ 00009400 ]  00004a00          *   00000200   UNINITIALIZED
                 [ 00009400 ]  00004a00          *   00000200   hellocfg.obj (.LOG_system$buf)

.trace$buf 
*            0   [ 00009800 ]  00004c00          *   00000400   UNINITIALIZED
                 [ 00009800 ]  00004c00          *   00000400   hellocfg.obj (.trace$buf)

.TSKUserInterface$stk 
*            0   [ 0000a000 ]  00005000          *   00000300   UNINITIALIZED
                 [ 0000a000 ]  00005000          *   00000300   hellocfg.obj (.TSKUserInterface$stk)

.trace       0   [ 0000a600 ]  00005300          *   00000200   
                 [ 0000a600 ]  00005300          *   00000200   --HOLE-- [fill = 00]

.sysinit     0     0000aa00  [ 00005500 ] 000003bc          *   
                   0000aa00  [ 00005500 ] 0000013d          *   hellocfg.obj (.sysinit)
                   0000ab3d  [ 0000559e ] 00000003          *   --HOLE-- [fill = 20]
                   0000ab40  [ 000055a0 ] 00000111          *   bios.a55L : mem_init.o55L (.sysinit)
                   0000ac51  [ 00005628 ] 00000003          *   --HOLE-- [fill = 20]
                   0000ac54  [ 0000562a ] 00000084          *             : tsk_init.o55L (.sysinit)
                   0000acd8  [ 0000566c ] 00000071          *             : autoinit.o55L (.sysinit)
                   0000ad49  [ 000056a4+] 0000006f          *             : boot.o55L (.sysinit)
                   0000adb8  [ 000056dc ] 00000002          *             : obj_init.o55L (.sysinit)
                   0000adba  [ 000056dd ] 00000002          *   --HOLE-- [fill = 20]

.rtdx_data 
*            0   [ 0000adbc ]  000056de          *   00000128   UNINITIALIZED
                 [ 0000adbc ]  000056de          *   00000102   hellocfg.obj (.rtdx_data)
                 [ 0000afc0 ]  000057e0          *   00000012   rtdxx.lib : rtdx_mon.o55L (.rtdx_data)
                 [ 0000afe4 ]  000057f2          *   00000010             : buffer1.o55L (.rtdx_data)
                 [ 0000b004 ]  00005802          *   00000004   bios.a55L : rtdx_data.o55L (.rtdx_data)

.sysdata     0   [ 0000b00c ]  00005806          *   000000ce   UNINITIALIZED
                 [ 0000b00c ]  00005806          *   000000b0   bios.a55L : biosdata.o55L (.sysdata)
                 [ 0000b16c ]  000058b6          *   00000016             : rta.o55L (.sysdata)
                 [ 0000b198 ]  000058cc          *   00000006   lnkrtdx.a55L : rtdx.o55L (.sysdata)
                 [ 0000b1a4 ]  000058d2          *   00000002   bios.a55L : idl_busy.o55L (.sysdata)

.hwi_disp_sec 
*            0   [ 0000b1a8 ]  000058d4          *   000000c0   UNINITIALIZED
                 [ 0000b1a8 ]  000058d4          *   000000c0   bios.a55L : hwi_disp_asm.o55L (.hwi_disp_sec)

.args        0   [ 0000b328 ]  00005994          *   00000008   
                 [ 0000b328 ]  00005994          *   00000008   --HOLE-- [fill = 0]

.clk         0   [ 0000b338 ]  0000599c          *   00000004   UNINITIALIZED
                 [ 0000b338 ]  0000599c          *   00000004   hellocfg.obj (.clk)

.coeffs2     0   [ 0000b340 ]  000059a0          *   00000089   
                 [ 0000b340 ]  000059a0          *   00000089   main.obj (.coeffs2)

.tsk         0   [ 0000b454 ]  00005a2a          *   00000084   UNINITIALIZED
                 [ 0000b454 ]  00005a2a          *   00000084   hellocfg.obj (.tsk)

.mbx         0   [ 0000b55c ]  00005aae          *   00000068   UNINITIALIZED
                 [ 0000b55c ]  00005aae          *   00000068   hellocfg.obj (.mbx)

.pip         0   [ 0000b62c ]  00005b16          *   00000064   UNINITIALIZED
                 [ 0000b62c ]  00005b16          *   00000064   hellocfg.obj (.pip)

.trcdata     0   [ 0000b6f4 ]  00005b7a          *   00000003   
                 [ 0000b6f4 ]  00005b7a          *   00000003   bios.a55L : trc.o55L (.trcdata)

.dbufferLP 
*            0   [ 0000b700 ]  00005b80          *   00000046   
                 [ 0000b700 ]  00005b80          *   00000046   main.obj (.dbufferLP) [fill = 00]

.hst1        0   [ 0000b78c ]  00005bc6          *   00000008   UNINITIALIZED
                 [ 0000b78c ]  00005bc6          *   00000008   hellocfg.obj (.hst1)

.dbufferHP 
*            0   [ 0000b7a0 ]  00005bd0          *   00000043   
                 [ 0000b7a0 ]  00005bd0          *   00000043   main.obj (.dbufferHP) [fill = 00]

.sem         0   [ 0000b828 ]  00005c14          *   00000042   UNINITIALIZED
                 [ 0000b828 ]  00005c14          *   00000042   hellocfg.obj (.sem)

.hst0        0   [ 0000b8ac ]  00005c56          *   00000040   UNINITIALIZED
                 [ 0000b8ac ]  00005c56          *   00000040   hellocfg.obj (.hst0)

.sts         0   [ 0000b92c ]  00005c96          *   00000038   UNINITIALIZED
                 [ 0000b92c ]  00005c96          *   00000038   hellocfg.obj (.sts)

.MBXAudio$que 
*            0   [ 0000b99c ]  00005cce          *   00000034   UNINITIALIZED
                 [ 0000b99c ]  00005cce          *   00000034   --HOLE--

.MBXOutput$que 
*            0   [ 0000ba04 ]  00005d02          *   00000034   UNINITIALIZED
                 [ 0000ba04 ]  00005d02          *   00000034   --HOLE--

.gblinit     0   [ 0000ba6c ]  00005d36          *   00000031   
                 [ 0000ba6c ]  00005d36          *   00000031   hellocfg.obj (.gblinit)

.swi         0   [ 0000bad0 ]  00005d68          *   00000028   UNINITIALIZED
                 [ 0000bad0 ]  00005d68          *   00000028   hellocfg.obj (.swi)

.hst         0   [ 0000bb20 ]  00005d90          *   0000001a   UNINITIALIZED
                 [ 0000bb20 ]  00005d90          *   0000001a   hellocfg.obj (.hst)

.log         0   [ 0000bb54 ]  00005daa          *   00000014   UNINITIALIZED
                 [ 0000bb54 ]  00005daa          *   00000014   hellocfg.obj (.log)

.idl         0   [ 0000bb7c ]  00005dbe          *   00000008   UNINITIALIZED
                 [ 0000bb7c ]  00005dbe          *   00000008   hellocfg.obj (.idl)

.idlcal      0   [ 0000bb8c ]  00005dc6          *   00000008   UNINITIALIZED
                 [ 0000bb8c ]  00005dc6          *   00000008   hellocfg.obj (.idlcal)

.sys         0   [ 0000bb9c ]  00005dce          *   00000008   UNINITIALIZED
                 [ 0000bb9c ]  00005dce          *   00000008   hellocfg.obj (.sys)

.csldata     0   [ 0000bbac ]  00005dd6          *   000000a8   UNINITIALIZED
                 [ 0000bbac ]  00005dd6          *   00000066   csl5502x.lib : csl_mcbspdat.obj (.csldata:MCBSP_data)
                 [ 0000bc78 ]  00005e3c          *   00000022                : csl_csldat.obj (.csldata:SYS_data)
                 [ 0000bcbc ]  00005e5e          *   00000020                : csl_gpiodat.obj (.csldata:GPIO_data)

.hwi_vec     0     0000ff00  [ 00007f80 ] 00000100          *   
                   0000ff00  [ 00007f80 ] 00000100          *   hellocfg.obj (.hwi_vec)


GLOBAL SYMBOLS: SORTED ALPHABETICALLY BY Name 

abs. value/
byte addr   word addr   name
---------   ---------   ----
00000002                $TI_capability$C5500$CallingConvention
00000002                $TI_capability$C5500$MemoryModel
00000001                $TI_capability_requires_rev2
            00002a4a    .bss
            00000060    .data
000000c0                .text
00000014                BIOSDATA_O_CLK_D_COUNTSPMS
0000000e                BIOSDATA_O_CLK_D_DIRTY
00000016                BIOSDATA_O_CLK_D_IDLETIME
00000018                BIOSDATA_O_CLK_D_ISRHOOK
00000010                BIOSDATA_O_CLK_D_PRD
0000001a                BIOSDATA_O_CLK_D_TABBEG
00000012                BIOSDATA_O_CLK_D_TDDR
0000001c                BIOSDATA_O_CLK_D_TIMEFXN
00000006                BIOSDATA_O_CLK_HTIMEDIV
00000008                BIOSDATA_O_CLK_HTIMEMULT
0000000a                BIOSDATA_O_CLK_LTIMEDIV
0000000c                BIOSDATA_O_CLK_LTIMEMULT
0000001e                BIOSDATA_O_CLK_R_TIMH
0000001f                BIOSDATA_O_CLK_R_TIML
00000020                BIOSDATA_O_HST_D_CHANMASK
000000a0                BIOSDATA_O_HST_D_TABBEGADDR
000000a2                BIOSDATA_O_HST_D_TABENDADDR
00000088                BIOSDATA_O_HWI_D_SPSAVE
0000008a                BIOSDATA_O_HWI_D_SSPSAVE
0000008c                BIOSDATA_O_HWI_D_STKBOTADDR
00000090                BIOSDATA_O_HWI_D_STKTOPADDR
0000008e                BIOSDATA_O_HWI_D_SYSTKBOTADDR
00000092                BIOSDATA_O_HWI_D_SYSTKTOPADDR
00000022                BIOSDATA_O_IDL_D_CALBEG
00000024                BIOSDATA_O_IDL_D_CALIBRATE
00000026                BIOSDATA_O_IDL_D_TABBEG
00000028                BIOSDATA_O_LOG_D_SYSTEM
00000098                BIOSDATA_O_MEM_D_FREELIST
0000009a                BIOSDATA_O_MEM_D_LOCKADDR
00000096                BIOSDATA_O_MEM_D_MEMTAB
00000095                BIOSDATA_O_MEM_D_NUMSEGMENTS
0000009c                BIOSDATA_O_MEM_D_UNLOCKADDR
0000002a                BIOSDATA_O_PIP_D_TABBEG
0000002c                BIOSDATA_O_PIP_D_TABLEN
0000002e                BIOSDATA_O_PRD_D_CUR
00000030                BIOSDATA_O_PRD_D_ELAPSED
00000031                BIOSDATA_O_PRD_D_PREVTIM
00000032                BIOSDATA_O_PRD_D_SCALAR
00000034                BIOSDATA_O_PRD_D_SWIHANDLE
00000036                BIOSDATA_O_PRD_D_TABBEG
00000038                BIOSDATA_O_PRD_D_TABLEN
0000003a                BIOSDATA_O_PRD_D_THOOK
0000003c                BIOSDATA_O_PRD_D_TICKH
0000003d                BIOSDATA_O_PRD_D_TICKL
000000a8                BIOSDATA_O_RTDX_D_BUFREAD
000000aa                BIOSDATA_O_RTDX_D_BUFWRITE
00000046                BIOSDATA_O_SWI_D_CURFXN
00000042                BIOSDATA_O_SWI_D_CURMASK
00000045                BIOSDATA_O_SWI_D_CURMBOX
00000043                BIOSDATA_O_SWI_D_CURSET
00000040                BIOSDATA_O_SWI_D_EXECADDR
00000044                BIOSDATA_O_SWI_D_LOCK
00000048                BIOSDATA_O_SWI_D_RDYBEG
0000004a                BIOSDATA_O_SWI_D_RDYTAB
0000003e                BIOSDATA_O_SWI_D_RUNADDR
0000009e                BIOSDATA_O_SYS
000000a4                BIOSDATA_O_TSK_D_IDLSTKADDR
000000a6                BIOSDATA_O_TSK_D_IDLSYSTKADDR
0000aa00                BIOS_init
0000aaf1                BIOS_start
00000000                BUF$
00000001                BUF_ENABLED
00002475                C$$EXIT
            00005806    C55_BIOSDATAOBJ
00000001                CLK$
0000599c                CLK_A_TABBEG
0000b338                CLK_A_TABBEGb
00000001                CLK_CALDIV
00000004                CLK_CALMULT
00000001                CLK_CLKDIV
000124f8                CLK_COUNTSPMS
00000001                CLK_COUNTSPMSHIGH
            0000581c    CLK_D_idletime
            0000581e    CLK_D_isrhook
            00005820    CLK_D_tabbeg
            00005822    CLK_D_timefxn
00000001                CLK_ENABLEHTIME
00004515                CLK_F_dispRun
0000453b                CLK_F_gethtime
00003e92                CLK_F_isr
000044d0                CLK_F_itime
0000450a                CLK_HOOKFXN
00000001                CLK_HTIMEDIV
00000004                CLK_HTIMEMULT
000124f8                CLK_HTIMEPERLTIME
00000010                CLK_IMR0TINTMASK
00000000                CLK_IMR1TINTMASK
00000004                CLK_INTBIT
00000004                CLK_INTID
00000001                CLK_LTIMEDIV
000493e0                CLK_LTIMEMULT
000003e8                CLK_MICROSECS
            0000599e    CLK_NULL
000124f7                CLK_PRD
00000001                CLK_PRDHIGH
00001000                CLK_REGS
            00005824    CLK_R_timh
            00005825    CLK_R_timl
00000020                CLK_TCR
00000000                CLK_TDDR
00000000                CLK_TDDRHIGH
0000453b                CLK_TIMEFXN
00000001                CLK_TIMERIFR
00000000                CLK_TIMERIMR
00000010                CLK_TIMERIMRMASK
00000000                CLK_TIMERNUM
00000001                CLK_USETIMER
            00003026    DARAM
00003572                DARAM$B
00006ae4                DARAM$Bb
00000a00                DARAM$L
00000000                DEV$
00000000                DGN$
00000000                DHL$
00000000                DHL_gChannelsAvailable
00000000                DIO$
00000000                DIO_NUMSWIBASE
00000000                DIO_NUMTSKBASE
00000000                DIO_STATIC
00000000                DPI$
00004440                FXN_F_nop
00004442                FXN_F_run
00004463                FXN_F_selfLoop
0000445f                FXN_F_zero
00000001                GBL$
00005205                GBL_A_VERSION
00004570                GBL_BIOS_BOOTFXN
00f80000                GBL_CACHEICRTAG1
00f81000                GBL_CACHEICRTAG2
00000002                GBL_CACHETYPE
00000001                GBL_CALLCSLCFGINIT
00004e20                GBL_CLKIN
00000001                GBL_CLKMD
0000157e                GBL_CLKTYPE
00000001                GBL_DCRPOSTEDWRITE
0000157e                GBL_DSPSUBTYPE
00000037                GBL_DSPTYPE
00000000                GBL_ENABLEICACHE
00000001                GBL_ENABLEINST
00000042                GBL_FOOTPRINT
000493e0                GBL_FREQ
00000001                GBL_LARGEMODEL
00000001                GBL_MODIFYCLKMD
00000000                GBL_NULL
00008000                GBL_PLLDIV0
00008003                GBL_PLLDIV1
0000000f                GBL_PLLM
00000000                GBL_PROCID
00000000                GBL_ROM
00000000                GBL_SUPPORTCSL
0000dbef                GBL_TRCMASKVALUE
00000000                GBL_USERINIT
00004570                GBL_USERINITFXN
00000001                GBL_boot
            00005b7c    GBL_initdone
            00003172    GBL_stackbeg
            00003571    GBL_stackend
            00003072    GBL_sysstackbeg
            00003171    GBL_sysstackend
00000000                GIO$
00004570                GIO_CREATEFXN
00004570                GIO_DELETEFXN
00004570                GIO_PENDFXN
00004570                GIO_POSTFXN
00000000                HOOK$
00000000                HOOK_KNLID
00000001                HST$
00005d90                HST_A_TABBEG
0000bb20                HST_A_TABBEGb
00005daa                HST_A_TABEND
0000bb54                HST_A_TABENDb
00000000                HST_BIOSLINK
00000000                HST_DSM
            00003026    HST_DSMBUFSEG
00000400                HST_DSMMEMSIZE
            00005826    HST_D_chanmask
            000058a6    HST_D_tabbegaddr
            000058a8    HST_D_tabendaddr
000000ff                HST_MAXFRAMEALLOWED
00000040                HST_MAXFRAMESET
00000000                HST_NONE
00000001                HST_RTDX
00000001                HWI$
0000ff00                HWI_A_VECS
00000018                HWI_BERR
00000019                HWI_DLOG
            0000589a    HWI_D_inhwi
            0000588e    HWI_D_spsave
            00005890    HWI_D_sspsave
            00005892    HWI_D_stkbotaddr
            00005896    HWI_D_stktopaddr
            00005894    HWI_D_systkbotaddr
            00005898    HWI_D_systktopaddr
00002c07                HWI_F_dispatch
0000000a                HWI_INT10
0000000b                HWI_INT11
0000000c                HWI_INT12
0000000d                HWI_INT13
0000000e                HWI_INT14
0000000f                HWI_INT15
00000010                HWI_INT16
00000011                HWI_INT17
00000012                HWI_INT18
00000013                HWI_INT19
00000002                HWI_INT2
00000014                HWI_INT20
00000015                HWI_INT21
00000016                HWI_INT22
00000017                HWI_INT23
00000003                HWI_INT3
00000004                HWI_INT4
00000005                HWI_INT5
00000006                HWI_INT6
00000007                HWI_INT7
00000008                HWI_INT8
00000009                HWI_INT9
00000001                HWI_NMI
00000000                HWI_RESET
0000001a                HWI_RTOS
0000001b                HWI_SINT27
0000001c                HWI_SINT28
0000001d                HWI_SINT29
0000001e                HWI_SINT30
0000001f                HWI_SINT31
00000004                HWI_TINT
00000000                HWI_ZEROTAB
000023f7                I$$LMPY
00000001                IDL$
00005dc6                IDL_A_CALBEG
0000bb8c                IDL_A_CALBEGb
00005dbe                IDL_A_TABBEG
0000bb7c                IDL_A_TABBEGb
00000000                IDL_CALIBRERROR
00004465                IDL_CALIBRFXN
            000058d2    IDL_D_busyObj
            00005828    IDL_D_calbeg
            0000582a    IDL_D_calibrate
            0000582c    IDL_D_tabbeg
            00005dc4    IDL_END
            00005dcc    IDL_END$
00004298                IDL_F_busy
0000454a                IDL_F_loop
00000001                IDL_USECLKIDLTIME
            00005cc8    IDL_busyObj
            00004a9a    IDL_busyObj$avgfmt
00000001                IDL_busyObj$filter
00000001                IDL_busyObj$iA
00000000                IDL_busyObj$iB
00000001                IDL_busyObj$iC
            00004a94    IDL_busyObj$maxfmt
00000000                IDL_busyObj$operation
            00005cc6    IDL_busyObj$stsobj
            00004a97    IDL_busyObj$sumfmt
00000002                IDL_busyObj$unittype
            00005dc2    IDL_cpuLoad
            00005dca    IDL_cpuLoad$
00000001                ISRC$
000037df                KNL_glue
            00005d7c    KNL_swi
00000001                KNL_swi$dorta
00000002                KNL_swi$ord
00000000                KNL_swi$pri
            00005ca8    KNL_swi$sts
            00004a3c    KNL_swi$sts$avgfmt
00000002                KNL_swi$sts$filter
00000001                KNL_swi$sts$filtmaxmult
00000001                KNL_swi$sts$filtsummult
            00004a2c    KNL_swi$sts$maxfmt
            00005ca6    KNL_swi$sts$stsobj
            00004a34    KNL_swi$sts$sumfmt
00000000                KNL_swi$sts$unittype
00000000                KNL_swi$swi
0000381e                KNL_tick_stub
00000001                LCK$
            000058cc    LNKCTRL
            000058cd    LNK_D_dataReadyMask
            000058cc    LNK_D_fromHostMask
            000058cf    LNK_D_readDone
            000058d0    LNK_D_readFail
            000058ce    LNK_D_readPend
            000058d1    LNK_D_writeFail
00002866                LNK_F_checkChanEnabled
000028bf                LNK_F_dataPump
0000288d                LNK_F_getChanPtr
00002874                LNK_F_getNextChan
00002864                LNK_F_init
00002be2                LNK_F_readCallBack
            00005dbe    LNK_dataPump
            00005dc6    LNK_dataPump$
00002a2a                LNK_newin
00002b0e                LNK_newout
000028bf                LNK_rcloop
00002913                LNK_rdrtry
0000291d                LNK_rrloop
0000299d                LNK_wrloop
00002993                LNK_wrrtry
00000001                LOG$
00005daa                LOG_A_TABBEG
0000bb54                LOG_A_TABBEGb
00005dbe                LOG_A_TABEND
0000bb7c                LOG_A_TABENDb
00000002                LOG_A_TABLEN
            0000582e    LOG_D_system
00000001                LOG_ENABLED
00004120                LOG_F_event
            00005daa    LOG_system
            00004a00    LOG_system$buf
00000000                LOG_system$datatype
00000000                LOG_system$log
00000200                LOG_system$size
00000001                MBX$
            00005ab4    MBXAudio
            00005abc    MBXAudio$data
            00005acc    MBXAudio$free
            00005cce    MBXAudio$queElems
            00005ae8    MBXOutput
            00005af0    MBXOutput$data
            00005b00    MBXOutput$free
            00005d02    MBXOutput$queElems
00000001                MEM$
            00003026    MEM_MALLOCSEG
00000000                MEM_NULL
            00003026    MEM_SEGZERO
00000001                MEM_gNumHeap
00000000                MSGQ$
00000000                MSGQ_USEMSGQ
00000000                OBJ$
00000000                PIP$
00005b16                PIP_A_TABBEG
0000b62c                PIP_A_TABBEGb
00005b7a                PIP_A_TABEND
0000b6f4                PIP_A_TABENDb
00000002                PIP_A_TABLEN
            00005830    PIP_D_tabbeg
            00005832    PIP_D_tablen
000036ce                PIP_F_give
000036cc                PIP_F_probe
00003740                PIP_F_start
00003678                PIP_F_take
00000064                PIP_OBJSIZE
00000000                PIP_gNextId
00000002                PIP_gNumEmbed
00000000                POOL$
00000000                POOL_USEPOOL
00000001                PRD$
            000049ee    PRDHeartBeat
            000049f8    PRDHeartBeat$aaa
00000000                PRDHeartBeat$mode
00000003                PRDHeartBeat$ord
000001f4                PRDHeartBeat$period
00000000                PRDHeartBeat$prd
            00005c98    PRDHeartBeat$sts
            00004a07    PRDHeartBeat$sts$avgfmt
00000000                PRDHeartBeat$sts$filter
            000049f5    PRDHeartBeat$sts$maxfmt
            00005c96    PRDHeartBeat$sts$stsobj
            000049fe    PRDHeartBeat$sts$sumfmt
00000002                PRDHeartBeat$sts$unittype
000049ee                PRD_A_TABBEG
000093dc                PRD_A_TABBEGb
000049fa                PRD_A_TABEND
000093f4                PRD_A_TABENDb
00000001                PRD_A_TABLEN
            00005834    PRD_D_cur
            00005836    PRD_D_elapsed
            00005837    PRD_D_prevtim
            00005838    PRD_D_scalar
            0000583a    PRD_D_swihandle
            0000583c    PRD_D_tabbeg
            0000583e    PRD_D_tablen
            00005840    PRD_D_thook
            00005842    PRD_D_tickh
            00005843    PRD_D_tickl
000030f3                PRD_F_swi
00003218                PRD_F_tick
00000004                PRD_SCALAR
            00005d68    PRD_SWIHANDLE
0000381e                PRD_THOOKFXN
            0000599c    PRD_clock
            00005d68    PRD_swi
00000001                PRD_swi$dorta
00000000                PRD_swi$ord
00000001                PRD_swi$pri
            00005ca0    PRD_swi$sts
            00004a22    PRD_swi$sts$avgfmt
00000002                PRD_swi$sts$filter
00000001                PRD_swi$sts$filtmaxmult
00000001                PRD_swi$sts$filtsummult
            00004a12    PRD_swi$sts$maxfmt
            00005c9e    PRD_swi$sts$stsobj
            00004a1a    PRD_swi$sts$sumfmt
00000000                PRD_swi$sts$unittype
00000000                PRD_swi$swi
00000001                PWRM$
00000000                PWRM_PWRM_ADAPTCLK
00004570                PWRM_PWRM_BOOTHOOKFXN
00000023                PWRM_PWRM_CAPSMASK
0000003f                PWRM_PWRM_DS_IDLEMASK
00000000                PWRM_PWRM_ENABLE
00000005                PWRM_PWRM_IDLEMASK
00000000                PWRM_PWRM_IER0
00000000                PWRM_PWRM_IER1
00000640                PWRM_PWRM_INITMILVOLTS
0000000f                PWRM_PWRM_INITSP
00000000                PWRM_PWRM_SCALING
00000001                QUE$
            000058b6    RTA_D_fromHost
            000058ba    RTA_D_logval
            000058c4    RTA_D_stsval
            000058b8    RTA_D_toHost
00004325                RTA_F_andn
000035d1                RTA_F_dispatch
00003548                RTA_F_getlog
00003574                RTA_F_getsts
0000433b                RTA_F_or
000035a3                RTA_F_readblk
000035b6                RTA_F_resetmem
000035b2                RTA_F_writeword
            00005dc0    RTA_dispatcher
            00005dc8    RTA_dispatcher$
            00005d92    RTA_fromHost
            00005bc6    RTA_fromHost$buf
00000008                RTA_fromHost$framesize
00000000                RTA_fromHost$hst
00000001                RTA_fromHost$id
00000000                RTA_fromHost$mode
            00005b16    RTA_fromHost$pipe
            00003028    RTA_fromHost$pipe$dtab
            00005b18    RTA_fromHost$pipe$rd
            00005b1a    RTA_fromHost$pipe$rdaddr
            00005b1e    RTA_fromHost$pipe$rdcurdesc
            00005b1c    RTA_fromHost$pipe$rdsize
            00005b2e    RTA_fromHost$pipe$rdstshdl
            00005b30    RTA_fromHost$pipe$wr
            00005b32    RTA_fromHost$pipe$wraddr
            00005b36    RTA_fromHost$pipe$wrcurdesc
            00005b34    RTA_fromHost$pipe$wrsize
            00005b46    RTA_fromHost$pipe$wrstshdl
            00005d96    RTA_fromHost$rtdx
            00005d9e    RTA_toHost
            00005c56    RTA_toHost$buf
00000040                RTA_toHost$framesize
00000000                RTA_toHost$hst
00000000                RTA_toHost$id
00000001                RTA_toHost$mode
            00005b48    RTA_toHost$pipe
            0000302e    RTA_toHost$pipe$dtab
            00005b4a    RTA_toHost$pipe$rd
            00005b4c    RTA_toHost$pipe$rdaddr
            00005b50    RTA_toHost$pipe$rdcurdesc
            00005b4e    RTA_toHost$pipe$rdsize
            00005b60    RTA_toHost$pipe$rdstshdl
            00005b62    RTA_toHost$pipe$wr
            00005b64    RTA_toHost$pipe$wraddr
            00005b68    RTA_toHost$pipe$wrcurdesc
            00005b66    RTA_toHost$pipe$wrsize
            00005b78    RTA_toHost$pipe$wrstshdl
            00005da2    RTA_toHost$rtdx
00000001                RTDX$
00000102                RTDX_BUFMEMSIZE
            00003026    RTDX_DATAMEMSEG
            000058ae    RTDX_D_BufRead
            000058b0    RTDX_D_BufWrite
00000000                RTDX_MODE
00000001                RTDX_USERTDX
00000000                RTDX_USERTEXECUTION
00000001                SEM$
            00005c46    SEMFilter
            00005c1a    SEMI2C
            00005c30    SEMLED
00000000                SIO$
00000001                STS$
00005c96                STS_A_TABBEG
0000b92c                STS_A_TABBEGb
00005cce                STS_A_TABEND
0000b99c                STS_A_TABENDb
0000422a                STS_F_add
00004208                STS_F_delta
00004242                STS_F_reset
00000001                SWI$
00005d68                SWI_A_TABBEG
0000bad0                SWI_A_TABBEGb
00005d90                SWI_A_TABEND
0000bb20                SWI_A_TABENDb
00000002                SWI_A_TABLEN
            0000584c    SWI_D_curfxn
            00005848    SWI_D_curmask
            0000584b    SWI_D_curmbox
            00005849    SWI_D_curset
            00005846    SWI_D_execaddr
            0000588c    SWI_D_inswi
            0000584a    SWI_D_lock
            0000584e    SWI_D_rdybeg
            00005850    SWI_D_rdytab
            00005844    SWI_D_runaddr
00000000                SWI_EHOOKFXN
000025d6                SWI_EXECFXN
00002490                SWI_F_enable
000025d6                SWI_F_exec
0000254e                SWI_F_exec_sync
000024c3                SWI_F_post
000026c2                SWI_F_run
00000000                SWI_IHOOKFXN
000026c2                SWI_RUNFXN
00000001                SYS$
            00005dce    SYS$config
0000448c                SYS_ABORTFXN
000044b0                SYS_ERRORFXN
00004558                SYS_EXITFXN
000043a8                SYS_PUTCFXN
00004000                TRC_GBLTARG
            00005b7b    TRC_R_mask
            00005b7a    TRC_cinit
00000001                TSK$
            00005a88    TSKUserInterface
00000003                TSKUserInterface$ord
00000001                TSKUserInterface$pri
            00005000    TSKUserInterface$stack
            000051e2    TSKUserInterface$stkptr
            00005cc0    TSKUserInterface$sts
            00004a8a    TSKUserInterface$sts$avgfmt
00000002                TSKUserInterface$sts$filter
00000001                TSKUserInterface$sts$filtmaxmult
00000001                TSKUserInterface$sts$filtsummult
            00004a7a    TSKUserInterface$sts$maxfmt
            00005cbe    TSKUserInterface$sts$stsobj
            00004a82    TSKUserInterface$sts$sumfmt
00000000                TSKUserInterface$sts$unittype
            00005200    TSKUserInterface$sysstack
            000052e2    TSKUserInterface$sysstkptr
00000000                TSKUserInterface$tsk
            00005aa0    TSKUserInterface$tskobj
            000058aa    TSK_D_idlstkaddr
            000058ac    TSK_D_idlsystkaddr
00000000                TSK_NUM_HOOKS
00000001                TSK_PRIORITY
00000000                TSK_READYFXN
00000000                TSK_STACKSEG
00000400                TSK_STACKSIZE
00000000                TSK_SWITCHFXN
00000100                TSK_SYSTACKSIZE
00004570                TSK_VCREATEFXN
00004570                TSK_VDELETEFXN
00004570                TSK_VEXITFXN
            00005a30    TSK_idle
00000001                TSK_idle$ord
00000000                TSK_idle$pri
            00003a72    TSK_idle$stack
            00003e54    TSK_idle$stkptr
            00005cb0    TSK_idle$sts
            00004a56    TSK_idle$sts$avgfmt
00000002                TSK_idle$sts$filter
00000001                TSK_idle$sts$filtmaxmult
00000001                TSK_idle$sts$filtsummult
            00004a46    TSK_idle$sts$maxfmt
            00005cae    TSK_idle$sts$stsobj
            00004a4e    TSK_idle$sts$sumfmt
00000000                TSK_idle$sts$unittype
            00003e72    TSK_idle$sysstack
            00003f54    TSK_idle$sysstkptr
00000000                TSK_idle$tsk
            00005a48    TSK_idle$tskobj
            00005a5c    TaskAudioProcessing
00000002                TaskAudioProcessing$ord
0000000f                TaskAudioProcessing$pri
            00003f72    TaskAudioProcessing$stack
            00004354    TaskAudioProcessing$stkptr
            00005cb8    TaskAudioProcessing$sts
            00004a70    TaskAudioProcessing$sts$avgfmt
00000002                TaskAudioProcessing$sts$filter
00000001                TaskAudioProcessing$sts$filtmaxmult
00000001                TaskAudioProcessing$sts$filtsummult
            00004a60    TaskAudioProcessing$sts$maxfmt
            00005cb6    TaskAudioProcessing$sts$stsobj
            00004a68    TaskAudioProcessing$sts$sumfmt
00000000                TaskAudioProcessing$sts$unittype
            00004372    TaskAudioProcessing$sysstack
            00004454    TaskAudioProcessing$sysstkptr
00000000                TaskAudioProcessing$tsk
            00005a74    TaskAudioProcessing$tskobj
00000000                UDEV$
ffffffff                VECT
00000c37                _AIC3204_rget
00000c82                _AIC3204_rset
0000aa00                _BIOS_init
0000aaf1                _BIOS_start
            00004963    _BL
00003ddb                _C55_clearIFR0
00003df0                _C55_clearIFR1
00003d63                _C55_disableIMR0
00003d86                _C55_disableIMR1
00002158                _C55_disableInt
00003da9                _C55_enableIMR0
00003dc2                _C55_enableIMR1
00002124                _C55_enableInt
000124f8                _CLK_COUNTSPMS
            0000305a    _CLK_DFLTMICROSECS
            0000581a    _CLK_D_countspms
            00005814    _CLK_D_dirty
            0000305c    _CLK_D_microseconds
            00005816    _CLK_D_prd
            00005818    _CLK_D_tddr
000124f7                _CLK_PRD
00000001                _CLK_PRDHIGH
00001000                _CLK_REGS
00000020                _CLK_TCR
00000000                _CLK_TDDR
00000000                _CLK_TDDRHIGH
00000000                _CLK_TIMERNUM
00000001                _CLK_USETIMER
00004515                _CLK_dispRun
0000453b                _CLK_getfhtime
0000453b                _CLK_getshtime
            0000580c    _CLK_htimeDiv
            0000580e    _CLK_htimeMult
            0000306a    _CLK_htimePerLtime
00003e92                _CLK_isr
            0000581e    _CLK_isrhook
000044d0                _CLK_itime
            00005810    _CLK_ltimeDiv
            00005812    _CLK_ltimeMult
00004368                _CLK_measure
0000450a                _CLK_run
00003fa1                _CLK_start
00004414                _CLK_start_htimer
00004000                _CLK_stop
00004439                _CLK_stop_htimer
            00005824    _CLK_time
00002f66                _CLK_wdogdisable
0000248c                _CSL5502_LIB_
            00005e5e    _CSL_GpioData
            00005dd6    _CSL_McbspData
            00005e3c    _CSL_SysData
00002450                _CSL_init
00000cb6                _ConfigureAic3204
            00003026    _DARAM
00003572                _DARAM_base
00006ae4                _DARAM_baseb
00000a00                _DARAM_length
00000ff9                _EZDSP5502_GPIO_getInput
00000e68                _EZDSP5502_GPIO_init
00000eff                _EZDSP5502_GPIO_setDirection
00000f7c                _EZDSP5502_GPIO_setOutput
0000154d                _EZDSP5502_I2CGPIO_configLine
00001624                _EZDSP5502_I2CGPIO_read
000015a0                _EZDSP5502_I2CGPIO_readLine
00001671                _EZDSP5502_I2CGPIO_write
000015d1                _EZDSP5502_I2CGPIO_writeLine
000020b7                _EZDSP5502_I2C_init
00002100                _EZDSP5502_I2C_read
000020d4                _EZDSP5502_I2C_reset
000020de                _EZDSP5502_I2C_write
00001b0e                _EZDSP5502_MCBSP_close
00001aca                _EZDSP5502_MCBSP_init
00001b50                _EZDSP5502_MCBSP_read
00001b20                _EZDSP5502_MCBSP_write
00001fc0                _EZDSP5502_init
00001f7a                _EZDSP5502_wait
00001fae                _EZDSP5502_waitusec
00004570                _FXN_F_nop
            00005808    _GBL_clkIn
            0000580a    _GBL_freq
00004567                _GBL_getVersion
            00005806    _GBL_procId
00002250                _GPIO_open
0000237c                _GPIO_pinDirection
000023e4                _GPIO_pinEnable
000023bc                _GPIO_pinRead
0000239c                _GPIO_pinWrite
00005d90                _HST_A_TABBEG
00005daa                _HST_A_TABEND
            000049ed    _HST_HOST_CHANNEL_DRIVER
00000018                _HWI_BERR
00000019                _HWI_DLOG
            0000589a    _HWI_D_inhwi
            0000588e    _HWI_D_spsave
            00005890    _HWI_D_sspsave
00002e86                _HWI_F_DispIsr0
00002c07                _HWI_F_dispatch
000006f6                _HWI_I2S_Rx
0000067e                _HWI_I2S_Tx
0000000a                _HWI_INT10
0000000b                _HWI_INT11
0000000c                _HWI_INT12
0000000d                _HWI_INT13
0000000e                _HWI_INT14
0000000f                _HWI_INT15
00000010                _HWI_INT16
00000011                _HWI_INT17
00000012                _HWI_INT18
00000013                _HWI_INT19
00000002                _HWI_INT2
00000014                _HWI_INT20
00000015                _HWI_INT21
00000016                _HWI_INT22
00000017                _HWI_INT23
00000003                _HWI_INT3
00000004                _HWI_INT4
00000005                _HWI_INT5
00000006                _HWI_INT6
00000007                _HWI_INT7
00000008                _HWI_INT8
00000009                _HWI_INT9
00000001                _HWI_NMI
00000000                _HWI_RESET
0000001a                _HWI_RTOS
0000001b                _HWI_SINT27
0000001c                _HWI_SINT28
0000001d                _HWI_SINT29
0000001e                _HWI_SINT30
0000001f                _HWI_SINT31
            00003572    _HWI_STKBOTTOM
            00003172    _HWI_STKTOP
            00003172    _HWI_SYSSTKBOTTOM
            00003072    _HWI_SYSSTKTOP
00000004                _HWI_TINT
            0000588e    _HWI_data
000044f0                _HWI_disable
            000058d4    _HWI_dispatchTab
00004500                _HWI_enable
00004504                _HWI_restore
00001ef8                _I2C_config
000013f0                _I2C_read
00001260                _I2C_write
00004298                _IDL_busy
            00005cc8    _IDL_busyObj
000042df                _IDL_calibrate
            00005dc2    _IDL_cpuLoad
000042c4                _IDL_init
0000454a                _IDL_loop
00004465                _IDL_stub
00002430                _IRQ_globalDisable
0000245c                _IRQ_globalRestore
            00002f5a    _KNL_alarm
00003e05                _KNL_check
            00002f82    _KNL_curqueue
            00002f7a    _KNL_curtask
            00002f7e    _KNL_curtime
            00002f62    _KNL_dummy
0000400c                _KNL_enter
0000404c                _KNL_exit
00003e60                _KNL_idle
            00002f8e    _KNL_idlefxn
            00002f5e    _KNL_inactive
0000406c                _KNL_ipost
00003e7d                _KNL_max
            00002f84    _KNL_maxqueue
000043e0                _KNL_post
            00002f7c    _KNL_prevtask
            00002f60    _KNL_priority
            00002f08    _KNL_queues
0000327c                _KNL_run
0000383e                _KNL_saveIsrFrame
            00002f07    _KNL_set
            00002f5c    _KNL_setpri
            00005d7c    _KNL_swi
            00002f80    _KNL_swiptr
00003791                _KNL_switch
            00002f88    _KNL_tcreatefxn
            00002f8a    _KNL_tdeletefxn
00003538                _KNL_tick
            00002f8c    _KNL_treadyfxn
            00002f86    _KNL_tswitchfxn
            00002f06    _KNL_wFlag
            00002f58    _KNL_wList
000040e8                _LCK_pend
000040c8                _LCK_post
00002be2                _LNK_F_readCallBack
            00005dbe    _LNK_dataPump
00005daa                _LOG_A_TABBEG
00005dbe                _LOG_A_TABEND
00000002                _LOG_A_TABLEN
            0000582e    _LOG_D_system
00004120                _LOG_event
            00005daa    _LOG_system
            00005ab4    _MBXAudio
            00005ae8    _MBXOutput
000038a0                _MBX_pend
00003928                _MBX_post
0000231c                _MCBSP_close
000017e8                _MCBSP_config
00001918                _MCBSP_open
0000247c                _MCBSP_read16
0000077c                _MCBSP_reset
00001c9c                _MCBSP_start
00002484                _MCBSP_write16
            0000306c    _MEM
            0000589b    _MEM_D_NUMSEGMENTS
            0000589e    _MEM_D_freelist
            000058a0    _MEM_D_lockaddr
            0000589c    _MEM_D_memtab
            000058a2    _MEM_D_unlockaddr
0000ab40                _MEM_init
            00003020    _MEM_memtab
0000adb8                _OBJ_init
            00003004    _OBJ_segtab
            00002fe8    _OBJ_table
00005b16                _PIP_A_TABBEG
00005b7a                _PIP_A_TABEND
            000049ee    _PRDHeartBeat
00001c6a                _PRDLedFxn
            00005843    _PRD_D_tick
            0000599c    _PRD_clock
            00005d68    _PRD_swi
00003548                _RTA_F_getlog
            00005dc0    _RTA_dispatcher
            00005d92    _RTA_fromHost
            00005d9e    _RTA_toHost
            000056de    _RTDX_Buffer
            00005804    _RTDX_Buffer_End
0000906b                _RTDX_Buffer_Initialize
000091aa                _RTDX_Buffer_Read
000090be                _RTDX_Buffer_ReadCB
00009145                _RTDX_Buffer_Size
            00005802    _RTDX_Buffer_Start
000091ea                _RTDX_Buffer_Write
00008abf                _RTDX_Buffer_WriteCB
00009109                _RTDX_Final_RT_Monitor
00009006                _RTDX_H2TPoll
00008c3b                _RTDX_Init_RT_Monitor
00000003                _RTDX_JTAGONLY
00000001                _RTDX_LMM
00009180                _RTDX_Mask_IER
00008f7e                _RTDX_Mon_Queue
00008d4a                _RTDX_Poll
000091cc                _RTDX_Set_IER
00000000                _RTDX_interrupt_mask
            000057f8    _RTDX_writing
            00003026    _SEG0
            00005c46    _SEMFilter
            00005c1a    _SEMI2C
            00005c30    _SEMLED
00004171                _SEM_pend
00002f68                _SEM_pendEnterKnl
00003f1f                _SEM_post
00003f1f                _SEM_postBinary
000041c0                _SEM_postEnterKnl
00005c96                _STS_A_TABBEG
00005cce                _STS_A_TABEND
0000422a                _STS_add
00004208                _STS_delta
00004242                _STS_reset
00004560                _STS_set
            0000584c    _SWI_D_curfxn
            00005848    _SWI_D_curmask
            0000588c    _SWI_D_inswi
            0000584a    _SWI_D_lock
            0000584e    _SWI_D_rdybeg
            00005844    _SWI_data
00002490                _SWI_enable
000024c3                _SWI_post
            000058a4    _SYS
            00005300    _SYS_PUTCBEG
            000054ff    _SYS_PUTCEND
00004524                _SYS_abort
00004250                _SYS_exit
            0000300c    _SYS_exitStack
            0000301c    _SYS_exitStackPtr
            0000301e    _SYS_exitStackTop
            00005b7b    _TRC_R_mask
            00002fae    _TSK
0000049a                _TSKAudioProcessorFxn
            00005a88    _TSKUserInterface
00001c12                _TSKUserInterfaceFxn
            00002f92    _TSK_ATTRS
            00002fa0    _TSK_config
00003ab4                _TSK_exit
            00005a30    _TSK_idle
0000ac54                _TSK_init
            00002f90    _TSK_nTasks
            00002f91    _TSK_pid
00003bac                _TSK_setup
00003d00                _TSK_startup
            00002fb0    _TSK_timerSem
            00005a5c    _TaskAudioProcessing
0000448c                _UTL_doAbort
000044b0                _UTL_doError
000043a8                _UTL_doPutc
00004558                _UTL_halt
ffffffff                _VECT
00002440                __CSL_init
            000058b4    __HOOK_NUMHOOKS
            000058b2    __HOOK_knlId
            00002fd4    __MEM_mutex
000039b0                __SEM_dopost
            00003572    __STACK_END
00000800                __STACK_SIZE
00000200                __SYSSTACK_SIZE
            00002fc0    __TSK_mutex
00001e65                ___add_dtor
            00002e44    ___atexit_func_id__
ffffffff                ___binit__
            00002a4a    ___bss__
ffffffff                ___c_args__
            000022ba    ___cinit__
            00000060    ___data__
            00000060    ___edata__
            00003072    ___end__
00002490                ___etext__
            000049fa    ___pinit__
000000c0                ___text__
000009dd                __addd
            00003062    __cleanup_ptr
00001206                __cmpd
000000c0                __divd
            00003064    __dtors_ptr
000011d2                __eqld
00002352                __fixdi
00002048                __fixdli
00002468                __fltid
0000218b                __fltlid
00001d99                __frcmpyd
00001e84                __frcmpyd_div
00001188                __geqd
0000113d                __gtrd
000010f0                __leqd
            0000305e    __lock
000010a8                __lssd
0000169b                __mpyd
000023f7                __mpyli
00001074                __neqd
0000241a                __nop
00002412                __register_lock
0000240a                __register_unlock
            00003172    __stack
000023d0                __subd
            00003072    __sysstack
            00003060    __unlock
00002474                _abort
00000cac                _aic3204_init
            0000306e    _aicMcbsp
            00002c78    _alpha
00001fd9                _atexit
            00002e0c    _attack
0000048c                _audioProcessingInit
0000acd8                _auto_init
            00002e13    _bufferIn
0000ad49                _c_int00
00001e0f                _call_dtors
            0000303c    _counter
            00002e0e    _decay
            00005bd0    _delayLineHP
            00003038    _delayLineHPptr
            00005b80    _delayLineLP
            00003036    _delayLineLPptr
            000059a0    _demoFilter
            00003034    _demoFilterptr
            00002c76    _desiredGain
            00002ae0    _detector
            00002ae2    _detector_array
            00003070    _dtors
000022de                _exit
            00003068    _filterMode
            00002a4e    _filteredLeftSample
            00002ade    _filteredLeftSampleOutput
00001d1e                _fir2
            00003069    _flagHighakadanger
            00002c74    _gain
            00003046    _hGPIO_group0
            00003048    _hGPIO_group1
            0000304a    _hGPIO_group2
            0000304c    _hGPIO_group3
            000059e6    _highPass
            0000303a    _highPassptr
            00002e43    _indexIn
            0000303d    _k
            00002a4c    _leftRightFlag
00001b84                _main
0000229f                _memcpy
0000241c                _memset
            00002a7e    _msg
00001a06                _myFIR
            00002c7a    _out
            00002aae    _output
            00003058    _rtdxNullChanCnt
            00003059    _rtdxNullFuncCnt
            000057f2    _rtdx_buffer_state
            000057e0    _rtdx_mon_state
            00002a4b    _rxLeftSample
            00002a4a    _rxRightSample
            00002e0a    _setpoint
            00002e10    _start
            00002e11    _stop
            00002c72    _sum_output
            00003066    _switch1
            00003067    _switch1Prev
            00002e12    _time
            00005db4    _trace
            00002adf    _txcounter
            00002a4d    _txleftRightFlag
ffffffff                binit
            000022ba    cinit
            00000060    edata
            00003072    end
00002490                etext
            00005d36    gblinit
0000ff00                hwi0
0000ff08                hwi1
0000ff50                hwi10
0000ff58                hwi11
0000ff60                hwi12
0000ff68                hwi13
0000ff70                hwi14
0000ff78                hwi15
0000ff80                hwi16
0000ff88                hwi17
0000ff90                hwi18
0000ff98                hwi19
0000ff10                hwi2
0000ffa0                hwi20
0000ffa8                hwi21
0000ffb0                hwi22
0000ffb8                hwi23
0000ffc0                hwi24
0000ffc8                hwi25
0000ffd0                hwi26
0000ffd8                hwi27
0000ffe0                hwi28
0000ffe8                hwi29
0000ff18                hwi3
0000fff0                hwi30
0000fff8                hwi31
0000ff20                hwi4
0000ff28                hwi5
0000ff30                hwi6
0000ff38                hwi7
0000ff40                hwi8
0000ff48                hwi9
00004352                iRTA_F_or
000027c8                logPost
            000049fa    pinit
0000281a                stsPost
            00005db4    trace
            00004c00    trace$buf
00000001                trace$datatype
00000000                trace$log
00000400                trace$size


GLOBAL SYMBOLS: SORTED BY Symbol Address 

abs. value/
byte addr   word addr   name
---------   ---------   ----
00000000                BUF$
00000000                CLK_IMR1TINTMASK
00000000                CLK_TDDR
00000000                CLK_TDDRHIGH
00000000                CLK_TIMERIMR
00000000                CLK_TIMERNUM
00000000                DEV$
00000000                DGN$
00000000                DHL$
00000000                DHL_gChannelsAvailable
00000000                DIO$
00000000                DIO_NUMSWIBASE
00000000                DIO_NUMTSKBASE
00000000                DIO_STATIC
00000000                DPI$
00000000                GBL_ENABLEICACHE
00000000                GBL_NULL
00000000                GBL_PROCID
00000000                GBL_ROM
00000000                GBL_SUPPORTCSL
00000000                GBL_USERINIT
00000000                GIO$
00000000                HOOK$
00000000                HOOK_KNLID
00000000                HST_BIOSLINK
00000000                HST_DSM
00000000                HST_NONE
00000000                HWI_RESET
00000000                HWI_ZEROTAB
00000000                IDL_CALIBRERROR
00000000                IDL_busyObj$iB
00000000                IDL_busyObj$operation
00000000                KNL_swi$pri
00000000                KNL_swi$sts$unittype
00000000                KNL_swi$swi
00000000                LOG_system$datatype
00000000                LOG_system$log
00000000                MEM_NULL
00000000                MSGQ$
00000000                MSGQ_USEMSGQ
00000000                OBJ$
00000000                PIP$
00000000                PIP_gNextId
00000000                POOL$
00000000                POOL_USEPOOL
00000000                PRDHeartBeat$mode
00000000                PRDHeartBeat$prd
00000000                PRDHeartBeat$sts$filter
00000000                PRD_swi$ord
00000000                PRD_swi$sts$unittype
00000000                PRD_swi$swi
00000000                PWRM_PWRM_ADAPTCLK
00000000                PWRM_PWRM_ENABLE
00000000                PWRM_PWRM_IER0
00000000                PWRM_PWRM_IER1
00000000                PWRM_PWRM_SCALING
00000000                RTA_fromHost$hst
00000000                RTA_fromHost$mode
00000000                RTA_toHost$hst
00000000                RTA_toHost$id
00000000                RTDX_MODE
00000000                RTDX_USERTEXECUTION
00000000                SIO$
00000000                SWI_EHOOKFXN
00000000                SWI_IHOOKFXN
00000000                TSKUserInterface$sts$unittype
00000000                TSKUserInterface$tsk
00000000                TSK_NUM_HOOKS
00000000                TSK_READYFXN
00000000                TSK_STACKSEG
00000000                TSK_SWITCHFXN
00000000                TSK_idle$pri
00000000                TSK_idle$sts$unittype
00000000                TSK_idle$tsk
00000000                TaskAudioProcessing$sts$unittype
00000000                TaskAudioProcessing$tsk
00000000                UDEV$
00000000                _CLK_TDDR
00000000                _CLK_TDDRHIGH
00000000                _CLK_TIMERNUM
00000000                _HWI_RESET
00000000                _RTDX_interrupt_mask
00000000                trace$log
00000001                $TI_capability_requires_rev2
00000001                BUF_ENABLED
00000001                CLK$
00000001                CLK_CALDIV
00000001                CLK_CLKDIV
00000001                CLK_COUNTSPMSHIGH
00000001                CLK_ENABLEHTIME
00000001                CLK_HTIMEDIV
00000001                CLK_LTIMEDIV
00000001                CLK_PRDHIGH
00000001                CLK_TIMERIFR
00000001                CLK_USETIMER
00000001                GBL$
00000001                GBL_CALLCSLCFGINIT
00000001                GBL_CLKMD
00000001                GBL_DCRPOSTEDWRITE
00000001                GBL_ENABLEINST
00000001                GBL_LARGEMODEL
00000001                GBL_MODIFYCLKMD
00000001                GBL_boot
00000001                HST$
00000001                HST_RTDX
00000001                HWI$
00000001                HWI_NMI
00000001                IDL$
00000001                IDL_USECLKIDLTIME
00000001                IDL_busyObj$filter
00000001                IDL_busyObj$iA
00000001                IDL_busyObj$iC
00000001                ISRC$
00000001                KNL_swi$dorta
00000001                KNL_swi$sts$filtmaxmult
00000001                KNL_swi$sts$filtsummult
00000001                LCK$
00000001                LOG$
00000001                LOG_ENABLED
00000001                MBX$
00000001                MEM$
00000001                MEM_gNumHeap
00000001                PRD$
00000001                PRD_A_TABLEN
00000001                PRD_swi$dorta
00000001                PRD_swi$pri
00000001                PRD_swi$sts$filtmaxmult
00000001                PRD_swi$sts$filtsummult
00000001                PWRM$
00000001                QUE$
00000001                RTA_fromHost$id
00000001                RTA_toHost$mode
00000001                RTDX$
00000001                RTDX_USERTDX
00000001                SEM$
00000001                STS$
00000001                SWI$
00000001                SYS$
00000001                TSK$
00000001                TSKUserInterface$pri
00000001                TSKUserInterface$sts$filtmaxmult
00000001                TSKUserInterface$sts$filtsummult
00000001                TSK_PRIORITY
00000001                TSK_idle$ord
00000001                TSK_idle$sts$filtmaxmult
00000001                TSK_idle$sts$filtsummult
00000001                TaskAudioProcessing$sts$filtmaxmult
00000001                TaskAudioProcessing$sts$filtsummult
00000001                _CLK_PRDHIGH
00000001                _CLK_USETIMER
00000001                _HWI_NMI
00000001                _RTDX_LMM
00000001                trace$datatype
00000002                $TI_capability$C5500$CallingConvention
00000002                $TI_capability$C5500$MemoryModel
00000002                GBL_CACHETYPE
00000002                HWI_INT2
00000002                IDL_busyObj$unittype
00000002                KNL_swi$ord
00000002                KNL_swi$sts$filter
00000002                LOG_A_TABLEN
00000002                PIP_A_TABLEN
00000002                PIP_gNumEmbed
00000002                PRDHeartBeat$sts$unittype
00000002                PRD_swi$sts$filter
00000002                SWI_A_TABLEN
00000002                TSKUserInterface$sts$filter
00000002                TSK_idle$sts$filter
00000002                TaskAudioProcessing$ord
00000002                TaskAudioProcessing$sts$filter
00000002                _HWI_INT2
00000002                _LOG_A_TABLEN
00000003                HWI_INT3
00000003                PRDHeartBeat$ord
00000003                TSKUserInterface$ord
00000003                _HWI_INT3
00000003                _RTDX_JTAGONLY
00000004                CLK_CALMULT
00000004                CLK_HTIMEMULT
00000004                CLK_INTBIT
00000004                CLK_INTID
00000004                HWI_INT4
00000004                HWI_TINT
00000004                PRD_SCALAR
00000004                _HWI_INT4
00000004                _HWI_TINT
00000005                HWI_INT5
00000005                PWRM_PWRM_IDLEMASK
00000005                _HWI_INT5
00000006                BIOSDATA_O_CLK_HTIMEDIV
00000006                HWI_INT6
00000006                _HWI_INT6
00000007                HWI_INT7
00000007                _HWI_INT7
00000008                BIOSDATA_O_CLK_HTIMEMULT
00000008                HWI_INT8
00000008                RTA_fromHost$framesize
00000008                _HWI_INT8
00000009                HWI_INT9
00000009                _HWI_INT9
0000000a                BIOSDATA_O_CLK_LTIMEDIV
0000000a                HWI_INT10
0000000a                _HWI_INT10
0000000b                HWI_INT11
0000000b                _HWI_INT11
0000000c                BIOSDATA_O_CLK_LTIMEMULT
0000000c                HWI_INT12
0000000c                _HWI_INT12
0000000d                HWI_INT13
0000000d                _HWI_INT13
0000000e                BIOSDATA_O_CLK_D_DIRTY
0000000e                HWI_INT14
0000000e                _HWI_INT14
0000000f                GBL_PLLM
0000000f                HWI_INT15
0000000f                PWRM_PWRM_INITSP
0000000f                TaskAudioProcessing$pri
0000000f                _HWI_INT15
00000010                BIOSDATA_O_CLK_D_PRD
00000010                CLK_IMR0TINTMASK
00000010                CLK_TIMERIMRMASK
00000010                HWI_INT16
00000010                _HWI_INT16
[...]
00004298                _IDL_busy
000042c4                _IDL_init
000042df                _IDL_calibrate
00004325                RTA_F_andn
0000433b                RTA_F_or
00004352                iRTA_F_or
00004368                _CLK_measure
000043a8                SYS_PUTCFXN
000043a8                _UTL_doPutc
000043e0                _KNL_post
00004414                _CLK_start_htimer
00004439                _CLK_stop_htimer
00004440                FXN_F_nop
00004442                FXN_F_run
0000445f                FXN_F_zero
00004463                FXN_F_selfLoop
00004465                IDL_CALIBRFXN
00004465                _IDL_stub
0000448c                SYS_ABORTFXN
0000448c                _UTL_doAbort
000044b0                SYS_ERRORFXN
000044b0                _UTL_doError
000044d0                CLK_F_itime
000044d0                _CLK_itime
000044f0                _HWI_disable
00004500                _HWI_enable
00004504                _HWI_restore
0000450a                CLK_HOOKFXN
0000450a                _CLK_run
00004515                CLK_F_dispRun
00004515                _CLK_dispRun
00004524                _SYS_abort
0000453b                CLK_F_gethtime
0000453b                CLK_TIMEFXN
0000453b                _CLK_getfhtime
0000453b                _CLK_getshtime
0000454a                IDL_F_loop
0000454a                _IDL_loop
00004558                SYS_EXITFXN
00004558                _UTL_halt
00004560                _STS_set
00004567                _GBL_getVersion
00004570                GBL_BIOS_BOOTFXN
00004570                GBL_USERINITFXN
00004570                GIO_CREATEFXN
00004570                GIO_DELETEFXN
00004570                GIO_PENDFXN
00004570                GIO_POSTFXN
00004570                PWRM_PWRM_BOOTHOOKFXN
00004570                TSK_VCREATEFXN
00004570                TSK_VDELETEFXN
00004570                TSK_VEXITFXN
00004570                _FXN_F_nop
            000022ba    ___cinit__
            000022ba    cinit
000049ee                PRD_A_TABBEG
000049fa                PRD_A_TABEND
00004e20                GBL_CLKIN
00005205                GBL_A_VERSION
            00002a4a    .bss
            00002a4a    ___bss__
            00002a4a    _rxRightSample
            00002a4b    _rxLeftSample
            00002a4c    _leftRightFlag
            00002a4d    _txleftRightFlag
            00002a4e    _filteredLeftSample
            00002a7e    _msg
            00002aae    _output
            00002ade    _filteredLeftSampleOutput
            00002adf    _txcounter
            00002ae0    _detector
            00002ae2    _detector_array
            00002c72    _sum_output
            00002c74    _gain
            00002c76    _desiredGain
            00002c78    _alpha
            00002c7a    _out
0000599c                CLK_A_TABBEG
00005b16                PIP_A_TABBEG
00005b16                _PIP_A_TABBEG
00005b7a                PIP_A_TABEND
00005b7a                _PIP_A_TABEND
            00002e0a    _setpoint
            00002e0c    _attack
            00002e0e    _decay
            00002e10    _start
            00002e11    _stop
            00002e12    _time
            00002e13    _bufferIn
            00002e43    _indexIn
            00002e44    ___atexit_func_id__
00005c96                STS_A_TABBEG
00005c96                _STS_A_TABBEG
00005cce                STS_A_TABEND
00005cce                _STS_A_TABEND
00005d68                SWI_A_TABBEG
00005d90                HST_A_TABBEG
00005d90                SWI_A_TABEND
00005d90                _HST_A_TABBEG
00005daa                HST_A_TABEND
00005daa                LOG_A_TABBEG
00005daa                _HST_A_TABEND
00005daa                _LOG_A_TABBEG
00005dbe                IDL_A_TABBEG
00005dbe                LOG_A_TABEND
00005dbe                _LOG_A_TABEND
00005dc6                IDL_A_CALBEG
            00002f06    _KNL_wFlag
            00002f07    _KNL_set
            00002f08    _KNL_queues
            00002f58    _KNL_wList
            00002f5a    _KNL_alarm
            00002f5c    _KNL_setpri
            00002f5e    _KNL_inactive
            00002f60    _KNL_priority
            00002f62    _KNL_dummy
            00002f7a    _KNL_curtask
            00002f7c    _KNL_prevtask
            00002f7e    _KNL_curtime
            00002f80    _KNL_swiptr
            00002f82    _KNL_curqueue
            00002f84    _KNL_maxqueue
            00002f86    _KNL_tswitchfxn
            00002f88    _KNL_tcreatefxn
            00002f8a    _KNL_tdeletefxn
            00002f8c    _KNL_treadyfxn
            00002f8e    _KNL_idlefxn
            00002f90    _TSK_nTasks
            00002f91    _TSK_pid
            00002f92    _TSK_ATTRS
            00002fa0    _TSK_config
            00002fae    _TSK
            00002fb0    _TSK_timerSem
            00002fc0    __TSK_mutex
            00002fd4    __MEM_mutex
            00002fe8    _OBJ_table
            00003004    _OBJ_segtab
            0000300c    _SYS_exitStack
            0000301c    _SYS_exitStackPtr
            0000301e    _SYS_exitStackTop
            00003020    _MEM_memtab
            00003026    DARAM
            00003026    HST_DSMBUFSEG
            00003026    MEM_MALLOCSEG
            00003026    MEM_SEGZERO
            00003026    RTDX_DATAMEMSEG
            00003026    _DARAM
            00003026    _SEG0
            00003028    RTA_fromHost$pipe$dtab
            0000302e    RTA_toHost$pipe$dtab
            00003034    _demoFilterptr
            00003036    _delayLineLPptr
            00003038    _delayLineHPptr
            0000303a    _highPassptr
            0000303c    _counter
            0000303d    _k
            00003046    _hGPIO_group0
            00003048    _hGPIO_group1
            0000304a    _hGPIO_group2
            0000304c    _hGPIO_group3
            00003058    _rtdxNullChanCnt
            00003059    _rtdxNullFuncCnt
            0000305a    _CLK_DFLTMICROSECS
            0000305c    _CLK_D_microseconds
            0000305e    __lock
            00003060    __unlock
            00003062    __cleanup_ptr
            00003064    __dtors_ptr
            00003066    _switch1
            00003067    _switch1Prev
            00003068    _filterMode
            00003069    _flagHighakadanger
            0000306a    _CLK_htimePerLtime
            0000306c    _MEM
            0000306e    _aicMcbsp
            00003070    _dtors
            00003072    GBL_sysstackbeg
            00003072    _HWI_SYSSTKTOP
            00003072    ___end__
            00003072    __sysstack
            00003072    end
            00003171    GBL_sysstackend
            00003172    GBL_stackbeg
            00003172    _HWI_STKTOP
            00003172    _HWI_SYSSTKBOTTOM
            00003172    __stack
            00003571    GBL_stackend
00006ae4                DARAM$Bb
00006ae4                _DARAM_baseb
            00003572    _HWI_STKBOTTOM
            00003572    __STACK_END
            00003a72    TSK_idle$stack
            00003e54    TSK_idle$stkptr
            00003e72    TSK_idle$sysstack
            00003f54    TSK_idle$sysstkptr
            00003f72    TaskAudioProcessing$stack
00008000                GBL_PLLDIV0
00008003                GBL_PLLDIV1
            00004354    TaskAudioProcessing$stkptr
            00004372    TaskAudioProcessing$sysstack
            00004454    TaskAudioProcessing$sysstkptr
00008abf                _RTDX_Buffer_WriteCB
00008c3b                _RTDX_Init_RT_Monitor
00008d4a                _RTDX_Poll
00008f7e                _RTDX_Mon_Queue
00009006                _RTDX_H2TPoll
0000906b                _RTDX_Buffer_Initialize
000090be                _RTDX_Buffer_ReadCB
00009109                _RTDX_Final_RT_Monitor
00009145                _RTDX_Buffer_Size
00009180                _RTDX_Mask_IER
000091aa                _RTDX_Buffer_Read
000091cc                _RTDX_Set_IER
000091ea                _RTDX_Buffer_Write
            00004963    _BL
            000049ed    _HST_HOST_CHANNEL_DRIVER
            000049ee    PRDHeartBeat
000093dc                PRD_A_TABBEGb
            000049ee    _PRDHeartBeat
            000049f5    PRDHeartBeat$sts$maxfmt
            000049f8    PRDHeartBeat$aaa
000093f4                PRD_A_TABENDb
            000049fa    ___pinit__
            000049fa    pinit
            000049fe    PRDHeartBeat$sts$sumfmt
            00004a00    LOG_system$buf
            00004a07    PRDHeartBeat$sts$avgfmt
            00004a12    PRD_swi$sts$maxfmt
            00004a1a    PRD_swi$sts$sumfmt
            00004a22    PRD_swi$sts$avgfmt
            00004a2c    KNL_swi$sts$maxfmt
            00004a34    KNL_swi$sts$sumfmt
            00004a3c    KNL_swi$sts$avgfmt
            00004a46    TSK_idle$sts$maxfmt
            00004a4e    TSK_idle$sts$sumfmt
            00004a56    TSK_idle$sts$avgfmt
            00004a60    TaskAudioProcessing$sts$maxfmt
            00004a68    TaskAudioProcessing$sts$sumfmt
            00004a70    TaskAudioProcessing$sts$avgfmt
            00004a7a    TSKUserInterface$sts$maxfmt
            00004a82    TSKUserInterface$sts$sumfmt
            00004a8a    TSKUserInterface$sts$avgfmt
            00004a94    IDL_busyObj$maxfmt
            00004a97    IDL_busyObj$sumfmt
            00004a9a    IDL_busyObj$avgfmt
            00004c00    trace$buf
            00005000    TSKUserInterface$stack
            000051e2    TSKUserInterface$stkptr
            00005200    TSKUserInterface$sysstack
            000052e2    TSKUserInterface$sysstkptr
            00005300    _SYS_PUTCBEG
            000054ff    _SYS_PUTCEND
0000aa00                BIOS_init
0000aa00                _BIOS_init
0000aaf1                BIOS_start
0000aaf1                _BIOS_start
0000ab40                _MEM_init
0000ac54                _TSK_init
0000acd8                _auto_init
0000ad49                _c_int00
0000adb8                _OBJ_init
            000056de    _RTDX_Buffer
            000057e0    _rtdx_mon_state
            000057f2    _rtdx_buffer_state
            000057f8    _RTDX_writing
            00005802    _RTDX_Buffer_Start
            00005804    _RTDX_Buffer_End
            00005806    C55_BIOSDATAOBJ
            00005806    _GBL_procId
            00005808    _GBL_clkIn
            0000580a    _GBL_freq
            0000580c    _CLK_htimeDiv
            0000580e    _CLK_htimeMult
            00005810    _CLK_ltimeDiv
            00005812    _CLK_ltimeMult
            00005814    _CLK_D_dirty
            00005816    _CLK_D_prd
            00005818    _CLK_D_tddr
            0000581a    _CLK_D_countspms
            0000581c    CLK_D_idletime
            0000581e    CLK_D_isrhook
            0000581e    _CLK_isrhook
            00005820    CLK_D_tabbeg
            00005822    CLK_D_timefxn
            00005824    CLK_R_timh
            00005824    _CLK_time
            00005825    CLK_R_timl
            00005826    HST_D_chanmask
            00005828    IDL_D_calbeg
            0000582a    IDL_D_calibrate
            0000582c    IDL_D_tabbeg
            0000582e    LOG_D_system
            0000582e    _LOG_D_system
            00005830    PIP_D_tabbeg
            00005832    PIP_D_tablen
            00005834    PRD_D_cur
            00005836    PRD_D_elapsed
            00005837    PRD_D_prevtim
            00005838    PRD_D_scalar
            0000583a    PRD_D_swihandle
            0000583c    PRD_D_tabbeg
            0000583e    PRD_D_tablen
            00005840    PRD_D_thook
            00005842    PRD_D_tickh
            00005843    PRD_D_tickl
            00005843    _PRD_D_tick
            00005844    SWI_D_runaddr
            00005844    _SWI_data
            00005846    SWI_D_execaddr
            00005848    SWI_D_curmask
            00005848    _SWI_D_curmask
            00005849    SWI_D_curset
            0000584a    SWI_D_lock
            0000584a    _SWI_D_lock
            0000584b    SWI_D_curmbox
            0000584c    SWI_D_curfxn
            0000584c    _SWI_D_curfxn
            0000584e    SWI_D_rdybeg
            0000584e    _SWI_D_rdybeg
            00005850    SWI_D_rdytab
            0000588c    SWI_D_inswi
            0000588c    _SWI_D_inswi
            0000588e    HWI_D_spsave
            0000588e    _HWI_D_spsave
            0000588e    _HWI_data
            00005890    HWI_D_sspsave
            00005890    _HWI_D_sspsave
            00005892    HWI_D_stkbotaddr
            00005894    HWI_D_systkbotaddr
            00005896    HWI_D_stktopaddr
            00005898    HWI_D_systktopaddr
            0000589a    HWI_D_inhwi
            0000589a    _HWI_D_inhwi
            0000589b    _MEM_D_NUMSEGMENTS
            0000589c    _MEM_D_memtab
            0000589e    _MEM_D_freelist
            000058a0    _MEM_D_lockaddr
            000058a2    _MEM_D_unlockaddr
            000058a4    _SYS
            000058a6    HST_D_tabbegaddr
            000058a8    HST_D_tabendaddr
            000058aa    TSK_D_idlstkaddr
            000058ac    TSK_D_idlsystkaddr
            000058ae    RTDX_D_BufRead
            000058b0    RTDX_D_BufWrite
            000058b2    __HOOK_knlId
            000058b4    __HOOK_NUMHOOKS
            000058b6    RTA_D_fromHost
            000058b8    RTA_D_toHost
            000058ba    RTA_D_logval
            000058c4    RTA_D_stsval
            000058cc    LNKCTRL
            000058cc    LNK_D_fromHostMask
            000058cd    LNK_D_dataReadyMask
            000058ce    LNK_D_readPend
            000058cf    LNK_D_readDone
            000058d0    LNK_D_readFail
            000058d1    LNK_D_writeFail
            000058d2    IDL_D_busyObj
            000058d4    _HWI_dispatchTab
0000b338                CLK_A_TABBEGb
            0000599c    PRD_clock
            0000599c    _PRD_clock
            0000599e    CLK_NULL
            000059a0    _demoFilter
            000059e6    _highPass
            00005a30    TSK_idle
            00005a30    _TSK_idle
            00005a48    TSK_idle$tskobj
            00005a5c    TaskAudioProcessing
            00005a5c    _TaskAudioProcessing
            00005a74    TaskAudioProcessing$tskobj
            00005a88    TSKUserInterface
            00005a88    _TSKUserInterface
            00005aa0    TSKUserInterface$tskobj
            00005ab4    MBXAudio
            00005ab4    _MBXAudio
            00005abc    MBXAudio$data
            00005acc    MBXAudio$free
            00005ae8    MBXOutput
            00005ae8    _MBXOutput
            00005af0    MBXOutput$data
            00005b00    MBXOutput$free
0000b62c                PIP_A_TABBEGb
            00005b16    RTA_fromHost$pipe
            00005b18    RTA_fromHost$pipe$rd
            00005b1a    RTA_fromHost$pipe$rdaddr
            00005b1c    RTA_fromHost$pipe$rdsize
            00005b1e    RTA_fromHost$pipe$rdcurdesc
            00005b2e    RTA_fromHost$pipe$rdstshdl
            00005b30    RTA_fromHost$pipe$wr
            00005b32    RTA_fromHost$pipe$wraddr
            00005b34    RTA_fromHost$pipe$wrsize
            00005b36    RTA_fromHost$pipe$wrcurdesc
            00005b46    RTA_fromHost$pipe$wrstshdl
            00005b48    RTA_toHost$pipe
            00005b4a    RTA_toHost$pipe$rd
            00005b4c    RTA_toHost$pipe$rdaddr
            00005b4e    RTA_toHost$pipe$rdsize
            00005b50    RTA_toHost$pipe$rdcurdesc
            00005b60    RTA_toHost$pipe$rdstshdl
            00005b62    RTA_toHost$pipe$wr
            00005b64    RTA_toHost$pipe$wraddr
            00005b66    RTA_toHost$pipe$wrsize
            00005b68    RTA_toHost$pipe$wrcurdesc
            00005b78    RTA_toHost$pipe$wrstshdl
0000b6f4                PIP_A_TABENDb
            00005b7a    TRC_cinit
            00005b7b    TRC_R_mask
            00005b7b    _TRC_R_mask
            00005b7c    GBL_initdone
            00005b80    _delayLineLP
            00005bc6    RTA_fromHost$buf
            00005bd0    _delayLineHP
            00005c1a    SEMI2C
            00005c1a    _SEMI2C
            00005c30    SEMLED
            00005c30    _SEMLED
            00005c46    SEMFilter
            00005c46    _SEMFilter
            00005c56    RTA_toHost$buf
            00005c96    PRDHeartBeat$sts$stsobj
0000b92c                STS_A_TABBEGb
            00005c98    PRDHeartBeat$sts
            00005c9e    PRD_swi$sts$stsobj
            00005ca0    PRD_swi$sts
            00005ca6    KNL_swi$sts$stsobj
            00005ca8    KNL_swi$sts
            00005cae    TSK_idle$sts$stsobj
            00005cb0    TSK_idle$sts
            00005cb6    TaskAudioProcessing$sts$stsobj
            00005cb8    TaskAudioProcessing$sts
            00005cbe    TSKUserInterface$sts$stsobj
            00005cc0    TSKUserInterface$sts
            00005cc6    IDL_busyObj$stsobj
            00005cc8    IDL_busyObj
            00005cc8    _IDL_busyObj
            00005cce    MBXAudio$queElems
0000b99c                STS_A_TABENDb
            00005d02    MBXOutput$queElems
            00005d36    gblinit
            00005d68    PRD_SWIHANDLE
            00005d68    PRD_swi
0000bad0                SWI_A_TABBEGb
            00005d68    _PRD_swi
            00005d7c    KNL_swi
            00005d7c    _KNL_swi
0000bb20                HST_A_TABBEGb
0000bb20                SWI_A_TABENDb
            00005d92    RTA_fromHost
            00005d92    _RTA_fromHost
            00005d96    RTA_fromHost$rtdx
            00005d9e    RTA_toHost
            00005d9e    _RTA_toHost
            00005da2    RTA_toHost$rtdx
0000bb54                HST_A_TABENDb
0000bb54                LOG_A_TABBEGb
            00005daa    LOG_system
            00005daa    _LOG_system
            00005db4    _trace
            00005db4    trace
0000bb7c                IDL_A_TABBEGb
            00005dbe    LNK_dataPump
0000bb7c                LOG_A_TABENDb
            00005dbe    _LNK_dataPump
            00005dc0    RTA_dispatcher
            00005dc0    _RTA_dispatcher
            00005dc2    IDL_cpuLoad
            00005dc2    _IDL_cpuLoad
            00005dc4    IDL_END
0000bb8c                IDL_A_CALBEGb
            00005dc6    LNK_dataPump$
            00005dc8    RTA_dispatcher$
            00005dca    IDL_cpuLoad$
            00005dcc    IDL_END$
            00005dce    SYS$config
            00005dd6    _CSL_McbspData
            00005e3c    _CSL_SysData
            00005e5e    _CSL_GpioData
0000dbef                GBL_TRCMASKVALUE
0000ff00                HWI_A_VECS
0000ff00                hwi0
0000ff08                hwi1
0000ff10                hwi2
0000ff18                hwi3
0000ff20                hwi4
0000ff28                hwi5
0000ff30                hwi6
0000ff38                hwi7
0000ff40                hwi8
0000ff48                hwi9
0000ff50                hwi10
0000ff58                hwi11
0000ff60                hwi12
0000ff68                hwi13
0000ff70                hwi14
0000ff78                hwi15
0000ff80                hwi16
0000ff88                hwi17
0000ff90                hwi18
0000ff98                hwi19
0000ffa0                hwi20
0000ffa8                hwi21
0000ffb0                hwi22
0000ffb8                hwi23
0000ffc0                hwi24
0000ffc8                hwi25
0000ffd0                hwi26
0000ffd8                hwi27
0000ffe0                hwi28
0000ffe8                hwi29
0000fff0                hwi30
0000fff8                hwi31
000124f7                CLK_PRD
000124f7                _CLK_PRD
000124f8                CLK_COUNTSPMS
000124f8                CLK_HTIMEPERLTIME
000124f8                _CLK_COUNTSPMS
000493e0                CLK_LTIMEMULT
000493e0                GBL_FREQ
00f80000                GBL_CACHEICRTAG1
00f81000                GBL_CACHEICRTAG2
ffffffff                VECT
ffffffff                _VECT
ffffffff                ___binit__
ffffffff                ___c_args__
ffffffff                binit

[1043 symbols]
