******************************************************************************
              TMS320C55x Linker PC v4.4.1                      
******************************************************************************
>> Linked Sat May 06 18:17:40 2023

OUTPUT FILE NAME:   <AGC.out>
ENTRY POINT SYMBOL: "_c_int00"  address: 0000a4d9


MEMORY CONFIGURATION

         name            origin    length      used     unused   attr    fill
                        (bytes)   (bytes)    (bytes)   (bytes)
----------------------  --------  ---------  --------  --------  ----  --------
  DARAM                 000000c0   0000fe40  0000b4f2  0000494e  RWIX
  VECT                  0000ff00   00000100  00000100  00000000  RWIX


SECTION ALLOCATION MAP
(Addresses surrounded by []'s are displayed for convenience only!)

output                                                          attributes/
section   page  orgn(bytes) orgn(words) len(bytes) len(words)   input sections
--------  ----  ----------- ----------- ---------- ----------   --------------
.vers        0   [ 00000000 ]  00000000          *   0000003c   COPY SECTION
                 [ 00000000 ]  00000000          *   0000003c   hellocfg.obj (.vers)

.text        0     000000c0  [ 00000060 ] 0000216c          *   
                   000000c0  [ 00000060 ] 000003cc          *   rts55x.lib : divd.obj (.text)
                   0000048c  [ 00000246 ] 00000278          *   audioProcessing.obj (.text)
                   00000704  [ 00000382 ] 00000261          *   csl5502x.lib : mcbsp_rst.obj (.text:MCBSP_reset)
                   00000965  [ 000004b2+] 0000025a          *   rts55x.lib : addd.obj (.text)
                   00000bbf  [ 000005df+] 00000231          *   aic3204.obj (.text)
                   00000df0  [ 000006f8 ] 0000020c          *   ezdsp5502_gpio.obj (.text)
                   00000ffc  [ 000007fe ] 0000018e          *   csl5502x.lib : i2c_write.obj (.text:I2C_write)
                   0000118a  [ 000008c5 ] 00000002          *   --HOLE-- [fill = 20]
                   0000118c  [ 000008c6 ] 0000015d          *                : i2c_read.obj (.text:I2C_read)
                   000012e9  [ 00000974+] 0000014e          *   ezdsp5502_i2cgpio.obj (.text)
                   00001437  [ 00000a1b+] 0000014c          *   rts55x.lib : mpyd.obj (.text)
                   00001583  [ 00000ac1 ] 00000001          *   --HOLE-- [fill = 20]
                   00001584  [ 00000ac2 ] 00000130          *   csl5502x.lib : mcbsp_cfg.obj (.text:MCBSP_config)
                   000016b4  [ 00000b5a ] 000000ee          *                : mcbsp_open.obj (.text:MCBSP_open)
                   000017a2  [ 00000bd1 ] 000000c4          *   myFIR.obj (.text)
                   00001866  [ 00000c33 ] 000000ba          *   ezdsp5502_mcbsp.obj (.text)
                   00001920  [ 00000c90 ] 0000008e          *   main.obj (.text)
                   000019ae  [ 00000cd7 ] 00000089          *   userInterface.obj (.text)
                   00001a37  [ 00000d1b ] 00000001          *   --HOLE-- [fill = 20]
                   00001a38  [ 00000d1c ] 00000082          *   csl5502x.lib : mcbsp_start.obj (.text:MCBSP_start)
                   00001aba  [ 00000d5d ] 0000007b          *   fir2.obj (.text)
                   00001b35  [ 00000d9a+] 00000076          *   rts55x.lib : frcmpyd.obj (.text)
                   00001bab  [ 00000dd5+] 00000075          *              : sinit.obj (.text)
                   00001c20  [ 00000e10 ] 00000073          *              : frcmpyd_div.obj (.text)
                   00001c93  [ 00000e49 ] 00000001          *   --HOLE-- [fill = 20]
                   00001c94  [ 00000e4a ] 00000072          *   csl5502x.lib : i2c_cfg.obj (.text:I2C_config)
                   00001d06  [ 00000e83 ] 0000006f          *   ezdsp5502.obj (.text)
                   00001d75  [ 00000eba+] 0000006f          *   rts55x.lib : atexit.obj (.text)
                   00001de4  [ 00000ef2 ] 0000006f          *              : fixdli.obj (.text)
                   00001e53  [ 00000f29+] 0000006d          *   ezdsp5502_i2c.obj (.text)
                   00001ec0  [ 00000f60 ] 00000067          *   bios.a55L : c55_enable.o55L (.text)
                   00001f27  [ 00000f93+] 00000067          *   rts55x.lib : fltlid.obj (.text)
                   00001f8e  [ 00000fc7 ] 00000002          *   --HOLE-- [fill = 20]
                   00001f90  [ 00000fc8 ] 0000005c          *   bios.a55L : tsk_stup.o55L (.text)
                   00001fec  [ 00000ff6 ] 0000004f          *   csl5502x.lib : gpio_open.obj (.text:GPIO_open)
                   0000203b  [ 0000101d+] 0000003f          *   rts55x.lib : memcpy.obj (.text)
                   0000207a  [ 0000103d ] 0000003e          *              : exit.obj (.text)
                   000020b8  [ 0000105c ] 00000036          *   csl5502x.lib : mcbsp_cls.obj (.text:MCBSP_close)
                   000020ee  [ 00001077 ] 0000002a          *   rts55x.lib : fixdi.obj (.text)
                   00002118  [ 0000108c ] 0000001f          *   csl5502x.lib : gpio_dir.obj (.text:GPIO_pinDirection)
                   00002137  [ 0000109b ] 00000001          *   --HOLE-- [fill = 20]
                   00002138  [ 0000109c ] 0000001f          *                : gpio_write.obj (.text:GPIO_pinWrite)
                   00002157  [ 000010ab ] 00000001          *   --HOLE-- [fill = 20]
                   00002158  [ 000010ac ] 00000014          *                : gpio_read.obj (.text:GPIO_pinRead)
                   0000216c  [ 000010b6 ] 00000014          *   rts55x.lib : subd.obj (.text)
                   00002180  [ 000010c0 ] 00000013          *   csl5502x.lib : gpio_enab.obj (.text:GPIO_pinEnable)
                   00002193  [ 000010c9+] 00000013          *   rts55x.lib : lmpy.obj (.text)
                   000021a6  [ 000010d3 ] 00000012          *              : _lock.obj (.text)
                   000021b8  [ 000010dc ] 00000011          *              : memset.obj (.text)
                   000021c9  [ 000010e4 ] 00000003          *   --HOLE-- [fill = 20]
                   000021cc  [ 000010e6 ] 0000000f          *   csl5502x.lib : irq_gdisab.obj (.text:IRQ_globalDisable)
                   000021db  [ 000010ed ] 00000001          *   --HOLE-- [fill = 20]
                   000021dc  [ 000010ee ] 0000000d          *                : _csl_init.obj (.text:_CSL_init)
                   000021e9  [ 000010f4 ] 00000003          *   --HOLE-- [fill = 20]
                   000021ec  [ 000010f6 ] 0000000c          *                : csl.obj (.text:CSL_init)
                   000021f8  [ 000010fc ] 0000000c          *                : irq_grest.obj (.text:IRQ_globalRestore)
                   00002204  [ 00001102 ] 0000000c          *   rts55x.lib : fltid.obj (.text)
                   00002210  [ 00001108 ] 00000007          *              : exit.obj (.text:CIO_breakpoint)
                   00002217  [ 0000110b ] 00000001          *   --HOLE-- [fill = 20]
                   00002218  [ 0000110c ] 00000007          *   csl5502x.lib : mcbsp_r16.obj (.text:MCBSP_read16)
                   0000221f  [ 0000110f ] 00000001          *   --HOLE-- [fill = 20]
                   00002220  [ 00001110 ] 00000007          *                : mcbsp_w16.obj (.text:MCBSP_write16)
                   00002227  [ 00001113 ] 00000001          *   --HOLE-- [fill = 20]
                   00002228  [ 00001114 ] 00000002          *                : csl.obj (.text)
                   0000222a  [ 00001115 ] 00000002          *   --HOLE-- [fill = 20]

.data        0   [ 000000c0 ]  00000060          *   00000000   UNINITIALIZED

.bios        0     0000222c  [ 00001116 ] 000020e4          *   
                   0000222c  [ 00001116 ] 000003d4          *   bios.a55L : swi.o55L (.bios)
                   00002600  [ 00001300 ] 000003a3          *   lnkrtdx.a55L : rtdx.o55L (.bios)
                   000029a3  [ 000014d1+] 0000035f          *   bios.a55L : hwi_disp_asm.o55L (.bios)
                   00002d02  [ 00001681 ] 00000002          *   bios5502.a55L : clk5502_wdog.o55L (.bios)
                   00002d04  [ 00001682 ] 0000018b          *   bios.a55L : sem_pend.o55L (.bios)
                   00002e8f  [ 00001747+] 00000186          *             : prd.o55L (.bios)
                   00003015  [ 0000180a ] 00000003          *   --HOLE-- [fill = 20]
                   00003018  [ 0000180c ] 00000185          *             : knl_run.o55L (.bios)
                   0000319d  [ 000018ce ] 00000003          *   --HOLE-- [fill = 20]
                   000031a0  [ 000018d0 ] 00000144          *             : knl_tick.o55L (.bios)
                   000032e4  [ 00001972 ] 00000130          *             : rta.o55L (.bios)
                   00003414  [ 00001a0a ] 00000119          *             : pip.o55L (.bios)
                   0000352d  [ 00001a96+] 0000010e          *             : knl_swit.o55L (.bios)
                   0000363b  [ 00001b1d ] 00000001          *   --HOLE-- [fill = 20]
                   0000363c  [ 00001b1e ] 0000010d          *             : mbx.o55L (.bios)
                   00003749  [ 00001ba4 ] 00000003          *   --HOLE-- [fill = 20]
                   0000374c  [ 00001ba6 ] 00000104          *             : sem_dopo.o55L (.bios)
                   00003850  [ 00001c28 ] 000000f8          *             : tsk_exit.o55L (.bios)
                   00003948  [ 00001ca4 ] 000000f6          *             : tsk_setu.o55L (.bios)
                   00003a3e  [ 00001d1f ] 00000002          *   --HOLE-- [fill = 20]
                   00003a40  [ 00001d20 ] 000000bf          *             : tsk_stup.o55L (.bios)
                   00003aff  [ 00001d7f+] 000000a2          *             : c55_c.o55L (.bios)
                   00003ba1  [ 00001dd0+] 0000008d          *             : knl_chec.o55L (.bios)
                   00003c2e  [ 00001e17 ] 0000008d          *   bios5502.a55L : clk_isr.o55L (.bios)
                   00003cbb  [ 00001e5d+] 00000082          *   bios.a55L : sem_post_asm.o55L (.bios)
                   00003d3d  [ 00001e9e+] 0000006b          *   bios5502.a55L : clk5502_start.o55L (.bios)
                   00003da8  [ 00001ed4 ] 0000005f          *   bios.a55L : knl_exit.o55L (.bios)
                   00003e07  [ 00001f03 ] 00000001          *   --HOLE-- [fill = 20]
                   00003e08  [ 00001f04 ] 0000005b          *             : knl_ipos.o55L (.bios)
                   00003e63  [ 00001f31 ] 00000001          *   --HOLE-- [fill = 20]
                   00003e64  [ 00001f32 ] 00000058          *             : lck.o55L (.bios)
                   00003ebc  [ 00001f5e ] 00000051          *             : log.o55L (.bios)
                   00003f0d  [ 00001f86+] 0000004e          *             : sem_pend_counting.o55L (.bios)
                   00003f5b  [ 00001fad ] 00000001          *   --HOLE-- [fill = 20]
                   00003f5c  [ 00001fae ] 00000048          *             : sem_post.o55L (.bios)
                   00003fa4  [ 00001fd2 ] 00000048          *             : sts.o55L (.bios)
                   00003fec  [ 00001ff6 ] 00000048          *             : sys_exit.o55L (.bios)
                   00004034  [ 0000201a ] 00000047          *             : idl_busy.o55L (.bios)
                   0000407b  [ 0000203d+] 00000046          *             : idl_cal.o55L (.bios)
                   000040c1  [ 00002060+] 00000043          *             : rta_andn.o55L (.bios)
                   00004104  [ 00002082 ] 00000040          *   bios5502.a55L : clk5502_meas.o55L (.bios)
                   00004144  [ 000020a2 ] 00000036          *   bios.a55L : utl_putc.o55L (.bios)
                   0000417a  [ 000020bd ] 00000002          *   --HOLE-- [fill = 20]
                   0000417c  [ 000020be ] 00000034          *             : knl_post.o55L (.bios)
                   000041b0  [ 000020d8 ] 0000002c          *   bios5502.a55L : clk5502_startHtime.o55L (.bios)
                   000041dc  [ 000020ee ] 00000025          *   bios.a55L : fxn.o55L (.bios)
                   00004201  [ 00002100+] 00000024          *             : idl_stub.o55L (.bios)
                   00004225  [ 00002112 ] 00000003          *   --HOLE-- [fill = 20]
                   00004228  [ 00002114 ] 00000023          *             : utl_doab.o55L (.bios)
                   0000424b  [ 00002125 ] 00000001          *   --HOLE-- [fill = 20]
                   0000424c  [ 00002126 ] 00000020          *             : utl_doer.o55L (.bios)
                   0000426c  [ 00002136 ] 0000001f          *             : clk_itime.o55L (.bios)
                   0000428b  [ 00002145 ] 00000001          *   --HOLE-- [fill = 20]
                   0000428c  [ 00002146 ] 0000001a          *             : hwi_xable.o55L (.bios)
                   000042a6  [ 00002153 ] 00000017          *             : clk_run.o55L (.bios)
                   000042bd  [ 0000215e ] 00000003          *   --HOLE-- [fill = 20]
                   000042c0  [ 00002160 ] 00000017          *             : sys_abor.o55L (.bios)
                   000042d7  [ 0000216b+] 0000000f          *   bios5502.a55L : clk5502_htime.o55L (.bios)
                   000042e6  [ 00002173 ] 0000000c          *   bios.a55L : idl.o55L (.bios)
                   000042f2  [ 00002179 ] 00000002          *   --HOLE-- [fill = 20]
                   000042f4  [ 0000217a ] 00000008          *             : utl_halt.o55L (.bios)
                   000042fc  [ 0000217e ] 00000007          *             : sts_set.o55L (.bios)
                   00004303  [ 00002181+] 00000006          *             : gbl_vers.o55L (.bios)
                   00004309  [ 00002184 ] 00000003          *   --HOLE-- [fill = 20]
                   0000430c  [ 00002186 ] 00000002          *             : fxn_c.o55L (.bios)
                   0000430e  [ 00002187 ] 00000002          *   --HOLE-- [fill = 20]

.cinit       0   [ 00004310 ]  00002188          *   0000078a   
                 [ 00004310 ]  00002188          *   00000433   hellocfg.obj (.cinit)
                 [ 00004b76 ]  000025bb          *   000000af   bios.a55L : biosdata.o55L (.cinit)
                 [ 00004cd4 ]  0000266a          *   000000a0             : knl.o55L (.cinit)
                 [ 00004e14 ]  0000270a          *   00000069   csl5502x.lib : csl_mcbspdat.obj (.cinit)
                 [ 00004ee6 ]  00002773          *   0000004d   audioProcessing.obj (.cinit)
                 [ 00004f80 ]  000027c0          *   00000031   bios.a55L : tsk.o55L (.cinit)
                 [ 00004fe2 ]  000027f1          *   0000002e             : tsk_stup.o55L (.cinit)
                 [ 0000503e ]  0000281f          *   00000025   csl5502x.lib : csl_csldat.obj (.cinit)
                 [ 00005088 ]  00002844          *   00000023                : csl_gpiodat.obj (.cinit)
                 [ 000050ce ]  00002867          *   00000019   bios.a55L : rta.o55L (.cinit)
                 [ 00005100 ]  00002880          *   00000017   rtdxx.lib : buffer1.o55L (.cinit)
                 [ 0000512e ]  00002897          *   0000000f   bios.a55L : utl_putc.o55L (.cinit)
                 [ 0000514c ]  000028a6          *   0000000c   main.obj (.cinit)
                 [ 00005164 ]  000028b2          *   0000000c   userInterface.obj (.cinit)
                 [ 0000517c ]  000028be          *   0000000b   bios.a55L : knl_tick.o55L (.cinit)
                 [ 00005192 ]  000028c9          *   0000000a             : obj_init.o55L (.cinit)
                 [ 000051a6 ]  000028d3          *   0000000a             : sys.o55L (.cinit)
                 [ 000051ba ]  000028dd          *   0000000a   rts55x.lib : _lock.obj (.cinit)
                 [ 000051ce ]  000028e7          *   0000000a              : exit.obj (.cinit)
                 [ 000051e2 ]  000028f1          *   00000009   lnkrtdx.a55L : rtdx.o55L (.cinit)
                 [ 000051f4 ]  000028fa          *   00000008   rts55x.lib : atexit.obj (.cinit)
                 [ 00005204 ]  00002902          *   00000005   bios.a55L : idl_busy.o55L (.cinit)
                 [ 0000520e ]  00002907          *   00000005             : knl_swit.o55L (.cinit)
                 [ 00005218 ]  0000290c          *   00000005   rts55x.lib : sinit.obj (.cinit)
                 [ 00005222 ]  00002911          *   00000001   --HOLE-- [fill = 0]

.sysstack 
*            0   [ 00005224 ]  00002912          *   00000100   UNINITIALIZED
                 [ 00005224 ]  00002912          *   00000100   --HOLE--

.stack       0   [ 00005424 ]  00002a12          *   00000400   UNINITIALIZED
                 [ 00005424 ]  00002a12          *   00000400   --HOLE--

.DARAM$heap 
*            0   [ 00005c24 ]  00002e12          *   00000500   UNINITIALIZED
                 [ 00005c24 ]  00002e12          *   00000500   --HOLE--

.TSK_idle$stk 
*            0   [ 00006624 ]  00003312          *   00000500   UNINITIALIZED
                 [ 00006624 ]  00003312          *   00000500   hellocfg.obj (.TSK_idle$stk)

.TaskAudioProcessing$stk 
*            0   [ 00007024 ]  00003812          *   00000500   UNINITIALIZED
                 [ 00007024 ]  00003812          *   00000500   hellocfg.obj (.TaskAudioProcessing$stk)

.rtdx_text 
*            0     00007a24  [ 00003d12 ] 00000942          *   
                   00007a24  [ 00003d12 ] 000001db          *   rtdxx.lib : buffer1.o55L (.rtdx_text:_RTDX_write_next)
                   00007bff  [ 00003dff+] 0000017c          *             : buffer1.o55L (.rtdx_text:_RTDX_Buffer_WriteCB)
                   00007d7b  [ 00003ebd+] 0000010f          *             : rtdx_mon.o55L (.rtdx_text:_RTDX_Init_RT_Monitor)
                   00007e8a  [ 00003f45 ] 000000ec          *             : rtdx_mon.o55L (.rtdx_text:_RTDX_Poll)
                   00007f76  [ 00003fbb ] 000000b5          *             : buffer1.o55L (.rtdx_text:_claim)
                   0000802b  [ 00004015+] 00000093          *             : rtdx_mon.o55L (.rtdx_text:_StartXFer)
                   000080be  [ 0000405f ] 00000088          *             : rtdx_mon.o55L (.rtdx_text:_RTDX_Mon_Queue)
                   00008146  [ 000040a3 ] 00000065          *             : rtdx_mon.o55L (.rtdx_text:_RTDX_H2TPoll)
                   000081ab  [ 000040d5+] 00000053          *             : buffer1.o55L (.rtdx_text:_RTDX_Buffer_Initialize)
                   000081fe  [ 000040ff ] 0000004b          *             : buffer2.o55L (.rtdx_text:_RTDX_Buffer_ReadCB)
                   00008249  [ 00004124+] 0000003c          *             : rtdx_mon.o55L (.rtdx_text:_RTDX_Final_RT_Monitor)
                   00008285  [ 00004142+] 0000003b          *             : buffer1.o55L (.rtdx_text:_RTDX_Buffer_Size)
                   000082c0  [ 00004160 ] 0000002a          *             : intr_tgt.o55L (.rtdx_text:_RTDX_Mask_IER)
                   000082ea  [ 00004175 ] 00000022          *             : buffer2.o55L (.rtdx_text:_RTDX_Buffer_Read)
                   0000830c  [ 00004186 ] 0000001e          *             : intr_tgt.o55L (.rtdx_text:_RTDX_Set_IER)
                   0000832a  [ 00004195 ] 0000001c          *             : buffer1.o55L (.rtdx_text:_RTDX_Buffer_Write)
                   00008346  [ 000041a3 ] 00000017          *             : rtdx_mon.o55L (.rtdx_text:_Allow_EmuAccess)
                   0000835d  [ 000041ae+] 00000004          *             : rtdx_mon.o55L (.rtdx_text:_Disallow_EmuAccess)
                   00008361  [ 000041b0+] 00000004          *             : rtdx_mon.o55L (.rtdx_text:_Wait)
                   00008365  [ 000041b2 ] 00000001          *   --HOLE-- [fill = 20]

.mem         0   [ 00008366 ]  000041b3          *   00000001   UNINITIALIZED
                 [ 00008366 ]  000041b3          *   00000001   hellocfg.obj (.mem)

.sem         0   [ 00008368 ]  000041b4          *   00000042   UNINITIALIZED
                 [ 00008368 ]  000041b4          *   00000042   hellocfg.obj (.sem)

.args        0   [ 000083ec ]  000041f6          *   00000008   
                 [ 000083ec ]  000041f6          *   00000008   --HOLE-- [fill = 0]

.LOG_system$buf 
*            0   [ 00008400 ]  00004200          *   00000200   UNINITIALIZED
                 [ 00008400 ]  00004200          *   00000200   hellocfg.obj (.LOG_system$buf)

.trace$buf 
*            0   [ 00008800 ]  00004400          *   00000400   UNINITIALIZED
                 [ 00008800 ]  00004400          *   00000400   hellocfg.obj (.trace$buf)

.bss         0   [ 00009000 ]  00004800          *   000003c8   UNINITIALIZED
                 [ 00009000 ]  00004800          *   0000019a   audioProcessing.obj (.bss)
                 [ 00009334 ]  0000499a          *   000000c2   rts55x.lib : atexit.obj (.bss)
                 [ 000094b8 ]  00004a5c          *   0000008a   bios.a55L : knl.o55L (.bss)
                 [ 000095cc ]  00004ae6          *   00000030             : tsk.o55L (.bss)
                 [ 0000962c ]  00004b16          *   00000028             : tsk_stup.o55L (.bss)
                 [ 0000967c ]  00004b3e          *   00000023             : obj_init.o55L (.bss)
                 [ 000096c2 ]  00004b61          *   00000001   --HOLE--
                 [ 000096c4 ]  00004b62          *   00000014             : sys.o55L (.bss)
                 [ 000096ec ]  00004b76          *   0000000a   main.obj (.bss)
                 [ 00009700 ]  00004b80          *   00000014   hellocfg.obj (.bss)
                 [ 00009728 ]  00004b94          *   00000008   bios.a55L : knl_tick.o55L (.bss)
                 [ 00009738 ]  00004b9c          *   00000008   ezdsp5502_gpio.obj (.bss)
                 [ 00009748 ]  00004ba4          *   00000006   bios.a55L : utl_putc.o55L (.bss)
                 [ 00009754 ]  00004baa          *   00000006   rtdxx.lib : buffer1.o55L (.bss)
                 [ 00009760 ]  00004bb0          *   00000004   bios.a55L : clk_data.o55L (.bss)
                 [ 00009768 ]  00004bb4          *   00000004   rts55x.lib : _lock.obj (.bss)
                 [ 00009770 ]  00004bb8          *   00000004              : exit.obj (.bss)
                 [ 00009778 ]  00004bbc          *   00000004   userInterface.obj (.bss)
                 [ 00009780 ]  00004bc0          *   00000002   bios.a55L : clk_data2.o55L (.bss)
                 [ 00009784 ]  00004bc2          *   00000002             : mem_asm.o55L (.bss)
                 [ 00009788 ]  00004bc4          *   00000002   ezdsp5502_mcbsp.obj (.bss)
                 [ 0000978c ]  00004bc6          *   00000002   rts55x.lib : sinit.obj (.bss)

.TSKUserInterface$stk 
*            0   [ 00009790 ]  00004bc8          *   00000300   UNINITIALIZED
                 [ 00009790 ]  00004bc8          *   00000300   hellocfg.obj (.TSKUserInterface$stk)

.trace       0   [ 00009d90 ]  00004ec8          *   00000200   
                 [ 00009d90 ]  00004ec8          *   00000200   --HOLE-- [fill = 00]

.sysinit     0     0000a190  [ 000050c8 ] 000003bc          *   
                   0000a190  [ 000050c8 ] 0000013d          *   hellocfg.obj (.sysinit)
                   0000a2cd  [ 00005166 ] 00000003          *   --HOLE-- [fill = 20]
                   0000a2d0  [ 00005168 ] 00000111          *   bios.a55L : mem_init.o55L (.sysinit)
                   0000a3e1  [ 000051f0 ] 00000003          *   --HOLE-- [fill = 20]
                   0000a3e4  [ 000051f2 ] 00000084          *             : tsk_init.o55L (.sysinit)
                   0000a468  [ 00005234 ] 00000071          *             : autoinit.o55L (.sysinit)
                   0000a4d9  [ 0000526c+] 0000006f          *             : boot.o55L (.sysinit)
                   0000a548  [ 000052a4 ] 00000002          *             : obj_init.o55L (.sysinit)
                   0000a54a  [ 000052a5 ] 00000002          *   --HOLE-- [fill = 20]

.rtdx_data 
*            0   [ 0000a54c ]  000052a6          *   00000128   UNINITIALIZED
                 [ 0000a54c ]  000052a6          *   00000102   hellocfg.obj (.rtdx_data)
                 [ 0000a750 ]  000053a8          *   00000012   rtdxx.lib : rtdx_mon.o55L (.rtdx_data)
                 [ 0000a774 ]  000053ba          *   00000010             : buffer1.o55L (.rtdx_data)
                 [ 0000a794 ]  000053ca          *   00000004   bios.a55L : rtdx_data.o55L (.rtdx_data)

.const       0   [ 0000a79c ]  000053ce          *   000000d5   
                 [ 0000a79c ]  000053ce          *   0000004f   bios.a55L : tsk_stup.o55L (.const)
                 [ 0000a83a ]  0000541d          *   00000001   main.obj (.const)
                 [ 0000a83c ]  0000541e          *   00000023   bios.a55L : utl_doab.o55L (.const)
                 [ 0000a882 ]  00005441          *   00000001   --HOLE-- [fill = 0]
                 [ 0000a884 ]  00005442          *   00000022             : utl_doer.o55L (.const)
                 [ 0000a8c8 ]  00005464          *   0000001b   ezdsp5502_mcbsp.obj (.const:_$P$T0$1)
                 [ 0000a8fe ]  0000547f          *   0000000a   ezdsp5502_i2c.obj (.const:_$P$T0$1)
                 [ 0000a912 ]  00005489          *   00000008   rts55x.lib : divd.obj (.const:_initial_approx$1)
                 [ 0000a922 ]  00005491          *   00000001   --HOLE-- [fill = 0]
                 [ 0000a924 ]  00005492          *   00000006   rtdxx.lib : rtdx_mon.o55L (.const)
                 [ 0000a930 ]  00005498          *   00000004   audioProcessing.obj (.const)
                 [ 0000a938 ]  0000549c          *   00000004   rtdxx.lib : buffer1.o55L (.const)
                 [ 0000a940 ]  000054a0          *   00000002   rts55x.lib : fltlid.obj (.const)
                 [ 0000a944 ]  000054a2          *   00000001   bios.a55L : tsk.o55L (.const)

.printf      0   [ 0000a946 ]  000054a3          *   000000b2   COPY SECTION
                 [ 0000a946 ]  000054a3          *   000000b2   hellocfg.obj (.printf)

.sysdata     0   [ 0000a948 ]  000054a4          *   000000ce   UNINITIALIZED
                 [ 0000a948 ]  000054a4          *   000000b0   bios.a55L : biosdata.o55L (.sysdata)
                 [ 0000aaa8 ]  00005554          *   00000016             : rta.o55L (.sysdata)
                 [ 0000aad4 ]  0000556a          *   00000006   lnkrtdx.a55L : rtdx.o55L (.sysdata)
                 [ 0000aae0 ]  00005570          *   00000002   bios.a55L : idl_busy.o55L (.sysdata)

.hwi_disp_sec 
*            0   [ 0000aae4 ]  00005572          *   000000c0   UNINITIALIZED
                 [ 0000aae4 ]  00005572          *   000000c0   bios.a55L : hwi_disp_asm.o55L (.hwi_disp_sec)

.prd         0   [ 0000ac64 ]  00005632          *   0000000c   UNINITIALIZED
                 [ 0000ac64 ]  00005632          *   0000000c   hellocfg.obj (.prd)

.coeffs2     0   [ 0000ac80 ]  00005640          *   00000089   
                 [ 0000ac80 ]  00005640          *   00000089   main.obj (.coeffs2)

.tsk         0   [ 0000ad94 ]  000056ca          *   00000084   UNINITIALIZED
                 [ 0000ad94 ]  000056ca          *   00000084   hellocfg.obj (.tsk)

.mbx         0   [ 0000ae9c ]  0000574e          *   00000068   UNINITIALIZED
                 [ 0000ae9c ]  0000574e          *   00000068   hellocfg.obj (.mbx)

.pip         0   [ 0000af6c ]  000057b6          *   00000064   UNINITIALIZED
                 [ 0000af6c ]  000057b6          *   00000064   hellocfg.obj (.pip)

.pinit       0   [ 0000b034 ]  0000581a          *   00000006   
                 [ 0000b034 ]  0000581a          *   00000002   rtdxx.lib : buffer1.o55L (.pinit)
                 [ 0000b038 ]  0000581c          *   00000002             : rtdx_mon.o55L (.pinit)
                 [ 0000b03c ]  0000581e          *   00000002   --HOLE-- [fill = 0]

.dbufferLP 
*            0   [ 0000b040 ]  00005820          *   00000046   
                 [ 0000b040 ]  00005820          *   00000046   main.obj (.dbufferLP) [fill = 00]

.hst1        0   [ 0000b0cc ]  00005866          *   00000008   UNINITIALIZED
                 [ 0000b0cc ]  00005866          *   00000008   hellocfg.obj (.hst1)

.dbufferHP 
*            0   [ 0000b0e0 ]  00005870          *   00000043   
                 [ 0000b0e0 ]  00005870          *   00000043   main.obj (.dbufferHP) [fill = 00]

.hst0        0   [ 0000b168 ]  000058b4          *   00000040   UNINITIALIZED
                 [ 0000b168 ]  000058b4          *   00000040   hellocfg.obj (.hst0)

.sts         0   [ 0000b1e8 ]  000058f4          *   00000038   UNINITIALIZED
                 [ 0000b1e8 ]  000058f4          *   00000038   hellocfg.obj (.sts)

.MBXAudio$que 
*            0   [ 0000b258 ]  0000592c          *   00000034   UNINITIALIZED
                 [ 0000b258 ]  0000592c          *   00000034   --HOLE--

.MBXOutput$que 
*            0   [ 0000b2c0 ]  00005960          *   00000034   UNINITIALIZED
                 [ 0000b2c0 ]  00005960          *   00000034   --HOLE--

.gblinit     0   [ 0000b328 ]  00005994          *   00000031   
                 [ 0000b328 ]  00005994          *   00000031   hellocfg.obj (.gblinit)

.swi         0   [ 0000b38c ]  000059c6          *   00000028   UNINITIALIZED
                 [ 0000b38c ]  000059c6          *   00000028   hellocfg.obj (.swi)

.hst         0   [ 0000b3dc ]  000059ee          *   0000001a   UNINITIALIZED
                 [ 0000b3dc ]  000059ee          *   0000001a   hellocfg.obj (.hst)

.log         0   [ 0000b410 ]  00005a08          *   00000014   UNINITIALIZED
                 [ 0000b410 ]  00005a08          *   00000014   hellocfg.obj (.log)

.idl         0   [ 0000b438 ]  00005a1c          *   00000008   UNINITIALIZED
                 [ 0000b438 ]  00005a1c          *   00000008   hellocfg.obj (.idl)

.idlcal      0   [ 0000b448 ]  00005a24          *   00000008   UNINITIALIZED
                 [ 0000b448 ]  00005a24          *   00000008   hellocfg.obj (.idlcal)

.sys         0   [ 0000b458 ]  00005a2c          *   00000008   UNINITIALIZED
                 [ 0000b458 ]  00005a2c          *   00000008   hellocfg.obj (.sys)

.clk         0   [ 0000b468 ]  00005a34          *   00000004   UNINITIALIZED
                 [ 0000b468 ]  00005a34          *   00000004   hellocfg.obj (.clk)

.trcdata     0   [ 0000b470 ]  00005a38          *   00000003   
                 [ 0000b470 ]  00005a38          *   00000003   bios.a55L : trc.o55L (.trcdata)

.csldata     0   [ 0000b478 ]  00005a3c          *   000000a8   UNINITIALIZED
                 [ 0000b478 ]  00005a3c          *   00000066   csl5502x.lib : csl_mcbspdat.obj (.csldata:MCBSP_data)
                 [ 0000b544 ]  00005aa2          *   00000022                : csl_csldat.obj (.csldata:SYS_data)
                 [ 0000b588 ]  00005ac4          *   00000020                : csl_gpiodat.obj (.csldata:GPIO_data)

.hwi_vec     0     0000ff00  [ 00007f80 ] 00000100          *   
                   0000ff00  [ 00007f80 ] 00000100          *   hellocfg.obj (.hwi_vec)


GLOBAL SYMBOLS: SORTED ALPHABETICALLY BY Name 

abs. value/
byte addr   word addr   name
---------   ---------   ----
00000002                $TI_capability$C5500$CallingConvention
00000002                $TI_capability$C5500$MemoryModel
00000001                $TI_capability_requires_rev2
            00004800    .bss
            00000060    .data
000000c0                .text
00000014                BIOSDATA_O_CLK_D_COUNTSPMS
0000000e                BIOSDATA_O_CLK_D_DIRTY
00000016                BIOSDATA_O_CLK_D_IDLETIME
00000018                BIOSDATA_O_CLK_D_ISRHOOK
00000010                BIOSDATA_O_CLK_D_PRD
0000001a                BIOSDATA_O_CLK_D_TABBEG
00000012                BIOSDATA_O_CLK_D_TDDR
0000001c                BIOSDATA_O_CLK_D_TIMEFXN
00000006                BIOSDATA_O_CLK_HTIMEDIV
00000008                BIOSDATA_O_CLK_HTIMEMULT
0000000a                BIOSDATA_O_CLK_LTIMEDIV
0000000c                BIOSDATA_O_CLK_LTIMEMULT
0000001e                BIOSDATA_O_CLK_R_TIMH
0000001f                BIOSDATA_O_CLK_R_TIML
00000020                BIOSDATA_O_HST_D_CHANMASK
000000a0                BIOSDATA_O_HST_D_TABBEGADDR
000000a2                BIOSDATA_O_HST_D_TABENDADDR
00000088                BIOSDATA_O_HWI_D_SPSAVE
0000008a                BIOSDATA_O_HWI_D_SSPSAVE
0000008c                BIOSDATA_O_HWI_D_STKBOTADDR
00000090                BIOSDATA_O_HWI_D_STKTOPADDR
0000008e                BIOSDATA_O_HWI_D_SYSTKBOTADDR
00000092                BIOSDATA_O_HWI_D_SYSTKTOPADDR
00000022                BIOSDATA_O_IDL_D_CALBEG
00000024                BIOSDATA_O_IDL_D_CALIBRATE
00000026                BIOSDATA_O_IDL_D_TABBEG
00000028                BIOSDATA_O_LOG_D_SYSTEM
00000098                BIOSDATA_O_MEM_D_FREELIST
0000009a                BIOSDATA_O_MEM_D_LOCKADDR
00000096                BIOSDATA_O_MEM_D_MEMTAB
00000095                BIOSDATA_O_MEM_D_NUMSEGMENTS
0000009c                BIOSDATA_O_MEM_D_UNLOCKADDR
0000002a                BIOSDATA_O_PIP_D_TABBEG
0000002c                BIOSDATA_O_PIP_D_TABLEN
0000002e                BIOSDATA_O_PRD_D_CUR
00000030                BIOSDATA_O_PRD_D_ELAPSED
00000031                BIOSDATA_O_PRD_D_PREVTIM
00000032                BIOSDATA_O_PRD_D_SCALAR
00000034                BIOSDATA_O_PRD_D_SWIHANDLE
00000036                BIOSDATA_O_PRD_D_TABBEG
00000038                BIOSDATA_O_PRD_D_TABLEN
0000003a                BIOSDATA_O_PRD_D_THOOK
0000003c                BIOSDATA_O_PRD_D_TICKH
0000003d                BIOSDATA_O_PRD_D_TICKL
000000a8                BIOSDATA_O_RTDX_D_BUFREAD
000000aa                BIOSDATA_O_RTDX_D_BUFWRITE
00000046                BIOSDATA_O_SWI_D_CURFXN
00000042                BIOSDATA_O_SWI_D_CURMASK
00000045                BIOSDATA_O_SWI_D_CURMBOX
00000043                BIOSDATA_O_SWI_D_CURSET
00000040                BIOSDATA_O_SWI_D_EXECADDR
00000044                BIOSDATA_O_SWI_D_LOCK
00000048                BIOSDATA_O_SWI_D_RDYBEG
0000004a                BIOSDATA_O_SWI_D_RDYTAB
0000003e                BIOSDATA_O_SWI_D_RUNADDR
0000009e                BIOSDATA_O_SYS
000000a4                BIOSDATA_O_TSK_D_IDLSTKADDR
000000a6                BIOSDATA_O_TSK_D_IDLSYSTKADDR
0000a190                BIOS_init
0000a281                BIOS_start
00000000                BUF$
00000001                BUF_ENABLED
00002211                C$$EXIT
            000054a4    C55_BIOSDATAOBJ
00000001                CLK$
00005a34                CLK_A_TABBEG
0000b468                CLK_A_TABBEGb
00000001                CLK_CALDIV
00000004                CLK_CALMULT
00000001                CLK_CLKDIV
000124f8                CLK_COUNTSPMS
00000001                CLK_COUNTSPMSHIGH
            000054ba    CLK_D_idletime
            000054bc    CLK_D_isrhook
            000054be    CLK_D_tabbeg
            000054c0    CLK_D_timefxn
00000001                CLK_ENABLEHTIME
000042b1                CLK_F_dispRun
000042d7                CLK_F_gethtime
00003c2e                CLK_F_isr
0000426c                CLK_F_itime
000042a6                CLK_HOOKFXN
00000001                CLK_HTIMEDIV
00000004                CLK_HTIMEMULT
000124f8                CLK_HTIMEPERLTIME
00000010                CLK_IMR0TINTMASK
00000000                CLK_IMR1TINTMASK
00000004                CLK_INTBIT
00000004                CLK_INTID
00000001                CLK_LTIMEDIV
000493e0                CLK_LTIMEMULT
000003e8                CLK_MICROSECS
            00005a36    CLK_NULL
000124f7                CLK_PRD
00000001                CLK_PRDHIGH
00001000                CLK_REGS
            000054c2    CLK_R_timh
            000054c3    CLK_R_timl
00000020                CLK_TCR
00000000                CLK_TDDR
00000000                CLK_TDDRHIGH
000042d7                CLK_TIMEFXN
00000001                CLK_TIMERIFR
00000000                CLK_TIMERIMR
00000010                CLK_TIMERIMRMASK
00000000                CLK_TIMERNUM
00000001                CLK_USETIMER
            00004b86    DARAM
00002e12                DARAM$B
00005c24                DARAM$Bb
00000a00                DARAM$L
00000000                DEV$
00000000                DGN$
00000000                DHL$
00000000                DHL_gChannelsAvailable
00000000                DIO$
00000000                DIO_NUMSWIBASE
00000000                DIO_NUMTSKBASE
00000000                DIO_STATIC
00000000                DPI$
000041dc                FXN_F_nop
000041de                FXN_F_run
000041ff                FXN_F_selfLoop
000041fb                FXN_F_zero
00000001                GBL$
00005205                GBL_A_VERSION
0000430c                GBL_BIOS_BOOTFXN
00f80000                GBL_CACHEICRTAG1
00f81000                GBL_CACHEICRTAG2
00000002                GBL_CACHETYPE
00000001                GBL_CALLCSLCFGINIT
00004e20                GBL_CLKIN
00000001                GBL_CLKMD
0000157e                GBL_CLKTYPE
00000001                GBL_DCRPOSTEDWRITE
0000157e                GBL_DSPSUBTYPE
00000037                GBL_DSPTYPE
00000000                GBL_ENABLEICACHE
00000001                GBL_ENABLEINST
00000042                GBL_FOOTPRINT
000493e0                GBL_FREQ
00000001                GBL_LARGEMODEL
00000001                GBL_MODIFYCLKMD
00000000                GBL_NULL
00008000                GBL_PLLDIV0
00008003                GBL_PLLDIV1
0000000f                GBL_PLLM
00000000                GBL_PROCID
00000000                GBL_ROM
00000000                GBL_SUPPORTCSL
0000dbef                GBL_TRCMASKVALUE
00000000                GBL_USERINIT
0000430c                GBL_USERINITFXN
00000001                GBL_boot
            00005a3a    GBL_initdone
            00002a12    GBL_stackbeg
            00002e11    GBL_stackend
            00002912    GBL_sysstackbeg
            00002a11    GBL_sysstackend
00000000                GIO$
0000430c                GIO_CREATEFXN
0000430c                GIO_DELETEFXN
0000430c                GIO_PENDFXN
0000430c                GIO_POSTFXN
00000000                HOOK$
00000000                HOOK_KNLID
00000001                HST$
000059ee                HST_A_TABBEG
0000b3dc                HST_A_TABBEGb
00005a08                HST_A_TABEND
0000b410                HST_A_TABENDb
00000000                HST_BIOSLINK
00000000                HST_DSM
            00004b86    HST_DSMBUFSEG
00000400                HST_DSMMEMSIZE
            000054c4    HST_D_chanmask
            00005544    HST_D_tabbegaddr
            00005546    HST_D_tabendaddr
000000ff                HST_MAXFRAMEALLOWED
00000040                HST_MAXFRAMESET
00000000                HST_NONE
00000001                HST_RTDX
00000001                HWI$
0000ff00                HWI_A_VECS
00000018                HWI_BERR
00000019                HWI_DLOG
            00005538    HWI_D_inhwi
            0000552c    HWI_D_spsave
            0000552e    HWI_D_sspsave
            00005530    HWI_D_stkbotaddr
            00005534    HWI_D_stktopaddr
            00005532    HWI_D_systkbotaddr
            00005536    HWI_D_systktopaddr
000029a3                HWI_F_dispatch
0000000a                HWI_INT10
0000000b                HWI_INT11
0000000c                HWI_INT12
0000000d                HWI_INT13
0000000e                HWI_INT14
0000000f                HWI_INT15
00000010                HWI_INT16
00000011                HWI_INT17
00000012                HWI_INT18
00000013                HWI_INT19
00000002                HWI_INT2
00000014                HWI_INT20
00000015                HWI_INT21
00000016                HWI_INT22
00000017                HWI_INT23
00000003                HWI_INT3
00000004                HWI_INT4
00000005                HWI_INT5
00000006                HWI_INT6
00000007                HWI_INT7
00000008                HWI_INT8
00000009                HWI_INT9
00000001                HWI_NMI
00000000                HWI_RESET
0000001a                HWI_RTOS
0000001b                HWI_SINT27
0000001c                HWI_SINT28
0000001d                HWI_SINT29
0000001e                HWI_SINT30
0000001f                HWI_SINT31
00000004                HWI_TINT
00000000                HWI_ZEROTAB
00002193                I$$LMPY
00000001                IDL$
00005a24                IDL_A_CALBEG
0000b448                IDL_A_CALBEGb
00005a1c                IDL_A_TABBEG
0000b438                IDL_A_TABBEGb
00000000                IDL_CALIBRERROR
00004201                IDL_CALIBRFXN
            00005570    IDL_D_busyObj
            000054c6    IDL_D_calbeg
            000054c8    IDL_D_calibrate
            000054ca    IDL_D_tabbeg
            00005a22    IDL_END
            00005a2a    IDL_END$
00004034                IDL_F_busy
000042e6                IDL_F_loop
00000001                IDL_USECLKIDLTIME
            00005926    IDL_busyObj
            00005550    IDL_busyObj$avgfmt
00000001                IDL_busyObj$filter
00000001                IDL_busyObj$iA
00000000                IDL_busyObj$iB
00000001                IDL_busyObj$iC
            0000554a    IDL_busyObj$maxfmt
00000000                IDL_busyObj$operation
            00005924    IDL_busyObj$stsobj
            0000554d    IDL_busyObj$sumfmt
00000002                IDL_busyObj$unittype
            00005a20    IDL_cpuLoad
            00005a28    IDL_cpuLoad$
00000001                ISRC$
0000357b                KNL_glue
            000059da    KNL_swi
00000001                KNL_swi$dorta
00000002                KNL_swi$ord
00000000                KNL_swi$pri
            00005906    KNL_swi$sts
            000054f2    KNL_swi$sts$avgfmt
00000002                KNL_swi$sts$filter
00000001                KNL_swi$sts$filtmaxmult
00000001                KNL_swi$sts$filtsummult
            000054e2    KNL_swi$sts$maxfmt
            00005904    KNL_swi$sts$stsobj
            000054ea    KNL_swi$sts$sumfmt
00000000                KNL_swi$sts$unittype
00000000                KNL_swi$swi
000035ba                KNL_tick_stub
00000001                LCK$
            0000556a    LNKCTRL
            0000556b    LNK_D_dataReadyMask
            0000556a    LNK_D_fromHostMask
            0000556d    LNK_D_readDone
            0000556e    LNK_D_readFail
            0000556c    LNK_D_readPend
            0000556f    LNK_D_writeFail
00002602                LNK_F_checkChanEnabled
0000265b                LNK_F_dataPump
00002629                LNK_F_getChanPtr
00002610                LNK_F_getNextChan
00002600                LNK_F_init
0000297e                LNK_F_readCallBack
            00005a1c    LNK_dataPump
            00005a24    LNK_dataPump$
000027c6                LNK_newin
000028aa                LNK_newout
0000265b                LNK_rcloop
000026af                LNK_rdrtry
000026b9                LNK_rrloop
00002739                LNK_wrloop
0000272f                LNK_wrrtry
00000001                LOG$
00005a08                LOG_A_TABBEG
0000b410                LOG_A_TABBEGb
00005a1c                LOG_A_TABEND
0000b438                LOG_A_TABENDb
00000002                LOG_A_TABLEN
            000054cc    LOG_D_system
00000001                LOG_ENABLED
00003ebc                LOG_F_event
            00005a08    LOG_system
            00004200    LOG_system$buf
00000000                LOG_system$datatype
00000000                LOG_system$log
00000200                LOG_system$size
00000001                MBX$
            00005754    MBXAudio
            0000575c    MBXAudio$data
            0000576c    MBXAudio$free
            0000592c    MBXAudio$queElems
            00005788    MBXOutput
            00005790    MBXOutput$data
            000057a0    MBXOutput$free
            00005960    MBXOutput$queElems
00000001                MEM$
            00004b86    MEM_MALLOCSEG
00000000                MEM_NULL
            00004b86    MEM_SEGZERO
00000001                MEM_gNumHeap
00000000                MSGQ$
00000000                MSGQ_USEMSGQ
00000000                OBJ$
00000000                PIP$
000057b6                PIP_A_TABBEG
0000af6c                PIP_A_TABBEGb
0000581a                PIP_A_TABEND
0000b034                PIP_A_TABENDb
00000002                PIP_A_TABLEN
            000054ce    PIP_D_tabbeg
            000054d0    PIP_D_tablen
0000346a                PIP_F_give
00003468                PIP_F_probe
000034dc                PIP_F_start
00003414                PIP_F_take
00000064                PIP_OBJSIZE
00000000                PIP_gNextId
00000002                PIP_gNumEmbed
00000000                POOL$
00000000                POOL_USEPOOL
00000001                PRD$
            00005632    PRDHeartBeat
            0000563c    PRDHeartBeat$aaa
00000000                PRDHeartBeat$mode
00000003                PRDHeartBeat$ord
000001f4                PRDHeartBeat$period
00000000                PRDHeartBeat$prd
            000058f6    PRDHeartBeat$sts
            000054bd    PRDHeartBeat$sts$avgfmt
00000000                PRDHeartBeat$sts$filter
            000054ab    PRDHeartBeat$sts$maxfmt
            000058f4    PRDHeartBeat$sts$stsobj
            000054b4    PRDHeartBeat$sts$sumfmt
00000002                PRDHeartBeat$sts$unittype
00005632                PRD_A_TABBEG
0000ac64                PRD_A_TABBEGb
0000563e                PRD_A_TABEND
0000ac7c                PRD_A_TABENDb
00000001                PRD_A_TABLEN
            000054d2    PRD_D_cur
            000054d4    PRD_D_elapsed
            000054d5    PRD_D_prevtim
            000054d6    PRD_D_scalar
            000054d8    PRD_D_swihandle
            000054da    PRD_D_tabbeg
            000054dc    PRD_D_tablen
            000054de    PRD_D_thook
            000054e0    PRD_D_tickh
            000054e1    PRD_D_tickl
00002e8f                PRD_F_swi
00002fb4                PRD_F_tick
00000004                PRD_SCALAR
            000059c6    PRD_SWIHANDLE
000035ba                PRD_THOOKFXN
            00005a34    PRD_clock
            000059c6    PRD_swi
00000001                PRD_swi$dorta
00000000                PRD_swi$ord
00000001                PRD_swi$pri
            000058fe    PRD_swi$sts
            000054d8    PRD_swi$sts$avgfmt
00000002                PRD_swi$sts$filter
00000001                PRD_swi$sts$filtmaxmult
00000001                PRD_swi$sts$filtsummult
            000054c8    PRD_swi$sts$maxfmt
            000058fc    PRD_swi$sts$stsobj
            000054d0    PRD_swi$sts$sumfmt
00000000                PRD_swi$sts$unittype
00000000                PRD_swi$swi
00000001                PWRM$
00000000                PWRM_PWRM_ADAPTCLK
0000430c                PWRM_PWRM_BOOTHOOKFXN
00000023                PWRM_PWRM_CAPSMASK
0000003f                PWRM_PWRM_DS_IDLEMASK
00000000                PWRM_PWRM_ENABLE
00000005                PWRM_PWRM_IDLEMASK
00000000                PWRM_PWRM_IER0
00000000                PWRM_PWRM_IER1
00000640                PWRM_PWRM_INITMILVOLTS
0000000f                PWRM_PWRM_INITSP
00000000                PWRM_PWRM_SCALING
00000001                QUE$
            00005554    RTA_D_fromHost
            00005558    RTA_D_logval
            00005562    RTA_D_stsval
            00005556    RTA_D_toHost
000040c1                RTA_F_andn
0000336d                RTA_F_dispatch
000032e4                RTA_F_getlog
00003310                RTA_F_getsts
000040d7                RTA_F_or
0000333f                RTA_F_readblk
00003352                RTA_F_resetmem
0000334e                RTA_F_writeword
            00005a1e    RTA_dispatcher
            00005a26    RTA_dispatcher$
            000059f0    RTA_fromHost
            00005866    RTA_fromHost$buf
00000008                RTA_fromHost$framesize
00000000                RTA_fromHost$hst
00000001                RTA_fromHost$id
00000000                RTA_fromHost$mode
            000057b6    RTA_fromHost$pipe
            00004b88    RTA_fromHost$pipe$dtab
            000057b8    RTA_fromHost$pipe$rd
            000057ba    RTA_fromHost$pipe$rdaddr
            000057be    RTA_fromHost$pipe$rdcurdesc
            000057bc    RTA_fromHost$pipe$rdsize
            000057ce    RTA_fromHost$pipe$rdstshdl
            000057d0    RTA_fromHost$pipe$wr
            000057d2    RTA_fromHost$pipe$wraddr
            000057d6    RTA_fromHost$pipe$wrcurdesc
            000057d4    RTA_fromHost$pipe$wrsize
            000057e6    RTA_fromHost$pipe$wrstshdl
            000059f4    RTA_fromHost$rtdx
            000059fc    RTA_toHost
            000058b4    RTA_toHost$buf
00000040                RTA_toHost$framesize
00000000                RTA_toHost$hst
00000000                RTA_toHost$id
00000001                RTA_toHost$mode
            000057e8    RTA_toHost$pipe
            00004b8e    RTA_toHost$pipe$dtab
            000057ea    RTA_toHost$pipe$rd
            000057ec    RTA_toHost$pipe$rdaddr
            000057f0    RTA_toHost$pipe$rdcurdesc
            000057ee    RTA_toHost$pipe$rdsize
            00005800    RTA_toHost$pipe$rdstshdl
            00005802    RTA_toHost$pipe$wr
            00005804    RTA_toHost$pipe$wraddr
            00005808    RTA_toHost$pipe$wrcurdesc
            00005806    RTA_toHost$pipe$wrsize
            00005818    RTA_toHost$pipe$wrstshdl
            00005a00    RTA_toHost$rtdx
00000001                RTDX$
00000102                RTDX_BUFMEMSIZE
            00004b86    RTDX_DATAMEMSEG
            0000554c    RTDX_D_BufRead
            0000554e    RTDX_D_BufWrite
00000000                RTDX_MODE
00000001                RTDX_USERTDX
00000000                RTDX_USERTEXECUTION
00000001                SEM$
            000041e6    SEMFilter
            000041ba    SEMI2C
            000041d0    SEMLED
00000000                SIO$
00000001                STS$
000058f4                STS_A_TABBEG
0000b1e8                STS_A_TABBEGb
0000592c                STS_A_TABEND
0000b258                STS_A_TABENDb
00003fc6                STS_F_add
00003fa4                STS_F_delta
00003fde                STS_F_reset
00000001                SWI$
000059c6                SWI_A_TABBEG
0000b38c                SWI_A_TABBEGb
000059ee                SWI_A_TABEND
0000b3dc                SWI_A_TABENDb
00000002                SWI_A_TABLEN
            000054ea    SWI_D_curfxn
            000054e6    SWI_D_curmask
            000054e9    SWI_D_curmbox
            000054e7    SWI_D_curset
            000054e4    SWI_D_execaddr
            0000552a    SWI_D_inswi
            000054e8    SWI_D_lock
            000054ec    SWI_D_rdybeg
            000054ee    SWI_D_rdytab
            000054e2    SWI_D_runaddr
00000000                SWI_EHOOKFXN
00002372                SWI_EXECFXN
0000222c                SWI_F_enable
00002372                SWI_F_exec
000022ea                SWI_F_exec_sync
0000225f                SWI_F_post
0000245e                SWI_F_run
00000000                SWI_IHOOKFXN
0000245e                SWI_RUNFXN
00000001                SYS$
            00005a2c    SYS$config
00004228                SYS_ABORTFXN
0000424c                SYS_ERRORFXN
000042f4                SYS_EXITFXN
00004144                SYS_PUTCFXN
00004000                TRC_GBLTARG
            00005a39    TRC_R_mask
            00005a38    TRC_cinit
00000001                TSK$
            00005728    TSKUserInterface
00000003                TSKUserInterface$ord
00000001                TSKUserInterface$pri
            00004bc8    TSKUserInterface$stack
            00004daa    TSKUserInterface$stkptr
            0000591e    TSKUserInterface$sts
            00005540    TSKUserInterface$sts$avgfmt
00000002                TSKUserInterface$sts$filter
00000001                TSKUserInterface$sts$filtmaxmult
00000001                TSKUserInterface$sts$filtsummult
            00005530    TSKUserInterface$sts$maxfmt
            0000591c    TSKUserInterface$sts$stsobj
            00005538    TSKUserInterface$sts$sumfmt
00000000                TSKUserInterface$sts$unittype
            00004dc8    TSKUserInterface$sysstack
            00004eaa    TSKUserInterface$sysstkptr
00000000                TSKUserInterface$tsk
            00005740    TSKUserInterface$tskobj
            00005548    TSK_D_idlstkaddr
            0000554a    TSK_D_idlsystkaddr
00000000                TSK_NUM_HOOKS
00000001                TSK_PRIORITY
00000000                TSK_READYFXN
00000000                TSK_STACKSEG
00000400                TSK_STACKSIZE
00000000                TSK_SWITCHFXN
00000100                TSK_SYSTACKSIZE
0000430c                TSK_VCREATEFXN
0000430c                TSK_VDELETEFXN
0000430c                TSK_VEXITFXN
            000056d0    TSK_idle
00000001                TSK_idle$ord
00000000                TSK_idle$pri
            00003312    TSK_idle$stack
            000036f4    TSK_idle$stkptr
            0000590e    TSK_idle$sts
            0000550c    TSK_idle$sts$avgfmt
00000002                TSK_idle$sts$filter
00000001                TSK_idle$sts$filtmaxmult
00000001                TSK_idle$sts$filtsummult
            000054fc    TSK_idle$sts$maxfmt
            0000590c    TSK_idle$sts$stsobj
            00005504    TSK_idle$sts$sumfmt
00000000                TSK_idle$sts$unittype
            00003712    TSK_idle$sysstack
            000037f4    TSK_idle$sysstkptr
00000000                TSK_idle$tsk
            000056e8    TSK_idle$tskobj
            000056fc    TaskAudioProcessing
00000002                TaskAudioProcessing$ord
0000000f                TaskAudioProcessing$pri
            00003812    TaskAudioProcessing$stack
            00003bf4    TaskAudioProcessing$stkptr
            00005916    TaskAudioProcessing$sts
            00005526    TaskAudioProcessing$sts$avgfmt
00000002                TaskAudioProcessing$sts$filter
00000001                TaskAudioProcessing$sts$filtmaxmult
00000001                TaskAudioProcessing$sts$filtsummult
            00005516    TaskAudioProcessing$sts$maxfmt
            00005914    TaskAudioProcessing$sts$stsobj
            0000551e    TaskAudioProcessing$sts$sumfmt
00000000                TaskAudioProcessing$sts$unittype
            00003c12    TaskAudioProcessing$sysstack
            00003cf4    TaskAudioProcessing$sysstkptr
00000000                TaskAudioProcessing$tsk
            00005714    TaskAudioProcessing$tskobj
00000000                UDEV$
ffffffff                VECT
00000bbf                _AIC3204_rget
00000c0a                _AIC3204_rset
0000a190                _BIOS_init
0000a281                _BIOS_start
            0000541d    _BL
00003b77                _C55_clearIFR0
00003b8c                _C55_clearIFR1
00003aff                _C55_disableIMR0
00003b22                _C55_disableIMR1
00001ef4                _C55_disableInt
00003b45                _C55_enableIMR0
00003b5e                _C55_enableIMR1
00001ec0                _C55_enableInt
000124f8                _CLK_COUNTSPMS
            00004bb0    _CLK_DFLTMICROSECS
            000054b8    _CLK_D_countspms
            000054b2    _CLK_D_dirty
            00004bb2    _CLK_D_microseconds
            000054b4    _CLK_D_prd
            000054b6    _CLK_D_tddr
000124f7                _CLK_PRD
00000001                _CLK_PRDHIGH
00001000                _CLK_REGS
00000020                _CLK_TCR
00000000                _CLK_TDDR
00000000                _CLK_TDDRHIGH
00000000                _CLK_TIMERNUM
00000001                _CLK_USETIMER
000042b1                _CLK_dispRun
000042d7                _CLK_getfhtime
000042d7                _CLK_getshtime
            000054aa    _CLK_htimeDiv
            000054ac    _CLK_htimeMult
            00004bc0    _CLK_htimePerLtime
00003c2e                _CLK_isr
            000054bc    _CLK_isrhook
0000426c                _CLK_itime
            000054ae    _CLK_ltimeDiv
            000054b0    _CLK_ltimeMult
00004104                _CLK_measure
000042a6                _CLK_run
00003d3d                _CLK_start
000041b0                _CLK_start_htimer
00003d9c                _CLK_stop
000041d5                _CLK_stop_htimer
            000054c2    _CLK_time
00002d02                _CLK_wdogdisable
00002228                _CSL5502_LIB_
            00005ac4    _CSL_GpioData
            00005a3c    _CSL_McbspData
            00005aa2    _CSL_SysData
000021ec                _CSL_init
00000c3e                _ConfigureAic3204
            00004b86    _DARAM
00002e12                _DARAM_base
00005c24                _DARAM_baseb
00000a00                _DARAM_length
00000f81                _EZDSP5502_GPIO_getInput
00000df0                _EZDSP5502_GPIO_init
00000e87                _EZDSP5502_GPIO_setDirection
00000f04                _EZDSP5502_GPIO_setOutput
000012e9                _EZDSP5502_I2CGPIO_configLine
000013c0                _EZDSP5502_I2CGPIO_read
0000133c                _EZDSP5502_I2CGPIO_readLine
0000140d                _EZDSP5502_I2CGPIO_write
0000136d                _EZDSP5502_I2CGPIO_writeLine
00001e53                _EZDSP5502_I2C_init
00001e9c                _EZDSP5502_I2C_read
00001e70                _EZDSP5502_I2C_reset
00001e7a                _EZDSP5502_I2C_write
000018aa                _EZDSP5502_MCBSP_close
00001866                _EZDSP5502_MCBSP_init
000018ec                _EZDSP5502_MCBSP_read
000018bc                _EZDSP5502_MCBSP_write
00001d5c                _EZDSP5502_init
00001d16                _EZDSP5502_wait
00001d4a                _EZDSP5502_waitusec
0000430c                _FXN_F_nop
            000054a6    _GBL_clkIn
            000054a8    _GBL_freq
00004303                _GBL_getVersion
            000054a4    _GBL_procId
00001fec                _GPIO_open
00002118                _GPIO_pinDirection
00002180                _GPIO_pinEnable
00002158                _GPIO_pinRead
00002138                _GPIO_pinWrite
000059ee                _HST_A_TABBEG
00005a08                _HST_A_TABEND
            000054a3    _HST_HOST_CHANNEL_DRIVER
00000018                _HWI_BERR
00000019                _HWI_DLOG
            00005538    _HWI_D_inhwi
            0000552c    _HWI_D_spsave
            0000552e    _HWI_D_sspsave
00002c22                _HWI_F_DispIsr0
000029a3                _HWI_F_dispatch
00000680                _HWI_I2S_Rx
00000608                _HWI_I2S_Tx
0000000a                _HWI_INT10
0000000b                _HWI_INT11
0000000c                _HWI_INT12
0000000d                _HWI_INT13
0000000e                _HWI_INT14
0000000f                _HWI_INT15
00000010                _HWI_INT16
00000011                _HWI_INT17
00000012                _HWI_INT18
00000013                _HWI_INT19
00000002                _HWI_INT2
00000014                _HWI_INT20
00000015                _HWI_INT21
00000016                _HWI_INT22
00000017                _HWI_INT23
00000003                _HWI_INT3
00000004                _HWI_INT4
00000005                _HWI_INT5
00000006                _HWI_INT6
00000007                _HWI_INT7
00000008                _HWI_INT8
00000009                _HWI_INT9
00000001                _HWI_NMI
00000000                _HWI_RESET
0000001a                _HWI_RTOS
0000001b                _HWI_SINT27
0000001c                _HWI_SINT28
0000001d                _HWI_SINT29
0000001e                _HWI_SINT30
0000001f                _HWI_SINT31
            00002e12    _HWI_STKBOTTOM
            00002a12    _HWI_STKTOP
            00002a12    _HWI_SYSSTKBOTTOM
            00002912    _HWI_SYSSTKTOP
00000004                _HWI_TINT
            0000552c    _HWI_data
0000428c                _HWI_disable
            00005572    _HWI_dispatchTab
0000429c                _HWI_enable
000042a0                _HWI_restore
00001c94                _I2C_config
0000118c                _I2C_read
00000ffc                _I2C_write
00004034                _IDL_busy
            00005926    _IDL_busyObj
0000407b                _IDL_calibrate
            00005a20    _IDL_cpuLoad
00004060                _IDL_init
000042e6                _IDL_loop
00004201                _IDL_stub
000021cc                _IRQ_globalDisable
000021f8                _IRQ_globalRestore
            00004ab0    _KNL_alarm
00003ba1                _KNL_check
            00004ad8    _KNL_curqueue
            00004ad0    _KNL_curtask
            00004ad4    _KNL_curtime
            00004ab8    _KNL_dummy
00003da8                _KNL_enter
00003de8                _KNL_exit
00003bfc                _KNL_idle
            00004ae4    _KNL_idlefxn
            00004ab4    _KNL_inactive
00003e08                _KNL_ipost
00003c19                _KNL_max
            00004ada    _KNL_maxqueue
0000417c                _KNL_post
            00004ad2    _KNL_prevtask
            00004ab6    _KNL_priority
            00004a5e    _KNL_queues
00003018                _KNL_run
000035da                _KNL_saveIsrFrame
            00004a5d    _KNL_set
            00004ab2    _KNL_setpri
            000059da    _KNL_swi
            00004ad6    _KNL_swiptr
0000352d                _KNL_switch
            00004ade    _KNL_tcreatefxn
            00004ae0    _KNL_tdeletefxn
000032d4                _KNL_tick
            00004ae2    _KNL_treadyfxn
            00004adc    _KNL_tswitchfxn
            00004a5c    _KNL_wFlag
            00004aae    _KNL_wList
00003e84                _LCK_pend
00003e64                _LCK_post
0000297e                _LNK_F_readCallBack
            00005a1c    _LNK_dataPump
00005a08                _LOG_A_TABBEG
00005a1c                _LOG_A_TABEND
00000002                _LOG_A_TABLEN
            000054cc    _LOG_D_system
00003ebc                _LOG_event
            00005a08    _LOG_system
            00005754    _MBXAudio
            00005788    _MBXOutput
0000363c                _MBX_pend
000036c4                _MBX_post
000020b8                _MCBSP_close
00001584                _MCBSP_config
000016b4                _MCBSP_open
00002218                _MCBSP_read16
00000704                _MCBSP_reset
00001a38                _MCBSP_start
00002220                _MCBSP_write16
            00004bc2    _MEM
            00005539    _MEM_D_NUMSEGMENTS
            0000553c    _MEM_D_freelist
            0000553e    _MEM_D_lockaddr
            0000553a    _MEM_D_memtab
            00005540    _MEM_D_unlockaddr
0000a2d0                _MEM_init
            00004b80    _MEM_memtab
0000a548                _OBJ_init
            00004b5a    _OBJ_segtab
            00004b3e    _OBJ_table
000057b6                _PIP_A_TABBEG
0000581a                _PIP_A_TABEND
            00005632    _PRDHeartBeat
00001a06                _PRDLedFxn
            000054e1    _PRD_D_tick
            00005a34    _PRD_clock
            000059c6    _PRD_swi
000032e4                _RTA_F_getlog
            00005a1e    _RTA_dispatcher
            000059f0    _RTA_fromHost
            000059fc    _RTA_toHost
            000052a6    _RTDX_Buffer
            000053cc    _RTDX_Buffer_End
000081ab                _RTDX_Buffer_Initialize
000082ea                _RTDX_Buffer_Read
000081fe                _RTDX_Buffer_ReadCB
00008285                _RTDX_Buffer_Size
            000053ca    _RTDX_Buffer_Start
0000832a                _RTDX_Buffer_Write
00007bff                _RTDX_Buffer_WriteCB
00008249                _RTDX_Final_RT_Monitor
00008146                _RTDX_H2TPoll
00007d7b                _RTDX_Init_RT_Monitor
00000003                _RTDX_JTAGONLY
00000001                _RTDX_LMM
000082c0                _RTDX_Mask_IER
000080be                _RTDX_Mon_Queue
00007e8a                _RTDX_Poll
0000830c                _RTDX_Set_IER
00000000                _RTDX_interrupt_mask
            000053c0    _RTDX_writing
            00004b86    _SEG0
            000041e6    _SEMFilter
            000041ba    _SEMI2C
            000041d0    _SEMLED
00003f0d                _SEM_pend
00002d04                _SEM_pendEnterKnl
00003cbb                _SEM_post
00003cbb                _SEM_postBinary
00003f5c                _SEM_postEnterKnl
000058f4                _STS_A_TABBEG
0000592c                _STS_A_TABEND
00003fc6                _STS_add
00003fa4                _STS_delta
00003fde                _STS_reset
000042fc                _STS_set
            000054ea    _SWI_D_curfxn
            000054e6    _SWI_D_curmask
            0000552a    _SWI_D_inswi
            000054e8    _SWI_D_lock
            000054ec    _SWI_D_rdybeg
            000054e2    _SWI_data
0000222c                _SWI_enable
0000225f                _SWI_post
            00005542    _SYS
            00004ec8    _SYS_PUTCBEG
            000050c7    _SYS_PUTCEND
000042c0                _SYS_abort
00003fec                _SYS_exit
            00004b62    _SYS_exitStack
            00004b72    _SYS_exitStackPtr
            00004b74    _SYS_exitStackTop
            00005a39    _TRC_R_mask
            00004b04    _TSK
0000049a                _TSKAudioProcessorFxn
            00005728    _TSKUserInterface
000019ae                _TSKUserInterfaceFxn
            00004ae8    _TSK_ATTRS
            00004af6    _TSK_config
00003850                _TSK_exit
            000056d0    _TSK_idle
0000a3e4                _TSK_init
            00004ae6    _TSK_nTasks
            00004ae7    _TSK_pid
00003948                _TSK_setup
00003a9c                _TSK_startup
            00004b06    _TSK_timerSem
            000056fc    _TaskAudioProcessing
00004228                _UTL_doAbort
0000424c                _UTL_doError
00004144                _UTL_doPutc
000042f4                _UTL_halt
ffffffff                _VECT
000021dc                __CSL_init
            00005552    __HOOK_NUMHOOKS
            00005550    __HOOK_knlId
            00004b2a    __MEM_mutex
0000374c                __SEM_dopost
            00002e12    __STACK_END
00000800                __STACK_SIZE
00000200                __SYSSTACK_SIZE
            00004b16    __TSK_mutex
00001c01                ___add_dtor
            0000499a    ___atexit_func_id__
ffffffff                ___binit__
            00004800    ___bss__
ffffffff                ___c_args__
            00002188    ___cinit__
            00000060    ___data__
            00000060    ___edata__
            00004bc8    ___end__
0000222c                ___etext__
            0000581a    ___pinit__
000000c0                ___text__
00000965                __addd
            00004bb8    __cleanup_ptr
000000c0                __divd
            00004bba    __dtors_ptr
000020ee                __fixdi
00001de4                __fixdli
00002204                __fltid
00001f27                __fltlid
00001b35                __frcmpyd
00001c20                __frcmpyd_div
            00004bb4    __lock
00001437                __mpyd
00002193                __mpyli
000021b6                __nop
000021ae                __register_lock
000021a6                __register_unlock
            00002a12    __stack
0000216c                __subd
            00002912    __sysstack
            00004bb6    __unlock
00002210                _abort
00000c34                _aic3204_init
            00004bc4    _aicMcbsp
            00004906    _alpha
00001d75                _atexit
0000048c                _audioProcessingInit
0000a468                _auto_init
            00004969    _bufferIn
0000a4d9                _c_int00
00001bab                _call_dtors
            00004b7e    _counter
            00005870    _delayLineHP
            00004b7a    _delayLineHPptr
            00005820    _delayLineLP
            00004b78    _delayLineLPptr
            00005640    _demoFilter
            00004b76    _demoFilterptr
            0000489a    _detector
            0000489c    _detector_array
            00004bc6    _dtors
0000207a                _exit
            00004bbe    _filterMode
            00004806    _filteredLeftSample
            00004896    _filteredLeftSampleOutput
00001aba                _fir2
            00004bbf    _flagHighakadanger
            00004904    _gain
            00004b9c    _hGPIO_group0
            00004b9e    _hGPIO_group1
            00004ba0    _hGPIO_group2
            00004ba2    _hGPIO_group3
            00005686    _highPass
            00004b7c    _highPassptr
            00004999    _indexIn
            00004b7f    _k
            00004802    _leftRightFlag
00001920                _main
0000203b                _memcpy
000021b8                _memset
            00004836    _msg
000017a2                _myFIR
            000048fc    _ones
            00004908    _out
            00004866    _output
            00004805    _outputHP
            00004804    _outputLP
            00004bae    _rtdxNullChanCnt
            00004baf    _rtdxNullFuncCnt
            000053ba    _rtdx_buffer_state
            000053a8    _rtdx_mon_state
            00004801    _rxLeftSample
            00004800    _rxRightSample
            00004902    _setpoint
            00004899    _start
            000048ff    _stop
            00004900    _sum_output
            00004bbc    _switch1
            00004bbd    _switch1Prev
            00004968    _time
            00005a12    _trace
            00004897    _txcounter
            00004803    _txleftRightFlag
            00004898    _windowSize
ffffffff                binit
            00002188    cinit
            00000060    edata
            00004bc8    end
0000222c                etext
            00005994    gblinit
0000ff00                hwi0
0000ff08                hwi1
0000ff50                hwi10
0000ff58                hwi11
0000ff60                hwi12
0000ff68                hwi13
0000ff70                hwi14
0000ff78                hwi15
0000ff80                hwi16
0000ff88                hwi17
0000ff90                hwi18
0000ff98                hwi19
0000ff10                hwi2
0000ffa0                hwi20
0000ffa8                hwi21
0000ffb0                hwi22
0000ffb8                hwi23
0000ffc0                hwi24
0000ffc8                hwi25
0000ffd0                hwi26
0000ffd8                hwi27
0000ffe0                hwi28
0000ffe8                hwi29
0000ff18                hwi3
0000fff0                hwi30
0000fff8                hwi31
0000ff20                hwi4
0000ff28                hwi5
0000ff30                hwi6
0000ff38                hwi7
0000ff40                hwi8
0000ff48                hwi9
000040ee                iRTA_F_or
00002564                logPost
            0000581a    pinit
000025b6                stsPost
            00005a12    trace
            00004400    trace$buf
00000001                trace$datatype
00000000                trace$log
00000400                trace$size


GLOBAL SYMBOLS: SORTED BY Symbol Address 

abs. value/
byte addr   word addr   name
---------   ---------   ----
00000000                BUF$
00000000                CLK_IMR1TINTMASK
00000000                CLK_TDDR
00000000                CLK_TDDRHIGH
00000000                CLK_TIMERIMR
00000000                CLK_TIMERNUM
00000000                DEV$
00000000                DGN$
00000000                DHL$
00000000                DHL_gChannelsAvailable
00000000                DIO$
00000000                DIO_NUMSWIBASE
00000000                DIO_NUMTSKBASE
00000000                DIO_STATIC
00000000                DPI$
00000000                GBL_ENABLEICACHE
00000000                GBL_NULL
00000000                GBL_PROCID
00000000                GBL_ROM
00000000                GBL_SUPPORTCSL
00000000                GBL_USERINIT
00000000                GIO$
00000000                HOOK$
00000000                HOOK_KNLID
00000000                HST_BIOSLINK
00000000                HST_DSM
00000000                HST_NONE
00000000                HWI_RESET
00000000                HWI_ZEROTAB
00000000                IDL_CALIBRERROR
00000000                IDL_busyObj$iB
00000000                IDL_busyObj$operation
00000000                KNL_swi$pri
00000000                KNL_swi$sts$unittype
00000000                KNL_swi$swi
00000000                LOG_system$datatype
00000000                LOG_system$log
00000000                MEM_NULL
00000000                MSGQ$
00000000                MSGQ_USEMSGQ
00000000                OBJ$
00000000                PIP$
00000000                PIP_gNextId
00000000                POOL$
00000000                POOL_USEPOOL
00000000                PRDHeartBeat$mode
00000000                PRDHeartBeat$prd
00000000                PRDHeartBeat$sts$filter
00000000                PRD_swi$ord
00000000                PRD_swi$sts$unittype
00000000                PRD_swi$swi
00000000                PWRM_PWRM_ADAPTCLK
00000000                PWRM_PWRM_ENABLE
00000000                PWRM_PWRM_IER0
00000000                PWRM_PWRM_IER1
00000000                PWRM_PWRM_SCALING
00000000                RTA_fromHost$hst
00000000                RTA_fromHost$mode
00000000                RTA_toHost$hst
00000000                RTA_toHost$id
00000000                RTDX_MODE
00000000                RTDX_USERTEXECUTION
00000000                SIO$
00000000                SWI_EHOOKFXN
00000000                SWI_IHOOKFXN
00000000                TSKUserInterface$sts$unittype
00000000                TSKUserInterface$tsk
00000000                TSK_NUM_HOOKS
00000000                TSK_READYFXN
00000000                TSK_STACKSEG
00000000                TSK_SWITCHFXN
00000000                TSK_idle$pri
00000000                TSK_idle$sts$unittype
00000000                TSK_idle$tsk
00000000                TaskAudioProcessing$sts$unittype
00000000                TaskAudioProcessing$tsk
00000000                UDEV$
00000000                _CLK_TDDR
00000000                _CLK_TDDRHIGH
00000000                _CLK_TIMERNUM
00000000                _HWI_RESET
00000000                _RTDX_interrupt_mask
00000000                trace$log
00000001                $TI_capability_requires_rev2
00000001                BUF_ENABLED
00000001                CLK$
00000001                CLK_CALDIV
00000001                CLK_CLKDIV
00000001                CLK_COUNTSPMSHIGH
00000001                CLK_ENABLEHTIME
00000001                CLK_HTIMEDIV
00000001                CLK_LTIMEDIV
00000001                CLK_PRDHIGH
00000001                CLK_TIMERIFR
00000001                CLK_USETIMER
00000001                GBL$
00000001                GBL_CALLCSLCFGINIT
00000001                GBL_CLKMD
00000001                GBL_DCRPOSTEDWRITE
00000001                GBL_ENABLEINST
00000001                GBL_LARGEMODEL
00000001                GBL_MODIFYCLKMD
00000001                GBL_boot
00000001                HST$
00000001                HST_RTDX
00000001                HWI$
00000001                HWI_NMI
00000001                IDL$
00000001                IDL_USECLKIDLTIME
00000001                IDL_busyObj$filter
00000001                IDL_busyObj$iA
00000001                IDL_busyObj$iC
00000001                ISRC$
00000001                KNL_swi$dorta
00000001                KNL_swi$sts$filtmaxmult
00000001                KNL_swi$sts$filtsummult
00000001                LCK$
00000001                LOG$
00000001                LOG_ENABLED
00000001                MBX$
00000001                MEM$
00000001                MEM_gNumHeap
00000001                PRD$
00000001                PRD_A_TABLEN
00000001                PRD_swi$dorta
00000001                PRD_swi$pri
00000001                PRD_swi$sts$filtmaxmult
00000001                PRD_swi$sts$filtsummult
00000001                PWRM$
00000001                QUE$
00000001                RTA_fromHost$id
00000001                RTA_toHost$mode
00000001                RTDX$
00000001                RTDX_USERTDX
00000001                SEM$
00000001                STS$
00000001                SWI$
00000001                SYS$
00000001                TSK$
00000001                TSKUserInterface$pri
00000001                TSKUserInterface$sts$filtmaxmult
00000001                TSKUserInterface$sts$filtsummult
00000001                TSK_PRIORITY
00000001                TSK_idle$ord
00000001                TSK_idle$sts$filtmaxmult
00000001                TSK_idle$sts$filtsummult
00000001                TaskAudioProcessing$sts$filtmaxmult
00000001                TaskAudioProcessing$sts$filtsummult
00000001                _CLK_PRDHIGH
00000001                _CLK_USETIMER
00000001                _HWI_NMI
00000001                _RTDX_LMM
00000001                trace$datatype
00000002                $TI_capability$C5500$CallingConvention
00000002                $TI_capability$C5500$MemoryModel
00000002                GBL_CACHETYPE
00000002                HWI_INT2
00000002                IDL_busyObj$unittype
00000002                KNL_swi$ord
00000002                KNL_swi$sts$filter
00000002                LOG_A_TABLEN
00000002                PIP_A_TABLEN
00000002                PIP_gNumEmbed
00000002                PRDHeartBeat$sts$unittype
00000002                PRD_swi$sts$filter
00000002                SWI_A_TABLEN
00000002                TSKUserInterface$sts$filter
00000002                TSK_idle$sts$filter
00000002                TaskAudioProcessing$ord
00000002                TaskAudioProcessing$sts$filter
00000002                _HWI_INT2
00000002                _LOG_A_TABLEN
00000003                HWI_INT3
00000003                PRDHeartBeat$ord
00000003                TSKUserInterface$ord
00000003                _HWI_INT3
00000003                _RTDX_JTAGONLY
00000004                CLK_CALMULT
00000004                CLK_HTIMEMULT
00000004                CLK_INTBIT
00000004                CLK_INTID
00000004                HWI_INT4
00000004                HWI_TINT
00000004                PRD_SCALAR
00000004                _HWI_INT4
00000004                _HWI_TINT
00000005                HWI_INT5
00000005                PWRM_PWRM_IDLEMASK
00000005                _HWI_INT5
00000006                BIOSDATA_O_CLK_HTIMEDIV
00000006                HWI_INT6
00000006                _HWI_INT6
00000007                HWI_INT7
00000007                _HWI_INT7
00000008                BIOSDATA_O_CLK_HTIMEMULT
00000008                HWI_INT8
00000008                RTA_fromHost$framesize
00000008                _HWI_INT8
00000009                HWI_INT9
00000009                _HWI_INT9
0000000a                BIOSDATA_O_CLK_LTIMEDIV
0000000a                HWI_INT10
0000000a                _HWI_INT10
0000000b                HWI_INT11
0000000b                _HWI_INT11
0000000c                BIOSDATA_O_CLK_LTIMEMULT
0000000c                HWI_INT12
0000000c                _HWI_INT12
0000000d                HWI_INT13
0000000d                _HWI_INT13
0000000e                BIOSDATA_O_CLK_D_DIRTY
0000000e                HWI_INT14
0000000e                _HWI_INT14
0000000f                GBL_PLLM
0000000f                HWI_INT15
0000000f                PWRM_PWRM_INITSP
0000000f                TaskAudioProcessing$pri
0000000f                _HWI_INT15
00000010                BIOSDATA_O_CLK_D_PRD
00000010                CLK_IMR0TINTMASK
00000010                CLK_TIMERIMRMASK
00000010                HWI_INT16
00000010                _HWI_INT16
00000011                HWI_INT17
00000011                _HWI_INT17
00000012                BIOSDATA_O_CLK_D_TDDR
00000012                HWI_INT18
00000012                _HWI_INT18
00000013                HWI_INT19
00000013                _HWI_INT19
00000014                BIOSDATA_O_CLK_D_COUNTSPMS
00000014                HWI_INT20
00000014                _HWI_INT20
00000015                HWI_INT21
00000015                _HWI_INT21
[...]
00004034                _IDL_busy
00004060                _IDL_init
0000407b                _IDL_calibrate
000040c1                RTA_F_andn
000040d7                RTA_F_or
000040ee                iRTA_F_or
00004104                _CLK_measure
00004144                SYS_PUTCFXN
00004144                _UTL_doPutc
0000417c                _KNL_post
000041b0                _CLK_start_htimer
000041d5                _CLK_stop_htimer
000041dc                FXN_F_nop
000041de                FXN_F_run
000041fb                FXN_F_zero
000041ff                FXN_F_selfLoop
00004201                IDL_CALIBRFXN
00004201                _IDL_stub
00004228                SYS_ABORTFXN
00004228                _UTL_doAbort
0000424c                SYS_ERRORFXN
0000424c                _UTL_doError
0000426c                CLK_F_itime
0000426c                _CLK_itime
0000428c                _HWI_disable
0000429c                _HWI_enable
000042a0                _HWI_restore
000042a6                CLK_HOOKFXN
000042a6                _CLK_run
000042b1                CLK_F_dispRun
000042b1                _CLK_dispRun
000042c0                _SYS_abort
000042d7                CLK_F_gethtime
000042d7                CLK_TIMEFXN
000042d7                _CLK_getfhtime
000042d7                _CLK_getshtime
000042e6                IDL_F_loop
000042e6                _IDL_loop
000042f4                SYS_EXITFXN
000042f4                _UTL_halt
000042fc                _STS_set
00004303                _GBL_getVersion
0000430c                GBL_BIOS_BOOTFXN
0000430c                GBL_USERINITFXN
0000430c                GIO_CREATEFXN
0000430c                GIO_DELETEFXN
0000430c                GIO_PENDFXN
0000430c                GIO_POSTFXN
0000430c                PWRM_PWRM_BOOTHOOKFXN
0000430c                TSK_VCREATEFXN
0000430c                TSK_VDELETEFXN
0000430c                TSK_VEXITFXN
0000430c                _FXN_F_nop
            00002188    ___cinit__
            00002188    cinit
00004e20                GBL_CLKIN
00005205                GBL_A_VERSION
            00002912    GBL_sysstackbeg
            00002912    _HWI_SYSSTKTOP
            00002912    __sysstack
            00002a11    GBL_sysstackend
            00002a12    GBL_stackbeg
            00002a12    _HWI_STKTOP
            00002a12    _HWI_SYSSTKBOTTOM
            00002a12    __stack
00005632                PRD_A_TABBEG
0000563e                PRD_A_TABEND
000057b6                PIP_A_TABBEG
000057b6                _PIP_A_TABBEG
0000581a                PIP_A_TABEND
0000581a                _PIP_A_TABEND
000058f4                STS_A_TABBEG
000058f4                _STS_A_TABBEG
0000592c                STS_A_TABEND
0000592c                _STS_A_TABEND
000059c6                SWI_A_TABBEG
000059ee                HST_A_TABBEG
000059ee                SWI_A_TABEND
000059ee                _HST_A_TABBEG
00005a08                HST_A_TABEND
00005a08                LOG_A_TABBEG
00005a08                _HST_A_TABEND
00005a08                _LOG_A_TABBEG
00005a1c                IDL_A_TABBEG
00005a1c                LOG_A_TABEND
00005a1c                _LOG_A_TABEND
00005a24                IDL_A_CALBEG
00005a34                CLK_A_TABBEG
            00002e11    GBL_stackend
00005c24                DARAM$Bb
00005c24                _DARAM_baseb
            00002e12    _HWI_STKBOTTOM
            00002e12    __STACK_END
            00003312    TSK_idle$stack
            000036f4    TSK_idle$stkptr
            00003712    TSK_idle$sysstack
            000037f4    TSK_idle$sysstkptr
            00003812    TaskAudioProcessing$stack
            00003bf4    TaskAudioProcessing$stkptr
            00003c12    TaskAudioProcessing$sysstack
            00003cf4    TaskAudioProcessing$sysstkptr
00007bff                _RTDX_Buffer_WriteCB
00007d7b                _RTDX_Init_RT_Monitor
00007e8a                _RTDX_Poll
00008000                GBL_PLLDIV0
00008003                GBL_PLLDIV1
000080be                _RTDX_Mon_Queue
00008146                _RTDX_H2TPoll
000081ab                _RTDX_Buffer_Initialize
000081fe                _RTDX_Buffer_ReadCB
00008249                _RTDX_Final_RT_Monitor
00008285                _RTDX_Buffer_Size
000082c0                _RTDX_Mask_IER
000082ea                _RTDX_Buffer_Read
0000830c                _RTDX_Set_IER
0000832a                _RTDX_Buffer_Write
            000041ba    SEMI2C
            000041ba    _SEMI2C
            000041d0    SEMLED
            000041d0    _SEMLED
            000041e6    SEMFilter
            000041e6    _SEMFilter
            00004200    LOG_system$buf
            00004400    trace$buf
            00004800    .bss
            00004800    ___bss__
            00004800    _rxRightSample
            00004801    _rxLeftSample
            00004802    _leftRightFlag
            00004803    _txleftRightFlag
            00004804    _outputLP
            00004805    _outputHP
            00004806    _filteredLeftSample
            00004836    _msg
            00004866    _output
            00004896    _filteredLeftSampleOutput
            00004897    _txcounter
            00004898    _windowSize
            00004899    _start
            0000489a    _detector
            0000489c    _detector_array
            000048fc    _ones
            000048ff    _stop
            00004900    _sum_output
            00004902    _setpoint
            00004904    _gain
            00004906    _alpha
            00004908    _out
            00004968    _time
            00004969    _bufferIn
            00004999    _indexIn
            0000499a    ___atexit_func_id__
            00004a5c    _KNL_wFlag
            00004a5d    _KNL_set
            00004a5e    _KNL_queues
            00004aae    _KNL_wList
            00004ab0    _KNL_alarm
            00004ab2    _KNL_setpri
            00004ab4    _KNL_inactive
            00004ab6    _KNL_priority
            00004ab8    _KNL_dummy
            00004ad0    _KNL_curtask
            00004ad2    _KNL_prevtask
            00004ad4    _KNL_curtime
            00004ad6    _KNL_swiptr
            00004ad8    _KNL_curqueue
            00004ada    _KNL_maxqueue
            00004adc    _KNL_tswitchfxn
            00004ade    _KNL_tcreatefxn
            00004ae0    _KNL_tdeletefxn
            00004ae2    _KNL_treadyfxn
            00004ae4    _KNL_idlefxn
            00004ae6    _TSK_nTasks
            00004ae7    _TSK_pid
            00004ae8    _TSK_ATTRS
            00004af6    _TSK_config
            00004b04    _TSK
            00004b06    _TSK_timerSem
            00004b16    __TSK_mutex
            00004b2a    __MEM_mutex
            00004b3e    _OBJ_table
            00004b5a    _OBJ_segtab
            00004b62    _SYS_exitStack
            00004b72    _SYS_exitStackPtr
            00004b74    _SYS_exitStackTop
            00004b76    _demoFilterptr
            00004b78    _delayLineLPptr
            00004b7a    _delayLineHPptr
            00004b7c    _highPassptr
            00004b7e    _counter
            00004b7f    _k
            00004b80    _MEM_memtab
            00004b86    DARAM
            00004b86    HST_DSMBUFSEG
            00004b86    MEM_MALLOCSEG
            00004b86    MEM_SEGZERO
            00004b86    RTDX_DATAMEMSEG
            00004b86    _DARAM
            00004b86    _SEG0
            00004b88    RTA_fromHost$pipe$dtab
            00004b8e    RTA_toHost$pipe$dtab
            00004b9c    _hGPIO_group0
            00004b9e    _hGPIO_group1
            00004ba0    _hGPIO_group2
            00004ba2    _hGPIO_group3
            00004bae    _rtdxNullChanCnt
            00004baf    _rtdxNullFuncCnt
            00004bb0    _CLK_DFLTMICROSECS
            00004bb2    _CLK_D_microseconds
            00004bb4    __lock
            00004bb6    __unlock
            00004bb8    __cleanup_ptr
            00004bba    __dtors_ptr
            00004bbc    _switch1
            00004bbd    _switch1Prev
            00004bbe    _filterMode
            00004bbf    _flagHighakadanger
            00004bc0    _CLK_htimePerLtime
            00004bc2    _MEM
            00004bc4    _aicMcbsp
            00004bc6    _dtors
            00004bc8    TSKUserInterface$stack
            00004bc8    ___end__
            00004bc8    end
            00004daa    TSKUserInterface$stkptr
            00004dc8    TSKUserInterface$sysstack
            00004eaa    TSKUserInterface$sysstkptr
            00004ec8    _SYS_PUTCBEG
            000050c7    _SYS_PUTCEND
0000a190                BIOS_init
0000a190                _BIOS_init
0000a281                BIOS_start
0000a281                _BIOS_start
0000a2d0                _MEM_init
0000a3e4                _TSK_init
0000a468                _auto_init
0000a4d9                _c_int00
0000a548                _OBJ_init
            000052a6    _RTDX_Buffer
            000053a8    _rtdx_mon_state
            000053ba    _rtdx_buffer_state
            000053c0    _RTDX_writing
            000053ca    _RTDX_Buffer_Start
            000053cc    _RTDX_Buffer_End
            0000541d    _BL
            000054a3    _HST_HOST_CHANNEL_DRIVER
            000054a4    C55_BIOSDATAOBJ
            000054a4    _GBL_procId
            000054a6    _GBL_clkIn
            000054a8    _GBL_freq
            000054aa    _CLK_htimeDiv
            000054ab    PRDHeartBeat$sts$maxfmt
            000054ac    _CLK_htimeMult
            000054ae    _CLK_ltimeDiv
            000054b0    _CLK_ltimeMult
            000054b2    _CLK_D_dirty
            000054b4    PRDHeartBeat$sts$sumfmt
            000054b4    _CLK_D_prd
            000054b6    _CLK_D_tddr
            000054b8    _CLK_D_countspms
            000054ba    CLK_D_idletime
            000054bc    CLK_D_isrhook
            000054bc    _CLK_isrhook
            000054bd    PRDHeartBeat$sts$avgfmt
            000054be    CLK_D_tabbeg
            000054c0    CLK_D_timefxn
            000054c2    CLK_R_timh
            000054c2    _CLK_time
            000054c3    CLK_R_timl
            000054c4    HST_D_chanmask
            000054c6    IDL_D_calbeg
            000054c8    IDL_D_calibrate
            000054c8    PRD_swi$sts$maxfmt
            000054ca    IDL_D_tabbeg
            000054cc    LOG_D_system
            000054cc    _LOG_D_system
            000054ce    PIP_D_tabbeg
            000054d0    PIP_D_tablen
            000054d0    PRD_swi$sts$sumfmt
            000054d2    PRD_D_cur
            000054d4    PRD_D_elapsed
            000054d5    PRD_D_prevtim
            000054d6    PRD_D_scalar
            000054d8    PRD_D_swihandle
            000054d8    PRD_swi$sts$avgfmt
            000054da    PRD_D_tabbeg
            000054dc    PRD_D_tablen
            000054de    PRD_D_thook
            000054e0    PRD_D_tickh
            000054e1    PRD_D_tickl
            000054e1    _PRD_D_tick
            000054e2    KNL_swi$sts$maxfmt
            000054e2    SWI_D_runaddr
            000054e2    _SWI_data
            000054e4    SWI_D_execaddr
            000054e6    SWI_D_curmask
            000054e6    _SWI_D_curmask
            000054e7    SWI_D_curset
            000054e8    SWI_D_lock
            000054e8    _SWI_D_lock
            000054e9    SWI_D_curmbox
            000054ea    KNL_swi$sts$sumfmt
            000054ea    SWI_D_curfxn
            000054ea    _SWI_D_curfxn
            000054ec    SWI_D_rdybeg
            000054ec    _SWI_D_rdybeg
            000054ee    SWI_D_rdytab
            000054f2    KNL_swi$sts$avgfmt
            000054fc    TSK_idle$sts$maxfmt
            00005504    TSK_idle$sts$sumfmt
            0000550c    TSK_idle$sts$avgfmt
            00005516    TaskAudioProcessing$sts$maxfmt
            0000551e    TaskAudioProcessing$sts$sumfmt
            00005526    TaskAudioProcessing$sts$avgfmt
            0000552a    SWI_D_inswi
            0000552a    _SWI_D_inswi
            0000552c    HWI_D_spsave
            0000552c    _HWI_D_spsave
            0000552c    _HWI_data
            0000552e    HWI_D_sspsave
            0000552e    _HWI_D_sspsave
            00005530    HWI_D_stkbotaddr
            00005530    TSKUserInterface$sts$maxfmt
            00005532    HWI_D_systkbotaddr
            00005534    HWI_D_stktopaddr
            00005536    HWI_D_systktopaddr
            00005538    HWI_D_inhwi
            00005538    TSKUserInterface$sts$sumfmt
            00005538    _HWI_D_inhwi
            00005539    _MEM_D_NUMSEGMENTS
            0000553a    _MEM_D_memtab
            0000553c    _MEM_D_freelist
            0000553e    _MEM_D_lockaddr
            00005540    TSKUserInterface$sts$avgfmt
            00005540    _MEM_D_unlockaddr
            00005542    _SYS
            00005544    HST_D_tabbegaddr
            00005546    HST_D_tabendaddr
            00005548    TSK_D_idlstkaddr
            0000554a    IDL_busyObj$maxfmt
            0000554a    TSK_D_idlsystkaddr
            0000554c    RTDX_D_BufRead
            0000554d    IDL_busyObj$sumfmt
            0000554e    RTDX_D_BufWrite
            00005550    IDL_busyObj$avgfmt
            00005550    __HOOK_knlId
            00005552    __HOOK_NUMHOOKS
            00005554    RTA_D_fromHost
            00005556    RTA_D_toHost
            00005558    RTA_D_logval
            00005562    RTA_D_stsval
            0000556a    LNKCTRL
            0000556a    LNK_D_fromHostMask
            0000556b    LNK_D_dataReadyMask
            0000556c    LNK_D_readPend
            0000556d    LNK_D_readDone
            0000556e    LNK_D_readFail
            0000556f    LNK_D_writeFail
            00005570    IDL_D_busyObj
            00005572    _HWI_dispatchTab
            00005632    PRDHeartBeat
0000ac64                PRD_A_TABBEGb
            00005632    _PRDHeartBeat
            0000563c    PRDHeartBeat$aaa
0000ac7c                PRD_A_TABENDb
            00005640    _demoFilter
            00005686    _highPass
            000056d0    TSK_idle
            000056d0    _TSK_idle
            000056e8    TSK_idle$tskobj
            000056fc    TaskAudioProcessing
            000056fc    _TaskAudioProcessing
            00005714    TaskAudioProcessing$tskobj
            00005728    TSKUserInterface
            00005728    _TSKUserInterface
            00005740    TSKUserInterface$tskobj
            00005754    MBXAudio
            00005754    _MBXAudio
            0000575c    MBXAudio$data
            0000576c    MBXAudio$free
            00005788    MBXOutput
            00005788    _MBXOutput
            00005790    MBXOutput$data
            000057a0    MBXOutput$free
0000af6c                PIP_A_TABBEGb
            000057b6    RTA_fromHost$pipe
            000057b8    RTA_fromHost$pipe$rd
            000057ba    RTA_fromHost$pipe$rdaddr
            000057bc    RTA_fromHost$pipe$rdsize
            000057be    RTA_fromHost$pipe$rdcurdesc
            000057ce    RTA_fromHost$pipe$rdstshdl
            000057d0    RTA_fromHost$pipe$wr
            000057d2    RTA_fromHost$pipe$wraddr
            000057d4    RTA_fromHost$pipe$wrsize
            000057d6    RTA_fromHost$pipe$wrcurdesc
            000057e6    RTA_fromHost$pipe$wrstshdl
            000057e8    RTA_toHost$pipe
            000057ea    RTA_toHost$pipe$rd
            000057ec    RTA_toHost$pipe$rdaddr
            000057ee    RTA_toHost$pipe$rdsize
            000057f0    RTA_toHost$pipe$rdcurdesc
            00005800    RTA_toHost$pipe$rdstshdl
            00005802    RTA_toHost$pipe$wr
            00005804    RTA_toHost$pipe$wraddr
            00005806    RTA_toHost$pipe$wrsize
            00005808    RTA_toHost$pipe$wrcurdesc
            00005818    RTA_toHost$pipe$wrstshdl
0000b034                PIP_A_TABENDb
            0000581a    ___pinit__
            0000581a    pinit
            00005820    _delayLineLP
            00005866    RTA_fromHost$buf
            00005870    _delayLineHP
            000058b4    RTA_toHost$buf
            000058f4    PRDHeartBeat$sts$stsobj
0000b1e8                STS_A_TABBEGb
            000058f6    PRDHeartBeat$sts
            000058fc    PRD_swi$sts$stsobj
            000058fe    PRD_swi$sts
            00005904    KNL_swi$sts$stsobj
            00005906    KNL_swi$sts
            0000590c    TSK_idle$sts$stsobj
            0000590e    TSK_idle$sts
            00005914    TaskAudioProcessing$sts$stsobj
            00005916    TaskAudioProcessing$sts
            0000591c    TSKUserInterface$sts$stsobj
            0000591e    TSKUserInterface$sts
            00005924    IDL_busyObj$stsobj
            00005926    IDL_busyObj
            00005926    _IDL_busyObj
            0000592c    MBXAudio$queElems
0000b258                STS_A_TABENDb
            00005960    MBXOutput$queElems
            00005994    gblinit
            000059c6    PRD_SWIHANDLE
            000059c6    PRD_swi
0000b38c                SWI_A_TABBEGb
            000059c6    _PRD_swi
            000059da    KNL_swi
            000059da    _KNL_swi
0000b3dc                HST_A_TABBEGb
0000b3dc                SWI_A_TABENDb
            000059f0    RTA_fromHost
            000059f0    _RTA_fromHost
            000059f4    RTA_fromHost$rtdx
            000059fc    RTA_toHost
            000059fc    _RTA_toHost
            00005a00    RTA_toHost$rtdx
0000b410                HST_A_TABENDb
0000b410                LOG_A_TABBEGb
            00005a08    LOG_system
            00005a08    _LOG_system
            00005a12    _trace
            00005a12    trace
0000b438                IDL_A_TABBEGb
            00005a1c    LNK_dataPump
0000b438                LOG_A_TABENDb
            00005a1c    _LNK_dataPump
            00005a1e    RTA_dispatcher
            00005a1e    _RTA_dispatcher
            00005a20    IDL_cpuLoad
            00005a20    _IDL_cpuLoad
            00005a22    IDL_END
0000b448                IDL_A_CALBEGb
            00005a24    LNK_dataPump$
            00005a26    RTA_dispatcher$
            00005a28    IDL_cpuLoad$
            00005a2a    IDL_END$
            00005a2c    SYS$config
0000b468                CLK_A_TABBEGb
            00005a34    PRD_clock
            00005a34    _PRD_clock
            00005a36    CLK_NULL
            00005a38    TRC_cinit
            00005a39    TRC_R_mask
            00005a39    _TRC_R_mask
            00005a3a    GBL_initdone
            00005a3c    _CSL_McbspData
            00005aa2    _CSL_SysData
            00005ac4    _CSL_GpioData
0000dbef                GBL_TRCMASKVALUE
0000ff00                HWI_A_VECS
0000ff00                hwi0
0000ff08                hwi1
0000ff10                hwi2
0000ff18                hwi3
0000ff20                hwi4
0000ff28                hwi5
0000ff30                hwi6
0000ff38                hwi7
0000ff40                hwi8
0000ff48                hwi9
0000ff50                hwi10
0000ff58                hwi11
0000ff60                hwi12
0000ff68                hwi13
0000ff70                hwi14
0000ff78                hwi15
0000ff80                hwi16
0000ff88                hwi17
0000ff90                hwi18
0000ff98                hwi19
0000ffa0                hwi20
0000ffa8                hwi21
0000ffb0                hwi22
0000ffb8                hwi23
0000ffc0                hwi24
0000ffc8                hwi25
0000ffd0                hwi26
0000ffd8                hwi27
0000ffe0                hwi28
0000ffe8                hwi29
0000fff0                hwi30
0000fff8                hwi31
000124f7                CLK_PRD
000124f7                _CLK_PRD
000124f8                CLK_COUNTSPMS
000124f8                CLK_HTIMEPERLTIME
000124f8                _CLK_COUNTSPMS
000493e0                CLK_LTIMEMULT
000493e0                GBL_FREQ
00f80000                GBL_CACHEICRTAG1
00f81000                GBL_CACHEICRTAG2
ffffffff                VECT
ffffffff                _VECT
ffffffff                ___binit__
ffffffff                ___c_args__
ffffffff                binit

[1037 symbols]
