******************************************************************************
              TMS320C55x Linker PC v4.4.1                      
******************************************************************************
>> Linked Fri Feb 10 10:08:55 2023

OUTPUT FILE NAME:   <aic3204.out>
ENTRY POINT SYMBOL: "_c_int00"  address: 00003e32


MEMORY CONFIGURATION

         name            origin    length      used     unused   attr    fill
                        (bytes)   (bytes)    (bytes)   (bytes)
----------------------  --------  ---------  --------  --------  ----  --------
PAGE 0:
  MMR                   00000000   000000c0  00000000  000000c0  RWIX
  BTRSVD                000000c0   00000240  00000000  00000240  RWIX
  DARAM                 00000300   0000fb00  000053d8  0000a728  RWIX
  VECS                  0000fe00   00000200  00000100  00000100  RWIX
  CE0                   00010000   003f0000  00000000  003f0000  RWIX
  CE1                   00400000   00400000  00000000  00400000  RWIX
  CE2                   00800000   00400000  00000000  00400000  RWIX
  CE3                   00c00000   003f8000  00000000  003f8000  RWIX
  PDROM                 00ff8000   00008000  00000000  00008000  R IX

PAGE 2:
  IOPORT                00000000   00020000  00000000  00020000  RWI 


SECTION ALLOCATION MAP
(Addresses surrounded by []'s are displayed for convenience only!)

output                                                          attributes/
section   page  orgn(bytes) orgn(words) len(bytes) len(words)   input sections
--------  ----  ----------- ----------- ---------- ----------   --------------
.stack       0   [ 00000300 ]  00000180          *   00001000   
                 [ 00000300 ]  00000180          *   00001000   --HOLE-- [fill = 00]

.data        0   [ 00000300 ]  00000180          *   00000000   

.pinit       0   [ 00000300 ]  00000180          *   00000000   

.text        0     00002300  [ 00001180 ] 00001c48          *   
                   00002300  [ 00001180 ] 000003cc          *   rts55x.lib : divd.obj (.text)
                   000026cc  [ 00001366 ] 00000261          *   csl5502x.lib : mcbsp_rst.obj (.text:MCBSP_reset)
                   0000292d  [ 00001496+] 0000025a          *   rts55x.lib : addd.obj (.text)
                   00002b87  [ 000015c3+] 00000223          *   aic3204.obj (.text)
                   00002daa  [ 000016d5 ] 0000020c          *   ezdsp5502_gpio.obj (.text)
                   00002fb6  [ 000017db ] 00000002          *   rts55x.lib : vectors.obj (.text)
                   00002fb8  [ 000017dc ] 0000018e          *   csl5502x.lib : i2c_write.obj (.text:I2C_write)
                   00003146  [ 000018a3 ] 00000002          *   --HOLE-- [fill = 20]
                   00003148  [ 000018a4 ] 0000015d          *                : i2c_read.obj (.text:I2C_read)
                   000032a5  [ 00001952+] 0000014e          *   ezdsp5502_i2cgpio.obj (.text)
                   000033f3  [ 000019f9+] 0000014c          *   rts55x.lib : mpyd.obj (.text)
                   0000353f  [ 00001a9f ] 00000001          *   --HOLE-- [fill = 20]
                   00003540  [ 00001aa0 ] 00000130          *   csl5502x.lib : mcbsp_cfg.obj (.text:MCBSP_config)
                   00003670  [ 00001b38 ] 000000ee          *                : mcbsp_open.obj (.text:MCBSP_open)
                   0000375e  [ 00001baf ] 000000ea          *   myNCO.obj (.text)
                   00003848  [ 00001c24 ] 000000ba          *   ezdsp5502_mcbsp.obj (.text)
                   00003902  [ 00001c81 ] 00000002          *   --HOLE-- [fill = 20]
                   00003904  [ 00001c82 ] 00000082          *   csl5502x.lib : mcbsp_start.obj (.text:MCBSP_start)
                   00003986  [ 00001cc3 ] 00000077          *   rts55x.lib : fixdul.obj (.text)
                   000039fd  [ 00001cfe+] 00000076          *              : frcmpyd.obj (.text)
                   00003a73  [ 00001d39+] 00000073          *              : frcmpyd_div.obj (.text)
                   00003ae6  [ 00001d73 ] 00000002          *   --HOLE-- [fill = 20]
                   00003ae8  [ 00001d74 ] 00000072          *   csl5502x.lib : i2c_cfg.obj (.text:I2C_config)
                   00003b5a  [ 00001dad ] 0000006f          *   ezdsp5502.obj (.text)
                   00003bc9  [ 00001de4+] 0000006d          *   ezdsp5502_i2c.obj (.text)
                   00003c36  [ 00001e1b ] 0000005b          *   rts55x.lib : fltuld.obj (.text)
                   00003c91  [ 00001e48 ] 00000003          *   --HOLE-- [fill = 20]
                   00003c94  [ 00001e4a ] 0000004f          *   csl5502x.lib : gpio_open.obj (.text:GPIO_open)
                   00003ce3  [ 00001e71+] 0000004d          *   rts55x.lib : autoinit.obj (.text)
                   00003d30  [ 00001e98 ] 0000004b          *              : args_main.obj (.text)
                   00003d7b  [ 00001ebd+] 00000042          *   main.obj (.text)
                   00003dbd  [ 00001ede+] 0000003e          *   rts55x.lib : exit.obj (.text)
                   00003dfb  [ 00001efd ] 00000001          *   --HOLE-- [fill = 20]
                   00003dfc  [ 00001efe ] 00000036          *   csl5502x.lib : mcbsp_cls.obj (.text:MCBSP_close)
                   00003e32  [ 00001f19 ] 00000034          *   rts55x.lib : boot.obj (.text)
                   00003e66  [ 00001f33 ] 00000002          *   --HOLE-- [fill = 20]
                   00003e68  [ 00001f34 ] 0000001f          *   csl5502x.lib : gpio_dir.obj (.text:GPIO_pinDirection)
                   00003e87  [ 00001f43 ] 00000001          *   --HOLE-- [fill = 20]
                   00003e88  [ 00001f44 ] 0000001f          *                : gpio_write.obj (.text:GPIO_pinWrite)
                   00003ea7  [ 00001f53 ] 00000001          *   --HOLE-- [fill = 20]
                   00003ea8  [ 00001f54 ] 00000014          *                : gpio_read.obj (.text:GPIO_pinRead)
                   00003ebc  [ 00001f5e ] 00000013          *                : gpio_enab.obj (.text:GPIO_pinEnable)
                   00003ecf  [ 00001f67+] 00000013          *   rts55x.lib : lmpy.obj (.text)
                   00003ee2  [ 00001f71 ] 00000012          *              : _lock.obj (.text)
                   00003ef4  [ 00001f7a ] 0000000f          *   csl5502x.lib : irq_gdisab.obj (.text:IRQ_globalDisable)
                   00003f03  [ 00001f81 ] 00000001          *   --HOLE-- [fill = 20]
                   00003f04  [ 00001f82 ] 0000000d          *                : _csl_init.obj (.text:_CSL_init)
                   00003f11  [ 00001f88 ] 00000003          *   --HOLE-- [fill = 20]
                   00003f14  [ 00001f8a ] 0000000c          *                : csl.obj (.text:CSL_init)
                   00003f20  [ 00001f90 ] 0000000c          *                : irq_grest.obj (.text:IRQ_globalRestore)
                   00003f2c  [ 00001f96 ] 00000007          *   rts55x.lib : exit.obj (.text:CIO_breakpoint)
                   00003f33  [ 00001f99 ] 00000001          *   --HOLE-- [fill = 20]
                   00003f34  [ 00001f9a ] 00000007          *   csl5502x.lib : mcbsp_r16.obj (.text:MCBSP_read16)
                   00003f3b  [ 00001f9d ] 00000001          *   --HOLE-- [fill = 20]
                   00003f3c  [ 00001f9e ] 00000007          *                : mcbsp_w16.obj (.text:MCBSP_write16)
                   00003f43  [ 00001fa1 ] 00000001          *   --HOLE-- [fill = 20]
                   00003f44  [ 00001fa2 ] 00000002          *                : csl.obj (.text)
                   00003f46  [ 00001fa3 ] 00000002          *   --HOLE-- [fill = 20]

.sysstack 
*            0   [ 00003f60 ]  00001fb0          *   00000800   
                 [ 00003f60 ]  00001fb0          *   00000800   --HOLE-- [fill = 00]

.const       0   [ 00004f60 ]  000027b0          *   00000236   
                 [ 00004f60 ]  000027b0          *   00000100   myNCO.obj (.const:_sinusoid)
                 [ 00005160 ]  000028b0          *   00000100   myNCO.obj (.const:_triangle)
                 [ 00005360 ]  000029b0          *   0000001b   ezdsp5502_mcbsp.obj (.const:_$P$T0$1)
                 [ 00005396 ]  000029cb          *   0000000a   ezdsp5502_i2c.obj (.const:_$P$T0$1)
                 [ 000053aa ]  000029d5          *   00000008   rts55x.lib : divd.obj (.const:_initial_approx$1)
                 [ 000053ba ]  000029dd          *   00000001   --HOLE-- [fill = 00]
                 [ 000053bc ]  000029de          *   00000004   myNCO.obj (.const)
                 [ 000053c4 ]  000029e2          *   00000002   main.obj (.const)
                 [ 000053c8 ]  000029e4          *   00000002   rts55x.lib : fltuld.obj (.const)

.cinit       0   [ 000053cc ]  000029e6          *   000000d0   
                 [ 000053cc ]  000029e6          *   00000069   csl5502x.lib : csl_mcbspdat.obj (.cinit)
                 [ 0000549e ]  00002a4f          *   00000025                : csl_csldat.obj (.cinit)
                 [ 000054e8 ]  00002a74          *   00000023                : csl_gpiodat.obj (.cinit)
                 [ 0000552e ]  00002a97          *   0000000a   myNCO.obj (.cinit)
                 [ 00005542 ]  00002aa1          *   0000000a   rts55x.lib : _lock.obj (.cinit)
                 [ 00005556 ]  00002aab          *   0000000a              : exit.obj (.cinit)
                 [ 0000556a ]  00002ab5          *   00000001   --HOLE-- [fill = 0]

.csldata     0   [ 00005580 ]  00002ac0          *   000000a8   
                 [ 00005580 ]  00002ac0          *   00000066   csl5502x.lib : csl_mcbspdat.obj (.csldata:MCBSP_data) [fill = 00]
                 [ 0000564c ]  00002b26          *   00000022                : csl_csldat.obj (.csldata:SYS_data) [fill = 00]
                 [ 00005690 ]  00002b48          *   00000020                : csl_gpiodat.obj (.csldata:GPIO_data) [fill = 00]

.bss         0   [ 000056e0 ]  00002b70          *   0000001a   
                 [ 000056e0 ]  00002b70          *   00000008   ezdsp5502_gpio.obj (.bss) [fill = 00]
                 [ 000056f0 ]  00002b78          *   00000008   myNCO.obj (.bss) [fill = 00]
                 [ 00005700 ]  00002b80          *   00000004   rts55x.lib : _lock.obj (.bss) [fill = 00]
                 [ 00005708 ]  00002b84          *   00000004              : exit.obj (.bss) [fill = 00]
                 [ 00005710 ]  00002b88          *   00000002   ezdsp5502_mcbsp.obj (.bss) [fill = 00]

vectors      0     0000fe00  [ 00007f00 ] 00000100          *   
                   0000fe00  [ 00007f00 ] 00000100          *   rts55x.lib : vectors.obj (vectors)


GLOBAL SYMBOLS: SORTED ALPHABETICALLY BY Name 

abs. value/
byte addr   word addr   name
---------   ---------   ----
00000002                $TI_capability$C5500$CallingConvention
00000002                $TI_capability$C5500$MemoryModel
00000001                $TI_capability_requires_rev2
            00002b70    .bss
            00000180    .data
00002300                .text
00003f2d                C$$EXIT
00003ecf                I$$LMPY
00002b87                _AIC3204_rget
00002bd4                _AIC3204_rset
00003f44                _CSL5502_LIB_
            00002b48    _CSL_GpioData
            00002ac0    _CSL_McbspData
            00002b26    _CSL_SysData
00003f14                _CSL_init
00002f3b                _EZDSP5502_GPIO_getInput
00002daa                _EZDSP5502_GPIO_init
00002e41                _EZDSP5502_GPIO_setDirection
00002ebe                _EZDSP5502_GPIO_setOutput
000032a5                _EZDSP5502_I2CGPIO_configLine
0000337c                _EZDSP5502_I2CGPIO_read
000032f8                _EZDSP5502_I2CGPIO_readLine
000033c9                _EZDSP5502_I2CGPIO_write
00003329                _EZDSP5502_I2CGPIO_writeLine
00003bc9                _EZDSP5502_I2C_init
00003c12                _EZDSP5502_I2C_read
00003be6                _EZDSP5502_I2C_reset
00003bf0                _EZDSP5502_I2C_write
0000388c                _EZDSP5502_MCBSP_close
00003848                _EZDSP5502_MCBSP_init
000038ce                _EZDSP5502_MCBSP_read
0000389e                _EZDSP5502_MCBSP_write
00003bb0                _EZDSP5502_init
00003b6a                _EZDSP5502_wait
00003b9e                _EZDSP5502_waitusec
00003c94                _GPIO_open
00003e68                _GPIO_pinDirection
00003ebc                _GPIO_pinEnable
00003ea8                _GPIO_pinRead
00003e88                _GPIO_pinWrite
00003ae8                _I2C_config
00003148                _I2C_read
00002fb8                _I2C_write
00003ef4                _IRQ_globalDisable
00003f20                _IRQ_globalRestore
00003dfc                _MCBSP_close
00003540                _MCBSP_config
00003670                _MCBSP_open
00003f34                _MCBSP_read16
000026cc                _MCBSP_reset
00003904                _MCBSP_start
00003f3c                _MCBSP_write16
0000fe00                _Reset
00003f04                __CSL_init
            00001180    __STACK_END
00002000                __STACK_SIZE
00001000                __SYSSTACK_SIZE
00000001                __TI_args_main
ffffffff                ___binit__
            00002b70    ___bss__
ffffffff                ___c_args__
            000029e6    ___cinit__
            00000180    ___data__
            00000180    ___edata__
            00002b8a    ___end__
00003f48                ___etext__
ffffffff                ___pinit__
00002300                ___text__
0000292d                __addd
00003d30                __args_main
            00002b84    __cleanup_ptr
00002300                __divd
            00002b86    __dtors_ptr
00003986                __fixdul
00003c36                __fltuld
000039fd                __frcmpyd
00003a73                __frcmpyd_div
            00002b80    __lock
000033f3                __mpyd
00003ecf                __mpyli
00003ef2                __nop
00003eea                __register_lock
00003ee2                __register_unlock
            00000180    __stack
            00001fb0    __sysstack
            00002b82    __unlock
00003f2c                _abort
00002d96                _aic3204_output_sample
00002bfe                _aic3204_setup
            00002b88    _aicMcbsp
00003ce3                _auto_init
00003e32                _c_int00
00003dbd                _exit
            00002b7e    _f
            00002b70    _hGPIO_group0
            00002b72    _hGPIO_group1
            00002b74    _hGPIO_group2
            00002b76    _hGPIO_group3
            00002b7a    _index
00003d7b                _main
00003790                _nco_run_sinusoid
000037ec                _nco_run_triangle
0000375e                _nco_set_frequency
            00002b7c    _pa
            000027b0    _sinusoid
            000028b0    _triangle
ffffffff                binit
            000029e6    cinit
            00000180    edata
            00002b8a    end
00003f48                etext
ffffffff                pinit


GLOBAL SYMBOLS: SORTED BY Symbol Address 

abs. value/
byte addr   word addr   name
---------   ---------   ----
00000001                $TI_capability_requires_rev2
00000001                __TI_args_main
00000002                $TI_capability$C5500$CallingConvention
00000002                $TI_capability$C5500$MemoryModel
            00000180    .data
            00000180    ___data__
            00000180    ___edata__
            00000180    __stack
            00000180    edata
00001000                __SYSSTACK_SIZE
00002000                __STACK_SIZE
00002300                .text
            00001180    __STACK_END
00002300                ___text__
00002300                __divd
000026cc                _MCBSP_reset
0000292d                __addd
00002b87                _AIC3204_rget
00002bd4                _AIC3204_rset
00002bfe                _aic3204_setup
00002d96                _aic3204_output_sample
00002daa                _EZDSP5502_GPIO_init
00002e41                _EZDSP5502_GPIO_setDirection
00002ebe                _EZDSP5502_GPIO_setOutput
00002f3b                _EZDSP5502_GPIO_getInput
00002fb8                _I2C_write
00003148                _I2C_read
000032a5                _EZDSP5502_I2CGPIO_configLine
000032f8                _EZDSP5502_I2CGPIO_readLine
00003329                _EZDSP5502_I2CGPIO_writeLine
0000337c                _EZDSP5502_I2CGPIO_read
000033c9                _EZDSP5502_I2CGPIO_write
000033f3                __mpyd
00003540                _MCBSP_config
00003670                _MCBSP_open
0000375e                _nco_set_frequency
00003790                _nco_run_sinusoid
000037ec                _nco_run_triangle
00003848                _EZDSP5502_MCBSP_init
0000388c                _EZDSP5502_MCBSP_close
0000389e                _EZDSP5502_MCBSP_write
000038ce                _EZDSP5502_MCBSP_read
00003904                _MCBSP_start
00003986                __fixdul
000039fd                __frcmpyd
00003a73                __frcmpyd_div
00003ae8                _I2C_config
00003b6a                _EZDSP5502_wait
00003b9e                _EZDSP5502_waitusec
00003bb0                _EZDSP5502_init
00003bc9                _EZDSP5502_I2C_init
00003be6                _EZDSP5502_I2C_reset
00003bf0                _EZDSP5502_I2C_write
00003c12                _EZDSP5502_I2C_read
00003c36                __fltuld
00003c94                _GPIO_open
00003ce3                _auto_init
00003d30                __args_main
00003d7b                _main
00003dbd                _exit
00003dfc                _MCBSP_close
00003e32                _c_int00
00003e68                _GPIO_pinDirection
00003e88                _GPIO_pinWrite
00003ea8                _GPIO_pinRead
00003ebc                _GPIO_pinEnable
00003ecf                I$$LMPY
00003ecf                __mpyli
00003ee2                __register_unlock
00003eea                __register_lock
00003ef2                __nop
00003ef4                _IRQ_globalDisable
00003f04                __CSL_init
00003f14                _CSL_init
00003f20                _IRQ_globalRestore
00003f2c                _abort
00003f2d                C$$EXIT
00003f34                _MCBSP_read16
00003f3c                _MCBSP_write16
00003f44                _CSL5502_LIB_
00003f48                ___etext__
00003f48                etext
            00001fb0    __sysstack
            000027b0    _sinusoid
            000028b0    _triangle
            000029e6    ___cinit__
            000029e6    cinit
            00002ac0    _CSL_McbspData
            00002b26    _CSL_SysData
            00002b48    _CSL_GpioData
            00002b70    .bss
            00002b70    ___bss__
            00002b70    _hGPIO_group0
            00002b72    _hGPIO_group1
            00002b74    _hGPIO_group2
            00002b76    _hGPIO_group3
            00002b7a    _index
            00002b7c    _pa
            00002b7e    _f
            00002b80    __lock
            00002b82    __unlock
            00002b84    __cleanup_ptr
            00002b86    __dtors_ptr
            00002b88    _aicMcbsp
            00002b8a    ___end__
            00002b8a    end
0000fe00                _Reset
ffffffff                ___binit__
ffffffff                ___c_args__
ffffffff                ___pinit__
ffffffff                binit
ffffffff                pinit

[112 symbols]
