******************************************************************************
              TMS320C55x Linker PC v4.4.1                      
******************************************************************************
>> Linked Fri Feb 10 14:36:03 2023

OUTPUT FILE NAME:   <aic3204.out>
ENTRY POINT SYMBOL: "_c_int00"  address: 00003efa


MEMORY CONFIGURATION

         name            origin    length      used     unused   attr    fill
                        (bytes)   (bytes)    (bytes)   (bytes)
----------------------  --------  ---------  --------  --------  ----  --------
PAGE 0:
  MMR                   00000000   000000c0  00000000  000000c0  RWIX
  BTRSVD                000000c0   00000240  00000000  00000240  RWIX
  DARAM                 00000300   0000fb00  000054bc  0000a644  RWIX
  VECS                  0000fe00   00000200  00000100  00000100  RWIX
  CE0                   00010000   003f0000  00000000  003f0000  RWIX
  CE1                   00400000   00400000  00000000  00400000  RWIX
  CE2                   00800000   00400000  00000000  00400000  RWIX
  CE3                   00c00000   003f8000  00000000  003f8000  RWIX
  PDROM                 00ff8000   00008000  00000000  00008000  R IX

PAGE 2:
  IOPORT                00000000   00020000  00000000  00020000  RWI 


SECTION ALLOCATION MAP
(Addresses surrounded by []'s are displayed for convenience only!)

output                                                          attributes/
section   page  orgn(bytes) orgn(words) len(bytes) len(words)   input sections
--------  ----  ----------- ----------- ---------- ----------   --------------
.stack       0   [ 00000300 ]  00000180          *   00001000   
                 [ 00000300 ]  00000180          *   00001000   --HOLE-- [fill = 00]

.data        0   [ 00000300 ]  00000180          *   00000000   

.pinit       0   [ 00000300 ]  00000180          *   00000000   

.text        0     00002300  [ 00001180 ] 00001d1c          *   
                   00002300  [ 00001180 ] 000003cc          *   rts55x.lib : divd.obj (.text)
                   000026cc  [ 00001366 ] 00000261          *   csl5502x.lib : mcbsp_rst.obj (.text:MCBSP_reset)
                   0000292d  [ 00001496+] 0000025a          *   rts55x.lib : addd.obj (.text)
                   00002b87  [ 000015c3+] 00000223          *   aic3204.obj (.text)
                   00002daa  [ 000016d5 ] 0000020c          *   ezdsp5502_gpio.obj (.text)
                   00002fb6  [ 000017db ] 00000002          *   rts55x.lib : vectors.obj (.text)
                   00002fb8  [ 000017dc ] 0000018e          *   csl5502x.lib : i2c_write.obj (.text:I2C_write)
                   00003146  [ 000018a3 ] 00000002          *   --HOLE-- [fill = 20]
                   00003148  [ 000018a4 ] 0000015d          *                : i2c_read.obj (.text:I2C_read)
                   000032a5  [ 00001952+] 0000014e          *   ezdsp5502_i2cgpio.obj (.text)
                   000033f3  [ 000019f9+] 0000014c          *   rts55x.lib : mpyd.obj (.text)
                   0000353f  [ 00001a9f ] 00000001          *   --HOLE-- [fill = 20]
                   00003540  [ 00001aa0 ] 00000130          *   csl5502x.lib : mcbsp_cfg.obj (.text:MCBSP_config)
                   00003670  [ 00001b38 ] 00000104          *   myNCO.obj (.text)
                   00003774  [ 00001bba ] 000000ee          *   csl5502x.lib : mcbsp_open.obj (.text:MCBSP_open)
                   00003862  [ 00001c31 ] 000000ba          *   ezdsp5502_mcbsp.obj (.text)
                   0000391c  [ 00001c8e ] 0000008b          *   main.obj (.text)
                   000039a7  [ 00001cd3 ] 00000001          *   --HOLE-- [fill = 20]
                   000039a8  [ 00001cd4 ] 00000082          *   csl5502x.lib : mcbsp_start.obj (.text:MCBSP_start)
                   00003a2a  [ 00001d15 ] 00000077          *   rts55x.lib : fixdul.obj (.text)
                   00003aa1  [ 00001d50+] 00000076          *              : frcmpyd.obj (.text)
                   00003b17  [ 00001d8b+] 00000073          *              : frcmpyd_div.obj (.text)
                   00003b8a  [ 00001dc5 ] 00000002          *   --HOLE-- [fill = 20]
                   00003b8c  [ 00001dc6 ] 00000072          *   csl5502x.lib : i2c_cfg.obj (.text:I2C_config)
                   00003bfe  [ 00001dff ] 0000006f          *   ezdsp5502.obj (.text)
                   00003c6d  [ 00001e36+] 0000006d          *   ezdsp5502_i2c.obj (.text)
                   00003cda  [ 00001e6d ] 00000067          *   rts55x.lib : fltlid.obj (.text)
                   00003d41  [ 00001ea0+] 0000005b          *              : fltuld.obj (.text)
                   00003d9c  [ 00001ece ] 0000004f          *   csl5502x.lib : gpio_open.obj (.text:GPIO_open)
                   00003deb  [ 00001ef5+] 0000004d          *   rts55x.lib : autoinit.obj (.text)
                   00003e38  [ 00001f1c ] 0000004b          *              : args_main.obj (.text)
                   00003e83  [ 00001f41+] 0000003e          *              : exit.obj (.text)
                   00003ec1  [ 00001f60 ] 00000003          *   --HOLE-- [fill = 20]
                   00003ec4  [ 00001f62 ] 00000036          *   csl5502x.lib : mcbsp_cls.obj (.text:MCBSP_close)
                   00003efa  [ 00001f7d ] 00000034          *   rts55x.lib : boot.obj (.text)
                   00003f2e  [ 00001f97 ] 00000002          *   --HOLE-- [fill = 20]
                   00003f30  [ 00001f98 ] 0000001f          *   csl5502x.lib : gpio_dir.obj (.text:GPIO_pinDirection)
                   00003f4f  [ 00001fa7 ] 00000001          *   --HOLE-- [fill = 20]
                   00003f50  [ 00001fa8 ] 0000001f          *                : gpio_write.obj (.text:GPIO_pinWrite)
                   00003f6f  [ 00001fb7 ] 00000001          *   --HOLE-- [fill = 20]
                   00003f70  [ 00001fb8 ] 00000014          *                : gpio_read.obj (.text:GPIO_pinRead)
                   00003f84  [ 00001fc2 ] 00000013          *                : gpio_enab.obj (.text:GPIO_pinEnable)
                   00003f97  [ 00001fcb+] 00000013          *   rts55x.lib : lmpy.obj (.text)
                   00003faa  [ 00001fd5 ] 00000012          *              : _lock.obj (.text)
                   00003fbc  [ 00001fde ] 0000000f          *   csl5502x.lib : irq_gdisab.obj (.text:IRQ_globalDisable)
                   00003fcb  [ 00001fe5 ] 00000001          *   --HOLE-- [fill = 20]
                   00003fcc  [ 00001fe6 ] 0000000d          *                : _csl_init.obj (.text:_CSL_init)
                   00003fd9  [ 00001fec ] 00000003          *   --HOLE-- [fill = 20]
                   00003fdc  [ 00001fee ] 0000000c          *                : csl.obj (.text:CSL_init)
                   00003fe8  [ 00001ff4 ] 0000000c          *                : irq_grest.obj (.text:IRQ_globalRestore)
                   00003ff4  [ 00001ffa ] 0000000c          *   rts55x.lib : fltid.obj (.text)
                   00004000  [ 00002000 ] 00000007          *              : exit.obj (.text:CIO_breakpoint)
                   00004007  [ 00002003 ] 00000001          *   --HOLE-- [fill = 20]
                   00004008  [ 00002004 ] 00000007          *   csl5502x.lib : mcbsp_r16.obj (.text:MCBSP_read16)
                   0000400f  [ 00002007 ] 00000001          *   --HOLE-- [fill = 20]
                   00004010  [ 00002008 ] 00000007          *                : mcbsp_w16.obj (.text:MCBSP_write16)
                   00004017  [ 0000200b ] 00000001          *   --HOLE-- [fill = 20]
                   00004018  [ 0000200c ] 00000002          *                : csl.obj (.text)
                   0000401a  [ 0000200d ] 00000002          *   --HOLE-- [fill = 20]

.sysstack 
*            0   [ 00004020 ]  00002010          *   00000800   
                 [ 00004020 ]  00002010          *   00000800   --HOLE-- [fill = 00]

.const       0   [ 00005020 ]  00002810          *   00000238   
                 [ 00005020 ]  00002810          *   00000100   myNCO.obj (.const:_sinusoid)
                 [ 00005220 ]  00002910          *   00000100   myNCO.obj (.const:_triangle)
                 [ 00005420 ]  00002a10          *   0000001b   ezdsp5502_mcbsp.obj (.const:_$P$T0$1)
                 [ 00005456 ]  00002a2b          *   0000000a   ezdsp5502_i2c.obj (.const:_$P$T0$1)
                 [ 0000546a ]  00002a35          *   00000008   rts55x.lib : divd.obj (.const:_initial_approx$1)
                 [ 0000547a ]  00002a3d          *   00000001   --HOLE-- [fill = 00]
                 [ 0000547c ]  00002a3e          *   00000004   myNCO.obj (.const)
                 [ 00005484 ]  00002a42          *   00000002   main.obj (.const)
                 [ 00005488 ]  00002a44          *   00000002   rts55x.lib : fltlid.obj (.const)
                 [ 0000548c ]  00002a46          *   00000002              : fltuld.obj (.const)

.cinit       0   [ 00005490 ]  00002a48          *   000000d4   
                 [ 00005490 ]  00002a48          *   00000069   csl5502x.lib : csl_mcbspdat.obj (.cinit)
                 [ 00005562 ]  00002ab1          *   00000025                : csl_csldat.obj (.cinit)
                 [ 000055ac ]  00002ad6          *   00000023                : csl_gpiodat.obj (.cinit)
                 [ 000055f2 ]  00002af9          *   0000000e   myNCO.obj (.cinit)
                 [ 0000560e ]  00002b07          *   0000000a   rts55x.lib : _lock.obj (.cinit)
                 [ 00005622 ]  00002b11          *   0000000a              : exit.obj (.cinit)
                 [ 00005636 ]  00002b1b          *   00000001   --HOLE-- [fill = 0]

.csldata     0   [ 00005640 ]  00002b20          *   000000a8   
                 [ 00005640 ]  00002b20          *   00000066   csl5502x.lib : csl_mcbspdat.obj (.csldata:MCBSP_data) [fill = 00]
                 [ 0000570c ]  00002b86          *   00000022                : csl_csldat.obj (.csldata:SYS_data) [fill = 00]
                 [ 00005750 ]  00002ba8          *   00000020                : csl_gpiodat.obj (.csldata:GPIO_data) [fill = 00]

.bss         0   [ 000057a0 ]  00002bd0          *   0000001c   
                 [ 000057a0 ]  00002bd0          *   0000000a   myNCO.obj (.bss) [fill = 00]
                 [ 000057b4 ]  00002bda          *   00000008   ezdsp5502_gpio.obj (.bss) [fill = 00]
                 [ 000057c4 ]  00002be2          *   00000004   rts55x.lib : _lock.obj (.bss) [fill = 00]
                 [ 000057cc ]  00002be6          *   00000004              : exit.obj (.bss) [fill = 00]
                 [ 000057d4 ]  00002bea          *   00000002   ezdsp5502_mcbsp.obj (.bss) [fill = 00]

vectors      0     0000fe00  [ 00007f00 ] 00000100          *   
                   0000fe00  [ 00007f00 ] 00000100          *   rts55x.lib : vectors.obj (vectors)


GLOBAL SYMBOLS: SORTED ALPHABETICALLY BY Name 

abs. value/
byte addr   word addr   name
---------   ---------   ----
00000002                $TI_capability$C5500$CallingConvention
00000002                $TI_capability$C5500$MemoryModel
00000001                $TI_capability_requires_rev2
            00002bd0    .bss
            00000180    .data
00002300                .text
00004001                C$$EXIT
00003f97                I$$LMPY
00002b87                _AIC3204_rget
00002bd4                _AIC3204_rset
00004018                _CSL5502_LIB_
            00002ba8    _CSL_GpioData
            00002b20    _CSL_McbspData
            00002b86    _CSL_SysData
00003fdc                _CSL_init
00002f3b                _EZDSP5502_GPIO_getInput
00002daa                _EZDSP5502_GPIO_init
00002e41                _EZDSP5502_GPIO_setDirection
00002ebe                _EZDSP5502_GPIO_setOutput
000032a5                _EZDSP5502_I2CGPIO_configLine
0000337c                _EZDSP5502_I2CGPIO_read
000032f8                _EZDSP5502_I2CGPIO_readLine
000033c9                _EZDSP5502_I2CGPIO_write
00003329                _EZDSP5502_I2CGPIO_writeLine
00003c6d                _EZDSP5502_I2C_init
00003cb6                _EZDSP5502_I2C_read
00003c8a                _EZDSP5502_I2C_reset
00003c94                _EZDSP5502_I2C_write
000038a6                _EZDSP5502_MCBSP_close
00003862                _EZDSP5502_MCBSP_init
000038e8                _EZDSP5502_MCBSP_read
000038b8                _EZDSP5502_MCBSP_write
00003c54                _EZDSP5502_init
00003c0e                _EZDSP5502_wait
00003c42                _EZDSP5502_waitusec
00003d9c                _GPIO_open
00003f30                _GPIO_pinDirection
00003f84                _GPIO_pinEnable
00003f70                _GPIO_pinRead
00003f50                _GPIO_pinWrite
00003b8c                _I2C_config
00003148                _I2C_read
00002fb8                _I2C_write
00003fbc                _IRQ_globalDisable
00003fe8                _IRQ_globalRestore
00003ec4                _MCBSP_close
00003540                _MCBSP_config
00003774                _MCBSP_open
00004008                _MCBSP_read16
000026cc                _MCBSP_reset
000039a8                _MCBSP_start
00004010                _MCBSP_write16
0000fe00                _Reset
00003fcc                __CSL_init
            00001180    __STACK_END
00002000                __STACK_SIZE
00001000                __SYSSTACK_SIZE
00000001                __TI_args_main
ffffffff                ___binit__
            00002bd0    ___bss__
ffffffff                ___c_args__
            00002a48    ___cinit__
            00000180    ___data__
            00000180    ___edata__
            00002bec    ___end__
0000401c                ___etext__
ffffffff                ___pinit__
00002300                ___text__
0000292d                __addd
00003e38                __args_main
            00002be6    __cleanup_ptr
00002300                __divd
            00002be8    __dtors_ptr
00003a2a                __fixdul
00003ff4                __fltid
00003cda                __fltlid
00003d41                __fltuld
00003aa1                __frcmpyd
00003b17                __frcmpyd_div
            00002be2    __lock
000033f3                __mpyd
00003f97                __mpyli
00003fba                __nop
00003fb2                __register_lock
00003faa                __register_unlock
            00000180    __stack
            00002010    __sysstack
            00002be4    __unlock
00004000                _abort
00002d96                _aic3204_output_sample
00002bfe                _aic3204_setup
            00002bea    _aicMcbsp
00003deb                _auto_init
00003efa                _c_int00
00003e83                _exit
            00002bd8    _f
            00002bda    _hGPIO_group0
            00002bdc    _hGPIO_group1
            00002bde    _hGPIO_group2
            00002be0    _hGPIO_group3
            00002bd4    _index
0000391c                _main
000036b1                _nco_run_sinusoid
00003718                _nco_run_triangle
000036a2                _nco_set_attenuation
00003670                _nco_set_frequency
            00002bd6    _pa
            00002810    _sinusoid
            00002910    _triangle
ffffffff                binit
            00002a48    cinit
            00000180    edata
            00002bec    end
0000401c                etext
ffffffff                pinit


GLOBAL SYMBOLS: SORTED BY Symbol Address 

abs. value/
byte addr   word addr   name
---------   ---------   ----
00000001                $TI_capability_requires_rev2
00000001                __TI_args_main
00000002                $TI_capability$C5500$CallingConvention
00000002                $TI_capability$C5500$MemoryModel
            00000180    .data
            00000180    ___data__
            00000180    ___edata__
            00000180    __stack
            00000180    edata
00001000                __SYSSTACK_SIZE
00002000                __STACK_SIZE
00002300                .text
            00001180    __STACK_END
00002300                ___text__
00002300                __divd
000026cc                _MCBSP_reset
0000292d                __addd
00002b87                _AIC3204_rget
00002bd4                _AIC3204_rset
00002bfe                _aic3204_setup
00002d96                _aic3204_output_sample
00002daa                _EZDSP5502_GPIO_init
00002e41                _EZDSP5502_GPIO_setDirection
00002ebe                _EZDSP5502_GPIO_setOutput
00002f3b                _EZDSP5502_GPIO_getInput
00002fb8                _I2C_write
00003148                _I2C_read
000032a5                _EZDSP5502_I2CGPIO_configLine
000032f8                _EZDSP5502_I2CGPIO_readLine
00003329                _EZDSP5502_I2CGPIO_writeLine
0000337c                _EZDSP5502_I2CGPIO_read
000033c9                _EZDSP5502_I2CGPIO_write
000033f3                __mpyd
00003540                _MCBSP_config
00003670                _nco_set_frequency
000036a2                _nco_set_attenuation
000036b1                _nco_run_sinusoid
00003718                _nco_run_triangle
00003774                _MCBSP_open
00003862                _EZDSP5502_MCBSP_init
000038a6                _EZDSP5502_MCBSP_close
000038b8                _EZDSP5502_MCBSP_write
000038e8                _EZDSP5502_MCBSP_read
0000391c                _main
000039a8                _MCBSP_start
00003a2a                __fixdul
00003aa1                __frcmpyd
00003b17                __frcmpyd_div
00003b8c                _I2C_config
00003c0e                _EZDSP5502_wait
00003c42                _EZDSP5502_waitusec
00003c54                _EZDSP5502_init
00003c6d                _EZDSP5502_I2C_init
00003c8a                _EZDSP5502_I2C_reset
00003c94                _EZDSP5502_I2C_write
00003cb6                _EZDSP5502_I2C_read
00003cda                __fltlid
00003d41                __fltuld
00003d9c                _GPIO_open
00003deb                _auto_init
00003e38                __args_main
00003e83                _exit
00003ec4                _MCBSP_close
00003efa                _c_int00
00003f30                _GPIO_pinDirection
00003f50                _GPIO_pinWrite
00003f70                _GPIO_pinRead
00003f84                _GPIO_pinEnable
00003f97                I$$LMPY
00003f97                __mpyli
00003faa                __register_unlock
00003fb2                __register_lock
00003fba                __nop
00003fbc                _IRQ_globalDisable
00003fcc                __CSL_init
00003fdc                _CSL_init
00003fe8                _IRQ_globalRestore
00003ff4                __fltid
00004000                _abort
00004001                C$$EXIT
00004008                _MCBSP_read16
00004010                _MCBSP_write16
00004018                _CSL5502_LIB_
0000401c                ___etext__
0000401c                etext
            00002010    __sysstack
            00002810    _sinusoid
            00002910    _triangle
            00002a48    ___cinit__
            00002a48    cinit
            00002b20    _CSL_McbspData
            00002b86    _CSL_SysData
            00002ba8    _CSL_GpioData
            00002bd0    .bss
            00002bd0    ___bss__
            00002bd4    _index
            00002bd6    _pa
            00002bd8    _f
            00002bda    _hGPIO_group0
            00002bdc    _hGPIO_group1
            00002bde    _hGPIO_group2
            00002be0    _hGPIO_group3
            00002be2    __lock
            00002be4    __unlock
            00002be6    __cleanup_ptr
            00002be8    __dtors_ptr
            00002bea    _aicMcbsp
            00002bec    ___end__
            00002bec    end
0000fe00                _Reset
ffffffff                ___binit__
ffffffff                ___c_args__
ffffffff                ___pinit__
ffffffff                binit
ffffffff                pinit

[115 symbols]
