******************************************************************************
              TMS320C55x Linker PC v4.4.1                      
******************************************************************************
>> Linked Wed Feb 08 19:38:58 2023

OUTPUT FILE NAME:   <NCO.out>
ENTRY POINT SYMBOL: "_c_int00"  address: 0000455c


MEMORY CONFIGURATION

         name            origin    length      used     unused   attr    fill
                        (bytes)   (bytes)    (bytes)   (bytes)
----------------------  --------  ---------  --------  --------  ----  --------
PAGE 0:
  MMR                   00000000   000000c0  00000000  000000c0  RWIX
  BTRSVD                000000c0   00000240  00000000  00000240  RWIX
  DARAM                 00000300   0000fb00  0000a26e  00005892  RWIX
  VECS                  0000fe00   00000200  00000100  00000100  RWIX
  CE0                   00010000   003f0000  00000000  003f0000  RWIX
  CE1                   00400000   00400000  00000000  00400000  RWIX
  CE2                   00800000   00400000  00000000  00400000  RWIX
  CE3                   00c00000   003f8000  00000000  003f8000  RWIX
  PDROM                 00ff8000   00008000  00000000  00008000  R IX

PAGE 2:
  IOPORT                00000000   00020000  00000000  00020000  RWI 


SECTION ALLOCATION MAP
(Addresses surrounded by []'s are displayed for convenience only!)

output                                                          attributes/
section   page  orgn(bytes) orgn(words) len(bytes) len(words)   input sections
--------  ----  ----------- ----------- ---------- ----------   --------------
.text        0     00000300  [ 00000180 ] 00004566          *   
                   00000300  [ 00000180 ] 00001330          *   rts55.lib : _printfi.obj (.text)
                   00001630  [ 00000b18 ] 0000046c          *             : lowlev.obj (.text)
                   00001a9c  [ 00000d4e ] 00000465          *             : trgdrv.obj (.text)
                   00001f01  [ 00000f80+] 000003c8          *             : divd.obj (.text)
                   000022c9  [ 00001164+] 00000380          *             : memory.obj (.text)
                   00002649  [ 00001324+] 00000260          *             : addd.obj (.text)
                   000028a9  [ 00001454+] 0000025e          *             : llmpy.obj (.text)
                   00002b07  [ 00001583+] 00000256          *   aic3204_tone_headphone.obj (.text)
                   00002d5d  [ 000016ae+] 00000255          *   aic3204_loop_linein.obj (.text)
                   00002fb2  [ 000017d9 ] 00000222          *   rts55.lib : fopen.obj (.text)
                   000031d4  [ 000018ea ] 000001ea          *             : cmpd.obj (.text)
                   000033be  [ 000019df ] 000001e6          *   ezdsp5502_gpio.obj (.text)
                   000035a4  [ 00001ad2 ] 00000163          *   ezdsp5502_i2cgpio.obj (.text)
                   00003707  [ 00001b83+] 00000158          *   rts55.lib : mpyd.obj (.text)
                   0000385f  [ 00001c2f+] 0000012a          *             : fputs.obj (.text)
                   00003989  [ 00001cc4+] 000000d2          *   aic3204_test.obj (.text)
                   00003a5b  [ 00001d2d+] 000000b4          *   rts55.lib : _io_perm.obj (.text)
                   00003b0f  [ 00001d87+] 000000ad          *             : setvbuf.obj (.text)
                   00003bbc  [ 00001dde ] 000000aa          *             : fflush.obj (.text)
                   00003c66  [ 00001e33 ] 000000a8          *             : trgmsg.obj (.text:CIO_breakpoint)
                   00003d0e  [ 00001e87 ] 000000a6          *   ezdsp5502_mcbsp.obj (.text)
                   00003db4  [ 00001eda ] 000000a1          *   rts55.lib : divul.obj (.text)
                   00003e55  [ 00001f2a+] 00000085          *             : fputc.obj (.text)
                   00003eda  [ 00001f6d ] 00000077          *             : fixdul.obj (.text)
                   00003f51  [ 00001fa8+] 00000076          *             : frcmpyd.obj (.text)
                   00003fc7  [ 00001fe3+] 00000073          *             : frcmpyd_div.obj (.text)
                   0000403a  [ 0000201d ] 00000073          *             : ltoa.obj (.text)
                   000040ad  [ 00002056+] 00000072          *             : remul.obj (.text)
                   0000411f  [ 0000208f+] 0000006f          *   ezdsp5502.obj (.text)
                   0000418e  [ 000020c7 ] 0000006f          *   rts55.lib : fixdli.obj (.text)
                   000041fd  [ 000020fe+] 0000006b          *             : autoinit.obj (.text)
                   00004268  [ 00002134 ] 0000006a          *   ezdsp5502_i2c.obj (.text)
                   000042d2  [ 00002169 ] 00000062          *   rts55.lib : fltlid.obj (.text)
                   00004334  [ 0000219a ] 00000061          *             : fclose.obj (.text)
                   00004395  [ 000021ca+] 00000061          *             : trgmsg.obj (.text)
                   000043f6  [ 000021fb ] 0000005c          *   myNCO.obj (.text)
                   00004452  [ 00002229 ] 0000005c          *   rts55.lib : atoi.obj (.text)
                   000044ae  [ 00002257 ] 00000058          *             : fseek.obj (.text)
                   00004506  [ 00002283 ] 00000056          *             : fltuld.obj (.text)
                   0000455c  [ 000022ae ] 0000004c          *             : boot.obj (.text)
                   000045a8  [ 000022d4 ] 0000004b          *             : printf.obj (.text)
                   000045f3  [ 000022f9+] 0000004b          *             : remli.obj (.text)
                   0000463e  [ 0000231f ] 00000048          *             : divli.obj (.text)
                   00004686  [ 00002343 ] 00000041          *   main.obj (.text)
                   000046c7  [ 00002363+] 00000040          *   rts55.lib : args_main.obj (.text)
                   00004707  [ 00002383+] 0000003f          *             : memcpy.obj (.text)
                   00004746  [ 000023a3 ] 00000038          *             : exit.obj (.text)
                   0000477e  [ 000023bf ] 0000002a          *             : fixdi.obj (.text)
                   000047a8  [ 000023d4 ] 0000002a          *             : udiv.obj (.text)
                   000047d2  [ 000023e9 ] 0000001f          *             : memccpy.obj (.text)
                   000047f1  [ 000023f8+] 0000001a          *             : isinf.obj (.text)
                   0000480b  [ 00002405+] 00000014          *             : subd.obj (.text)
                   0000481f  [ 0000240f+] 00000013          *             : lmpy.obj (.text)
                   00004832  [ 00002419 ] 00000010          *             : _lock.obj (.text)
                   00004842  [ 00002421 ] 00000010          *             : negd.obj (.text)
                   00004852  [ 00002429 ] 0000000a          *             : remove.obj (.text)
                   0000485c  [ 0000242e ] 00000007          *             : exit.obj (.text:CIO_breakpoint)
                   00004863  [ 00002431+] 00000002          *             : vectors.obj (.text)
                   00004865  [ 00002432 ] 00000001          *   --HOLE-- [fill = 20]

.data        0   [ 00000300 ]  00000180          *   00000000   

.pinit       0   [ 00000300 ]  00000180          *   00000000   

.stack       0   [ 00004880 ]  00002440          *   00001000   
                 [ 00004880 ]  00002440          *   00001000   --HOLE-- [fill = 00]

.sysmem      0   [ 00006880 ]  00003440          *   00001000   UNINITIALIZED
                 [ 00006880 ]  00003440          *   00001000   --HOLE--

.sysstack 
*            0   [ 00008880 ]  00004440          *   00000800   
                 [ 00008880 ]  00004440          *   00000800   --HOLE-- [fill = 00]

.const       0   [ 00009880 ]  00004c40          *   000002e8   
                 [ 00009880 ]  00004c40          *   00000101   rts55.lib : ctype.obj (.const:__ctypes_)
                 [ 00009a82 ]  00004d41          *   00000100   myNCO.obj (.const:_sinusoid)
                 [ 00009c82 ]  00004e41          *   0000004f   aic3204_test.obj (.const:.string)
                 [ 00009d20 ]  00004e90          *   00000030   aic3204_tone_headphone.obj (.const:_$P$T0$1)
                 [ 00009d80 ]  00004ec0          *   00000023   rts55.lib : _printfi.obj (.const:.string)
                 [ 00009dc6 ]  00004ee3          *   0000001b   ezdsp5502_mcbsp.obj (.const:_$P$T0$1)
                 [ 00009dfc ]  00004efe          *   0000000c   rts55.lib : _printfi.obj (.const)
                 [ 00009e14 ]  00004f0a          *   0000000a   ezdsp5502_i2c.obj (.const:_$P$T0$1)
                 [ 00009e28 ]  00004f14          *   00000008   rts55.lib : divd.obj (.const:_initial_approx$1)
                 [ 00009e38 ]  00004f1c          *   00000004   myNCO.obj (.const)
                 [ 00009e40 ]  00004f20          *   00000002   rts55.lib : fputs.obj (.const:.string)
                 [ 00009e44 ]  00004f22          *   00000002   main.obj (.const)
                 [ 00009e48 ]  00004f24          *   00000002   rts55.lib : fltlid.obj (.const)
                 [ 00009e4c ]  00004f26          *   00000002             : fltuld.obj (.const)

.bss         0   [ 00009e60 ]  00004f30          *   0000021e   
                 [ 00009e60 ]  00004f30          *   000000dd   rts55.lib : defs.obj (.bss) [fill = 00]
                 [ 0000a01a ]  0000500d          *   000000d0             : trgdrv.obj (.bss) [fill = 00]
                 [ 0000a1ba ]  000050dd          *   00000001   ezdsp5502_mcbsp.obj (.bss) [fill = 00]
                 [ 0000a1bc ]  000050de          *   0000005d   rts55.lib : lowlev.obj (.bss) [fill = 00]
                 [ 0000a276 ]  0000513b          *   00000004   ezdsp5502_gpio.obj (.bss) [fill = 00]
                 [ 0000a27e ]  0000513f          *   00000001   rts55.lib : fopen.obj (.bss) [fill = 00]
                 [ 0000a280 ]  00005140          *   00000004             : _lock.obj (.bss) [fill = 00]
                 [ 0000a288 ]  00005144          *   00000004             : exit.obj (.bss) [fill = 00]
                 [ 0000a290 ]  00005148          *   00000004             : memory.obj (.bss) [fill = 00]
                 [ 0000a298 ]  0000514c          *   00000002   myNCO.obj (.bss) [fill = 00]

.cio         0   [ 0000a2a0 ]  00005150          *   00000120   
                 [ 0000a2a0 ]  00005150          *   00000120   rts55.lib : trgmsg.obj (.cio) [fill = 00]

.cinit       0   [ 0000a4e0 ]  00005270          *   0000005e   
                 [ 0000a4e0 ]  00005270          *   00000028   rts55.lib : lowlev.obj (.cinit)
                 [ 0000a530 ]  00005298          *   00000019             : defs.obj (.cinit)
                 [ 0000a562 ]  000052b1          *   0000000a             : _lock.obj (.cinit)
                 [ 0000a576 ]  000052bb          *   0000000a             : exit.obj (.cinit)
                 [ 0000a58a ]  000052c5          *   00000004             : fopen.obj (.cinit)
                 [ 0000a592 ]  000052c9          *   00000004             : memory.obj (.cinit)
                 [ 0000a59a ]  000052cd          *   00000001   --HOLE-- [fill = 0]

vectors      0     0000fe00  [ 00007f00 ] 00000100          *   
                   0000fe00  [ 00007f00 ] 00000100          *   rts55.lib : vectors.obj (vectors)


GLOBAL SYMBOLS: SORTED ALPHABETICALLY BY Name 

abs. value/
byte addr   word addr   name
---------   ---------   ----
00000002                $TI_capability$C5500$CallingConvention
00000001                $TI_capability$C5500$MemoryModel
00000001                $TI_capability_requires_rev2
            00004f30    .bss
            00000180    .data
00000300                .text
0000485d                C$$EXIT
00003d09                C$$IO$$
0000481f                I$$LMPY
000047a8                I$$UDIV
000047bd                I$$UMOD
00003989                _AIC3204_rget
000039da                _AIC3204_rset
UNDEFED    _CSL5502_LIB_
00003533                _EZDSP5502_GPIO_getInput
000033be                _EZDSP5502_GPIO_init
0000344d                _EZDSP5502_GPIO_setDirection
000034c0                _EZDSP5502_GPIO_setOutput
000035a4                _EZDSP5502_I2CGPIO_configLine
00003689                _EZDSP5502_I2CGPIO_read
000035fc                _EZDSP5502_I2CGPIO_readLine
000036da                _EZDSP5502_I2CGPIO_write
00003631                _EZDSP5502_I2CGPIO_writeLine
00004268                _EZDSP5502_I2C_init
000042b0                _EZDSP5502_I2C_read
00004281                _EZDSP5502_I2C_reset
00004290                _EZDSP5502_I2C_write
00003d4a                _EZDSP5502_MCBSP_close
00003d0e                _EZDSP5502_MCBSP_init
00003d86                _EZDSP5502_MCBSP_read
00003d5a                _EZDSP5502_MCBSP_write
00004175                _EZDSP5502_init
0000412f                _EZDSP5502_wait
00004163                _EZDSP5502_waitusec
UNDEFED    _GPIO_open
UNDEFED    _GPIO_pinDirection
UNDEFED    _GPIO_pinEnable
UNDEFED    _GPIO_pinRead
UNDEFED    _GPIO_pinWrite
00001eb2                _HOSTclock
00001e5b                _HOSTclose
00001db8                _HOSTlseek
00001d31                _HOSTopen
00001cb7                _HOSTread
00001c1e                _HOSTrename
00001bcf                _HOSTtime
00001b78                _HOSTunlink
00001afe                _HOSTwrite
UNDEFED    _I2C_config
UNDEFED    _I2C_read
UNDEFED    _I2C_write
UNDEFED    _MCBSP_close
UNDEFED    _MCBSP_config
UNDEFED    _MCBSP_open
UNDEFED    _MCBSP_read16
UNDEFED    _MCBSP_start
UNDEFED    _MCBSP_write16
0000fe00                _Reset
            00005150    __CIOBUF_
UNDEFED    __CSL_init
            00003440    __STACK_END
00002000                __STACK_SIZE
00002000                __SYSMEM_SIZE
00001000                __SYSSTACK_SIZE
00000001                __TI_args_main
ffffffff                ___binit__
            00004f30    ___bss__
ffffffff                ___c_args__
            00005270    ___cinit__
            00000180    ___data__
            00000180    ___edata__
            0000514e    ___end__
00004866                ___etext__
000047f1                ___isinf
ffffffff                ___pinit__
00000300                ___text__
00002649                __addd
000046c7                __args_main
000030c1                __cleanup
            00005144    __cleanup_ptr
00003366                __cmpd
            00004c40    __ctypes_
00001f01                __divd
0000463e                __divli
00002ad2                __divlli
000047a8                __divu
00003db4                __divul
000029de                __divull
00003bbc                __doflush
            00005146    __dtors_ptr
00003332                __eqld
0000477e                __fixdi
0000418e                __fixdli
00003eda                __fixdul
000042d2                __fltlid
00004506                __fltuld
00003f51                __frcmpyd
00003fc7                __frcmpyd_div
            0000500c    __ft_end
            00004f30    __ftable
000032e8                __geqd
0000329d                __gtrd
00003250                __leqd
            00005140    __lock
00003208                __lssd
00003707                __mpyd
0000481f                __mpyli
00002926                __mpylli
00004842                __negd
000031d4                __neqd
00004840                __nop
0000145c                __printfi
00003ac1                __rd_ok
00004839                __register_lock
00004832                __register_unlock
000045f3                __remli
000028f7                __remlli
000047bd                __remu
000040ad                __remul
000028a9                __remull
            00002440    __stack
0000480b                __subd
            00003440    __sys_memory
            00004440    __sysstack
            00004f6c    __tmpnams
            00005142    __unlock
00003a5b                __wrt_ok
0000485c                _abort
000019c6                _add_device
00002d5d                _aic3204_loop_linein
UNDEFED    _aic3204_output_sample
UNDEFED    _aic3204_setup
00003a07                _aic3204_test
00002b07                _aic3204_tone_headphone
            000050dd    _aicMcbsp
00004452                _atoi
000041fd                _auto_init
0000455c                _c_int00
00002627                _calloc
00002623                _chkheap
00001969                _close
00004746                _exit
00004334                _fclose
00003c15                _fflush
00001960                _find_registered_device
000031a8                _fopen
00003e55                _fputc
0000385f                _fputs
000022c9                _free
000025dd                _free_memory
0000310f                _freopen
000044ae                _fseek
00001a9c                _getenv
            0000513b    _hGPIO_group0
            0000513c    _hGPIO_group1
            0000513d    _hGPIO_group2
            0000513e    _hGPIO_group3
00001909                _lseek
0000403a                _ltoa
00004686                _main
000023a4                _malloc
00002594                _max_free
000047d2                _memccpy
00004707                _memcpy
00002358                _minit
0000441f                _nco_run
000043f6                _nco_set_frequency
00001875                _open
000045a8                _printf
00003e55                _putc
00003ecd                _putchar
00003967                _puts
000017e4                _read
00004395                _readmsg
00002450                _realloc
00004852                _remove
000017b7                _remove_device
0000176d                _rename
00003b0f                _setvbuf
            00004d41    _sinusoid
0000173f                _unlink
00001630                _write
00003c66                _writemsg
ffffffff                binit
            00005270    cinit
            00000180    edata
            0000514e    end
00004866                etext
ffffffff                pinit


GLOBAL SYMBOLS: SORTED BY Symbol Address 

abs. value/
byte addr   word addr   name
---------   ---------   ----
00000001                $TI_capability$C5500$MemoryModel
00000001                $TI_capability_requires_rev2
00000001                __TI_args_main
00000002                $TI_capability$C5500$CallingConvention
            00000180    .data
00000300                .text
            00000180    ___data__
            00000180    ___edata__
00000300                ___text__
            00000180    edata
00001000                __SYSSTACK_SIZE
0000145c                __printfi
00001630                _write
0000173f                _unlink
0000176d                _rename
000017b7                _remove_device
000017e4                _read
00001875                _open
00001909                _lseek
00001960                _find_registered_device
00001969                _close
000019c6                _add_device
00001a9c                _getenv
00001afe                _HOSTwrite
00001b78                _HOSTunlink
00001bcf                _HOSTtime
00001c1e                _HOSTrename
00001cb7                _HOSTread
00001d31                _HOSTopen
00001db8                _HOSTlseek
00001e5b                _HOSTclose
00001eb2                _HOSTclock
00001f01                __divd
00002000                __STACK_SIZE
00002000                __SYSMEM_SIZE
000022c9                _free
00002358                _minit
000023a4                _malloc
00002450                _realloc
00002594                _max_free
000025dd                _free_memory
00002623                _chkheap
00002627                _calloc
00002649                __addd
000028a9                __remull
000028f7                __remlli
00002926                __mpylli
000029de                __divull
00002ad2                __divlli
00002b07                _aic3204_tone_headphone
00002d5d                _aic3204_loop_linein
000030c1                __cleanup
0000310f                _freopen
000031a8                _fopen
000031d4                __neqd
00003208                __lssd
00003250                __leqd
0000329d                __gtrd
000032e8                __geqd
00003332                __eqld
00003366                __cmpd
000033be                _EZDSP5502_GPIO_init
0000344d                _EZDSP5502_GPIO_setDirection
000034c0                _EZDSP5502_GPIO_setOutput
00003533                _EZDSP5502_GPIO_getInput
000035a4                _EZDSP5502_I2CGPIO_configLine
000035fc                _EZDSP5502_I2CGPIO_readLine
00003631                _EZDSP5502_I2CGPIO_writeLine
00003689                _EZDSP5502_I2CGPIO_read
000036da                _EZDSP5502_I2CGPIO_write
00003707                __mpyd
0000385f                _fputs
00003967                _puts
00003989                _AIC3204_rget
000039da                _AIC3204_rset
00003a07                _aic3204_test
00003a5b                __wrt_ok
00003ac1                __rd_ok
00003b0f                _setvbuf
00003bbc                __doflush
00003c15                _fflush
00003c66                _writemsg
00003d09                C$$IO$$
00003d0e                _EZDSP5502_MCBSP_init
00003d4a                _EZDSP5502_MCBSP_close
00003d5a                _EZDSP5502_MCBSP_write
00003d86                _EZDSP5502_MCBSP_read
00003db4                __divul
00003e55                _fputc
00003e55                _putc
00003ecd                _putchar
00003eda                __fixdul
00003f51                __frcmpyd
00003fc7                __frcmpyd_div
0000403a                _ltoa
000040ad                __remul
0000412f                _EZDSP5502_wait
00004163                _EZDSP5502_waitusec
00004175                _EZDSP5502_init
0000418e                __fixdli
000041fd                _auto_init
00004268                _EZDSP5502_I2C_init
00004281                _EZDSP5502_I2C_reset
00004290                _EZDSP5502_I2C_write
000042b0                _EZDSP5502_I2C_read
000042d2                __fltlid
00004334                _fclose
00004395                _readmsg
000043f6                _nco_set_frequency
0000441f                _nco_run
00004452                _atoi
000044ae                _fseek
00004506                __fltuld
0000455c                _c_int00
000045a8                _printf
000045f3                __remli
0000463e                __divli
00004686                _main
000046c7                __args_main
00004707                _memcpy
00004746                _exit
0000477e                __fixdi
000047a8                I$$UDIV
000047a8                __divu
000047bd                I$$UMOD
000047bd                __remu
000047d2                _memccpy
000047f1                ___isinf
0000480b                __subd
0000481f                I$$LMPY
0000481f                __mpyli
00004832                __register_unlock
00004839                __register_lock
00004840                __nop
00004842                __negd
00004852                _remove
0000485c                _abort
0000485d                C$$EXIT
00004866                ___etext__
00004866                etext
            00002440    __stack
            00003440    __STACK_END
            00003440    __sys_memory
            00004440    __sysstack
            00004c40    __ctypes_
            00004d41    _sinusoid
            00004f30    .bss
            00004f30    ___bss__
            00004f30    __ftable
            00004f6c    __tmpnams
            0000500c    __ft_end
            000050dd    _aicMcbsp
            0000513b    _hGPIO_group0
            0000513c    _hGPIO_group1
            0000513d    _hGPIO_group2
            0000513e    _hGPIO_group3
            00005140    __lock
            00005142    __unlock
            00005144    __cleanup_ptr
            00005146    __dtors_ptr
            0000514e    ___end__
            0000514e    end
            00005150    __CIOBUF_
            00005270    ___cinit__
            00005270    cinit
0000fe00                _Reset
ffffffff                ___binit__
ffffffff                ___c_args__
ffffffff                ___pinit__
ffffffff                binit
ffffffff                pinit
UNDEFED    _CSL5502_LIB_
UNDEFED    _GPIO_open
UNDEFED    _GPIO_pinDirection
UNDEFED    _GPIO_pinEnable
UNDEFED    _GPIO_pinRead
UNDEFED    _GPIO_pinWrite
UNDEFED    _I2C_config
UNDEFED    _I2C_read
UNDEFED    _I2C_write
UNDEFED    _MCBSP_close
UNDEFED    _MCBSP_config
UNDEFED    _MCBSP_open
UNDEFED    _MCBSP_read16
UNDEFED    _MCBSP_start
UNDEFED    _MCBSP_write16
UNDEFED    __CSL_init
UNDEFED    _aic3204_output_sample
UNDEFED    _aic3204_setup

[189 symbols]
