<?xml version="1.0"?>
<link_info>
   <banner>TMS320C55x Linker PC v4.4.1</banner>
   <copyright>Copyright (c) 1996-2012 Texas Instruments Incorporated</copyright>
   <link_time>0x63e44eb2</link_time>
   <output_file>NCO.out</output_file>
   <entry_point>
      <name>_c_int00</name>
      <address>0x455c</address>
   </entry_point>
   <input_file_list>
      <input_file id="fl-2">
         <path>.\</path>
         <kind>object</kind>
         <file>aic3204_loop_linein.obj</file>
         <name>aic3204_loop_linein.obj</name>
      </input_file>
      <input_file id="fl-3">
         <path>.\</path>
         <kind>object</kind>
         <file>aic3204_test.obj</file>
         <name>aic3204_test.obj</name>
      </input_file>
      <input_file id="fl-4">
         <path>.\</path>
         <kind>object</kind>
         <file>aic3204_tone_headphone.obj</file>
         <name>aic3204_tone_headphone.obj</name>
      </input_file>
      <input_file id="fl-5">
         <path>.\</path>
         <kind>object</kind>
         <file>ezdsp5502.obj</file>
         <name>ezdsp5502.obj</name>
      </input_file>
      <input_file id="fl-6">
         <path>.\</path>
         <kind>object</kind>
         <file>ezdsp5502_gpio.obj</file>
         <name>ezdsp5502_gpio.obj</name>
      </input_file>
      <input_file id="fl-7">
         <path>.\</path>
         <kind>object</kind>
         <file>ezdsp5502_i2c.obj</file>
         <name>ezdsp5502_i2c.obj</name>
      </input_file>
      <input_file id="fl-8">
         <path>.\</path>
         <kind>object</kind>
         <file>ezdsp5502_i2cgpio.obj</file>
         <name>ezdsp5502_i2cgpio.obj</name>
      </input_file>
      <input_file id="fl-9">
         <path>.\</path>
         <kind>object</kind>
         <file>ezdsp5502_mcbsp.obj</file>
         <name>ezdsp5502_mcbsp.obj</name>
      </input_file>
      <input_file id="fl-a">
         <path>.\</path>
         <kind>object</kind>
         <file>main.obj</file>
         <name>main.obj</name>
      </input_file>
      <input_file id="fl-b">
         <path>.\</path>
         <kind>object</kind>
         <file>myNCO.obj</file>
         <name>myNCO.obj</name>
      </input_file>
      <input_file id="fl-22">
         <path>D:\ti\ccsv6\tools\compiler\c5500_4.4.1\lib\</path>
         <kind>archive</kind>
         <file>rts55.lib</file>
         <name>addd.obj</name>
      </input_file>
      <input_file id="fl-23">
         <path>D:\ti\ccsv6\tools\compiler\c5500_4.4.1\lib\</path>
         <kind>archive</kind>
         <file>rts55.lib</file>
         <name>boot.obj</name>
      </input_file>
      <input_file id="fl-24">
         <path>D:\ti\ccsv6\tools\compiler\c5500_4.4.1\lib\</path>
         <kind>archive</kind>
         <file>rts55.lib</file>
         <name>divd.obj</name>
      </input_file>
      <input_file id="fl-25">
         <path>D:\ti\ccsv6\tools\compiler\c5500_4.4.1\lib\</path>
         <kind>archive</kind>
         <file>rts55.lib</file>
         <name>exit.obj</name>
      </input_file>
      <input_file id="fl-26">
         <path>D:\ti\ccsv6\tools\compiler\c5500_4.4.1\lib\</path>
         <kind>archive</kind>
         <file>rts55.lib</file>
         <name>fixdul.obj</name>
      </input_file>
      <input_file id="fl-27">
         <path>D:\ti\ccsv6\tools\compiler\c5500_4.4.1\lib\</path>
         <kind>archive</kind>
         <file>rts55.lib</file>
         <name>fltuld.obj</name>
      </input_file>
      <input_file id="fl-28">
         <path>D:\ti\ccsv6\tools\compiler\c5500_4.4.1\lib\</path>
         <kind>archive</kind>
         <file>rts55.lib</file>
         <name>frcmpyd_div.obj</name>
      </input_file>
      <input_file id="fl-29">
         <path>D:\ti\ccsv6\tools\compiler\c5500_4.4.1\lib\</path>
         <kind>archive</kind>
         <file>rts55.lib</file>
         <name>lmpy.obj</name>
      </input_file>
      <input_file id="fl-2a">
         <path>D:\ti\ccsv6\tools\compiler\c5500_4.4.1\lib\</path>
         <kind>archive</kind>
         <file>rts55.lib</file>
         <name>mpyd.obj</name>
      </input_file>
      <input_file id="fl-2b">
         <path>D:\ti\ccsv6\tools\compiler\c5500_4.4.1\lib\</path>
         <kind>archive</kind>
         <file>rts55.lib</file>
         <name>printf.obj</name>
      </input_file>
      <input_file id="fl-2c">
         <path>D:\ti\ccsv6\tools\compiler\c5500_4.4.1\lib\</path>
         <kind>archive</kind>
         <file>rts55.lib</file>
         <name>vectors.obj</name>
      </input_file>
      <input_file id="fl-2d">
         <path>D:\ti\ccsv6\tools\compiler\c5500_4.4.1\lib\</path>
         <kind>archive</kind>
         <file>rts55.lib</file>
         <name>_lock.obj</name>
      </input_file>
      <input_file id="fl-2e">
         <path>D:\ti\ccsv6\tools\compiler\c5500_4.4.1\lib\</path>
         <kind>archive</kind>
         <file>rts55.lib</file>
         <name>_printfi.obj</name>
      </input_file>
      <input_file id="fl-2f">
         <path>D:\ti\ccsv6\tools\compiler\c5500_4.4.1\lib\</path>
         <kind>archive</kind>
         <file>rts55.lib</file>
         <name>args_main.obj</name>
      </input_file>
      <input_file id="fl-30">
         <path>D:\ti\ccsv6\tools\compiler\c5500_4.4.1\lib\</path>
         <kind>archive</kind>
         <file>rts55.lib</file>
         <name>atoi.obj</name>
      </input_file>
      <input_file id="fl-31">
         <path>D:\ti\ccsv6\tools\compiler\c5500_4.4.1\lib\</path>
         <kind>archive</kind>
         <file>rts55.lib</file>
         <name>autoinit.obj</name>
      </input_file>
      <input_file id="fl-32">
         <path>D:\ti\ccsv6\tools\compiler\c5500_4.4.1\lib\</path>
         <kind>archive</kind>
         <file>rts55.lib</file>
         <name>cmpd.obj</name>
      </input_file>
      <input_file id="fl-33">
         <path>D:\ti\ccsv6\tools\compiler\c5500_4.4.1\lib\</path>
         <kind>archive</kind>
         <file>rts55.lib</file>
         <name>ctype.obj</name>
      </input_file>
      <input_file id="fl-34">
         <path>D:\ti\ccsv6\tools\compiler\c5500_4.4.1\lib\</path>
         <kind>archive</kind>
         <file>rts55.lib</file>
         <name>defs.obj</name>
      </input_file>
      <input_file id="fl-35">
         <path>D:\ti\ccsv6\tools\compiler\c5500_4.4.1\lib\</path>
         <kind>archive</kind>
         <file>rts55.lib</file>
         <name>divul.obj</name>
      </input_file>
      <input_file id="fl-36">
         <path>D:\ti\ccsv6\tools\compiler\c5500_4.4.1\lib\</path>
         <kind>archive</kind>
         <file>rts55.lib</file>
         <name>fixdi.obj</name>
      </input_file>
      <input_file id="fl-37">
         <path>D:\ti\ccsv6\tools\compiler\c5500_4.4.1\lib\</path>
         <kind>archive</kind>
         <file>rts55.lib</file>
         <name>fixdli.obj</name>
      </input_file>
      <input_file id="fl-38">
         <path>D:\ti\ccsv6\tools\compiler\c5500_4.4.1\lib\</path>
         <kind>archive</kind>
         <file>rts55.lib</file>
         <name>fltlid.obj</name>
      </input_file>
      <input_file id="fl-39">
         <path>D:\ti\ccsv6\tools\compiler\c5500_4.4.1\lib\</path>
         <kind>archive</kind>
         <file>rts55.lib</file>
         <name>fputc.obj</name>
      </input_file>
      <input_file id="fl-3a">
         <path>D:\ti\ccsv6\tools\compiler\c5500_4.4.1\lib\</path>
         <kind>archive</kind>
         <file>rts55.lib</file>
         <name>fputs.obj</name>
      </input_file>
      <input_file id="fl-3b">
         <path>D:\ti\ccsv6\tools\compiler\c5500_4.4.1\lib\</path>
         <kind>archive</kind>
         <file>rts55.lib</file>
         <name>frcmpyd.obj</name>
      </input_file>
      <input_file id="fl-3c">
         <path>D:\ti\ccsv6\tools\compiler\c5500_4.4.1\lib\</path>
         <kind>archive</kind>
         <file>rts55.lib</file>
         <name>isinf.obj</name>
      </input_file>
      <input_file id="fl-3d">
         <path>D:\ti\ccsv6\tools\compiler\c5500_4.4.1\lib\</path>
         <kind>archive</kind>
         <file>rts55.lib</file>
         <name>llmpy.obj</name>
      </input_file>
      <input_file id="fl-3e">
         <path>D:\ti\ccsv6\tools\compiler\c5500_4.4.1\lib\</path>
         <kind>archive</kind>
         <file>rts55.lib</file>
         <name>lowlev.obj</name>
      </input_file>
      <input_file id="fl-3f">
         <path>D:\ti\ccsv6\tools\compiler\c5500_4.4.1\lib\</path>
         <kind>archive</kind>
         <file>rts55.lib</file>
         <name>ltoa.obj</name>
      </input_file>
      <input_file id="fl-40">
         <path>D:\ti\ccsv6\tools\compiler\c5500_4.4.1\lib\</path>
         <kind>archive</kind>
         <file>rts55.lib</file>
         <name>memccpy.obj</name>
      </input_file>
      <input_file id="fl-41">
         <path>D:\ti\ccsv6\tools\compiler\c5500_4.4.1\lib\</path>
         <kind>archive</kind>
         <file>rts55.lib</file>
         <name>memcpy.obj</name>
      </input_file>
      <input_file id="fl-42">
         <path>D:\ti\ccsv6\tools\compiler\c5500_4.4.1\lib\</path>
         <kind>archive</kind>
         <file>rts55.lib</file>
         <name>negd.obj</name>
      </input_file>
      <input_file id="fl-43">
         <path>D:\ti\ccsv6\tools\compiler\c5500_4.4.1\lib\</path>
         <kind>archive</kind>
         <file>rts55.lib</file>
         <name>remli.obj</name>
      </input_file>
      <input_file id="fl-44">
         <path>D:\ti\ccsv6\tools\compiler\c5500_4.4.1\lib\</path>
         <kind>archive</kind>
         <file>rts55.lib</file>
         <name>remul.obj</name>
      </input_file>
      <input_file id="fl-45">
         <path>D:\ti\ccsv6\tools\compiler\c5500_4.4.1\lib\</path>
         <kind>archive</kind>
         <file>rts55.lib</file>
         <name>subd.obj</name>
      </input_file>
      <input_file id="fl-46">
         <path>D:\ti\ccsv6\tools\compiler\c5500_4.4.1\lib\</path>
         <kind>archive</kind>
         <file>rts55.lib</file>
         <name>trgdrv.obj</name>
      </input_file>
      <input_file id="fl-47">
         <path>D:\ti\ccsv6\tools\compiler\c5500_4.4.1\lib\</path>
         <kind>archive</kind>
         <file>rts55.lib</file>
         <name>trgmsg.obj</name>
      </input_file>
      <input_file id="fl-48">
         <path>D:\ti\ccsv6\tools\compiler\c5500_4.4.1\lib\</path>
         <kind>archive</kind>
         <file>rts55.lib</file>
         <name>udiv.obj</name>
      </input_file>
      <input_file id="fl-49">
         <path>D:\ti\ccsv6\tools\compiler\c5500_4.4.1\lib\</path>
         <kind>archive</kind>
         <file>rts55.lib</file>
         <name>_io_perm.obj</name>
      </input_file>
      <input_file id="fl-4a">
         <path>D:\ti\ccsv6\tools\compiler\c5500_4.4.1\lib\</path>
         <kind>archive</kind>
         <file>rts55.lib</file>
         <name>divli.obj</name>
      </input_file>
      <input_file id="fl-4b">
         <path>D:\ti\ccsv6\tools\compiler\c5500_4.4.1\lib\</path>
         <kind>archive</kind>
         <file>rts55.lib</file>
         <name>fflush.obj</name>
      </input_file>
      <input_file id="fl-4c">
         <path>D:\ti\ccsv6\tools\compiler\c5500_4.4.1\lib\</path>
         <kind>archive</kind>
         <file>rts55.lib</file>
         <name>fseek.obj</name>
      </input_file>
      <input_file id="fl-4d">
         <path>D:\ti\ccsv6\tools\compiler\c5500_4.4.1\lib\</path>
         <kind>archive</kind>
         <file>rts55.lib</file>
         <name>setvbuf.obj</name>
      </input_file>
      <input_file id="fl-4e">
         <path>D:\ti\ccsv6\tools\compiler\c5500_4.4.1\lib\</path>
         <kind>archive</kind>
         <file>rts55.lib</file>
         <name>fopen.obj</name>
      </input_file>
      <input_file id="fl-4f">
         <path>D:\ti\ccsv6\tools\compiler\c5500_4.4.1\lib\</path>
         <kind>archive</kind>
         <file>rts55.lib</file>
         <name>memory.obj</name>
      </input_file>
      <input_file id="fl-50">
         <path>D:\ti\ccsv6\tools\compiler\c5500_4.4.1\lib\</path>
         <kind>archive</kind>
         <file>rts55.lib</file>
         <name>fclose.obj</name>
      </input_file>
      <input_file id="fl-51">
         <path>D:\ti\ccsv6\tools\compiler\c5500_4.4.1\lib\</path>
         <kind>archive</kind>
         <file>rts55.lib</file>
         <name>remove.obj</name>
      </input_file>
   </input_file_list>
   <object_component_list>
      <object_component id="oc-82">
         <name>.text</name>
         <load_address>0x300</load_address>
         <run_address>0x300</run_address>
         <size>0x1330</size>
         <input_file_ref idref="fl-2e"/>
      </object_component>
      <object_component id="oc-c4">
         <name>.text</name>
         <load_address>0x1630</load_address>
         <run_address>0x1630</run_address>
         <size>0x46c</size>
         <input_file_ref idref="fl-3e"/>
      </object_component>
      <object_component id="oc-e6">
         <name>.text</name>
         <load_address>0x1a9c</load_address>
         <run_address>0x1a9c</run_address>
         <size>0x465</size>
         <input_file_ref idref="fl-46"/>
      </object_component>
      <object_component id="oc-54">
         <name>.text</name>
         <load_address>0x1f01</load_address>
         <run_address>0x1f01</run_address>
         <size>0x3c8</size>
         <input_file_ref idref="fl-24"/>
      </object_component>
      <object_component id="oc-10f">
         <name>.text</name>
         <load_address>0x22c9</load_address>
         <run_address>0x22c9</run_address>
         <size>0x380</size>
         <input_file_ref idref="fl-4f"/>
      </object_component>
      <object_component id="oc-4c">
         <name>.text</name>
         <load_address>0x2649</load_address>
         <run_address>0x2649</run_address>
         <size>0x260</size>
         <input_file_ref idref="fl-22"/>
      </object_component>
      <object_component id="oc-c0">
         <name>.text</name>
         <load_address>0x28a9</load_address>
         <run_address>0x28a9</run_address>
         <size>0x25e</size>
         <input_file_ref idref="fl-3d"/>
      </object_component>
      <object_component id="oc-1f">
         <name>.text</name>
         <load_address>0x2b07</load_address>
         <run_address>0x2b07</run_address>
         <size>0x256</size>
         <input_file_ref idref="fl-4"/>
      </object_component>
      <object_component id="oc-14">
         <name>.text</name>
         <load_address>0x2d5d</load_address>
         <run_address>0x2d5d</run_address>
         <size>0x255</size>
         <input_file_ref idref="fl-2"/>
      </object_component>
      <object_component id="oc-109">
         <name>.text</name>
         <load_address>0x2fb2</load_address>
         <run_address>0x2fb2</run_address>
         <size>0x222</size>
         <input_file_ref idref="fl-4e"/>
      </object_component>
      <object_component id="oc-94">
         <name>.text</name>
         <load_address>0x31d4</load_address>
         <run_address>0x31d4</run_address>
         <size>0x1ea</size>
         <input_file_ref idref="fl-32"/>
      </object_component>
      <object_component id="oc-29">
         <name>.text</name>
         <load_address>0x33be</load_address>
         <run_address>0x33be</run_address>
         <size>0x1e6</size>
         <input_file_ref idref="fl-6"/>
      </object_component>
      <object_component id="oc-34">
         <name>.text</name>
         <load_address>0x35a4</load_address>
         <run_address>0x35a4</run_address>
         <size>0x163</size>
         <input_file_ref idref="fl-8"/>
      </object_component>
      <object_component id="oc-70">
         <name>.text</name>
         <load_address>0x3707</load_address>
         <run_address>0x3707</run_address>
         <size>0x158</size>
         <input_file_ref idref="fl-2a"/>
      </object_component>
      <object_component id="oc-b3">
         <name>.text</name>
         <load_address>0x385f</load_address>
         <run_address>0x385f</run_address>
         <size>0x12a</size>
         <input_file_ref idref="fl-3a"/>
      </object_component>
      <object_component id="oc-19">
         <name>.text</name>
         <load_address>0x3989</load_address>
         <run_address>0x3989</run_address>
         <size>0xd2</size>
         <input_file_ref idref="fl-3"/>
      </object_component>
      <object_component id="oc-f5">
         <name>.text</name>
         <load_address>0x3a5b</load_address>
         <run_address>0x3a5b</run_address>
         <size>0xb4</size>
         <input_file_ref idref="fl-49"/>
      </object_component>
      <object_component id="oc-105">
         <name>.text</name>
         <load_address>0x3b0f</load_address>
         <run_address>0x3b0f</run_address>
         <size>0xad</size>
         <input_file_ref idref="fl-4d"/>
      </object_component>
      <object_component id="oc-fd">
         <name>.text</name>
         <load_address>0x3bbc</load_address>
         <run_address>0x3bbc</run_address>
         <size>0xaa</size>
         <input_file_ref idref="fl-4b"/>
      </object_component>
      <object_component id="oc-ee">
         <name>.text:CIO_breakpoint</name>
         <load_address>0x3c66</load_address>
         <run_address>0x3c66</run_address>
         <size>0xa8</size>
         <input_file_ref idref="fl-47"/>
      </object_component>
      <object_component id="oc-39">
         <name>.text</name>
         <load_address>0x3d0e</load_address>
         <run_address>0x3d0e</run_address>
         <size>0xa6</size>
         <input_file_ref idref="fl-9"/>
      </object_component>
      <object_component id="oc-9e">
         <name>.text</name>
         <load_address>0x3db4</load_address>
         <run_address>0x3db4</run_address>
         <size>0xa1</size>
         <input_file_ref idref="fl-35"/>
      </object_component>
      <object_component id="oc-af">
         <name>.text</name>
         <load_address>0x3e55</load_address>
         <run_address>0x3e55</run_address>
         <size>0x85</size>
         <input_file_ref idref="fl-39"/>
      </object_component>
      <object_component id="oc-5f">
         <name>.text</name>
         <load_address>0x3eda</load_address>
         <run_address>0x3eda</run_address>
         <size>0x77</size>
         <input_file_ref idref="fl-26"/>
      </object_component>
      <object_component id="oc-b8">
         <name>.text</name>
         <load_address>0x3f51</load_address>
         <run_address>0x3f51</run_address>
         <size>0x76</size>
         <input_file_ref idref="fl-3b"/>
      </object_component>
      <object_component id="oc-68">
         <name>.text</name>
         <load_address>0x3fc7</load_address>
         <run_address>0x3fc7</run_address>
         <size>0x73</size>
         <input_file_ref idref="fl-28"/>
      </object_component>
      <object_component id="oc-ca">
         <name>.text</name>
         <load_address>0x403a</load_address>
         <run_address>0x403a</run_address>
         <size>0x73</size>
         <input_file_ref idref="fl-3f"/>
      </object_component>
      <object_component id="oc-de">
         <name>.text</name>
         <load_address>0x40ad</load_address>
         <run_address>0x40ad</run_address>
         <size>0x72</size>
         <input_file_ref idref="fl-44"/>
      </object_component>
      <object_component id="oc-24">
         <name>.text</name>
         <load_address>0x411f</load_address>
         <run_address>0x411f</run_address>
         <size>0x6f</size>
         <input_file_ref idref="fl-5"/>
      </object_component>
      <object_component id="oc-a6">
         <name>.text</name>
         <load_address>0x418e</load_address>
         <run_address>0x418e</run_address>
         <size>0x6f</size>
         <input_file_ref idref="fl-37"/>
      </object_component>
      <object_component id="oc-90">
         <name>.text</name>
         <load_address>0x41fd</load_address>
         <run_address>0x41fd</run_address>
         <size>0x6b</size>
         <input_file_ref idref="fl-31"/>
      </object_component>
      <object_component id="oc-2f">
         <name>.text</name>
         <load_address>0x4268</load_address>
         <run_address>0x4268</run_address>
         <size>0x6a</size>
         <input_file_ref idref="fl-7"/>
      </object_component>
      <object_component id="oc-aa">
         <name>.text</name>
         <load_address>0x42d2</load_address>
         <run_address>0x42d2</run_address>
         <size>0x62</size>
         <input_file_ref idref="fl-38"/>
      </object_component>
      <object_component id="oc-116">
         <name>.text</name>
         <load_address>0x4334</load_address>
         <run_address>0x4334</run_address>
         <size>0x61</size>
         <input_file_ref idref="fl-50"/>
      </object_component>
      <object_component id="oc-eb">
         <name>.text</name>
         <load_address>0x4395</load_address>
         <run_address>0x4395</run_address>
         <size>0x61</size>
         <input_file_ref idref="fl-47"/>
      </object_component>
      <object_component id="oc-45">
         <name>.text</name>
         <load_address>0x43f6</load_address>
         <run_address>0x43f6</run_address>
         <size>0x5c</size>
         <input_file_ref idref="fl-b"/>
      </object_component>
      <object_component id="oc-8c">
         <name>.text</name>
         <load_address>0x4452</load_address>
         <run_address>0x4452</run_address>
         <size>0x5c</size>
         <input_file_ref idref="fl-30"/>
      </object_component>
      <object_component id="oc-101">
         <name>.text</name>
         <load_address>0x44ae</load_address>
         <run_address>0x44ae</run_address>
         <size>0x58</size>
         <input_file_ref idref="fl-4c"/>
      </object_component>
      <object_component id="oc-63">
         <name>.text</name>
         <load_address>0x4506</load_address>
         <run_address>0x4506</run_address>
         <size>0x56</size>
         <input_file_ref idref="fl-27"/>
      </object_component>
      <object_component id="oc-12">
         <name>.text</name>
         <load_address>0x455c</load_address>
         <run_address>0x455c</run_address>
         <size>0x4c</size>
         <input_file_ref idref="fl-23"/>
      </object_component>
      <object_component id="oc-74">
         <name>.text</name>
         <load_address>0x45a8</load_address>
         <run_address>0x45a8</run_address>
         <size>0x4b</size>
         <input_file_ref idref="fl-2b"/>
      </object_component>
      <object_component id="oc-da">
         <name>.text</name>
         <load_address>0x45f3</load_address>
         <run_address>0x45f3</run_address>
         <size>0x4b</size>
         <input_file_ref idref="fl-43"/>
      </object_component>
      <object_component id="oc-f9">
         <name>.text</name>
         <load_address>0x463e</load_address>
         <run_address>0x463e</run_address>
         <size>0x48</size>
         <input_file_ref idref="fl-4a"/>
      </object_component>
      <object_component id="oc-3f">
         <name>.text</name>
         <load_address>0x4686</load_address>
         <run_address>0x4686</run_address>
         <size>0x41</size>
         <input_file_ref idref="fl-a"/>
      </object_component>
      <object_component id="oc-88">
         <name>.text</name>
         <load_address>0x46c7</load_address>
         <run_address>0x46c7</run_address>
         <size>0x40</size>
         <input_file_ref idref="fl-2f"/>
      </object_component>
      <object_component id="oc-d2">
         <name>.text</name>
         <load_address>0x4707</load_address>
         <run_address>0x4707</run_address>
         <size>0x3f</size>
         <input_file_ref idref="fl-41"/>
      </object_component>
      <object_component id="oc-58">
         <name>.text</name>
         <load_address>0x4746</load_address>
         <run_address>0x4746</run_address>
         <size>0x38</size>
         <input_file_ref idref="fl-25"/>
      </object_component>
      <object_component id="oc-a2">
         <name>.text</name>
         <load_address>0x477e</load_address>
         <run_address>0x477e</run_address>
         <size>0x2a</size>
         <input_file_ref idref="fl-36"/>
      </object_component>
      <object_component id="oc-f1">
         <name>.text</name>
         <load_address>0x47a8</load_address>
         <run_address>0x47a8</run_address>
         <size>0x2a</size>
         <input_file_ref idref="fl-48"/>
      </object_component>
      <object_component id="oc-ce">
         <name>.text</name>
         <load_address>0x47d2</load_address>
         <run_address>0x47d2</run_address>
         <size>0x1f</size>
         <input_file_ref idref="fl-40"/>
      </object_component>
      <object_component id="oc-bc">
         <name>.text</name>
         <load_address>0x47f1</load_address>
         <run_address>0x47f1</run_address>
         <size>0x1a</size>
         <input_file_ref idref="fl-3c"/>
      </object_component>
      <object_component id="oc-e2">
         <name>.text</name>
         <load_address>0x480b</load_address>
         <run_address>0x480b</run_address>
         <size>0x14</size>
         <input_file_ref idref="fl-45"/>
      </object_component>
      <object_component id="oc-6c">
         <name>.text</name>
         <load_address>0x481f</load_address>
         <run_address>0x481f</run_address>
         <size>0x13</size>
         <input_file_ref idref="fl-29"/>
      </object_component>
      <object_component id="oc-7c">
         <name>.text</name>
         <load_address>0x4832</load_address>
         <run_address>0x4832</run_address>
         <size>0x10</size>
         <input_file_ref idref="fl-2d"/>
      </object_component>
      <object_component id="oc-d6">
         <name>.text</name>
         <load_address>0x4842</load_address>
         <run_address>0x4842</run_address>
         <size>0x10</size>
         <input_file_ref idref="fl-42"/>
      </object_component>
      <object_component id="oc-11a">
         <name>.text</name>
         <load_address>0x4852</load_address>
         <run_address>0x4852</run_address>
         <size>0xa</size>
         <input_file_ref idref="fl-51"/>
      </object_component>
      <object_component id="oc-5c">
         <name>.text:CIO_breakpoint</name>
         <load_address>0x485c</load_address>
         <run_address>0x485c</run_address>
         <size>0x7</size>
         <input_file_ref idref="fl-25"/>
      </object_component>
      <object_component id="oc-78">
         <name>.text</name>
         <load_address>0x4863</load_address>
         <run_address>0x4863</run_address>
         <size>0x2</size>
         <input_file_ref idref="fl-2c"/>
      </object_component>
      <object_component id="oc-50">
         <name>.stack</name>
         <load_address>0x4880</load_address>
         <run_address>0x4880</run_address>
         <size>0x0</size>
         <input_file_ref idref="fl-23"/>
      </object_component>
      <object_component id="oc-13d">
         <name>.stack</name>
         <load_address>0x4880</load_address>
         <run_address>0x4880</run_address>
         <size>0x0</size>
      </object_component>
      <object_component id="oc-11e">
         <name>.sysstack</name>
         <load_address>0x8880</load_address>
         <run_address>0x8880</run_address>
         <size>0x0</size>
         <input_file_ref idref="fl-23"/>
      </object_component>
      <object_component id="oc-13f">
         <name>.sysstack</name>
         <load_address>0x8880</load_address>
         <run_address>0x8880</run_address>
         <size>0x0</size>
      </object_component>
      <object_component id="oc-9a">
         <name>.bss</name>
         <load_address>0x9e60</load_address>
         <run_address>0x9e60</run_address>
         <size>0x1ba</size>
         <input_file_ref idref="fl-34"/>
      </object_component>
      <object_component id="oc-e7">
         <name>.bss</name>
         <load_address>0xa01a</load_address>
         <run_address>0xa01a</run_address>
         <size>0x1a0</size>
         <input_file_ref idref="fl-46"/>
      </object_component>
      <object_component id="oc-3a">
         <name>.bss</name>
         <load_address>0xa1ba</load_address>
         <run_address>0xa1ba</run_address>
         <size>0x2</size>
         <input_file_ref idref="fl-9"/>
      </object_component>
      <object_component id="oc-c5">
         <name>.bss</name>
         <load_address>0xa1bc</load_address>
         <run_address>0xa1bc</run_address>
         <size>0xba</size>
         <input_file_ref idref="fl-3e"/>
      </object_component>
      <object_component id="oc-2a">
         <name>.bss</name>
         <load_address>0xa276</load_address>
         <run_address>0xa276</run_address>
         <size>0x8</size>
         <input_file_ref idref="fl-6"/>
      </object_component>
      <object_component id="oc-10a">
         <name>.bss</name>
         <load_address>0xa27e</load_address>
         <run_address>0xa27e</run_address>
         <size>0x2</size>
         <input_file_ref idref="fl-4e"/>
      </object_component>
      <object_component id="oc-7d">
         <name>.bss</name>
         <load_address>0xa280</load_address>
         <run_address>0xa280</run_address>
         <size>0x8</size>
         <input_file_ref idref="fl-2d"/>
      </object_component>
      <object_component id="oc-59">
         <name>.bss</name>
         <load_address>0xa288</load_address>
         <run_address>0xa288</run_address>
         <size>0x8</size>
         <input_file_ref idref="fl-25"/>
      </object_component>
      <object_component id="oc-110">
         <name>.bss</name>
         <load_address>0xa290</load_address>
         <run_address>0xa290</run_address>
         <size>0x8</size>
         <input_file_ref idref="fl-4f"/>
      </object_component>
      <object_component id="oc-46">
         <name>.bss</name>
         <load_address>0xa298</load_address>
         <run_address>0xa298</run_address>
         <size>0x4</size>
         <input_file_ref idref="fl-b"/>
      </object_component>
      <object_component id="oc-124">
         <name>.const:__ctypes_</name>
         <load_address>0x9880</load_address>
         <run_address>0x9880</run_address>
         <size>0x202</size>
         <input_file_ref idref="fl-33"/>
      </object_component>
      <object_component id="oc-122">
         <name>.const:_sinusoid</name>
         <load_address>0x9a82</load_address>
         <run_address>0x9a82</run_address>
         <size>0x200</size>
         <input_file_ref idref="fl-b"/>
      </object_component>
      <object_component id="oc-1b">
         <name>.const:.string</name>
         <load_address>0x9c82</load_address>
         <run_address>0x9c82</run_address>
         <size>0x9e</size>
         <input_file_ref idref="fl-3"/>
      </object_component>
      <object_component id="oc-11f">
         <name>.const:_$P$T0$1</name>
         <load_address>0x9d20</load_address>
         <run_address>0x9d20</run_address>
         <size>0x60</size>
         <input_file_ref idref="fl-4"/>
      </object_component>
      <object_component id="oc-84">
         <name>.const:.string</name>
         <load_address>0x9d80</load_address>
         <run_address>0x9d80</run_address>
         <size>0x46</size>
         <input_file_ref idref="fl-2e"/>
      </object_component>
      <object_component id="oc-121">
         <name>.const:_$P$T0$1</name>
         <load_address>0x9dc6</load_address>
         <run_address>0x9dc6</run_address>
         <size>0x36</size>
         <input_file_ref idref="fl-9"/>
      </object_component>
      <object_component id="oc-85">
         <name>.const</name>
         <load_address>0x9dfc</load_address>
         <run_address>0x9dfc</run_address>
         <size>0x18</size>
         <input_file_ref idref="fl-2e"/>
      </object_component>
      <object_component id="oc-120">
         <name>.const:_$P$T0$1</name>
         <load_address>0x9e14</load_address>
         <run_address>0x9e14</run_address>
         <size>0x14</size>
         <input_file_ref idref="fl-7"/>
      </object_component>
      <object_component id="oc-123">
         <name>.const:_initial_approx$1</name>
         <load_address>0x9e28</load_address>
         <run_address>0x9e28</run_address>
         <size>0x10</size>
         <input_file_ref idref="fl-24"/>
      </object_component>
      <object_component id="oc-48">
         <name>.const</name>
         <load_address>0x9e38</load_address>
         <run_address>0x9e38</run_address>
         <size>0x8</size>
         <input_file_ref idref="fl-b"/>
      </object_component>
      <object_component id="oc-b5">
         <name>.const:.string</name>
         <load_address>0x9e40</load_address>
         <run_address>0x9e40</run_address>
         <size>0x4</size>
         <input_file_ref idref="fl-3a"/>
      </object_component>
      <object_component id="oc-41">
         <name>.const</name>
         <load_address>0x9e44</load_address>
         <run_address>0x9e44</run_address>
         <size>0x4</size>
         <input_file_ref idref="fl-a"/>
      </object_component>
      <object_component id="oc-ac">
         <name>.const</name>
         <load_address>0x9e48</load_address>
         <run_address>0x9e48</run_address>
         <size>0x4</size>
         <input_file_ref idref="fl-38"/>
      </object_component>
      <object_component id="oc-65">
         <name>.const</name>
         <load_address>0x9e4c</load_address>
         <run_address>0x9e4c</run_address>
         <size>0x4</size>
         <input_file_ref idref="fl-27"/>
      </object_component>
      <object_component id="oc-113">
         <name>.sysmem</name>
         <uninitialized>true</uninitialized>
         <run_address>0x6880</run_address>
         <size>0x0</size>
         <input_file_ref idref="fl-4f"/>
      </object_component>
      <object_component id="oc-13e">
         <name>.sysmem</name>
         <uninitialized>true</uninitialized>
         <run_address>0x6880</run_address>
         <size>0x0</size>
      </object_component>
      <object_component id="oc-c7">
         <name>.cinit</name>
         <load_address>0xa4e0</load_address>
         <run_address>0xa4e0</run_address>
         <size>0x50</size>
         <input_file_ref idref="fl-3e"/>
      </object_component>
      <object_component id="oc-9c">
         <name>.cinit</name>
         <load_address>0xa530</load_address>
         <run_address>0xa530</run_address>
         <size>0x32</size>
         <input_file_ref idref="fl-34"/>
      </object_component>
      <object_component id="oc-7f">
         <name>.cinit</name>
         <load_address>0xa562</load_address>
         <run_address>0xa562</run_address>
         <size>0x14</size>
         <input_file_ref idref="fl-2d"/>
      </object_component>
      <object_component id="oc-5b">
         <name>.cinit</name>
         <load_address>0xa576</load_address>
         <run_address>0xa576</run_address>
         <size>0x14</size>
         <input_file_ref idref="fl-25"/>
      </object_component>
      <object_component id="oc-10c">
         <name>.cinit</name>
         <load_address>0xa58a</load_address>
         <run_address>0xa58a</run_address>
         <size>0x8</size>
         <input_file_ref idref="fl-4e"/>
      </object_component>
      <object_component id="oc-112">
         <name>.cinit</name>
         <load_address>0xa592</load_address>
         <run_address>0xa592</run_address>
         <size>0x8</size>
         <input_file_ref idref="fl-4f"/>
      </object_component>
      <object_component id="oc-ed">
         <name>.cio</name>
         <load_address>0xa2a0</load_address>
         <run_address>0xa2a0</run_address>
         <size>0x240</size>
         <input_file_ref idref="fl-47"/>
      </object_component>
      <object_component id="oc-13">
         <name>vectors</name>
         <load_address>0xfe00</load_address>
         <run_address>0xfe00</run_address>
         <size>0x100</size>
         <input_file_ref idref="fl-2c"/>
      </object_component>
      <object_component id="oc-15">
         <name>.debug_info</name>
         <load_address>0x0</load_address>
         <run_address>0x0</run_address>
         <size>0xcbc</size>
         <input_file_ref idref="fl-2"/>
      </object_component>
      <object_component id="oc-1a">
         <name>.debug_info</name>
         <load_address>0xcbc</load_address>
         <run_address>0xcbc</run_address>
         <size>0xa7e</size>
         <input_file_ref idref="fl-3"/>
      </object_component>
      <object_component id="oc-20">
         <name>.debug_info</name>
         <load_address>0x173a</load_address>
         <run_address>0x173a</run_address>
         <size>0xce7</size>
         <input_file_ref idref="fl-4"/>
      </object_component>
      <object_component id="oc-25">
         <name>.debug_info</name>
         <load_address>0x2421</load_address>
         <run_address>0x2421</run_address>
         <size>0x8da</size>
         <input_file_ref idref="fl-5"/>
      </object_component>
      <object_component id="oc-2b">
         <name>.debug_info</name>
         <load_address>0x2cfb</load_address>
         <run_address>0x2cfb</run_address>
         <size>0xb9d</size>
         <input_file_ref idref="fl-6"/>
      </object_component>
      <object_component id="oc-30">
         <name>.debug_info</name>
         <load_address>0x3898</load_address>
         <run_address>0x3898</run_address>
         <size>0xa23</size>
         <input_file_ref idref="fl-7"/>
      </object_component>
      <object_component id="oc-35">
         <name>.debug_info</name>
         <load_address>0x42bb</load_address>
         <run_address>0x42bb</run_address>
         <size>0xb97</size>
         <input_file_ref idref="fl-8"/>
      </object_component>
      <object_component id="oc-3b">
         <name>.debug_info</name>
         <load_address>0x4e52</load_address>
         <run_address>0x4e52</run_address>
         <size>0x10f2</size>
         <input_file_ref idref="fl-9"/>
      </object_component>
      <object_component id="oc-40">
         <name>.debug_info</name>
         <load_address>0x5f44</load_address>
         <run_address>0x5f44</run_address>
         <size>0x7ec</size>
         <input_file_ref idref="fl-a"/>
      </object_component>
      <object_component id="oc-47">
         <name>.debug_info</name>
         <load_address>0x6730</load_address>
         <run_address>0x6730</run_address>
         <size>0x666</size>
         <input_file_ref idref="fl-b"/>
      </object_component>
      <object_component id="oc-4d">
         <name>.debug_info</name>
         <load_address>0x6d96</load_address>
         <run_address>0x6d96</run_address>
         <size>0x5ab</size>
         <input_file_ref idref="fl-22"/>
      </object_component>
      <object_component id="oc-51">
         <name>.debug_info</name>
         <load_address>0x7341</load_address>
         <run_address>0x7341</run_address>
         <size>0xe8</size>
         <input_file_ref idref="fl-23"/>
      </object_component>
      <object_component id="oc-55">
         <name>.debug_info</name>
         <load_address>0x7429</load_address>
         <run_address>0x7429</run_address>
         <size>0x7e8</size>
         <input_file_ref idref="fl-24"/>
      </object_component>
      <object_component id="oc-5a">
         <name>.debug_info</name>
         <load_address>0x7c11</load_address>
         <run_address>0x7c11</run_address>
         <size>0x5fb</size>
         <input_file_ref idref="fl-25"/>
      </object_component>
      <object_component id="oc-60">
         <name>.debug_info</name>
         <load_address>0x820c</load_address>
         <run_address>0x820c</run_address>
         <size>0x534</size>
         <input_file_ref idref="fl-26"/>
      </object_component>
      <object_component id="oc-64">
         <name>.debug_info</name>
         <load_address>0x8740</load_address>
         <run_address>0x8740</run_address>
         <size>0x549</size>
         <input_file_ref idref="fl-27"/>
      </object_component>
      <object_component id="oc-69">
         <name>.debug_info</name>
         <load_address>0x8c89</load_address>
         <run_address>0x8c89</run_address>
         <size>0x53e</size>
         <input_file_ref idref="fl-28"/>
      </object_component>
      <object_component id="oc-6d">
         <name>.debug_info</name>
         <load_address>0x91c7</load_address>
         <run_address>0x91c7</run_address>
         <size>0xbd</size>
         <input_file_ref idref="fl-29"/>
      </object_component>
      <object_component id="oc-71">
         <name>.debug_info</name>
         <load_address>0x9284</load_address>
         <run_address>0x9284</run_address>
         <size>0x55b</size>
         <input_file_ref idref="fl-2a"/>
      </object_component>
      <object_component id="oc-75">
         <name>.debug_info</name>
         <load_address>0x97df</load_address>
         <run_address>0x97df</run_address>
         <size>0x767</size>
         <input_file_ref idref="fl-2b"/>
      </object_component>
      <object_component id="oc-79">
         <name>.debug_info</name>
         <load_address>0x9f46</load_address>
         <run_address>0x9f46</run_address>
         <size>0xbc</size>
         <input_file_ref idref="fl-2c"/>
      </object_component>
      <object_component id="oc-7e">
         <name>.debug_info</name>
         <load_address>0xa002</load_address>
         <run_address>0xa002</run_address>
         <size>0x5bc</size>
         <input_file_ref idref="fl-2d"/>
      </object_component>
      <object_component id="oc-83">
         <name>.debug_info</name>
         <load_address>0xa5be</load_address>
         <run_address>0xa5be</run_address>
         <size>0x27a1</size>
         <input_file_ref idref="fl-2e"/>
      </object_component>
      <object_component id="oc-89">
         <name>.debug_info</name>
         <load_address>0xcd5f</load_address>
         <run_address>0xcd5f</run_address>
         <size>0x586</size>
         <input_file_ref idref="fl-2f"/>
      </object_component>
      <object_component id="oc-8d">
         <name>.debug_info</name>
         <load_address>0xd2e5</load_address>
         <run_address>0xd2e5</run_address>
         <size>0x59a</size>
         <input_file_ref idref="fl-30"/>
      </object_component>
      <object_component id="oc-91">
         <name>.debug_info</name>
         <load_address>0xd87f</load_address>
         <run_address>0xd87f</run_address>
         <size>0xcd</size>
         <input_file_ref idref="fl-31"/>
      </object_component>
      <object_component id="oc-95">
         <name>.debug_info</name>
         <load_address>0xd94c</load_address>
         <run_address>0xd94c</run_address>
         <size>0x81f</size>
         <input_file_ref idref="fl-32"/>
      </object_component>
      <object_component id="oc-98">
         <name>.debug_info</name>
         <load_address>0xe16b</load_address>
         <run_address>0xe16b</run_address>
         <size>0x493</size>
         <input_file_ref idref="fl-33"/>
      </object_component>
      <object_component id="oc-9b">
         <name>.debug_info</name>
         <load_address>0xe5fe</load_address>
         <run_address>0xe5fe</run_address>
         <size>0x57e</size>
         <input_file_ref idref="fl-34"/>
      </object_component>
      <object_component id="oc-9f">
         <name>.debug_info</name>
         <load_address>0xeb7c</load_address>
         <run_address>0xeb7c</run_address>
         <size>0x534</size>
         <input_file_ref idref="fl-35"/>
      </object_component>
      <object_component id="oc-a3">
         <name>.debug_info</name>
         <load_address>0xf0b0</load_address>
         <run_address>0xf0b0</run_address>
         <size>0x4cf</size>
         <input_file_ref idref="fl-36"/>
      </object_component>
      <object_component id="oc-a7">
         <name>.debug_info</name>
         <load_address>0xf57f</load_address>
         <run_address>0xf57f</run_address>
         <size>0x534</size>
         <input_file_ref idref="fl-37"/>
      </object_component>
      <object_component id="oc-ab">
         <name>.debug_info</name>
         <load_address>0xfab3</load_address>
         <run_address>0xfab3</run_address>
         <size>0x549</size>
         <input_file_ref idref="fl-38"/>
      </object_component>
      <object_component id="oc-b0">
         <name>.debug_info</name>
         <load_address>0xfffc</load_address>
         <run_address>0xfffc</run_address>
         <size>0x6a5</size>
         <input_file_ref idref="fl-39"/>
      </object_component>
      <object_component id="oc-b4">
         <name>.debug_info</name>
         <load_address>0x106a1</load_address>
         <run_address>0x106a1</run_address>
         <size>0x938</size>
         <input_file_ref idref="fl-3a"/>
      </object_component>
      <object_component id="oc-b9">
         <name>.debug_info</name>
         <load_address>0x10fd9</load_address>
         <run_address>0x10fd9</run_address>
         <size>0x4d2</size>
         <input_file_ref idref="fl-3b"/>
      </object_component>
      <object_component id="oc-bd">
         <name>.debug_info</name>
         <load_address>0x114ab</load_address>
         <run_address>0x114ab</run_address>
         <size>0x680</size>
         <input_file_ref idref="fl-3c"/>
      </object_component>
      <object_component id="oc-c1">
         <name>.debug_info</name>
         <load_address>0x11b2b</load_address>
         <run_address>0x11b2b</run_address>
         <size>0x7d4</size>
         <input_file_ref idref="fl-3d"/>
      </object_component>
      <object_component id="oc-c6">
         <name>.debug_info</name>
         <load_address>0x122ff</load_address>
         <run_address>0x122ff</run_address>
         <size>0x1446</size>
         <input_file_ref idref="fl-3e"/>
      </object_component>
      <object_component id="oc-cb">
         <name>.debug_info</name>
         <load_address>0x13745</load_address>
         <run_address>0x13745</run_address>
         <size>0x5a8</size>
         <input_file_ref idref="fl-3f"/>
      </object_component>
      <object_component id="oc-cf">
         <name>.debug_info</name>
         <load_address>0x13ced</load_address>
         <run_address>0x13ced</run_address>
         <size>0x56f</size>
         <input_file_ref idref="fl-40"/>
      </object_component>
      <object_component id="oc-d3">
         <name>.debug_info</name>
         <load_address>0x1425c</load_address>
         <run_address>0x1425c</run_address>
         <size>0xd1</size>
         <input_file_ref idref="fl-41"/>
      </object_component>
      <object_component id="oc-d7">
         <name>.debug_info</name>
         <load_address>0x1432d</load_address>
         <run_address>0x1432d</run_address>
         <size>0x4b7</size>
         <input_file_ref idref="fl-42"/>
      </object_component>
      <object_component id="oc-db">
         <name>.debug_info</name>
         <load_address>0x147e4</load_address>
         <run_address>0x147e4</run_address>
         <size>0x4f2</size>
         <input_file_ref idref="fl-43"/>
      </object_component>
      <object_component id="oc-df">
         <name>.debug_info</name>
         <load_address>0x14cd6</load_address>
         <run_address>0x14cd6</run_address>
         <size>0x534</size>
         <input_file_ref idref="fl-44"/>
      </object_component>
      <object_component id="oc-e3">
         <name>.debug_info</name>
         <load_address>0x1520a</load_address>
         <run_address>0x1520a</run_address>
         <size>0x4de</size>
         <input_file_ref idref="fl-45"/>
      </object_component>
      <object_component id="oc-e8">
         <name>.debug_info</name>
         <load_address>0x156e8</load_address>
         <run_address>0x156e8</run_address>
         <size>0xeca</size>
         <input_file_ref idref="fl-46"/>
      </object_component>
      <object_component id="oc-ec">
         <name>.debug_info</name>
         <load_address>0x165b2</load_address>
         <run_address>0x165b2</run_address>
         <size>0x735</size>
         <input_file_ref idref="fl-47"/>
      </object_component>
      <object_component id="oc-f2">
         <name>.debug_info</name>
         <load_address>0x16ce7</load_address>
         <run_address>0x16ce7</run_address>
         <size>0xef</size>
         <input_file_ref idref="fl-48"/>
      </object_component>
      <object_component id="oc-f6">
         <name>.debug_info</name>
         <load_address>0x16dd6</load_address>
         <run_address>0x16dd6</run_address>
         <size>0x662</size>
         <input_file_ref idref="fl-49"/>
      </object_component>
      <object_component id="oc-fa">
         <name>.debug_info</name>
         <load_address>0x17438</load_address>
         <run_address>0x17438</run_address>
         <size>0x4f2</size>
         <input_file_ref idref="fl-4a"/>
      </object_component>
      <object_component id="oc-fe">
         <name>.debug_info</name>
         <load_address>0x1792a</load_address>
         <run_address>0x1792a</run_address>
         <size>0x701</size>
         <input_file_ref idref="fl-4b"/>
      </object_component>
      <object_component id="oc-102">
         <name>.debug_info</name>
         <load_address>0x1802b</load_address>
         <run_address>0x1802b</run_address>
         <size>0x5f7</size>
         <input_file_ref idref="fl-4c"/>
      </object_component>
      <object_component id="oc-106">
         <name>.debug_info</name>
         <load_address>0x18622</load_address>
         <run_address>0x18622</run_address>
         <size>0x64a</size>
         <input_file_ref idref="fl-4d"/>
      </object_component>
      <object_component id="oc-10b">
         <name>.debug_info</name>
         <load_address>0x18c6c</load_address>
         <run_address>0x18c6c</run_address>
         <size>0xa17</size>
         <input_file_ref idref="fl-4e"/>
      </object_component>
      <object_component id="oc-111">
         <name>.debug_info</name>
         <load_address>0x19683</load_address>
         <run_address>0x19683</run_address>
         <size>0xb92</size>
         <input_file_ref idref="fl-4f"/>
      </object_component>
      <object_component id="oc-117">
         <name>.debug_info</name>
         <load_address>0x1a215</load_address>
         <run_address>0x1a215</run_address>
         <size>0x64a</size>
         <input_file_ref idref="fl-50"/>
      </object_component>
      <object_component id="oc-11b">
         <name>.debug_info</name>
         <load_address>0x1a85f</load_address>
         <run_address>0x1a85f</run_address>
         <size>0x50b</size>
         <input_file_ref idref="fl-51"/>
      </object_component>
      <object_component id="oc-141">
         <name>.debug_info</name>
         <load_address>0x1ad6a</load_address>
         <run_address>0x1ad6a</run_address>
         <size>0x6e</size>
      </object_component>
      <object_component id="oc-16">
         <name>.debug_frame</name>
         <load_address>0x0</load_address>
         <run_address>0x0</run_address>
         <size>0xe6</size>
         <input_file_ref idref="fl-2"/>
      </object_component>
      <object_component id="oc-1c">
         <name>.debug_frame</name>
         <load_address>0xe6</load_address>
         <run_address>0xe6</run_address>
         <size>0x11e</size>
         <input_file_ref idref="fl-3"/>
      </object_component>
      <object_component id="oc-21">
         <name>.debug_frame</name>
         <load_address>0x204</load_address>
         <run_address>0x204</run_address>
         <size>0xe6</size>
         <input_file_ref idref="fl-4"/>
      </object_component>
      <object_component id="oc-26">
         <name>.debug_frame</name>
         <load_address>0x2ea</load_address>
         <run_address>0x2ea</run_address>
         <size>0x138</size>
         <input_file_ref idref="fl-5"/>
      </object_component>
      <object_component id="oc-2c">
         <name>.debug_frame</name>
         <load_address>0x422</load_address>
         <run_address>0x422</run_address>
         <size>0x13c</size>
         <input_file_ref idref="fl-6"/>
      </object_component>
      <object_component id="oc-31">
         <name>.debug_frame</name>
         <load_address>0x55e</load_address>
         <run_address>0x55e</run_address>
         <size>0x132</size>
         <input_file_ref idref="fl-7"/>
      </object_component>
      <object_component id="oc-36">
         <name>.debug_frame</name>
         <load_address>0x690</load_address>
         <run_address>0x690</run_address>
         <size>0x157</size>
         <input_file_ref idref="fl-8"/>
      </object_component>
      <object_component id="oc-3c">
         <name>.debug_frame</name>
         <load_address>0x7e7</load_address>
         <run_address>0x7e7</run_address>
         <size>0x138</size>
         <input_file_ref idref="fl-9"/>
      </object_component>
      <object_component id="oc-42">
         <name>.debug_frame</name>
         <load_address>0x91f</load_address>
         <run_address>0x91f</run_address>
         <size>0xe1</size>
         <input_file_ref idref="fl-a"/>
      </object_component>
      <object_component id="oc-49">
         <name>.debug_frame</name>
         <load_address>0xa00</load_address>
         <run_address>0xa00</run_address>
         <size>0x100</size>
         <input_file_ref idref="fl-b"/>
      </object_component>
      <object_component id="oc-17">
         <name>.debug_line</name>
         <load_address>0x0</load_address>
         <run_address>0x0</run_address>
         <size>0xbb</size>
         <input_file_ref idref="fl-2"/>
      </object_component>
      <object_component id="oc-1d">
         <name>.debug_line</name>
         <load_address>0xbb</load_address>
         <run_address>0xbb</run_address>
         <size>0x98</size>
         <input_file_ref idref="fl-3"/>
      </object_component>
      <object_component id="oc-22">
         <name>.debug_line</name>
         <load_address>0x153</load_address>
         <run_address>0x153</run_address>
         <size>0xb7</size>
         <input_file_ref idref="fl-4"/>
      </object_component>
      <object_component id="oc-27">
         <name>.debug_line</name>
         <load_address>0x20a</load_address>
         <run_address>0x20a</run_address>
         <size>0x115</size>
         <input_file_ref idref="fl-5"/>
      </object_component>
      <object_component id="oc-2d">
         <name>.debug_line</name>
         <load_address>0x31f</load_address>
         <run_address>0x31f</run_address>
         <size>0x144</size>
         <input_file_ref idref="fl-6"/>
      </object_component>
      <object_component id="oc-32">
         <name>.debug_line</name>
         <load_address>0x463</load_address>
         <run_address>0x463</run_address>
         <size>0xa0</size>
         <input_file_ref idref="fl-7"/>
      </object_component>
      <object_component id="oc-37">
         <name>.debug_line</name>
         <load_address>0x503</load_address>
         <run_address>0x503</run_address>
         <size>0xe7</size>
         <input_file_ref idref="fl-8"/>
      </object_component>
      <object_component id="oc-3d">
         <name>.debug_line</name>
         <load_address>0x5ea</load_address>
         <run_address>0x5ea</run_address>
         <size>0xc5</size>
         <input_file_ref idref="fl-9"/>
      </object_component>
      <object_component id="oc-43">
         <name>.debug_line</name>
         <load_address>0x6af</load_address>
         <run_address>0x6af</run_address>
         <size>0x4c</size>
         <input_file_ref idref="fl-a"/>
      </object_component>
      <object_component id="oc-4a">
         <name>.debug_line</name>
         <load_address>0x6fb</load_address>
         <run_address>0x6fb</run_address>
         <size>0x5e</size>
         <input_file_ref idref="fl-b"/>
      </object_component>
      <object_component id="oc-4e">
         <name>.debug_line</name>
         <load_address>0x759</load_address>
         <run_address>0x759</run_address>
         <size>0x5c</size>
         <input_file_ref idref="fl-22"/>
      </object_component>
      <object_component id="oc-52">
         <name>.debug_line</name>
         <load_address>0x7b5</load_address>
         <run_address>0x7b5</run_address>
         <size>0x57</size>
         <input_file_ref idref="fl-23"/>
      </object_component>
      <object_component id="oc-56">
         <name>.debug_line</name>
         <load_address>0x80c</load_address>
         <run_address>0x80c</run_address>
         <size>0x5b</size>
         <input_file_ref idref="fl-24"/>
      </object_component>
      <object_component id="oc-5d">
         <name>.debug_line</name>
         <load_address>0x867</load_address>
         <run_address>0x867</run_address>
         <size>0x51</size>
         <input_file_ref idref="fl-25"/>
      </object_component>
      <object_component id="oc-61">
         <name>.debug_line</name>
         <load_address>0x8b8</load_address>
         <run_address>0x8b8</run_address>
         <size>0x3d</size>
         <input_file_ref idref="fl-26"/>
      </object_component>
      <object_component id="oc-66">
         <name>.debug_line</name>
         <load_address>0x8f5</load_address>
         <run_address>0x8f5</run_address>
         <size>0x44</size>
         <input_file_ref idref="fl-27"/>
      </object_component>
      <object_component id="oc-6a">
         <name>.debug_line</name>
         <load_address>0x939</load_address>
         <run_address>0x939</run_address>
         <size>0x40</size>
         <input_file_ref idref="fl-28"/>
      </object_component>
      <object_component id="oc-6e">
         <name>.debug_line</name>
         <load_address>0x979</load_address>
         <run_address>0x979</run_address>
         <size>0x3c</size>
         <input_file_ref idref="fl-29"/>
      </object_component>
      <object_component id="oc-72">
         <name>.debug_line</name>
         <load_address>0x9b5</load_address>
         <run_address>0x9b5</run_address>
         <size>0x3c</size>
         <input_file_ref idref="fl-2a"/>
      </object_component>
      <object_component id="oc-76">
         <name>.debug_line</name>
         <load_address>0x9f1</load_address>
         <run_address>0x9f1</run_address>
         <size>0x69</size>
         <input_file_ref idref="fl-2b"/>
      </object_component>
      <object_component id="oc-7a">
         <name>.debug_line</name>
         <load_address>0xa5a</load_address>
         <run_address>0xa5a</run_address>
         <size>0x37</size>
         <input_file_ref idref="fl-2c"/>
      </object_component>
      <object_component id="oc-80">
         <name>.debug_line</name>
         <load_address>0xa91</load_address>
         <run_address>0xa91</run_address>
         <size>0x5b</size>
         <input_file_ref idref="fl-2d"/>
      </object_component>
      <object_component id="oc-86">
         <name>.debug_line</name>
         <load_address>0xaec</load_address>
         <run_address>0xaec</run_address>
         <size>0x325</size>
         <input_file_ref idref="fl-2e"/>
      </object_component>
      <object_component id="oc-8a">
         <name>.debug_line</name>
         <load_address>0xe11</load_address>
         <run_address>0xe11</run_address>
         <size>0x41</size>
         <input_file_ref idref="fl-2f"/>
      </object_component>
      <object_component id="oc-8e">
         <name>.debug_line</name>
         <load_address>0xe52</load_address>
         <run_address>0xe52</run_address>
         <size>0x46</size>
         <input_file_ref idref="fl-30"/>
      </object_component>
      <object_component id="oc-92">
         <name>.debug_line</name>
         <load_address>0xe98</load_address>
         <run_address>0xe98</run_address>
         <size>0x5e</size>
         <input_file_ref idref="fl-31"/>
      </object_component>
      <object_component id="oc-96">
         <name>.debug_line</name>
         <load_address>0xef6</load_address>
         <run_address>0xef6</run_address>
         <size>0xad</size>
         <input_file_ref idref="fl-32"/>
      </object_component>
      <object_component id="oc-a0">
         <name>.debug_line</name>
         <load_address>0xfa3</load_address>
         <run_address>0xfa3</run_address>
         <size>0x44</size>
         <input_file_ref idref="fl-35"/>
      </object_component>
      <object_component id="oc-a4">
         <name>.debug_line</name>
         <load_address>0xfe7</load_address>
         <run_address>0xfe7</run_address>
         <size>0x3d</size>
         <input_file_ref idref="fl-36"/>
      </object_component>
      <object_component id="oc-a8">
         <name>.debug_line</name>
         <load_address>0x1024</load_address>
         <run_address>0x1024</run_address>
         <size>0x3d</size>
         <input_file_ref idref="fl-37"/>
      </object_component>
      <object_component id="oc-ad">
         <name>.debug_line</name>
         <load_address>0x1061</load_address>
         <run_address>0x1061</run_address>
         <size>0x44</size>
         <input_file_ref idref="fl-38"/>
      </object_component>
      <object_component id="oc-b1">
         <name>.debug_line</name>
         <load_address>0x10a5</load_address>
         <run_address>0x10a5</run_address>
         <size>0x55</size>
         <input_file_ref idref="fl-39"/>
      </object_component>
      <object_component id="oc-b6">
         <name>.debug_line</name>
         <load_address>0x10fa</load_address>
         <run_address>0x10fa</run_address>
         <size>0xa8</size>
         <input_file_ref idref="fl-3a"/>
      </object_component>
      <object_component id="oc-ba">
         <name>.debug_line</name>
         <load_address>0x11a2</load_address>
         <run_address>0x11a2</run_address>
         <size>0x3a</size>
         <input_file_ref idref="fl-3b"/>
      </object_component>
      <object_component id="oc-be">
         <name>.debug_line</name>
         <load_address>0x11dc</load_address>
         <run_address>0x11dc</run_address>
         <size>0x38</size>
         <input_file_ref idref="fl-3c"/>
      </object_component>
      <object_component id="oc-c2">
         <name>.debug_line</name>
         <load_address>0x1214</load_address>
         <run_address>0x1214</run_address>
         <size>0xa8</size>
         <input_file_ref idref="fl-3d"/>
      </object_component>
      <object_component id="oc-c8">
         <name>.debug_line</name>
         <load_address>0x12bc</load_address>
         <run_address>0x12bc</run_address>
         <size>0x1af</size>
         <input_file_ref idref="fl-3e"/>
      </object_component>
      <object_component id="oc-cc">
         <name>.debug_line</name>
         <load_address>0x146b</load_address>
         <run_address>0x146b</run_address>
         <size>0x40</size>
         <input_file_ref idref="fl-3f"/>
      </object_component>
      <object_component id="oc-d0">
         <name>.debug_line</name>
         <load_address>0x14ab</load_address>
         <run_address>0x14ab</run_address>
         <size>0x3a</size>
         <input_file_ref idref="fl-40"/>
      </object_component>
      <object_component id="oc-d4">
         <name>.debug_line</name>
         <load_address>0x14e5</load_address>
         <run_address>0x14e5</run_address>
         <size>0x4d</size>
         <input_file_ref idref="fl-41"/>
      </object_component>
      <object_component id="oc-d8">
         <name>.debug_line</name>
         <load_address>0x1532</load_address>
         <run_address>0x1532</run_address>
         <size>0x37</size>
         <input_file_ref idref="fl-42"/>
      </object_component>
      <object_component id="oc-dc">
         <name>.debug_line</name>
         <load_address>0x1569</load_address>
         <run_address>0x1569</run_address>
         <size>0x3c</size>
         <input_file_ref idref="fl-43"/>
      </object_component>
      <object_component id="oc-e0">
         <name>.debug_line</name>
         <load_address>0x15a5</load_address>
         <run_address>0x15a5</run_address>
         <size>0x44</size>
         <input_file_ref idref="fl-44"/>
      </object_component>
      <object_component id="oc-e4">
         <name>.debug_line</name>
         <load_address>0x15e9</load_address>
         <run_address>0x15e9</run_address>
         <size>0x37</size>
         <input_file_ref idref="fl-45"/>
      </object_component>
      <object_component id="oc-e9">
         <name>.debug_line</name>
         <load_address>0x1620</load_address>
         <run_address>0x1620</run_address>
         <size>0x15b</size>
         <input_file_ref idref="fl-46"/>
      </object_component>
      <object_component id="oc-ef">
         <name>.debug_line</name>
         <load_address>0x177b</load_address>
         <run_address>0x177b</run_address>
         <size>0x6a</size>
         <input_file_ref idref="fl-47"/>
      </object_component>
      <object_component id="oc-f3">
         <name>.debug_line</name>
         <load_address>0x17e5</load_address>
         <run_address>0x17e5</run_address>
         <size>0x58</size>
         <input_file_ref idref="fl-48"/>
      </object_component>
      <object_component id="oc-f7">
         <name>.debug_line</name>
         <load_address>0x183d</load_address>
         <run_address>0x183d</run_address>
         <size>0x57</size>
         <input_file_ref idref="fl-49"/>
      </object_component>
      <object_component id="oc-fb">
         <name>.debug_line</name>
         <load_address>0x1894</load_address>
         <run_address>0x1894</run_address>
         <size>0x3c</size>
         <input_file_ref idref="fl-4a"/>
      </object_component>
      <object_component id="oc-ff">
         <name>.debug_line</name>
         <load_address>0x18d0</load_address>
         <run_address>0x18d0</run_address>
         <size>0x5b</size>
         <input_file_ref idref="fl-4b"/>
      </object_component>
      <object_component id="oc-103">
         <name>.debug_line</name>
         <load_address>0x192b</load_address>
         <run_address>0x192b</run_address>
         <size>0x3c</size>
         <input_file_ref idref="fl-4c"/>
      </object_component>
      <object_component id="oc-107">
         <name>.debug_line</name>
         <load_address>0x1967</load_address>
         <run_address>0x1967</run_address>
         <size>0x40</size>
         <input_file_ref idref="fl-4d"/>
      </object_component>
      <object_component id="oc-10d">
         <name>.debug_line</name>
         <load_address>0x19a7</load_address>
         <run_address>0x19a7</run_address>
         <size>0xd7</size>
         <input_file_ref idref="fl-4e"/>
      </object_component>
      <object_component id="oc-114">
         <name>.debug_line</name>
         <load_address>0x1a7e</load_address>
         <run_address>0x1a7e</run_address>
         <size>0x10f</size>
         <input_file_ref idref="fl-4f"/>
      </object_component>
      <object_component id="oc-118">
         <name>.debug_line</name>
         <load_address>0x1b8d</load_address>
         <run_address>0x1b8d</run_address>
         <size>0x3d</size>
         <input_file_ref idref="fl-50"/>
      </object_component>
      <object_component id="oc-11c">
         <name>.debug_line</name>
         <load_address>0x1bca</load_address>
         <run_address>0x1bca</run_address>
         <size>0x39</size>
         <input_file_ref idref="fl-51"/>
      </object_component>
      <object_component id="oc-18">
         <name>.debug_abbrev</name>
         <load_address>0x0</load_address>
         <run_address>0x0</run_address>
         <size>0xed</size>
         <input_file_ref idref="fl-2"/>
      </object_component>
      <object_component id="oc-1e">
         <name>.debug_abbrev</name>
         <load_address>0xed</load_address>
         <run_address>0xed</run_address>
         <size>0xfc</size>
         <input_file_ref idref="fl-3"/>
      </object_component>
      <object_component id="oc-23">
         <name>.debug_abbrev</name>
         <load_address>0x1e9</load_address>
         <run_address>0x1e9</run_address>
         <size>0xfd</size>
         <input_file_ref idref="fl-4"/>
      </object_component>
      <object_component id="oc-28">
         <name>.debug_abbrev</name>
         <load_address>0x2e6</load_address>
         <run_address>0x2e6</run_address>
         <size>0x14f</size>
         <input_file_ref idref="fl-5"/>
      </object_component>
      <object_component id="oc-2e">
         <name>.debug_abbrev</name>
         <load_address>0x435</load_address>
         <run_address>0x435</run_address>
         <size>0xf5</size>
         <input_file_ref idref="fl-6"/>
      </object_component>
      <object_component id="oc-33">
         <name>.debug_abbrev</name>
         <load_address>0x52a</load_address>
         <run_address>0x52a</run_address>
         <size>0x109</size>
         <input_file_ref idref="fl-7"/>
      </object_component>
      <object_component id="oc-38">
         <name>.debug_abbrev</name>
         <load_address>0x633</load_address>
         <run_address>0x633</run_address>
         <size>0xe0</size>
         <input_file_ref idref="fl-8"/>
      </object_component>
      <object_component id="oc-3e">
         <name>.debug_abbrev</name>
         <load_address>0x713</load_address>
         <run_address>0x713</run_address>
         <size>0x13e</size>
         <input_file_ref idref="fl-9"/>
      </object_component>
      <object_component id="oc-44">
         <name>.debug_abbrev</name>
         <load_address>0x851</load_address>
         <run_address>0x851</run_address>
         <size>0xd6</size>
         <input_file_ref idref="fl-a"/>
      </object_component>
      <object_component id="oc-4b">
         <name>.debug_abbrev</name>
         <load_address>0x927</load_address>
         <run_address>0x927</run_address>
         <size>0xee</size>
         <input_file_ref idref="fl-b"/>
      </object_component>
      <object_component id="oc-4f">
         <name>.debug_abbrev</name>
         <load_address>0xa15</load_address>
         <run_address>0xa15</run_address>
         <size>0xd4</size>
         <input_file_ref idref="fl-22"/>
      </object_component>
      <object_component id="oc-53">
         <name>.debug_abbrev</name>
         <load_address>0xae9</load_address>
         <run_address>0xae9</run_address>
         <size>0x3a</size>
         <input_file_ref idref="fl-23"/>
      </object_component>
      <object_component id="oc-57">
         <name>.debug_abbrev</name>
         <load_address>0xb23</load_address>
         <run_address>0xb23</run_address>
         <size>0x112</size>
         <input_file_ref idref="fl-24"/>
      </object_component>
      <object_component id="oc-5e">
         <name>.debug_abbrev</name>
         <load_address>0xc35</load_address>
         <run_address>0xc35</run_address>
         <size>0xf7</size>
         <input_file_ref idref="fl-25"/>
      </object_component>
      <object_component id="oc-62">
         <name>.debug_abbrev</name>
         <load_address>0xd2c</load_address>
         <run_address>0xd2c</run_address>
         <size>0xb7</size>
         <input_file_ref idref="fl-26"/>
      </object_component>
      <object_component id="oc-67">
         <name>.debug_abbrev</name>
         <load_address>0xde3</load_address>
         <run_address>0xde3</run_address>
         <size>0xc2</size>
         <input_file_ref idref="fl-27"/>
      </object_component>
      <object_component id="oc-6b">
         <name>.debug_abbrev</name>
         <load_address>0xea5</load_address>
         <run_address>0xea5</run_address>
         <size>0x9a</size>
         <input_file_ref idref="fl-28"/>
      </object_component>
      <object_component id="oc-6f">
         <name>.debug_abbrev</name>
         <load_address>0xf3f</load_address>
         <run_address>0xf3f</run_address>
         <size>0x38</size>
         <input_file_ref idref="fl-29"/>
      </object_component>
      <object_component id="oc-73">
         <name>.debug_abbrev</name>
         <load_address>0xf77</load_address>
         <run_address>0xf77</run_address>
         <size>0xdc</size>
         <input_file_ref idref="fl-2a"/>
      </object_component>
      <object_component id="oc-77">
         <name>.debug_abbrev</name>
         <load_address>0x1053</load_address>
         <run_address>0x1053</run_address>
         <size>0x13c</size>
         <input_file_ref idref="fl-2b"/>
      </object_component>
      <object_component id="oc-7b">
         <name>.debug_abbrev</name>
         <load_address>0x118f</load_address>
         <run_address>0x118f</run_address>
         <size>0x26</size>
         <input_file_ref idref="fl-2c"/>
      </object_component>
      <object_component id="oc-81">
         <name>.debug_abbrev</name>
         <load_address>0x11b5</load_address>
         <run_address>0x11b5</run_address>
         <size>0x9f</size>
         <input_file_ref idref="fl-2d"/>
      </object_component>
      <object_component id="oc-87">
         <name>.debug_abbrev</name>
         <load_address>0x1254</load_address>
         <run_address>0x1254</run_address>
         <size>0x1ef</size>
         <input_file_ref idref="fl-2e"/>
      </object_component>
      <object_component id="oc-8b">
         <name>.debug_abbrev</name>
         <load_address>0x1443</load_address>
         <run_address>0x1443</run_address>
         <size>0xec</size>
         <input_file_ref idref="fl-2f"/>
      </object_component>
      <object_component id="oc-8f">
         <name>.debug_abbrev</name>
         <load_address>0x152f</load_address>
         <run_address>0x152f</run_address>
         <size>0xcc</size>
         <input_file_ref idref="fl-30"/>
      </object_component>
      <object_component id="oc-93">
         <name>.debug_abbrev</name>
         <load_address>0x15fb</load_address>
         <run_address>0x15fb</run_address>
         <size>0x44</size>
         <input_file_ref idref="fl-31"/>
      </object_component>
      <object_component id="oc-97">
         <name>.debug_abbrev</name>
         <load_address>0x163f</load_address>
         <run_address>0x163f</run_address>
         <size>0xb7</size>
         <input_file_ref idref="fl-32"/>
      </object_component>
      <object_component id="oc-99">
         <name>.debug_abbrev</name>
         <load_address>0x16f6</load_address>
         <run_address>0x16f6</run_address>
         <size>0x5f</size>
         <input_file_ref idref="fl-33"/>
      </object_component>
      <object_component id="oc-9d">
         <name>.debug_abbrev</name>
         <load_address>0x1755</load_address>
         <run_address>0x1755</run_address>
         <size>0x83</size>
         <input_file_ref idref="fl-34"/>
      </object_component>
      <object_component id="oc-a1">
         <name>.debug_abbrev</name>
         <load_address>0x17d8</load_address>
         <run_address>0x17d8</run_address>
         <size>0xb5</size>
         <input_file_ref idref="fl-35"/>
      </object_component>
      <object_component id="oc-a5">
         <name>.debug_abbrev</name>
         <load_address>0x188d</load_address>
         <run_address>0x188d</run_address>
         <size>0x8f</size>
         <input_file_ref idref="fl-36"/>
      </object_component>
      <object_component id="oc-a9">
         <name>.debug_abbrev</name>
         <load_address>0x191c</load_address>
         <run_address>0x191c</run_address>
         <size>0xb7</size>
         <input_file_ref idref="fl-37"/>
      </object_component>
      <object_component id="oc-ae">
         <name>.debug_abbrev</name>
         <load_address>0x19d3</load_address>
         <run_address>0x19d3</run_address>
         <size>0xc2</size>
         <input_file_ref idref="fl-38"/>
      </object_component>
      <object_component id="oc-b2">
         <name>.debug_abbrev</name>
         <load_address>0x1a95</load_address>
         <run_address>0x1a95</run_address>
         <size>0xfa</size>
         <input_file_ref idref="fl-39"/>
      </object_component>
      <object_component id="oc-b7">
         <name>.debug_abbrev</name>
         <load_address>0x1b8f</load_address>
         <run_address>0x1b8f</run_address>
         <size>0x135</size>
         <input_file_ref idref="fl-3a"/>
      </object_component>
      <object_component id="oc-bb">
         <name>.debug_abbrev</name>
         <load_address>0x1cc4</load_address>
         <run_address>0x1cc4</run_address>
         <size>0x81</size>
         <input_file_ref idref="fl-3b"/>
      </object_component>
      <object_component id="oc-bf">
         <name>.debug_abbrev</name>
         <load_address>0x1d45</load_address>
         <run_address>0x1d45</run_address>
         <size>0xd0</size>
         <input_file_ref idref="fl-3c"/>
      </object_component>
      <object_component id="oc-c3">
         <name>.debug_abbrev</name>
         <load_address>0x1e15</load_address>
         <run_address>0x1e15</run_address>
         <size>0xb7</size>
         <input_file_ref idref="fl-3d"/>
      </object_component>
      <object_component id="oc-c9">
         <name>.debug_abbrev</name>
         <load_address>0x1ecc</load_address>
         <run_address>0x1ecc</run_address>
         <size>0x21c</size>
         <input_file_ref idref="fl-3e"/>
      </object_component>
      <object_component id="oc-cd">
         <name>.debug_abbrev</name>
         <load_address>0x20e8</load_address>
         <run_address>0x20e8</run_address>
         <size>0xe3</size>
         <input_file_ref idref="fl-3f"/>
      </object_component>
      <object_component id="oc-d1">
         <name>.debug_abbrev</name>
         <load_address>0x21cb</load_address>
         <run_address>0x21cb</run_address>
         <size>0xae</size>
         <input_file_ref idref="fl-40"/>
[...]
      </symbol>
      <symbol id="sm-fb">
         <name>_EZDSP5502_I2CGPIO_configLine</name>
         <value>0x35a4</value>
         <object_component_ref idref="oc-34"/>
      </symbol>
      <symbol id="sm-114">
         <name>_EZDSP5502_MCBSP_write</name>
         <value>0x3d5a</value>
         <object_component_ref idref="oc-39"/>
      </symbol>
      <symbol id="sm-115">
         <name>_EZDSP5502_MCBSP_init</name>
         <value>0x3d0e</value>
         <object_component_ref idref="oc-39"/>
      </symbol>
      <symbol id="sm-116">
         <name>_EZDSP5502_MCBSP_read</name>
         <value>0x3d86</value>
         <object_component_ref idref="oc-39"/>
      </symbol>
      <symbol id="sm-117">
         <name>_aicMcbsp</name>
         <value>0xa1ba</value>
         <object_component_ref idref="oc-3a"/>
      </symbol>
      <symbol id="sm-118">
         <name>_EZDSP5502_MCBSP_close</name>
         <value>0x3d4a</value>
         <object_component_ref idref="oc-39"/>
      </symbol>
      <symbol id="sm-119">
         <name>_MCBSP_open</name>
         <value>0x0</value>
      </symbol>
      <symbol id="sm-11a">
         <name>_MCBSP_close</name>
         <value>0x0</value>
      </symbol>
      <symbol id="sm-11b">
         <name>_MCBSP_start</name>
         <value>0x0</value>
      </symbol>
      <symbol id="sm-11c">
         <name>_MCBSP_read16</name>
         <value>0x0</value>
      </symbol>
      <symbol id="sm-11d">
         <name>_MCBSP_config</name>
         <value>0x0</value>
      </symbol>
      <symbol id="sm-11e">
         <name>_MCBSP_write16</name>
         <value>0x0</value>
      </symbol>
      <symbol id="sm-12e">
         <name>_main</name>
         <value>0x4686</value>
         <object_component_ref idref="oc-3f"/>
      </symbol>
      <symbol id="sm-12f">
         <name>_aic3204_output_sample</name>
         <value>0x0</value>
      </symbol>
      <symbol id="sm-130">
         <name>_aic3204_setup</name>
         <value>0x0</value>
      </symbol>
      <symbol id="sm-143">
         <name>_nco_set_frequency</name>
         <value>0x43f6</value>
         <object_component_ref idref="oc-45"/>
      </symbol>
      <symbol id="sm-144">
         <name>_sinusoid</name>
         <value>0x9a82</value>
         <object_component_ref idref="oc-122"/>
      </symbol>
      <symbol id="sm-145">
         <name>_nco_run</name>
         <value>0x441f</value>
         <object_component_ref idref="oc-45"/>
      </symbol>
      <symbol id="sm-14f">
         <name>__addd</name>
         <value>0x2649</value>
         <object_component_ref idref="oc-4c"/>
      </symbol>
      <symbol id="sm-15b">
         <name>__sysstack</name>
         <value>0x8880</value>
         <object_component_ref idref="oc-11e"/>
      </symbol>
      <symbol id="sm-15c">
         <name>_c_int00</name>
         <value>0x455c</value>
         <object_component_ref idref="oc-12"/>
      </symbol>
      <symbol id="sm-15d">
         <name>__stack</name>
         <value>0x4880</value>
         <object_component_ref idref="oc-50"/>
      </symbol>
      <symbol id="sm-169">
         <name>__divd</name>
         <value>0x1f01</value>
         <object_component_ref idref="oc-54"/>
      </symbol>
      <symbol id="sm-179">
         <name>C$$EXIT</name>
         <value>0x485d</value>
         <object_component_ref idref="oc-5c"/>
      </symbol>
      <symbol id="sm-17a">
         <name>_exit</name>
         <value>0x4746</value>
         <object_component_ref idref="oc-58"/>
      </symbol>
      <symbol id="sm-17b">
         <name>_abort</name>
         <value>0x485c</value>
         <object_component_ref idref="oc-5c"/>
      </symbol>
      <symbol id="sm-17c">
         <name>__cleanup_ptr</name>
         <value>0xa288</value>
         <object_component_ref idref="oc-59"/>
      </symbol>
      <symbol id="sm-17d">
         <name>__dtors_ptr</name>
         <value>0xa28c</value>
         <object_component_ref idref="oc-59"/>
      </symbol>
      <symbol id="sm-187">
         <name>__fixdul</name>
         <value>0x3eda</value>
         <object_component_ref idref="oc-5f"/>
      </symbol>
      <symbol id="sm-193">
         <name>__fltuld</name>
         <value>0x4506</value>
         <object_component_ref idref="oc-63"/>
      </symbol>
      <symbol id="sm-19d">
         <name>__frcmpyd_div</name>
         <value>0x3fc7</value>
         <object_component_ref idref="oc-68"/>
      </symbol>
      <symbol id="sm-1a5">
         <name>__mpyli</name>
         <value>0x481f</value>
         <object_component_ref idref="oc-6c"/>
      </symbol>
      <symbol id="sm-1a6">
         <name>I$$LMPY</name>
         <value>0x481f</value>
         <object_component_ref idref="oc-6c"/>
      </symbol>
      <symbol id="sm-1b0">
         <name>__mpyd</name>
         <value>0x3707</value>
         <object_component_ref idref="oc-70"/>
      </symbol>
      <symbol id="sm-1ba">
         <name>_printf</name>
         <value>0x45a8</value>
         <object_component_ref idref="oc-74"/>
      </symbol>
      <symbol id="sm-1c4">
         <name>_Reset</name>
         <value>0xfe00</value>
         <object_component_ref idref="oc-13"/>
      </symbol>
      <symbol id="sm-1d2">
         <name>__unlock</name>
         <value>0xa284</value>
         <object_component_ref idref="oc-7d"/>
      </symbol>
      <symbol id="sm-1d3">
         <name>__lock</name>
         <value>0xa280</value>
         <object_component_ref idref="oc-7d"/>
      </symbol>
      <symbol id="sm-1d4">
         <name>__register_lock</name>
         <value>0x4839</value>
         <object_component_ref idref="oc-7c"/>
      </symbol>
      <symbol id="sm-1d5">
         <name>__nop</name>
         <value>0x4840</value>
         <object_component_ref idref="oc-7c"/>
      </symbol>
      <symbol id="sm-1d6">
         <name>__register_unlock</name>
         <value>0x4832</value>
         <object_component_ref idref="oc-7c"/>
      </symbol>
      <symbol id="sm-1e8">
         <name>__printfi</name>
         <value>0x145c</value>
         <object_component_ref idref="oc-82"/>
      </symbol>
      <symbol id="sm-1f2">
         <name>__args_main</name>
         <value>0x46c7</value>
         <object_component_ref idref="oc-88"/>
      </symbol>
      <symbol id="sm-1f3">
         <name>__TI_args_main</name>
         <value>0x1</value>
      </symbol>
      <symbol id="sm-1fd">
         <name>_atoi</name>
         <value>0x4452</value>
         <object_component_ref idref="oc-8c"/>
      </symbol>
      <symbol id="sm-205">
         <name>_auto_init</name>
         <value>0x41fd</value>
         <object_component_ref idref="oc-90"/>
      </symbol>
      <symbol id="sm-20f">
         <name>__eqld</name>
         <value>0x3332</value>
         <object_component_ref idref="oc-94"/>
      </symbol>
      <symbol id="sm-210">
         <name>__cmpd</name>
         <value>0x3366</value>
         <object_component_ref idref="oc-94"/>
      </symbol>
      <symbol id="sm-211">
         <name>__neqd</name>
         <value>0x31d4</value>
         <object_component_ref idref="oc-94"/>
      </symbol>
      <symbol id="sm-212">
         <name>__gtrd</name>
         <value>0x329d</value>
         <object_component_ref idref="oc-94"/>
      </symbol>
      <symbol id="sm-213">
         <name>__geqd</name>
         <value>0x32e8</value>
         <object_component_ref idref="oc-94"/>
      </symbol>
      <symbol id="sm-214">
         <name>__leqd</name>
         <value>0x3250</value>
         <object_component_ref idref="oc-94"/>
      </symbol>
      <symbol id="sm-215">
         <name>__lssd</name>
         <value>0x3208</value>
         <object_component_ref idref="oc-94"/>
      </symbol>
      <symbol id="sm-21d">
         <name>__ctypes_</name>
         <value>0x9880</value>
         <object_component_ref idref="oc-124"/>
      </symbol>
      <symbol id="sm-227">
         <name>__tmpnams</name>
         <value>0x9ed8</value>
         <object_component_ref idref="oc-9a"/>
      </symbol>
      <symbol id="sm-228">
         <name>__ft_end</name>
         <value>0xa018</value>
         <object_component_ref idref="oc-9a"/>
      </symbol>
      <symbol id="sm-229">
         <name>__ftable</name>
         <value>0x9e60</value>
         <object_component_ref idref="oc-9a"/>
      </symbol>
      <symbol id="sm-234">
         <name>__divul</name>
         <value>0x3db4</value>
         <object_component_ref idref="oc-9e"/>
      </symbol>
      <symbol id="sm-23e">
         <name>__fixdi</name>
         <value>0x477e</value>
         <object_component_ref idref="oc-a2"/>
      </symbol>
      <symbol id="sm-248">
         <name>__fixdli</name>
         <value>0x418e</value>
         <object_component_ref idref="oc-a6"/>
      </symbol>
      <symbol id="sm-254">
         <name>__fltlid</name>
         <value>0x42d2</value>
         <object_component_ref idref="oc-aa"/>
      </symbol>
      <symbol id="sm-25e">
         <name>_putchar</name>
         <value>0x3ecd</value>
         <object_component_ref idref="oc-af"/>
      </symbol>
      <symbol id="sm-25f">
         <name>_putc</name>
         <value>0x3e55</value>
         <object_component_ref idref="oc-af"/>
      </symbol>
      <symbol id="sm-260">
         <name>_fputc</name>
         <value>0x3e55</value>
         <object_component_ref idref="oc-af"/>
      </symbol>
      <symbol id="sm-26e">
         <name>_puts</name>
         <value>0x3967</value>
         <object_component_ref idref="oc-b3"/>
      </symbol>
      <symbol id="sm-26f">
         <name>_fputs</name>
         <value>0x385f</value>
         <object_component_ref idref="oc-b3"/>
      </symbol>
      <symbol id="sm-279">
         <name>__frcmpyd</name>
         <value>0x3f51</value>
         <object_component_ref idref="oc-b8"/>
      </symbol>
      <symbol id="sm-283">
         <name>___isinf</name>
         <value>0x47f1</value>
         <object_component_ref idref="oc-bc"/>
      </symbol>
      <symbol id="sm-28d">
         <name>__divull</name>
         <value>0x29de</value>
         <object_component_ref idref="oc-c0"/>
      </symbol>
      <symbol id="sm-28e">
         <name>__mpylli</name>
         <value>0x2926</value>
         <object_component_ref idref="oc-c0"/>
      </symbol>
      <symbol id="sm-28f">
         <name>__remlli</name>
         <value>0x28f7</value>
         <object_component_ref idref="oc-c0"/>
      </symbol>
      <symbol id="sm-290">
         <name>__divlli</name>
         <value>0x2ad2</value>
         <object_component_ref idref="oc-c0"/>
      </symbol>
      <symbol id="sm-291">
         <name>__remull</name>
         <value>0x28a9</value>
         <object_component_ref idref="oc-c0"/>
      </symbol>
      <symbol id="sm-2a3">
         <name>_add_device</name>
         <value>0x19c6</value>
         <object_component_ref idref="oc-c4"/>
      </symbol>
      <symbol id="sm-2a4">
         <name>_rename</name>
         <value>0x176d</value>
         <object_component_ref idref="oc-c4"/>
      </symbol>
      <symbol id="sm-2a5">
         <name>_read</name>
         <value>0x17e4</value>
         <object_component_ref idref="oc-c4"/>
      </symbol>
      <symbol id="sm-2a6">
         <name>_unlink</name>
         <value>0x173f</value>
         <object_component_ref idref="oc-c4"/>
      </symbol>
      <symbol id="sm-2a7">
         <name>_remove_device</name>
         <value>0x17b7</value>
         <object_component_ref idref="oc-c4"/>
      </symbol>
      <symbol id="sm-2a8">
         <name>_open</name>
         <value>0x1875</value>
         <object_component_ref idref="oc-c4"/>
      </symbol>
      <symbol id="sm-2a9">
         <name>_find_registered_device</name>
         <value>0x1960</value>
         <object_component_ref idref="oc-c4"/>
      </symbol>
      <symbol id="sm-2aa">
         <name>_lseek</name>
         <value>0x1909</value>
         <object_component_ref idref="oc-c4"/>
      </symbol>
      <symbol id="sm-2ab">
         <name>_close</name>
         <value>0x1969</value>
         <object_component_ref idref="oc-c4"/>
      </symbol>
      <symbol id="sm-2ac">
         <name>_write</name>
         <value>0x1630</value>
         <object_component_ref idref="oc-c4"/>
      </symbol>
      <symbol id="sm-2b6">
         <name>_ltoa</name>
         <value>0x403a</value>
         <object_component_ref idref="oc-ca"/>
      </symbol>
      <symbol id="sm-2c1">
         <name>_memccpy</name>
         <value>0x47d2</value>
         <object_component_ref idref="oc-ce"/>
      </symbol>
      <symbol id="sm-2c9">
         <name>_memcpy</name>
         <value>0x4707</value>
         <object_component_ref idref="oc-d2"/>
      </symbol>
      <symbol id="sm-2d3">
         <name>__negd</name>
         <value>0x4842</value>
         <object_component_ref idref="oc-d6"/>
      </symbol>
      <symbol id="sm-2dd">
         <name>__remli</name>
         <value>0x45f3</value>
         <object_component_ref idref="oc-da"/>
      </symbol>
      <symbol id="sm-2e8">
         <name>__remul</name>
         <value>0x40ad</value>
         <object_component_ref idref="oc-de"/>
      </symbol>
      <symbol id="sm-2f2">
         <name>__subd</name>
         <value>0x480b</value>
         <object_component_ref idref="oc-e2"/>
      </symbol>
      <symbol id="sm-2fe">
         <name>_HOSTopen</name>
         <value>0x1d31</value>
         <object_component_ref idref="oc-e6"/>
      </symbol>
      <symbol id="sm-2ff">
         <name>_HOSTread</name>
         <value>0x1cb7</value>
         <object_component_ref idref="oc-e6"/>
      </symbol>
      <symbol id="sm-300">
         <name>_HOSTtime</name>
         <value>0x1bcf</value>
         <object_component_ref idref="oc-e6"/>
      </symbol>
      <symbol id="sm-301">
         <name>_getenv</name>
         <value>0x1a9c</value>
         <object_component_ref idref="oc-e6"/>
      </symbol>
      <symbol id="sm-302">
         <name>_HOSTrename</name>
         <value>0x1c1e</value>
         <object_component_ref idref="oc-e6"/>
      </symbol>
      <symbol id="sm-303">
         <name>_HOSTclock</name>
         <value>0x1eb2</value>
         <object_component_ref idref="oc-e6"/>
      </symbol>
      <symbol id="sm-304">
         <name>_HOSTwrite</name>
         <value>0x1afe</value>
         <object_component_ref idref="oc-e6"/>
      </symbol>
      <symbol id="sm-305">
         <name>_HOSTlseek</name>
         <value>0x1db8</value>
         <object_component_ref idref="oc-e6"/>
      </symbol>
      <symbol id="sm-306">
         <name>_HOSTunlink</name>
         <value>0x1b78</value>
         <object_component_ref idref="oc-e6"/>
      </symbol>
      <symbol id="sm-307">
         <name>_HOSTclose</name>
         <value>0x1e5b</value>
         <object_component_ref idref="oc-e6"/>
      </symbol>
      <symbol id="sm-319">
         <name>C$$IO$$</name>
         <value>0x3d09</value>
         <object_component_ref idref="oc-ee"/>
      </symbol>
      <symbol id="sm-31a">
         <name>__CIOBUF_</name>
         <value>0xa2a0</value>
         <object_component_ref idref="oc-ed"/>
      </symbol>
      <symbol id="sm-31b">
         <name>_readmsg</name>
         <value>0x4395</value>
         <object_component_ref idref="oc-eb"/>
      </symbol>
      <symbol id="sm-31c">
         <name>_writemsg</name>
         <value>0x3c66</value>
         <object_component_ref idref="oc-ee"/>
      </symbol>
      <symbol id="sm-324">
         <name>__remu</name>
         <value>0x47bd</value>
         <object_component_ref idref="oc-f1"/>
      </symbol>
      <symbol id="sm-325">
         <name>__divu</name>
         <value>0x47a8</value>
         <object_component_ref idref="oc-f1"/>
      </symbol>
      <symbol id="sm-326">
         <name>I$$UMOD</name>
         <value>0x47bd</value>
         <object_component_ref idref="oc-f1"/>
      </symbol>
      <symbol id="sm-327">
         <name>I$$UDIV</name>
         <value>0x47a8</value>
         <object_component_ref idref="oc-f1"/>
      </symbol>
      <symbol id="sm-331">
         <name>__rd_ok</name>
         <value>0x3ac1</value>
         <object_component_ref idref="oc-f5"/>
      </symbol>
      <symbol id="sm-332">
         <name>__wrt_ok</name>
         <value>0x3a5b</value>
         <object_component_ref idref="oc-f5"/>
      </symbol>
      <symbol id="sm-33c">
         <name>__divli</name>
         <value>0x463e</value>
         <object_component_ref idref="oc-f9"/>
      </symbol>
      <symbol id="sm-346">
         <name>__doflush</name>
         <value>0x3bbc</value>
         <object_component_ref idref="oc-fd"/>
      </symbol>
      <symbol id="sm-347">
         <name>_fflush</name>
         <value>0x3c15</value>
         <object_component_ref idref="oc-fd"/>
      </symbol>
      <symbol id="sm-351">
         <name>_fseek</name>
         <value>0x44ae</value>
         <object_component_ref idref="oc-101"/>
      </symbol>
      <symbol id="sm-35b">
         <name>_setvbuf</name>
         <value>0x3b0f</value>
         <object_component_ref idref="oc-105"/>
      </symbol>
      <symbol id="sm-36a">
         <name>__cleanup</name>
         <value>0x30c1</value>
         <object_component_ref idref="oc-109"/>
      </symbol>
      <symbol id="sm-36b">
         <name>_fopen</name>
         <value>0x31a8</value>
         <object_component_ref idref="oc-109"/>
      </symbol>
      <symbol id="sm-36c">
         <name>_freopen</name>
         <value>0x310f</value>
         <object_component_ref idref="oc-109"/>
      </symbol>
      <symbol id="sm-37c">
         <name>__sys_memory</name>
         <value>0x6880</value>
         <object_component_ref idref="oc-113"/>
      </symbol>
      <symbol id="sm-37d">
         <name>_chkheap</name>
         <value>0x2623</value>
         <object_component_ref idref="oc-10f"/>
      </symbol>
      <symbol id="sm-37e">
         <name>_realloc</name>
         <value>0x2450</value>
         <object_component_ref idref="oc-10f"/>
      </symbol>
      <symbol id="sm-37f">
         <name>_free_memory</name>
         <value>0x25dd</value>
         <object_component_ref idref="oc-10f"/>
      </symbol>
      <symbol id="sm-380">
         <name>_max_free</name>
         <value>0x2594</value>
         <object_component_ref idref="oc-10f"/>
      </symbol>
      <symbol id="sm-381">
         <name>_free</name>
         <value>0x22c9</value>
         <object_component_ref idref="oc-10f"/>
      </symbol>
      <symbol id="sm-382">
         <name>_calloc</name>
         <value>0x2627</value>
         <object_component_ref idref="oc-10f"/>
      </symbol>
      <symbol id="sm-383">
         <name>_malloc</name>
         <value>0x23a4</value>
         <object_component_ref idref="oc-10f"/>
      </symbol>
      <symbol id="sm-384">
         <name>_minit</name>
         <value>0x2358</value>
         <object_component_ref idref="oc-10f"/>
      </symbol>
      <symbol id="sm-38e">
         <name>_fclose</name>
         <value>0x4334</value>
         <object_component_ref idref="oc-116"/>
      </symbol>
      <symbol id="sm-398">
         <name>_remove</name>
         <value>0x4852</value>
         <object_component_ref idref="oc-11a"/>
      </symbol>
   </symbol_table>
</link_info>
