<?xml version="1.0"?>
<link_info>
   <banner>TMS320C55x Linker PC v4.4.1</banner>
   <copyright>Copyright (c) 1996-2012 Texas Instruments Incorporated</copyright>
   <link_time>0x642455c8</link_time>
   <output_file>BIOS_HWI_TSK_PRD.out</output_file>
   <entry_point>
      <name>_c_int00</name>
      <address>0x9b49</address>
   </entry_point>
   <input_file_list>
      <input_file id="fl-2">
         <path>.\</path>
         <kind>object</kind>
         <file>aic3204.obj</file>
         <name>aic3204.obj</name>
      </input_file>
      <input_file id="fl-3">
         <path>.\</path>
         <kind>object</kind>
         <file>audioProcessing.obj</file>
         <name>audioProcessing.obj</name>
      </input_file>
      <input_file id="fl-4">
         <path>.\</path>
         <kind>object</kind>
         <file>ezdsp5502.obj</file>
         <name>ezdsp5502.obj</name>
      </input_file>
      <input_file id="fl-5">
         <path>.\</path>
         <kind>object</kind>
         <file>ezdsp5502_gpio.obj</file>
         <name>ezdsp5502_gpio.obj</name>
      </input_file>
      <input_file id="fl-6">
         <path>.\</path>
         <kind>object</kind>
         <file>ezdsp5502_i2c.obj</file>
         <name>ezdsp5502_i2c.obj</name>
      </input_file>
      <input_file id="fl-7">
         <path>.\</path>
         <kind>object</kind>
         <file>ezdsp5502_i2cgpio.obj</file>
         <name>ezdsp5502_i2cgpio.obj</name>
      </input_file>
      <input_file id="fl-8">
         <path>.\</path>
         <kind>object</kind>
         <file>ezdsp5502_mcbsp.obj</file>
         <name>ezdsp5502_mcbsp.obj</name>
      </input_file>
      <input_file id="fl-9">
         <path>.\</path>
         <kind>object</kind>
         <file>fir2.obj</file>
         <name>fir2.obj</name>
      </input_file>
      <input_file id="fl-a">
         <path>.\</path>
         <kind>object</kind>
         <file>hellocfg.obj</file>
         <name>hellocfg.obj</name>
      </input_file>
      <input_file id="fl-b">
         <path>.\</path>
         <kind>object</kind>
         <file>hellocfg_c.obj</file>
         <name>hellocfg_c.obj</name>
      </input_file>
      <input_file id="fl-c">
         <path>.\</path>
         <kind>object</kind>
         <file>main.obj</file>
         <name>main.obj</name>
      </input_file>
      <input_file id="fl-d">
         <path>.\</path>
         <kind>object</kind>
         <file>myFIR.obj</file>
         <name>myFIR.obj</name>
      </input_file>
      <input_file id="fl-e">
         <path>.\</path>
         <kind>object</kind>
         <file>userInterface.obj</file>
         <name>userInterface.obj</name>
      </input_file>
      <input_file id="fl-2f">
         <path>C:\ti\bios_5_42_01_09\packages\ti\bios\lib\</path>
         <kind>archive</kind>
         <file>bios.a55L</file>
         <name>biosdata.o55L</name>
      </input_file>
      <input_file id="fl-30">
         <path>C:\ti\bios_5_42_01_09\packages\ti\bios\lib\</path>
         <kind>archive</kind>
         <file>bios.a55L</file>
         <name>knl_swit.o55L</name>
      </input_file>
      <input_file id="fl-31">
         <path>C:\ti\bios_5_42_01_09\packages\ti\bios\lib\</path>
         <kind>archive</kind>
         <file>bios.a55L</file>
         <name>swi.o55L</name>
      </input_file>
      <input_file id="fl-32">
         <path>C:\ti\bios_5_42_01_09\packages\ti\bios\lib\</path>
         <kind>archive</kind>
         <file>bios5502.a55L</file>
         <name>clk5502_htime.o55L</name>
      </input_file>
      <input_file id="fl-33">
         <path>C:\ti\bios_5_42_01_09\packages\ti\bios\lib\</path>
         <kind>archive</kind>
         <file>bios.a55L</file>
         <name>clk_run.o55L</name>
      </input_file>
      <input_file id="fl-34">
         <path>C:\ti\bios_5_42_01_09\packages\ti\bios\lib\</path>
         <kind>archive</kind>
         <file>bios.a55L</file>
         <name>fxn_c.o55L</name>
      </input_file>
      <input_file id="fl-35">
         <path>C:\ti\bios_5_42_01_09\packages\ti\bios\lib\</path>
         <kind>archive</kind>
         <file>bios.a55L</file>
         <name>idl_stub.o55L</name>
      </input_file>
      <input_file id="fl-36">
         <path>C:\ti\bios_5_42_01_09\packages\ti\bios\lib\</path>
         <kind>archive</kind>
         <file>bios.a55L</file>
         <name>utl_doab.o55L</name>
      </input_file>
      <input_file id="fl-37">
         <path>C:\ti\bios_5_42_01_09\packages\ti\bios\lib\</path>
         <kind>archive</kind>
         <file>bios.a55L</file>
         <name>utl_doer.o55L</name>
      </input_file>
      <input_file id="fl-38">
         <path>C:\ti\bios_5_42_01_09\packages\ti\bios\lib\</path>
         <kind>archive</kind>
         <file>bios.a55L</file>
         <name>utl_putc.o55L</name>
      </input_file>
      <input_file id="fl-39">
         <path>C:\ti\bios_5_42_01_09\packages\ti\bios\lib\</path>
         <kind>archive</kind>
         <file>bios.a55L</file>
         <name>utl_halt.o55L</name>
      </input_file>
      <input_file id="fl-3a">
         <path>C:\ti\bios_5_42_01_09\packages\ti\bios\lib\</path>
         <kind>archive</kind>
         <file>bios5502.a55L</file>
         <name>clk_isr.o55L</name>
      </input_file>
      <input_file id="fl-3b">
         <path>C:\ti\bios_5_42_01_09\packages\ti\bios\lib\</path>
         <kind>archive</kind>
         <file>bios.a55L</file>
         <name>clk_itime.o55L</name>
      </input_file>
      <input_file id="fl-3c">
         <path>C:\ti\bios_5_42_01_09\packages\ti\bios\lib\</path>
         <kind>archive</kind>
         <file>bios.a55L</file>
         <name>fxn.o55L</name>
      </input_file>
      <input_file id="fl-3d">
         <path>C:\ti\bios_5_42_01_09\packages\ti\bios\lib\</path>
         <kind>archive</kind>
         <file>bios.a55L</file>
         <name>boot.o55L</name>
      </input_file>
      <input_file id="fl-3e">
         <path>C:\ti\bios_5_42_01_09\packages\ti\bios\lib\</path>
         <kind>archive</kind>
         <file>bios.a55L</file>
         <name>trc.o55L</name>
      </input_file>
      <input_file id="fl-3f">
         <path>C:\ti\bios_5_42_01_09\packages\ti\bios\lib\</path>
         <kind>archive</kind>
         <file>bios.a55L</file>
         <name>hwi_disp_asm.o55L</name>
      </input_file>
      <input_file id="fl-40">
         <path>C:\ti\bios_5_42_01_09\packages\ti\bios\lib\</path>
         <kind>archive</kind>
         <file>bios.a55L</file>
         <name>idl_busy.o55L</name>
      </input_file>
      <input_file id="fl-41">
         <path>C:\ti\bios_5_42_01_09\packages\ti\bios\lib\</path>
         <kind>archive</kind>
         <file>bios.a55L</file>
         <name>idl.o55L</name>
      </input_file>
      <input_file id="fl-42">
         <path>C:\ti\bios_5_42_01_09\packages\ti\bios\lib\</path>
         <kind>archive</kind>
         <file>lnkrtdx.a55L</file>
         <name>rtdx.o55L</name>
      </input_file>
      <input_file id="fl-43">
         <path>C:\ti\bios_5_42_01_09\packages\ti\bios\lib\</path>
         <kind>archive</kind>
         <file>bios.a55L</file>
         <name>log.o55L</name>
      </input_file>
      <input_file id="fl-44">
         <path>C:\ti\bios_5_42_01_09\packages\ti\bios\lib\</path>
         <kind>archive</kind>
         <file>bios.a55L</file>
         <name>pip.o55L</name>
      </input_file>
      <input_file id="fl-45">
         <path>C:\ti\bios_5_42_01_09\packages\ti\bios\lib\</path>
         <kind>archive</kind>
         <file>bios.a55L</file>
         <name>prd.o55L</name>
      </input_file>
      <input_file id="fl-46">
         <path>C:\ti\bios_5_42_01_09\packages\ti\bios\lib\</path>
         <kind>archive</kind>
         <file>bios.a55L</file>
         <name>rta.o55L</name>
      </input_file>
      <input_file id="fl-47">
         <path>C:\ti\bios_5_42_01_09\packages\ti\bios\lib\</path>
         <kind>archive</kind>
         <file>bios.a55L</file>
         <name>sts.o55L</name>
      </input_file>
      <input_file id="fl-48">
         <path>C:\ti\bios_5_42_01_09\packages\ti\bios\lib\</path>
         <kind>archive</kind>
         <file>bios.a55L</file>
         <name>c55_enable.o55L</name>
      </input_file>
      <input_file id="fl-49">
         <path>C:\ti\bios_5_42_01_09\packages\ti\bios\lib\</path>
         <kind>archive</kind>
         <file>bios.a55L</file>
         <name>c55_c.o55L</name>
      </input_file>
      <input_file id="fl-4a">
         <path>C:\ti\bios_5_42_01_09\packages\ti\bios\lib\</path>
         <kind>archive</kind>
         <file>bios.a55L</file>
         <name>clk_data.o55L</name>
      </input_file>
      <input_file id="fl-4b">
         <path>C:\ti\bios_5_42_01_09\packages\ti\bios\lib\</path>
         <kind>archive</kind>
         <file>bios.a55L</file>
         <name>clk_data2.o55L</name>
      </input_file>
      <input_file id="fl-4c">
         <path>C:\ti\bios_5_42_01_09\packages\ti\bios\lib\</path>
         <kind>archive</kind>
         <file>bios5502.a55L</file>
         <name>clk5502_start.o55L</name>
      </input_file>
      <input_file id="fl-4d">
         <path>C:\ti\bios_5_42_01_09\packages\ti\bios\lib\</path>
         <kind>archive</kind>
         <file>bios5502.a55L</file>
         <name>clk5502_startHtime.o55L</name>
      </input_file>
      <input_file id="fl-4e">
         <path>C:\ti\bios_5_42_01_09\packages\ti\bios\lib\</path>
         <kind>archive</kind>
         <file>bios5502.a55L</file>
         <name>clk5502_wdog.o55L</name>
      </input_file>
      <input_file id="fl-4f">
         <path>C:\Users\jisat\OneDrive\Documents\GitHub\Real-TimeDSP\C55xxCSL\lib\</path>
         <kind>archive</kind>
         <file>csl5502x.lib</file>
         <name>csl.obj</name>
      </input_file>
      <input_file id="fl-50">
         <path>C:\ti\bios_5_42_01_09\packages\ti\bios\lib\</path>
         <kind>archive</kind>
         <file>bios.a55L</file>
         <name>gbl_vers.o55L</name>
      </input_file>
      <input_file id="fl-51">
         <path>C:\Users\jisat\OneDrive\Documents\GitHub\Real-TimeDSP\C55xxCSL\lib\</path>
         <kind>archive</kind>
         <file>csl5502x.lib</file>
         <name>gpio_open.obj</name>
      </input_file>
      <input_file id="fl-52">
         <path>C:\Users\jisat\OneDrive\Documents\GitHub\Real-TimeDSP\C55xxCSL\lib\</path>
         <kind>archive</kind>
         <file>csl5502x.lib</file>
         <name>csl_gpiodat.obj</name>
      </input_file>
      <input_file id="fl-53">
         <path>C:\Users\jisat\OneDrive\Documents\GitHub\Real-TimeDSP\C55xxCSL\lib\</path>
         <kind>archive</kind>
         <file>csl5502x.lib</file>
         <name>csl_csldat.obj</name>
      </input_file>
      <input_file id="fl-54">
         <path>C:\Users\jisat\OneDrive\Documents\GitHub\Real-TimeDSP\C55xxCSL\lib\</path>
         <kind>archive</kind>
         <file>csl5502x.lib</file>
         <name>gpio_dir.obj</name>
      </input_file>
      <input_file id="fl-55">
         <path>C:\Users\jisat\OneDrive\Documents\GitHub\Real-TimeDSP\C55xxCSL\lib\</path>
         <kind>archive</kind>
         <file>csl5502x.lib</file>
         <name>gpio_enab.obj</name>
      </input_file>
      <input_file id="fl-56">
         <path>C:\Users\jisat\OneDrive\Documents\GitHub\Real-TimeDSP\C55xxCSL\lib\</path>
         <kind>archive</kind>
         <file>csl5502x.lib</file>
         <name>gpio_read.obj</name>
      </input_file>
      <input_file id="fl-57">
         <path>C:\Users\jisat\OneDrive\Documents\GitHub\Real-TimeDSP\C55xxCSL\lib\</path>
         <kind>archive</kind>
         <file>csl5502x.lib</file>
         <name>gpio_write.obj</name>
      </input_file>
      <input_file id="fl-58">
         <path>C:\ti\bios_5_42_01_09\packages\ti\bios\lib\</path>
         <kind>archive</kind>
         <file>bios.a55L</file>
         <name>hwi_xable.o55L</name>
      </input_file>
      <input_file id="fl-59">
         <path>C:\Users\jisat\OneDrive\Documents\GitHub\Real-TimeDSP\C55xxCSL\lib\</path>
         <kind>archive</kind>
         <file>csl5502x.lib</file>
         <name>i2c_cfg.obj</name>
      </input_file>
      <input_file id="fl-5a">
         <path>C:\Users\jisat\OneDrive\Documents\GitHub\Real-TimeDSP\C55xxCSL\lib\</path>
         <kind>archive</kind>
         <file>csl5502x.lib</file>
         <name>i2c_read.obj</name>
      </input_file>
      <input_file id="fl-5b">
         <path>C:\Users\jisat\OneDrive\Documents\GitHub\Real-TimeDSP\C55xxCSL\lib\</path>
         <kind>archive</kind>
         <file>csl5502x.lib</file>
         <name>i2c_write.obj</name>
      </input_file>
      <input_file id="fl-5c">
         <path>C:\ti\bios_5_42_01_09\packages\ti\bios\lib\</path>
         <kind>archive</kind>
         <file>bios.a55L</file>
         <name>idl_cal.o55L</name>
      </input_file>
      <input_file id="fl-5d">
         <path>C:\ti\bios_5_42_01_09\packages\ti\bios\lib\</path>
         <kind>archive</kind>
         <file>bios5502.a55L</file>
         <name>clk5502_meas.o55L</name>
      </input_file>
      <input_file id="fl-5e">
         <path>C:\Users\jisat\OneDrive\Documents\GitHub\Real-TimeDSP\C55xxCSL\lib\</path>
         <kind>archive</kind>
         <file>csl5502x.lib</file>
         <name>irq_gdisab.obj</name>
      </input_file>
      <input_file id="fl-5f">
         <path>C:\Users\jisat\OneDrive\Documents\GitHub\Real-TimeDSP\C55xxCSL\lib\</path>
         <kind>archive</kind>
         <file>csl5502x.lib</file>
         <name>irq_grest.obj</name>
      </input_file>
      <input_file id="fl-60">
         <path>C:\ti\bios_5_42_01_09\packages\ti\bios\lib\</path>
         <kind>archive</kind>
         <file>bios.a55L</file>
         <name>knl_exit.o55L</name>
      </input_file>
      <input_file id="fl-61">
         <path>C:\ti\bios_5_42_01_09\packages\ti\bios\lib\</path>
         <kind>archive</kind>
         <file>bios.a55L</file>
         <name>knl_chec.o55L</name>
      </input_file>
      <input_file id="fl-62">
         <path>C:\ti\bios_5_42_01_09\packages\ti\bios\lib\</path>
         <kind>archive</kind>
         <file>bios.a55L</file>
         <name>knl.o55L</name>
      </input_file>
      <input_file id="fl-63">
         <path>C:\ti\bios_5_42_01_09\packages\ti\bios\lib\</path>
         <kind>archive</kind>
         <file>bios.a55L</file>
         <name>knl_run.o55L</name>
      </input_file>
      <input_file id="fl-64">
         <path>C:\ti\bios_5_42_01_09\packages\ti\bios\lib\</path>
         <kind>archive</kind>
         <file>bios.a55L</file>
         <name>knl_tick.o55L</name>
      </input_file>
      <input_file id="fl-65">
         <path>C:\ti\bios_5_42_01_09\packages\ti\bios\lib\</path>
         <kind>archive</kind>
         <file>bios.a55L</file>
         <name>knl_post.o55L</name>
      </input_file>
      <input_file id="fl-66">
         <path>C:\ti\bios_5_42_01_09\packages\ti\bios\lib\</path>
         <kind>archive</kind>
         <file>bios.a55L</file>
         <name>knl_ipos.o55L</name>
      </input_file>
      <input_file id="fl-67">
         <path>C:\ti\bios_5_42_01_09\packages\ti\bios\lib\</path>
         <kind>archive</kind>
         <file>bios.a55L</file>
         <name>mbx.o55L</name>
      </input_file>
      <input_file id="fl-68">
         <path>C:\Users\jisat\OneDrive\Documents\GitHub\Real-TimeDSP\C55xxCSL\lib\</path>
         <kind>archive</kind>
         <file>csl5502x.lib</file>
         <name>mcbsp_cls.obj</name>
      </input_file>
      <input_file id="fl-69">
         <path>C:\Users\jisat\OneDrive\Documents\GitHub\Real-TimeDSP\C55xxCSL\lib\</path>
         <kind>archive</kind>
         <file>csl5502x.lib</file>
         <name>mcbsp_cfg.obj</name>
      </input_file>
      <input_file id="fl-6a">
         <path>C:\Users\jisat\OneDrive\Documents\GitHub\Real-TimeDSP\C55xxCSL\lib\</path>
         <kind>archive</kind>
         <file>csl5502x.lib</file>
         <name>mcbsp_open.obj</name>
      </input_file>
      <input_file id="fl-6b">
         <path>C:\Users\jisat\OneDrive\Documents\GitHub\Real-TimeDSP\C55xxCSL\lib\</path>
         <kind>archive</kind>
         <file>csl5502x.lib</file>
         <name>csl_mcbspdat.obj</name>
      </input_file>
      <input_file id="fl-6c">
         <path>C:\Users\jisat\OneDrive\Documents\GitHub\Real-TimeDSP\C55xxCSL\lib\</path>
         <kind>archive</kind>
         <file>csl5502x.lib</file>
         <name>mcbsp_r16.obj</name>
      </input_file>
      <input_file id="fl-6d">
         <path>C:\Users\jisat\OneDrive\Documents\GitHub\Real-TimeDSP\C55xxCSL\lib\</path>
         <kind>archive</kind>
         <file>csl5502x.lib</file>
         <name>mcbsp_rst.obj</name>
      </input_file>
      <input_file id="fl-6e">
         <path>C:\Users\jisat\OneDrive\Documents\GitHub\Real-TimeDSP\C55xxCSL\lib\</path>
         <kind>archive</kind>
         <file>csl5502x.lib</file>
         <name>mcbsp_start.obj</name>
      </input_file>
      <input_file id="fl-6f">
         <path>C:\Users\jisat\OneDrive\Documents\GitHub\Real-TimeDSP\C55xxCSL\lib\</path>
         <kind>archive</kind>
         <file>csl5502x.lib</file>
         <name>mcbsp_w16.obj</name>
      </input_file>
      <input_file id="fl-70">
         <path>C:\ti\bios_5_42_01_09\packages\ti\bios\lib\</path>
         <kind>archive</kind>
         <file>bios.a55L</file>
         <name>mem_asm.o55L</name>
      </input_file>
      <input_file id="fl-71">
         <path>C:\ti\bios_5_42_01_09\packages\ti\bios\lib\</path>
         <kind>archive</kind>
         <file>bios.a55L</file>
         <name>mem_init.o55L</name>
      </input_file>
      <input_file id="fl-72">
         <path>C:\ti\bios_5_42_01_09\packages\ti\bios\lib\</path>
         <kind>archive</kind>
         <file>bios.a55L</file>
         <name>obj_init.o55L</name>
      </input_file>
      <input_file id="fl-73">
         <path>C:\ti\bios_5_42_01_09\packages\ti\bios\lib\</path>
         <kind>archive</kind>
         <file>bios.a55L</file>
         <name>rtdx_data.o55L</name>
      </input_file>
      <input_file id="fl-74">
         <path>C:\ti\bios_5_42_01_09\packages\ti\rtdx\lib\c5500\</path>
         <kind>archive</kind>
         <file>rtdxx.lib</file>
         <name>buffer2.o55L</name>
      </input_file>
      <input_file id="fl-75">
         <path>C:\ti\bios_5_42_01_09\packages\ti\rtdx\lib\c5500\</path>
         <kind>archive</kind>
         <file>rtdxx.lib</file>
         <name>buffer1.o55L</name>
      </input_file>
      <input_file id="fl-76">
         <path>C:\ti\bios_5_42_01_09\packages\ti\rtdx\lib\c5500\</path>
         <kind>archive</kind>
         <file>rtdxx.lib</file>
         <name>rtdx_mon.o55L</name>
      </input_file>
      <input_file id="fl-77">
         <path>C:\ti\bios_5_42_01_09\packages\ti\rtdx\lib\c5500\</path>
         <kind>archive</kind>
         <file>rtdxx.lib</file>
         <name>intr_tgt.o55L</name>
      </input_file>
      <input_file id="fl-78">
         <path>C:\ti\bios_5_42_01_09\packages\ti\bios\lib\</path>
         <kind>archive</kind>
         <file>bios.a55L</file>
         <name>sem_pend_counting.o55L</name>
      </input_file>
      <input_file id="fl-79">
         <path>C:\ti\bios_5_42_01_09\packages\ti\bios\lib\</path>
         <kind>archive</kind>
         <file>bios.a55L</file>
         <name>sem_pend.o55L</name>
      </input_file>
      <input_file id="fl-7a">
         <path>C:\ti\bios_5_42_01_09\packages\ti\bios\lib\</path>
         <kind>archive</kind>
         <file>bios.a55L</file>
         <name>sem_post_asm.o55L</name>
      </input_file>
      <input_file id="fl-7b">
         <path>C:\ti\bios_5_42_01_09\packages\ti\bios\lib\</path>
         <kind>archive</kind>
         <file>bios.a55L</file>
         <name>sem_post.o55L</name>
      </input_file>
      <input_file id="fl-7c">
         <path>C:\ti\bios_5_42_01_09\packages\ti\bios\lib\</path>
         <kind>archive</kind>
         <file>bios.a55L</file>
         <name>sts_set.o55L</name>
      </input_file>
      <input_file id="fl-7d">
         <path>C:\ti\bios_5_42_01_09\packages\ti\bios\lib\</path>
         <kind>archive</kind>
         <file>bios.a55L</file>
         <name>tsk.o55L</name>
      </input_file>
      <input_file id="fl-7e">
         <path>C:\ti\bios_5_42_01_09\packages\ti\bios\lib\</path>
         <kind>archive</kind>
         <file>bios.a55L</file>
         <name>tsk_exit.o55L</name>
      </input_file>
      <input_file id="fl-7f">
         <path>C:\ti\bios_5_42_01_09\packages\ti\bios\lib\</path>
         <kind>archive</kind>
         <file>bios.a55L</file>
         <name>sys_exit.o55L</name>
      </input_file>
      <input_file id="fl-80">
         <path>C:\ti\bios_5_42_01_09\packages\ti\bios\lib\</path>
         <kind>archive</kind>
         <file>bios.a55L</file>
         <name>sys.o55L</name>
      </input_file>
      <input_file id="fl-81">
         <path>C:\ti\bios_5_42_01_09\packages\ti\bios\lib\</path>
         <kind>archive</kind>
         <file>bios.a55L</file>
         <name>tsk_init.o55L</name>
      </input_file>
      <input_file id="fl-82">
         <path>C:\ti\bios_5_42_01_09\packages\ti\bios\lib\</path>
         <kind>archive</kind>
         <file>bios.a55L</file>
         <name>tsk_setu.o55L</name>
      </input_file>
      <input_file id="fl-83">
         <path>C:\ti\bios_5_42_01_09\packages\ti\bios\lib\</path>
         <kind>archive</kind>
         <file>bios.a55L</file>
         <name>tsk_stup.o55L</name>
      </input_file>
      <input_file id="fl-84">
         <path>C:\ti\bios_5_42_01_09\packages\ti\bios\lib\</path>
         <kind>archive</kind>
         <file>bios.a55L</file>
         <name>lck.o55L</name>
      </input_file>
      <input_file id="fl-85">
         <path>C:\ti\bios_5_42_01_09\packages\ti\bios\lib\</path>
         <kind>archive</kind>
         <file>bios.a55L</file>
         <name>sys_abor.o55L</name>
      </input_file>
      <input_file id="fl-86">
         <path>C:\Users\jisat\OneDrive\Documents\GitHub\Real-TimeDSP\C55xxCSL\lib\</path>
         <kind>archive</kind>
         <file>csl5502x.lib</file>
         <name>_csl_init.obj</name>
      </input_file>
      <input_file id="fl-87">
         <path>C:\ti\bios_5_42_01_09\packages\ti\bios\lib\</path>
         <kind>archive</kind>
         <file>bios.a55L</file>
         <name>sem_dopo.o55L</name>
      </input_file>
      <input_file id="fl-88">
         <path>C:\ti\ccsv6\tools\compiler\c5500_4.4.1\lib\</path>
         <kind>archive</kind>
         <file>rts55x.lib</file>
         <name>_lock.obj</name>
      </input_file>
      <input_file id="fl-89">
         <path>C:\ti\ccsv6\tools\compiler\c5500_4.4.1\lib\</path>
         <kind>archive</kind>
         <file>rts55x.lib</file>
         <name>atexit.obj</name>
      </input_file>
      <input_file id="fl-8a">
         <path>C:\ti\ccsv6\tools\compiler\c5500_4.4.1\lib\</path>
         <kind>archive</kind>
         <file>rts55x.lib</file>
         <name>sinit.obj</name>
      </input_file>
      <input_file id="fl-8b">
         <path>C:\ti\ccsv6\tools\compiler\c5500_4.4.1\lib\</path>
         <kind>archive</kind>
         <file>rts55x.lib</file>
         <name>exit.obj</name>
      </input_file>
      <input_file id="fl-8c">
         <path>C:\ti\bios_5_42_01_09\packages\ti\bios\lib\</path>
         <kind>archive</kind>
         <file>bios.a55L</file>
         <name>autoinit.o55L</name>
      </input_file>
      <input_file id="fl-8d">
         <path>C:\ti\ccsv6\tools\compiler\c5500_4.4.1\lib\</path>
         <kind>archive</kind>
         <file>rts55x.lib</file>
         <name>memcpy.obj</name>
      </input_file>
      <input_file id="fl-8e">
         <path>C:\ti\ccsv6\tools\compiler\c5500_4.4.1\lib\</path>
         <kind>archive</kind>
         <file>rts55x.lib</file>
         <name>memset.obj</name>
      </input_file>
      <input_file id="fl-8f">
         <path>C:\ti\bios_5_42_01_09\packages\ti\bios\lib\</path>
         <kind>archive</kind>
         <file>bios.a55L</file>
         <name>rta_andn.o55L</name>
      </input_file>
   </input_file_list>
   <object_component_list>
      <object_component id="oc-b0">
         <name>.dbufferLP</name>
         <load_address>0xa3e0</load_address>
         <run_address>0xa3e0</run_address>
         <size>0x8c</size>
         <input_file_ref idref="fl-c"/>
      </object_component>
      <object_component id="oc-b1">
         <name>.dbufferHP</name>
         <load_address>0xa480</load_address>
         <run_address>0xa480</run_address>
         <size>0x86</size>
         <input_file_ref idref="fl-c"/>
      </object_component>
      <object_component id="oc-ae">
         <name>.coeffs2</name>
         <load_address>0xa120</load_address>
         <run_address>0xa120</run_address>
         <size>0x112</size>
         <input_file_ref idref="fl-c"/>
      </object_component>
      <object_component id="oc-a4">
         <name>.vers</name>
         <load_address>0x0</load_address>
         <run_address>0x0</run_address>
         <size>0x78</size>
         <input_file_ref idref="fl-a"/>
      </object_component>
      <object_component id="oc-8f">
         <name>.clk</name>
         <uninitialized>true</uninitialized>
         <run_address>0xa804</run_address>
         <size>0x8</size>
         <input_file_ref idref="fl-a"/>
      </object_component>
      <object_component id="oc-90">
         <name>.prd</name>
         <uninitialized>true</uninitialized>
         <run_address>0xa7c0</run_address>
         <size>0x18</size>
         <input_file_ref idref="fl-a"/>
      </object_component>
      <object_component id="oc-97">
         <name>.swi</name>
         <uninitialized>true</uninitialized>
         <run_address>0xa714</run_address>
         <size>0x50</size>
         <input_file_ref idref="fl-a"/>
      </object_component>
      <object_component id="oc-99">
         <name>.tsk</name>
         <uninitialized>true</uninitialized>
         <run_address>0x7ee4</run_address>
         <size>0x108</size>
         <input_file_ref idref="fl-a"/>
      </object_component>
      <object_component id="oc-9d">
         <name>.idl</name>
         <uninitialized>true</uninitialized>
         <run_address>0xa46c</run_address>
         <size>0x10</size>
         <input_file_ref idref="fl-a"/>
      </object_component>
      <object_component id="oc-9c">
         <name>.idlcal</name>
         <uninitialized>true</uninitialized>
         <run_address>0xa7d8</run_address>
         <size>0x10</size>
         <input_file_ref idref="fl-a"/>
      </object_component>
      <object_component id="oc-54">
         <name>.bss</name>
         <uninitialized>true</uninitialized>
         <run_address>0x8d50</run_address>
         <size>0x28</size>
         <input_file_ref idref="fl-a"/>
      </object_component>
      <object_component id="oc-64">
         <name>.bss</name>
         <uninitialized>true</uninitialized>
         <run_address>0x8800</run_address>
         <size>0x198</size>
         <input_file_ref idref="fl-3"/>
      </object_component>
      <object_component id="oc-70">
         <name>.bss</name>
         <uninitialized>true</uninitialized>
         <run_address>0x8d9c</run_address>
         <size>0x10</size>
         <input_file_ref idref="fl-5"/>
      </object_component>
      <object_component id="oc-80">
         <name>.bss</name>
         <uninitialized>true</uninitialized>
         <run_address>0x8dec</run_address>
         <size>0x4</size>
         <input_file_ref idref="fl-8"/>
      </object_component>
      <object_component id="oc-ab">
         <name>.bss</name>
         <uninitialized>true</uninitialized>
         <run_address>0x8d78</run_address>
         <size>0x14</size>
         <input_file_ref idref="fl-c"/>
      </object_component>
      <object_component id="oc-bb">
         <name>.bss</name>
         <uninitialized>true</uninitialized>
         <run_address>0x8ddc</run_address>
         <size>0x6</size>
         <input_file_ref idref="fl-e"/>
      </object_component>
      <object_component id="oc-e1">
         <name>.bss</name>
         <uninitialized>true</uninitialized>
         <run_address>0x8dac</run_address>
         <size>0xc</size>
         <input_file_ref idref="fl-38"/>
      </object_component>
      <object_component id="oc-131">
         <name>.bss</name>
         <uninitialized>true</uninitialized>
         <run_address>0x8dc4</run_address>
         <size>0x8</size>
         <input_file_ref idref="fl-4a"/>
      </object_component>
      <object_component id="oc-135">
         <name>.bss</name>
         <uninitialized>true</uninitialized>
         <run_address>0x8de4</run_address>
         <size>0x4</size>
         <input_file_ref idref="fl-4b"/>
      </object_component>
      <object_component id="oc-16d">
         <name>.bss</name>
         <uninitialized>true</uninitialized>
         <run_address>0x8b1c</run_address>
         <size>0x114</size>
         <input_file_ref idref="fl-62"/>
      </object_component>
      <object_component id="oc-176">
         <name>.bss</name>
         <uninitialized>true</uninitialized>
         <run_address>0x8d8c</run_address>
         <size>0x10</size>
         <input_file_ref idref="fl-64"/>
      </object_component>
      <object_component id="oc-191">
         <name>.bss</name>
         <uninitialized>true</uninitialized>
         <run_address>0x8de8</run_address>
         <size>0x4</size>
         <input_file_ref idref="fl-70"/>
      </object_component>
      <object_component id="oc-199">
         <name>.bss</name>
         <uninitialized>true</uninitialized>
         <run_address>0x8ce0</run_address>
         <size>0x46</size>
         <input_file_ref idref="fl-72"/>
      </object_component>
      <object_component id="oc-1a3">
         <name>.bss</name>
         <uninitialized>true</uninitialized>
         <run_address>0x8db8</run_address>
         <size>0xc</size>
         <input_file_ref idref="fl-75"/>
      </object_component>
      <object_component id="oc-1bf">
         <name>.bss</name>
         <uninitialized>true</uninitialized>
         <run_address>0x8c30</run_address>
         <size>0x60</size>
         <input_file_ref idref="fl-7d"/>
      </object_component>
      <object_component id="oc-1cd">
         <name>.bss</name>
         <uninitialized>true</uninitialized>
         <run_address>0x8d28</run_address>
         <size>0x28</size>
         <input_file_ref idref="fl-80"/>
      </object_component>
      <object_component id="oc-1db">
         <name>.bss</name>
         <uninitialized>true</uninitialized>
         <run_address>0x8c90</run_address>
         <size>0x50</size>
         <input_file_ref idref="fl-83"/>
      </object_component>
      <object_component id="oc-1f0">
         <name>.bss</name>
         <uninitialized>true</uninitialized>
         <run_address>0x8dcc</run_address>
         <size>0x8</size>
         <input_file_ref idref="fl-88"/>
      </object_component>
      <object_component id="oc-1f6">
         <name>.bss</name>
         <uninitialized>true</uninitialized>
         <run_address>0x8998</run_address>
         <size>0x184</size>
         <input_file_ref idref="fl-89"/>
      </object_component>
      <object_component id="oc-1fc">
         <name>.bss</name>
         <uninitialized>true</uninitialized>
         <run_address>0x8df0</run_address>
         <size>0x4</size>
         <input_file_ref idref="fl-8a"/>
      </object_component>
      <object_component id="oc-202">
         <name>.bss</name>
         <uninitialized>true</uninitialized>
         <run_address>0x8dd4</run_address>
         <size>0x8</size>
         <input_file_ref idref="fl-8b"/>
      </object_component>
      <object_component id="oc-fe">
         <name>.hwi_disp_sec</name>
         <uninitialized>true</uninitialized>
         <run_address>0x9f9c</run_address>
         <size>0x180</size>
         <input_file_ref idref="fl-3f"/>
      </object_component>
      <object_component id="oc-c1">
         <name>.sysdata</name>
         <uninitialized>true</uninitialized>
         <run_address>0x8df4</run_address>
         <size>0x160</size>
         <input_file_ref idref="fl-2f"/>
      </object_component>
      <object_component id="oc-103">
         <name>.sysdata</name>
         <uninitialized>true</uninitialized>
         <run_address>0x8f8c</run_address>
         <size>0x4</size>
         <input_file_ref idref="fl-40"/>
      </object_component>
      <object_component id="oc-10d">
         <name>.sysdata</name>
         <uninitialized>true</uninitialized>
         <run_address>0x8f80</run_address>
         <size>0xc</size>
         <input_file_ref idref="fl-42"/>
      </object_component>
      <object_component id="oc-11f">
         <name>.sysdata</name>
         <uninitialized>true</uninitialized>
         <run_address>0x8f54</run_address>
         <size>0x2c</size>
         <input_file_ref idref="fl-46"/>
      </object_component>
      <object_component id="oc-8a">
         <name>.mem</name>
         <uninitialized>true</uninitialized>
         <run_address>0x78e2</run_address>
         <size>0x2</size>
         <input_file_ref idref="fl-a"/>
      </object_component>
      <object_component id="oc-56">
         <name>.bios</name>
         <load_address>0xc0</load_address>
         <run_address>0xc0</run_address>
         <size>0x3d4</size>
         <input_file_ref idref="fl-31"/>
      </object_component>
      <object_component id="oc-10f">
         <name>.bios</name>
         <load_address>0x494</load_address>
         <run_address>0x494</run_address>
         <size>0x3a3</size>
         <input_file_ref idref="fl-42"/>
      </object_component>
      <object_component id="oc-ff">
         <name>.bios</name>
         <load_address>0x837</load_address>
         <run_address>0x837</run_address>
         <size>0x35f</size>
         <input_file_ref idref="fl-3f"/>
      </object_component>
      <object_component id="oc-141">
         <name>.bios</name>
         <load_address>0xb96</load_address>
         <run_address>0xb96</run_address>
         <size>0x2</size>
         <input_file_ref idref="fl-4e"/>
      </object_component>
      <object_component id="oc-1af">
         <name>.bios</name>
         <load_address>0xb98</load_address>
         <run_address>0xb98</run_address>
         <size>0x18b</size>
         <input_file_ref idref="fl-79"/>
      </object_component>
      <object_component id="oc-11b">
         <name>.bios</name>
         <load_address>0xd23</load_address>
         <run_address>0xd23</run_address>
         <size>0x186</size>
         <input_file_ref idref="fl-45"/>
      </object_component>
      <object_component id="oc-172">
         <name>.bios</name>
         <load_address>0xeac</load_address>
         <run_address>0xeac</run_address>
         <size>0x185</size>
         <input_file_ref idref="fl-63"/>
      </object_component>
      <object_component id="oc-178">
         <name>.bios</name>
         <load_address>0x1034</load_address>
         <run_address>0x1034</run_address>
         <size>0x144</size>
         <input_file_ref idref="fl-64"/>
      </object_component>
      <object_component id="oc-121">
         <name>.bios</name>
         <load_address>0x1178</load_address>
         <run_address>0x1178</run_address>
         <size>0x130</size>
         <input_file_ref idref="fl-46"/>
      </object_component>
      <object_component id="oc-117">
         <name>.bios</name>
         <load_address>0x12a8</load_address>
         <run_address>0x12a8</run_address>
         <size>0x119</size>
         <input_file_ref idref="fl-44"/>
      </object_component>
      <object_component id="oc-52">
         <name>.bios</name>
         <load_address>0x13c1</load_address>
         <run_address>0x13c1</run_address>
         <size>0x10e</size>
         <input_file_ref idref="fl-30"/>
      </object_component>
      <object_component id="oc-184">
         <name>.bios</name>
         <load_address>0x14d0</load_address>
         <run_address>0x14d0</run_address>
         <size>0x10d</size>
         <input_file_ref idref="fl-67"/>
      </object_component>
      <object_component id="oc-1eb">
         <name>.bios</name>
         <load_address>0x15e0</load_address>
         <run_address>0x15e0</run_address>
         <size>0x104</size>
         <input_file_ref idref="fl-87"/>
      </object_component>
      <object_component id="oc-1c5">
         <name>.bios</name>
         <load_address>0x16e4</load_address>
         <run_address>0x16e4</run_address>
         <size>0xf8</size>
         <input_file_ref idref="fl-7e"/>
      </object_component>
      <object_component id="oc-1d6">
         <name>.bios</name>
         <load_address>0x17dc</load_address>
         <run_address>0x17dc</run_address>
         <size>0xf6</size>
         <input_file_ref idref="fl-82"/>
      </object_component>
      <object_component id="oc-1dd">
         <name>.bios</name>
         <load_address>0x18d4</load_address>
         <run_address>0x18d4</run_address>
         <size>0xbf</size>
         <input_file_ref idref="fl-83"/>
      </object_component>
      <object_component id="oc-12d">
         <name>.bios</name>
         <load_address>0x1993</load_address>
         <run_address>0x1993</run_address>
         <size>0xa2</size>
         <input_file_ref idref="fl-49"/>
      </object_component>
      <object_component id="oc-169">
         <name>.bios</name>
         <load_address>0x1a35</load_address>
         <run_address>0x1a35</run_address>
         <size>0x8d</size>
         <input_file_ref idref="fl-61"/>
      </object_component>
      <object_component id="oc-e9">
         <name>.bios</name>
         <load_address>0x1ac2</load_address>
         <run_address>0x1ac2</run_address>
         <size>0x8d</size>
         <input_file_ref idref="fl-3a"/>
      </object_component>
      <object_component id="oc-1b3">
         <name>.bios</name>
         <load_address>0x1b4f</load_address>
         <run_address>0x1b4f</run_address>
         <size>0x82</size>
         <input_file_ref idref="fl-7a"/>
      </object_component>
      <object_component id="oc-139">
         <name>.bios</name>
         <load_address>0x1bd1</load_address>
         <run_address>0x1bd1</run_address>
         <size>0x6b</size>
         <input_file_ref idref="fl-4c"/>
      </object_component>
      <object_component id="oc-165">
         <name>.bios</name>
         <load_address>0x1c3c</load_address>
         <run_address>0x1c3c</run_address>
         <size>0x5f</size>
         <input_file_ref idref="fl-60"/>
      </object_component>
      <object_component id="oc-180">
         <name>.bios</name>
         <load_address>0x1c9c</load_address>
         <run_address>0x1c9c</run_address>
         <size>0x5b</size>
         <input_file_ref idref="fl-66"/>
      </object_component>
      <object_component id="oc-1e2">
         <name>.bios</name>
         <load_address>0x1cf8</load_address>
         <run_address>0x1cf8</run_address>
         <size>0x58</size>
         <input_file_ref idref="fl-84"/>
      </object_component>
      <object_component id="oc-113">
         <name>.bios</name>
         <load_address>0x1d50</load_address>
         <run_address>0x1d50</run_address>
         <size>0x51</size>
         <input_file_ref idref="fl-43"/>
      </object_component>
      <object_component id="oc-1ab">
         <name>.bios</name>
         <load_address>0x1da1</load_address>
         <run_address>0x1da1</run_address>
         <size>0x4e</size>
         <input_file_ref idref="fl-78"/>
      </object_component>
      <object_component id="oc-1b7">
         <name>.bios</name>
         <load_address>0x1df0</load_address>
         <run_address>0x1df0</run_address>
         <size>0x48</size>
         <input_file_ref idref="fl-7b"/>
      </object_component>
      <object_component id="oc-125">
         <name>.bios</name>
         <load_address>0x1e38</load_address>
         <run_address>0x1e38</run_address>
         <size>0x48</size>
         <input_file_ref idref="fl-47"/>
      </object_component>
      <object_component id="oc-1c9">
         <name>.bios</name>
         <load_address>0x1e80</load_address>
         <run_address>0x1e80</run_address>
         <size>0x48</size>
         <input_file_ref idref="fl-7f"/>
      </object_component>
      <object_component id="oc-105">
         <name>.bios</name>
         <load_address>0x1ec8</load_address>
         <run_address>0x1ec8</run_address>
         <size>0x47</size>
         <input_file_ref idref="fl-40"/>
      </object_component>
      <object_component id="oc-15b">
         <name>.bios</name>
         <load_address>0x1f0f</load_address>
         <run_address>0x1f0f</run_address>
         <size>0x46</size>
         <input_file_ref idref="fl-5c"/>
      </object_component>
      <object_component id="oc-214">
         <name>.bios</name>
         <load_address>0x1f55</load_address>
         <run_address>0x1f55</run_address>
         <size>0x43</size>
         <input_file_ref idref="fl-8f"/>
      </object_component>
      <object_component id="oc-15f">
         <name>.bios</name>
         <load_address>0x1f98</load_address>
         <run_address>0x1f98</run_address>
         <size>0x40</size>
         <input_file_ref idref="fl-5d"/>
      </object_component>
      <object_component id="oc-57">
         <name>.bios</name>
         <load_address>0x1fd8</load_address>
         <run_address>0x1fd8</run_address>
         <size>0x36</size>
         <input_file_ref idref="fl-38"/>
      </object_component>
      <object_component id="oc-17c">
         <name>.bios</name>
         <load_address>0x2010</load_address>
         <run_address>0x2010</run_address>
         <size>0x34</size>
         <input_file_ref idref="fl-65"/>
      </object_component>
      <object_component id="oc-13d">
         <name>.bios</name>
         <load_address>0x2044</load_address>
         <run_address>0x2044</run_address>
         <size>0x2c</size>
         <input_file_ref idref="fl-4d"/>
      </object_component>
      <object_component id="oc-f1">
         <name>.bios</name>
         <load_address>0x2070</load_address>
         <run_address>0x2070</run_address>
         <size>0x25</size>
         <input_file_ref idref="fl-3c"/>
      </object_component>
      <object_component id="oc-5d">
         <name>.bios</name>
         <load_address>0x2095</load_address>
         <run_address>0x2095</run_address>
         <size>0x24</size>
         <input_file_ref idref="fl-35"/>
      </object_component>
      <object_component id="oc-53">
         <name>.bios</name>
         <load_address>0x20bc</load_address>
         <run_address>0x20bc</run_address>
         <size>0x23</size>
         <input_file_ref idref="fl-36"/>
      </object_component>
      <object_component id="oc-5b">
         <name>.bios</name>
         <load_address>0x20e0</load_address>
         <run_address>0x20e0</run_address>
         <size>0x20</size>
         <input_file_ref idref="fl-37"/>
      </object_component>
      <object_component id="oc-ed">
         <name>.bios</name>
         <load_address>0x2100</load_address>
         <run_address>0x2100</run_address>
         <size>0x1f</size>
         <input_file_ref idref="fl-3b"/>
      </object_component>
      <object_component id="oc-154">
         <name>.bios</name>
         <load_address>0x2120</load_address>
         <run_address>0x2120</run_address>
         <size>0x1a</size>
         <input_file_ref idref="fl-58"/>
      </object_component>
      <object_component id="oc-59">
         <name>.bios</name>
         <load_address>0x213a</load_address>
         <run_address>0x213a</run_address>
         <size>0x17</size>
         <input_file_ref idref="fl-33"/>
      </object_component>
      <object_component id="oc-1e6">
         <name>.bios</name>
         <load_address>0x2154</load_address>
         <run_address>0x2154</run_address>
         <size>0x17</size>
         <input_file_ref idref="fl-85"/>
      </object_component>
      <object_component id="oc-58">
         <name>.bios</name>
         <load_address>0x216b</load_address>
         <run_address>0x216b</run_address>
         <size>0xf</size>
         <input_file_ref idref="fl-32"/>
      </object_component>
      <object_component id="oc-109">
         <name>.bios</name>
         <load_address>0x217a</load_address>
         <run_address>0x217a</run_address>
         <size>0xc</size>
         <input_file_ref idref="fl-41"/>
      </object_component>
      <object_component id="oc-5a">
         <name>.bios</name>
         <load_address>0x2188</load_address>
         <run_address>0x2188</run_address>
         <size>0x8</size>
         <input_file_ref idref="fl-39"/>
      </object_component>
      <object_component id="oc-1bb">
         <name>.bios</name>
         <load_address>0x2190</load_address>
         <run_address>0x2190</run_address>
         <size>0x7</size>
         <input_file_ref idref="fl-7c"/>
      </object_component>
      <object_component id="oc-147">
         <name>.bios</name>
         <load_address>0x2197</load_address>
         <run_address>0x2197</run_address>
         <size>0x6</size>
         <input_file_ref idref="fl-50"/>
      </object_component>
      <object_component id="oc-5c">
         <name>.bios</name>
         <load_address>0x21a0</load_address>
         <run_address>0x21a0</run_address>
         <size>0x2</size>
         <input_file_ref idref="fl-34"/>
      </object_component>
      <object_component id="oc-18e">
         <name>.text:MCBSP_reset</name>
         <load_address>0x21a4</load_address>
         <run_address>0x21a4</run_address>
         <size>0x261</size>
         <input_file_ref idref="fl-6d"/>
      </object_component>
      <object_component id="oc-5e">
         <name>.text</name>
         <load_address>0x2405</load_address>
         <run_address>0x2405</run_address>
         <size>0x231</size>
         <input_file_ref idref="fl-2"/>
      </object_component>
      <object_component id="oc-6f">
         <name>.text</name>
         <load_address>0x2636</load_address>
         <run_address>0x2636</run_address>
         <size>0x20c</size>
         <input_file_ref idref="fl-5"/>
      </object_component>
      <object_component id="oc-63">
         <name>.text</name>
         <load_address>0x2842</load_address>
         <run_address>0x2842</run_address>
         <size>0x1b9</size>
         <input_file_ref idref="fl-3"/>
      </object_component>
      <object_component id="oc-15a">
         <name>.text:I2C_write</name>
         <load_address>0x29fc</load_address>
         <run_address>0x29fc</run_address>
         <size>0x18e</size>
         <input_file_ref idref="fl-5b"/>
      </object_component>
      <object_component id="oc-159">
         <name>.text:I2C_read</name>
         <load_address>0x2b8c</load_address>
         <run_address>0x2b8c</run_address>
         <size>0x15d</size>
         <input_file_ref idref="fl-5a"/>
      </object_component>
      <object_component id="oc-7a">
         <name>.text</name>
         <load_address>0x2ce9</load_address>
         <run_address>0x2ce9</run_address>
         <size>0x14e</size>
         <input_file_ref idref="fl-7"/>
      </object_component>
      <object_component id="oc-189">
         <name>.text:MCBSP_config</name>
         <load_address>0x2e38</load_address>
         <run_address>0x2e38</run_address>
         <size>0x130</size>
         <input_file_ref idref="fl-69"/>
      </object_component>
      <object_component id="oc-18a">
         <name>.text:MCBSP_open</name>
         <load_address>0x2f68</load_address>
         <run_address>0x2f68</run_address>
         <size>0xee</size>
         <input_file_ref idref="fl-6a"/>
      </object_component>
      <object_component id="oc-ba">
         <name>.text</name>
         <load_address>0x3056</load_address>
         <run_address>0x3056</run_address>
         <size>0xe2</size>
         <input_file_ref idref="fl-e"/>
      </object_component>
      <object_component id="oc-b5">
         <name>.text</name>
         <load_address>0x3138</load_address>
         <run_address>0x3138</run_address>
         <size>0xc4</size>
         <input_file_ref idref="fl-d"/>
      </object_component>
      <object_component id="oc-7f">
         <name>.text</name>
         <load_address>0x31fc</load_address>
         <run_address>0x31fc</run_address>
         <size>0xba</size>
         <input_file_ref idref="fl-8"/>
      </object_component>
      <object_component id="oc-aa">
         <name>.text</name>
         <load_address>0x32b6</load_address>
         <run_address>0x32b6</run_address>
         <size>0x8e</size>
         <input_file_ref idref="fl-c"/>
      </object_component>
      <object_component id="oc-18f">
         <name>.text:MCBSP_start</name>
         <load_address>0x3344</load_address>
         <run_address>0x3344</run_address>
         <size>0x82</size>
         <input_file_ref idref="fl-6e"/>
      </object_component>
      <object_component id="oc-85">
         <name>.text</name>
         <load_address>0x33c6</load_address>
         <run_address>0x33c6</run_address>
         <size>0x7b</size>
         <input_file_ref idref="fl-9"/>
      </object_component>
      <object_component id="oc-1fb">
         <name>.text</name>
         <load_address>0x3441</load_address>
         <run_address>0x3441</run_address>
         <size>0x75</size>
         <input_file_ref idref="fl-8a"/>
      </object_component>
      <object_component id="oc-158">
         <name>.text:I2C_config</name>
         <load_address>0x34b8</load_address>
         <run_address>0x34b8</run_address>
         <size>0x72</size>
         <input_file_ref idref="fl-59"/>
      </object_component>
      <object_component id="oc-6a">
         <name>.text</name>
         <load_address>0x352a</load_address>
         <run_address>0x352a</run_address>
         <size>0x6f</size>
         <input_file_ref idref="fl-4"/>
      </object_component>
      <object_component id="oc-1f5">
         <name>.text</name>
         <load_address>0x3599</load_address>
         <run_address>0x3599</run_address>
         <size>0x6f</size>
         <input_file_ref idref="fl-89"/>
      </object_component>
      <object_component id="oc-75">
         <name>.text</name>
         <load_address>0x3608</load_address>
         <run_address>0x3608</run_address>
         <size>0x6d</size>
         <input_file_ref idref="fl-6"/>
      </object_component>
      <object_component id="oc-129">
         <name>.text</name>
         <load_address>0x3678</load_address>
         <run_address>0x3678</run_address>
         <size>0x67</size>
         <input_file_ref idref="fl-48"/>
      </object_component>
      <object_component id="oc-1da">
         <name>.text</name>
         <load_address>0x36e0</load_address>
         <run_address>0x36e0</run_address>
         <size>0x5c</size>
         <input_file_ref idref="fl-83"/>
      </object_component>
      <object_component id="oc-14b">
         <name>.text:GPIO_open</name>
         <load_address>0x373c</load_address>
         <run_address>0x373c</run_address>
         <size>0x4f</size>
         <input_file_ref idref="fl-51"/>
      </object_component>
      <object_component id="oc-20c">
         <name>.text</name>
         <load_address>0x378b</load_address>
         <run_address>0x378b</run_address>
         <size>0x3f</size>
         <input_file_ref idref="fl-8d"/>
      </object_component>
      <object_component id="oc-201">
         <name>.text</name>
         <load_address>0x37ca</load_address>
         <run_address>0x37ca</run_address>
         <size>0x3e</size>
         <input_file_ref idref="fl-8b"/>
      </object_component>
      <object_component id="oc-188">
         <name>.text:MCBSP_close</name>
         <load_address>0x3808</load_address>
         <run_address>0x3808</run_address>
         <size>0x36</size>
         <input_file_ref idref="fl-68"/>
      </object_component>
      <object_component id="oc-150">
         <name>.text:GPIO_pinDirection</name>
         <load_address>0x3840</load_address>
         <run_address>0x3840</run_address>
         <size>0x1f</size>
         <input_file_ref idref="fl-54"/>
      </object_component>
      <object_component id="oc-153">
         <name>.text:GPIO_pinWrite</name>
         <load_address>0x3860</load_address>
         <run_address>0x3860</run_address>
         <size>0x1f</size>
         <input_file_ref idref="fl-57"/>
      </object_component>
      <object_component id="oc-152">
         <name>.text:GPIO_pinRead</name>
         <load_address>0x3880</load_address>
         <run_address>0x3880</run_address>
         <size>0x14</size>
         <input_file_ref idref="fl-56"/>
      </object_component>
      <object_component id="oc-151">
         <name>.text:GPIO_pinEnable</name>
         <load_address>0x3894</load_address>
         <run_address>0x3894</run_address>
         <size>0x13</size>
         <input_file_ref idref="fl-55"/>
      </object_component>
      <object_component id="oc-1ef">
         <name>.text</name>
         <load_address>0x38a7</load_address>
         <run_address>0x38a7</run_address>
         <size>0x12</size>
         <input_file_ref idref="fl-88"/>
      </object_component>
      <object_component id="oc-210">
         <name>.text</name>
         <load_address>0x38b9</load_address>
         <run_address>0x38b9</run_address>
         <size>0x11</size>
         <input_file_ref idref="fl-8e"/>
      </object_component>
      <object_component id="oc-163">
         <name>.text:IRQ_globalDisable</name>
         <load_address>0x38cc</load_address>
         <run_address>0x38cc</run_address>
         <size>0xf</size>
         <input_file_ref idref="fl-5e"/>
      </object_component>
      <object_component id="oc-1ea">
         <name>.text:_CSL_init</name>
         <load_address>0x38dc</load_address>
         <run_address>0x38dc</run_address>
         <size>0xd</size>
         <input_file_ref idref="fl-86"/>
      </object_component>
      <object_component id="oc-146">
         <name>.text:CSL_init</name>
         <load_address>0x38ec</load_address>
         <run_address>0x38ec</run_address>
         <size>0xc</size>
         <input_file_ref idref="fl-4f"/>
      </object_component>
      <object_component id="oc-164">
         <name>.text:IRQ_globalRestore</name>
         <load_address>0x38f8</load_address>
         <run_address>0x38f8</run_address>
         <size>0xc</size>
         <input_file_ref idref="fl-5f"/>
      </object_component>
      <object_component id="oc-205">
         <name>.text:CIO_breakpoint</name>
         <load_address>0x3904</load_address>
         <run_address>0x3904</run_address>
         <size>0x7</size>
         <input_file_ref idref="fl-8b"/>
      </object_component>
      <object_component id="oc-18d">
         <name>.text:MCBSP_read16</name>
         <load_address>0x390c</load_address>
         <run_address>0x390c</run_address>
         <size>0x7</size>
         <input_file_ref idref="fl-6c"/>
      </object_component>
      <object_component id="oc-190">
         <name>.text:MCBSP_write16</name>
         <load_address>0x3914</load_address>
         <run_address>0x3914</run_address>
         <size>0x7</size>
         <input_file_ref idref="fl-6f"/>
      </object_component>
      <object_component id="oc-145">
         <name>.text</name>
         <load_address>0x391c</load_address>
         <run_address>0x391c</run_address>
         <size>0x2</size>
         <input_file_ref idref="fl-4f"/>
      </object_component>
      <object_component id="oc-a3">
         <name>.sysinit</name>
         <load_address>0x9800</load_address>
         <run_address>0x9800</run_address>
         <size>0x13d</size>
         <input_file_ref idref="fl-a"/>
      </object_component>
      <object_component id="oc-195">
         <name>.sysinit</name>
         <load_address>0x9940</load_address>
         <run_address>0x9940</run_address>
         <size>0x111</size>
         <input_file_ref idref="fl-71"/>
      </object_component>
      <object_component id="oc-1d2">
         <name>.sysinit</name>
         <load_address>0x9a54</load_address>
         <run_address>0x9a54</run_address>
         <size>0x84</size>
         <input_file_ref idref="fl-81"/>
      </object_component>
      <object_component id="oc-208">
         <name>.sysinit</name>
         <load_address>0x9ad8</load_address>
         <run_address>0x9ad8</run_address>
         <size>0x71</size>
         <input_file_ref idref="fl-8c"/>
      </object_component>
      <object_component id="oc-55">
         <name>.sysinit</name>
         <load_address>0x9b49</load_address>
         <run_address>0x9b49</run_address>
         <size>0x6f</size>
         <input_file_ref idref="fl-3d"/>
      </object_component>
      <object_component id="oc-19b">
         <name>.sysinit</name>
         <load_address>0x9bb8</load_address>
         <run_address>0x9bb8</run_address>
         <size>0x2</size>
         <input_file_ref idref="fl-72"/>
      </object_component>
      <object_component id="oc-fa">
         <name>.trcdata</name>
         <load_address>0xa80c</load_address>
         <run_address>0xa80c</run_address>
         <size>0x6</size>
         <input_file_ref idref="fl-3e"/>
      </object_component>
      <object_component id="oc-22c">
         <name>.rtdx_text:_RTDX_write_next</name>
         <load_address>0x6fa0</load_address>
         <run_address>0x6fa0</run_address>
         <size>0x1db</size>
         <input_file_ref idref="fl-75"/>
      </object_component>
      <object_component id="oc-227">
         <name>.rtdx_text:_RTDX_Buffer_WriteCB</name>
         <load_address>0x717b</load_address>
         <run_address>0x717b</run_address>
         <size>0x17c</size>
         <input_file_ref idref="fl-75"/>
      </object_component>
      <object_component id="oc-220">
         <name>.rtdx_text:_RTDX_Init_RT_Monitor</name>
         <load_address>0x72f7</load_address>
         <run_address>0x72f7</run_address>
         <size>0x10f</size>
         <input_file_ref idref="fl-76"/>
      </object_component>
      <object_component id="oc-21b">
         <name>.rtdx_text:_RTDX_Poll</name>
         <load_address>0x7406</load_address>
         <run_address>0x7406</run_address>
         <size>0xec</size>
         <input_file_ref idref="fl-76"/>
      </object_component>
      <object_component id="oc-22b">
         <name>.rtdx_text:_claim</name>
         <load_address>0x74f2</load_address>
         <run_address>0x74f2</run_address>
         <size>0xb5</size>
         <input_file_ref idref="fl-75"/>
      </object_component>
      <object_component id="oc-224">
         <name>.rtdx_text:_StartXFer</name>
         <load_address>0x75a7</load_address>
         <run_address>0x75a7</run_address>
         <size>0x93</size>
         <input_file_ref idref="fl-76"/>
      </object_component>
      <object_component id="oc-22d">
         <name>.rtdx_text:_RTDX_Mon_Queue</name>
         <load_address>0x763a</load_address>
         <run_address>0x763a</run_address>
         <size>0x88</size>
         <input_file_ref idref="fl-76"/>
      </object_component>
      <object_component id="oc-21c">
         <name>.rtdx_text:_RTDX_H2TPoll</name>
         <load_address>0x76c2</load_address>
         <run_address>0x76c2</run_address>
         <size>0x65</size>
         <input_file_ref idref="fl-76"/>
      </object_component>
      <object_component id="oc-21f">
         <name>.rtdx_text:_RTDX_Buffer_Initialize</name>
         <load_address>0x7727</load_address>
         <run_address>0x7727</run_address>
         <size>0x53</size>
         <input_file_ref idref="fl-75"/>
      </object_component>
      <object_component id="oc-226">
         <name>.rtdx_text:_RTDX_Buffer_ReadCB</name>
         <load_address>0x777a</load_address>
         <run_address>0x777a</run_address>
         <size>0x4b</size>
         <input_file_ref idref="fl-74"/>
      </object_component>
      <object_component id="oc-229">
         <name>.rtdx_text:_RTDX_Final_RT_Monitor</name>
         <load_address>0x77c5</load_address>
         <run_address>0x77c5</run_address>
         <size>0x3c</size>
         <input_file_ref idref="fl-76"/>
      </object_component>
      <object_component id="oc-22a">
         <name>.rtdx_text:_RTDX_Buffer_Size</name>
         <load_address>0x7801</load_address>
         <run_address>0x7801</run_address>
         <size>0x3b</size>
         <input_file_ref idref="fl-75"/>
      </object_component>
      <object_component id="oc-221">
         <name>.rtdx_text:_RTDX_Mask_IER</name>
         <load_address>0x783c</load_address>
         <run_address>0x783c</run_address>
         <size>0x2a</size>
         <input_file_ref idref="fl-77"/>
      </object_component>
      <object_component id="oc-21d">
         <name>.rtdx_text:_RTDX_Buffer_Read</name>
         <load_address>0x7866</load_address>
         <run_address>0x7866</run_address>
         <size>0x22</size>
         <input_file_ref idref="fl-74"/>
      </object_component>
      <object_component id="oc-225">
         <name>.rtdx_text:_RTDX_Set_IER</name>
         <load_address>0x7888</load_address>
         <run_address>0x7888</run_address>
         <size>0x1e</size>
         <input_file_ref idref="fl-77"/>
      </object_component>
      <object_component id="oc-21e">
         <name>.rtdx_text:_RTDX_Buffer_Write</name>
         <load_address>0x78a6</load_address>
         <run_address>0x78a6</run_address>
         <size>0x1c</size>
         <input_file_ref idref="fl-75"/>
      </object_component>
      <object_component id="oc-222">
         <name>.rtdx_text:_Allow_EmuAccess</name>
         <load_address>0x78c2</load_address>
         <run_address>0x78c2</run_address>
         <size>0x17</size>
         <input_file_ref idref="fl-76"/>
      </object_component>
      <object_component id="oc-223">
         <name>.rtdx_text:_Disallow_EmuAccess</name>
         <load_address>0x78d9</load_address>
         <run_address>0x78d9</run_address>
         <size>0x4</size>
         <input_file_ref idref="fl-76"/>
      </object_component>
      <object_component id="oc-228">
         <name>.rtdx_text:_Wait</name>
         <load_address>0x78dd</load_address>
         <run_address>0x78dd</run_address>
         <size>0x4</size>
         <input_file_ref idref="fl-76"/>
      </object_component>
      <object_component id="oc-a2">
         <name>.mbx</name>
         <uninitialized>true</uninitialized>
         <run_address>0xa234</run_address>
         <size>0xd0</size>
         <input_file_ref idref="fl-a"/>
      </object_component>
      <object_component id="oc-a1">
         <name>.sem</name>
         <uninitialized>true</uninitialized>
         <run_address>0xa6bc</run_address>
         <size>0x58</size>
         <input_file_ref idref="fl-a"/>
      </object_component>
      <object_component id="oc-8e">
         <name>.sys</name>
         <uninitialized>true</uninitialized>
         <run_address>0xa7e8</run_address>
         <size>0x10</size>
         <input_file_ref idref="fl-a"/>
      </object_component>
      <object_component id="oc-8b">
         <name>.cinit</name>
         <load_address>0x3920</load_address>
         <run_address>0x3920</run_address>
         <size>0x834</size>
         <input_file_ref idref="fl-a"/>
      </object_component>
      <object_component id="oc-c2">
         <name>.cinit</name>
         <load_address>0x4154</load_address>
         <run_address>0x4154</run_address>
         <size>0x15e</size>
         <input_file_ref idref="fl-2f"/>
      </object_component>
      <object_component id="oc-16e">
         <name>.cinit</name>
         <load_address>0x42b2</load_address>
         <run_address>0x42b2</run_address>
         <size>0x140</size>
         <input_file_ref idref="fl-62"/>
      </object_component>
      <object_component id="oc-18b">
         <name>.cinit</name>
         <load_address>0x43f2</load_address>
         <run_address>0x43f2</run_address>
         <size>0xd2</size>
         <input_file_ref idref="fl-6b"/>
      </object_component>
      <object_component id="oc-1c0">
         <name>.cinit</name>
         <load_address>0x44c4</load_address>
         <run_address>0x44c4</run_address>
         <size>0x62</size>
         <input_file_ref idref="fl-7d"/>
      </object_component>
      <object_component id="oc-1dc">
         <name>.cinit</name>
         <load_address>0x4526</load_address>
         <run_address>0x4526</run_address>
         <size>0x5c</size>
         <input_file_ref idref="fl-83"/>
      </object_component>
      <object_component id="oc-14e">
         <name>.cinit</name>
         <load_address>0x4582</load_address>
         <run_address>0x4582</run_address>
         <size>0x4a</size>
         <input_file_ref idref="fl-53"/>
      </object_component>
      <object_component id="oc-14c">
         <name>.cinit</name>
         <load_address>0x45cc</load_address>
         <run_address>0x45cc</run_address>
         <size>0x46</size>
         <input_file_ref idref="fl-52"/>
      </object_component>
      <object_component id="oc-66">
         <name>.cinit</name>
         <load_address>0x4612</load_address>
         <run_address>0x4612</run_address>
         <size>0x40</size>
         <input_file_ref idref="fl-3"/>
      </object_component>
      <object_component id="oc-120">
         <name>.cinit</name>
         <load_address>0x4652</load_address>
         <run_address>0x4652</run_address>
         <size>0x32</size>
         <input_file_ref idref="fl-46"/>
      </object_component>
      <object_component id="oc-1a4">
         <name>.cinit</name>
         <load_address>0x4684</load_address>
         <run_address>0x4684</run_address>
         <size>0x2e</size>
         <input_file_ref idref="fl-75"/>
      </object_component>
      <object_component id="oc-e2">
         <name>.cinit</name>
         <load_address>0x46b2</load_address>
         <run_address>0x46b2</run_address>
         <size>0x1e</size>
         <input_file_ref idref="fl-38"/>
      </object_component>
      <object_component id="oc-ad">
         <name>.cinit</name>
         <load_address>0x46d0</load_address>
         <run_address>0x46d0</run_address>
         <size>0x18</size>
         <input_file_ref idref="fl-c"/>
      </object_component>
      <object_component id="oc-177">
         <name>.cinit</name>
         <load_address>0x46e8</load_address>
         <run_address>0x46e8</run_address>
         <size>0x16</size>
         <input_file_ref idref="fl-64"/>
      </object_component>
      <object_component id="oc-19a">
         <name>.cinit</name>
         <load_address>0x46fe</load_address>
         <run_address>0x46fe</run_address>
         <size>0x14</size>
         <input_file_ref idref="fl-72"/>
      </object_component>
      <object_component id="oc-1ce">
         <name>.cinit</name>
         <load_address>0x4712</load_address>
         <run_address>0x4712</run_address>
         <size>0x14</size>
         <input_file_ref idref="fl-80"/>
      </object_component>
      <object_component id="oc-1f2">
         <name>.cinit</name>
         <load_address>0x4726</load_address>
         <run_address>0x4726</run_address>
         <size>0x14</size>
         <input_file_ref idref="fl-88"/>
      </object_component>
      <object_component id="oc-204">
         <name>.cinit</name>
         <load_address>0x473a</load_address>
         <run_address>0x473a</run_address>
         <size>0x14</size>
         <input_file_ref idref="fl-8b"/>
      </object_component>
      <object_component id="oc-10e">
         <name>.cinit</name>
         <load_address>0x474e</load_address>
         <run_address>0x474e</run_address>
         <size>0x12</size>
         <input_file_ref idref="fl-42"/>
      </object_component>
      <object_component id="oc-1f8">
         <name>.cinit</name>
         <load_address>0x4760</load_address>
         <run_address>0x4760</run_address>
         <size>0x10</size>
         <input_file_ref idref="fl-89"/>
      </object_component>
      <object_component id="oc-bd">
         <name>.cinit</name>
         <load_address>0x4770</load_address>
         <run_address>0x4770</run_address>
         <size>0x10</size>
         <input_file_ref idref="fl-e"/>
      </object_component>
      <object_component id="oc-104">
         <name>.cinit</name>
         <load_address>0x4780</load_address>
         <run_address>0x4780</run_address>
         <size>0xa</size>
         <input_file_ref idref="fl-40"/>
      </object_component>
      <object_component id="oc-c6">
         <name>.cinit</name>
         <load_address>0x478a</load_address>
         <run_address>0x478a</run_address>
         <size>0xa</size>
         <input_file_ref idref="fl-30"/>
      </object_component>
      <object_component id="oc-1fe">
         <name>.cinit</name>
         <load_address>0x4794</load_address>
         <run_address>0x4794</run_address>
         <size>0xa</size>
         <input_file_ref idref="fl-8a"/>
      </object_component>
      <object_component id="oc-1a7">
         <name>.pinit</name>
         <load_address>0xa7f8</load_address>
         <run_address>0xa7f8</run_address>
         <size>0x4</size>
         <input_file_ref idref="fl-75"/>
      </object_component>
      <object_component id="oc-1aa">
         <name>.pinit</name>
         <load_address>0xa7fc</load_address>
         <run_address>0xa7fc</run_address>
         <size>0x4</size>
         <input_file_ref idref="fl-76"/>
      </object_component>
      <object_component id="oc-89">
         <name>.gblinit</name>
         <load_address>0xa658</load_address>
         <run_address>0xa658</run_address>
         <size>0x62</size>
         <input_file_ref idref="fl-a"/>
      </object_component>
      <object_component id="oc-8c">
         <name>.rtdx_data</name>
         <uninitialized>true</uninitialized>
         <run_address>0x9bbc</run_address>
         <size>0x204</size>
         <input_file_ref idref="fl-a"/>
      </object_component>
      <object_component id="oc-19f">
         <name>.rtdx_data</name>
         <uninitialized>true</uninitialized>
         <run_address>0x9e04</run_address>
         <size>0x8</size>
         <input_file_ref idref="fl-73"/>
      </object_component>
      <object_component id="oc-1a5">
         <name>.rtdx_data</name>
         <uninitialized>true</uninitialized>
         <run_address>0x9de4</run_address>
         <size>0x20</size>
         <input_file_ref idref="fl-75"/>
      </object_component>
      <object_component id="oc-1a8">
         <name>.rtdx_data</name>
         <uninitialized>true</uninitialized>
         <run_address>0x9dc0</run_address>
         <size>0x24</size>
         <input_file_ref idref="fl-76"/>
      </object_component>
      <object_component id="oc-98">
         <name>.TSK_idle$stk</name>
         <uninitialized>true</uninitialized>
         <run_address>0x5ba0</run_address>
         <size>0xa00</size>
         <input_file_ref idref="fl-a"/>
      </object_component>
      <object_component id="oc-9a">
         <name>.TaskAudioProcessing$stk</name>
         <uninitialized>true</uninitialized>
         <run_address>0x65a0</run_address>
         <size>0xa00</size>
         <input_file_ref idref="fl-a"/>
      </object_component>
      <object_component id="oc-9b">
         <name>.TSKUserInterface$stk</name>
         <uninitialized>true</uninitialized>
         <run_address>0x78e4</run_address>
         <size>0x600</size>
         <input_file_ref idref="fl-a"/>
      </object_component>
      <object_component id="oc-1de">
         <name>.const</name>
         <load_address>0x9e0c</load_address>
         <run_address>0x9e0c</run_address>
         <size>0x9e</size>
         <input_file_ref idref="fl-83"/>
      </object_component>
      <object_component id="oc-af">
         <name>.const</name>
         <load_address>0x9eaa</load_address>
         <run_address>0x9eaa</run_address>
         <size>0x2</size>
         <input_file_ref idref="fl-c"/>
      </object_component>
      <object_component id="oc-d9">
         <name>.const</name>
         <load_address>0x9eac</load_address>
         <run_address>0x9eac</run_address>
         <size>0x46</size>
         <input_file_ref idref="fl-36"/>
      </object_component>
      <object_component id="oc-dd">
         <name>.const</name>
         <load_address>0x9ef4</load_address>
         <run_address>0x9ef4</run_address>
         <size>0x44</size>
         <input_file_ref idref="fl-37"/>
      </object_component>
      <object_component id="oc-21a">
         <name>.const:_$P$T0$1</name>
         <load_address>0x9f38</load_address>
         <run_address>0x9f38</run_address>
         <size>0x36</size>
         <input_file_ref idref="fl-8"/>
      </object_component>
      <object_component id="oc-219">
         <name>.const:_$P$T0$1</name>
         <load_address>0x9f6e</load_address>
         <run_address>0x9f6e</run_address>
         <size>0x14</size>
         <input_file_ref idref="fl-6"/>
      </object_component>
      <object_component id="oc-1a9">
         <name>.const</name>
         <load_address>0x9f84</load_address>
         <run_address>0x9f84</run_address>
         <size>0xc</size>
         <input_file_ref idref="fl-76"/>
      </object_component>
      <object_component id="oc-1a6">
         <name>.const</name>
         <load_address>0x9f90</load_address>
         <run_address>0x9f90</run_address>
         <size>0x8</size>
         <input_file_ref idref="fl-75"/>
      </object_component>
      <object_component id="oc-1c1">
         <name>.const</name>
         <load_address>0x9f98</load_address>
         <run_address>0x9f98</run_address>
         <size>0x2</size>
         <input_file_ref idref="fl-7d"/>
      </object_component>
      <object_component id="oc-8d">
         <name>.printf</name>
         <load_address>0x9f9a</load_address>
         <run_address>0x9f9a</run_address>
         <size>0x164</size>
         <input_file_ref idref="fl-a"/>
      </object_component>
      <object_component id="oc-9e">
         <name>.LOG_system$buf</name>
         <uninitialized>true</uninitialized>
         <run_address>0x9000</run_address>
         <size>0x400</size>
         <input_file_ref idref="fl-a"/>
      </object_component>
      <object_component id="oc-a0">
         <name>.trace$buf</name>
         <uninitialized>true</uninitialized>
         <run_address>0x8000</run_address>
         <size>0x800</size>
         <input_file_ref idref="fl-a"/>
      </object_component>
      <object_component id="oc-92">
         <name>.hst1</name>
         <uninitialized>true</uninitialized>
         <run_address>0xa3cc</run_address>
         <size>0x10</size>
         <input_file_ref idref="fl-a"/>
      </object_component>
      <object_component id="oc-95">
         <name>.hst0</name>
         <uninitialized>true</uninitialized>
         <run_address>0xa508</run_address>
         <size>0x80</size>
         <input_file_ref idref="fl-a"/>
      </object_component>
      <object_component id="oc-f6">
         <name>.args</name>
         <load_address>0x7fec</load_address>
         <run_address>0x7fec</run_address>
         <size>0x0</size>
         <input_file_ref idref="fl-3d"/>
      </object_component>
      <object_component id="oc-3a">
         <name>MBXAudio$queElems</name>
         <uninitialized>true</uninitialized>
         <run_address>0xa588</run_address>
         <size>0x0</size>
      </object_component>
      <object_component id="oc-3d">
         <name>MBXOutput$queElems</name>
         <uninitialized>true</uninitialized>
         <run_address>0xa5f0</run_address>
         <size>0x0</size>
      </object_component>
      <object_component id="oc-40">
         <name>_SYS_PUTCBEG</name>
         <load_address>0x9400</load_address>
         <run_address>0x9400</run_address>
         <size>0x0</size>
      </object_component>
      <object_component id="oc-42">
         <name>_SYS_PUTCEND</name>
         <load_address>0x9800</load_address>
         <run_address>0x9800</run_address>
         <size>0x0</size>
      </object_component>
      <object_component id="oc-93">
         <name>.hst</name>
         <uninitialized>true</uninitialized>
         <run_address>0xa764</run_address>
         <size>0x34</size>
         <input_file_ref idref="fl-a"/>
      </object_component>
      <object_component id="oc-9f">
         <name>.log</name>
         <uninitialized>true</uninitialized>
         <run_address>0xa798</run_address>
         <size>0x28</size>
         <input_file_ref idref="fl-a"/>
      </object_component>
      <object_component id="oc-94">
         <name>.pip</name>
         <uninitialized>true</uninitialized>
         <run_address>0xa304</run_address>
         <size>0xc8</size>
         <input_file_ref idref="fl-a"/>
      </object_component>
      <object_component id="oc-91">
         <name>.sts</name>
         <uninitialized>true</uninitialized>
         <run_address>0x8f90</run_address>
         <size>0x70</size>
         <input_file_ref idref="fl-a"/>
      </object_component>
      <object_component id="oc-49">
         <name>GBL_sysstackbeg</name>
         <uninitialized>true</uninitialized>
         <run_address>0x47a0</run_address>
         <size>0x0</size>
      </object_component>
      <object_component id="oc-218">
         <name>.sysstack</name>
         <uninitialized>true</uninitialized>
         <run_address>0x47a0</run_address>
         <size>0x0</size>
         <input_file_ref idref="fl-3d"/>
      </object_component>
      <object_component id="oc-275">
         <name>.sysstack</name>
         <uninitialized>true</uninitialized>
         <run_address>0x47a0</run_address>
         <size>0x0</size>
      </object_component>
      <object_component id="oc-4c">
         <name>GBL_stackbeg</name>
         <uninitialized>true</uninitialized>
         <run_address>0x49a0</run_address>
         <size>0x0</size>
      </object_component>
      <object_component id="oc-f5">
         <name>.stack</name>
         <uninitialized>true</uninitialized>
         <run_address>0x49a0</run_address>
         <size>0x0</size>
         <input_file_ref idref="fl-3d"/>
      </object_component>
      <object_component id="oc-274">
         <name>.stack</name>
         <uninitialized>true</uninitialized>
         <run_address>0x49a0</run_address>
         <size>0x0</size>
      </object_component>
      <object_component id="oc-96">
         <name>.hwi_vec</name>
         <load_address>0xff00</load_address>
         <run_address>0xff00</run_address>
         <size>0x100</size>
         <input_file_ref idref="fl-a"/>
      </object_component>
      <object_component id="oc-5f">
         <name>.debug_info</name>
         <load_address>0x0</load_address>
         <run_address>0x0</run_address>
         <size>0xd78</size>
         <input_file_ref idref="fl-2"/>
      </object_component>
      <object_component id="oc-65">
         <name>.debug_info</name>
         <load_address>0xd78</load_address>
         <run_address>0xd78</run_address>
         <size>0xfcd</size>
         <input_file_ref idref="fl-3"/>
      </object_component>
      <object_component id="oc-6b">
         <name>.debug_info</name>
         <load_address>0x1d45</load_address>
         <run_address>0x1d45</run_address>
         <size>0x88f</size>
         <input_file_ref idref="fl-4"/>
      </object_component>
      <object_component id="oc-71">
         <name>.debug_info</name>
         <load_address>0x25d4</load_address>
         <run_address>0x25d4</run_address>
         <size>0xb8b</size>
         <input_file_ref idref="fl-5"/>
      </object_component>
      <object_component id="oc-76">
         <name>.debug_info</name>
         <load_address>0x315f</load_address>
         <run_address>0x315f</run_address>
         <size>0xa16</size>
[...]
         <name>_GPIO_pinDirection</name>
         <value>0x3840</value>
         <object_component_ref idref="oc-150"/>
      </symbol>
      <symbol id="sm-6a3">
         <name>_GPIO_pinEnable</name>
         <value>0x3894</value>
         <object_component_ref idref="oc-151"/>
      </symbol>
      <symbol id="sm-6a7">
         <name>_GPIO_pinRead</name>
         <value>0x3880</value>
         <object_component_ref idref="oc-152"/>
      </symbol>
      <symbol id="sm-6ab">
         <name>_GPIO_pinWrite</name>
         <value>0x3860</value>
         <object_component_ref idref="oc-153"/>
      </symbol>
      <symbol id="sm-6b5">
         <name>_HWI_restore</name>
         <value>0x2134</value>
         <object_component_ref idref="oc-154"/>
      </symbol>
      <symbol id="sm-6b6">
         <name>_HWI_enable</name>
         <value>0x2130</value>
         <object_component_ref idref="oc-154"/>
      </symbol>
      <symbol id="sm-6b7">
         <name>_HWI_disable</name>
         <value>0x2120</value>
         <object_component_ref idref="oc-154"/>
      </symbol>
      <symbol id="sm-6bb">
         <name>_I2C_config</name>
         <value>0x34b8</value>
         <object_component_ref idref="oc-158"/>
      </symbol>
      <symbol id="sm-6c3">
         <name>_I2C_read</name>
         <value>0x2b8c</value>
         <object_component_ref idref="oc-159"/>
      </symbol>
      <symbol id="sm-6cd">
         <name>_I2C_write</name>
         <value>0x29fc</value>
         <object_component_ref idref="oc-15a"/>
      </symbol>
      <symbol id="sm-6d7">
         <name>_IDL_calibrate</name>
         <value>0x1f0f</value>
         <object_component_ref idref="oc-15b"/>
      </symbol>
      <symbol id="sm-6e1">
         <name>_CLK_measure</name>
         <value>0x1f98</value>
         <object_component_ref idref="oc-15f"/>
      </symbol>
      <symbol id="sm-6e5">
         <name>_IRQ_globalDisable</name>
         <value>0x38cc</value>
         <object_component_ref idref="oc-163"/>
      </symbol>
      <symbol id="sm-6e9">
         <name>_IRQ_globalRestore</name>
         <value>0x38f8</value>
         <object_component_ref idref="oc-164"/>
      </symbol>
      <symbol id="sm-6f3">
         <name>_KNL_exit</name>
         <value>0x1c7c</value>
         <object_component_ref idref="oc-165"/>
      </symbol>
      <symbol id="sm-6f4">
         <name>_KNL_enter</name>
         <value>0x1c3c</value>
         <object_component_ref idref="oc-165"/>
      </symbol>
      <symbol id="sm-6fe">
         <name>_KNL_max</name>
         <value>0x1aad</value>
         <object_component_ref idref="oc-169"/>
      </symbol>
      <symbol id="sm-6ff">
         <name>_KNL_check</name>
         <value>0x1a35</value>
         <object_component_ref idref="oc-169"/>
      </symbol>
      <symbol id="sm-700">
         <name>_KNL_idle</name>
         <value>0x1a90</value>
         <object_component_ref idref="oc-169"/>
      </symbol>
      <symbol id="sm-70c">
         <name>_KNL_maxqueue</name>
         <value>0x8c18</value>
         <object_component_ref idref="oc-16d"/>
      </symbol>
      <symbol id="sm-70d">
         <name>_KNL_inactive</name>
         <value>0x8bcc</value>
         <object_component_ref idref="oc-16d"/>
      </symbol>
      <symbol id="sm-70e">
         <name>_KNL_tswitchfxn</name>
         <value>0x8c1c</value>
         <object_component_ref idref="oc-16d"/>
      </symbol>
      <symbol id="sm-70f">
         <name>_KNL_setpri</name>
         <value>0x8bc8</value>
         <object_component_ref idref="oc-16d"/>
      </symbol>
      <symbol id="sm-710">
         <name>_KNL_swiptr</name>
         <value>0x8c10</value>
         <object_component_ref idref="oc-16d"/>
      </symbol>
      <symbol id="sm-711">
         <name>_KNL_dummy</name>
         <value>0x8bd4</value>
         <object_component_ref idref="oc-16d"/>
      </symbol>
      <symbol id="sm-712">
         <name>_KNL_curtask</name>
         <value>0x8c04</value>
         <object_component_ref idref="oc-16d"/>
      </symbol>
      <symbol id="sm-713">
         <name>_KNL_curqueue</name>
         <value>0x8c14</value>
         <object_component_ref idref="oc-16d"/>
      </symbol>
      <symbol id="sm-714">
         <name>_KNL_wList</name>
         <value>0x8bc0</value>
         <object_component_ref idref="oc-16d"/>
      </symbol>
      <symbol id="sm-715">
         <name>_KNL_curtime</name>
         <value>0x8c0c</value>
         <object_component_ref idref="oc-16d"/>
      </symbol>
      <symbol id="sm-716">
         <name>_KNL_set</name>
         <value>0x8b1e</value>
         <object_component_ref idref="oc-16d"/>
      </symbol>
      <symbol id="sm-717">
         <name>_KNL_alarm</name>
         <value>0x8bc4</value>
         <object_component_ref idref="oc-16d"/>
      </symbol>
      <symbol id="sm-718">
         <name>_KNL_prevtask</name>
         <value>0x8c08</value>
         <object_component_ref idref="oc-16d"/>
      </symbol>
      <symbol id="sm-719">
         <name>_KNL_queues</name>
         <value>0x8b20</value>
         <object_component_ref idref="oc-16d"/>
      </symbol>
      <symbol id="sm-71a">
         <name>_KNL_idlefxn</name>
         <value>0x8c2c</value>
         <object_component_ref idref="oc-16d"/>
      </symbol>
      <symbol id="sm-71b">
         <name>_KNL_priority</name>
         <value>0x8bd0</value>
         <object_component_ref idref="oc-16d"/>
      </symbol>
      <symbol id="sm-71c">
         <name>_KNL_treadyfxn</name>
         <value>0x8c28</value>
         <object_component_ref idref="oc-16d"/>
      </symbol>
      <symbol id="sm-71d">
         <name>_KNL_tcreatefxn</name>
         <value>0x8c20</value>
         <object_component_ref idref="oc-16d"/>
      </symbol>
      <symbol id="sm-71e">
         <name>_KNL_wFlag</name>
         <value>0x8b1c</value>
         <object_component_ref idref="oc-16d"/>
      </symbol>
      <symbol id="sm-71f">
         <name>_KNL_tdeletefxn</name>
         <value>0x8c24</value>
         <object_component_ref idref="oc-16d"/>
      </symbol>
      <symbol id="sm-729">
         <name>_KNL_run</name>
         <value>0xeac</value>
         <object_component_ref idref="oc-172"/>
      </symbol>
      <symbol id="sm-737">
         <name>_KNL_tick</name>
         <value>0x1168</value>
         <object_component_ref idref="oc-178"/>
      </symbol>
      <symbol id="sm-741">
         <name>_KNL_post</name>
         <value>0x2010</value>
         <object_component_ref idref="oc-17c"/>
      </symbol>
      <symbol id="sm-74b">
         <name>_KNL_ipost</name>
         <value>0x1c9c</value>
         <object_component_ref idref="oc-180"/>
      </symbol>
      <symbol id="sm-755">
         <name>_MBX_pend</name>
         <value>0x14d0</value>
         <object_component_ref idref="oc-184"/>
      </symbol>
      <symbol id="sm-756">
         <name>_MBX_post</name>
         <value>0x1558</value>
         <object_component_ref idref="oc-184"/>
      </symbol>
      <symbol id="sm-75a">
         <name>_MCBSP_close</name>
         <value>0x3808</value>
         <object_component_ref idref="oc-188"/>
      </symbol>
      <symbol id="sm-75e">
         <name>_MCBSP_config</name>
         <value>0x2e38</value>
         <object_component_ref idref="oc-189"/>
      </symbol>
      <symbol id="sm-763">
         <name>_MCBSP_open</name>
         <value>0x2f68</value>
         <object_component_ref idref="oc-18a"/>
      </symbol>
      <symbol id="sm-769">
         <name>_CSL_McbspData</name>
         <value>0xa814</value>
         <object_component_ref idref="oc-18c"/>
      </symbol>
      <symbol id="sm-76d">
         <name>_MCBSP_read16</name>
         <value>0x390c</value>
         <object_component_ref idref="oc-18d"/>
      </symbol>
      <symbol id="sm-771">
         <name>_MCBSP_reset</name>
         <value>0x21a4</value>
         <object_component_ref idref="oc-18e"/>
      </symbol>
      <symbol id="sm-775">
         <name>_MCBSP_start</name>
         <value>0x3344</value>
         <object_component_ref idref="oc-18f"/>
      </symbol>
      <symbol id="sm-779">
         <name>_MCBSP_write16</name>
         <value>0x3914</value>
         <object_component_ref idref="oc-190"/>
      </symbol>
      <symbol id="sm-783">
         <name>_MEM</name>
         <value>0x8de8</value>
         <object_component_ref idref="oc-191"/>
      </symbol>
      <symbol id="sm-78d">
         <name>_MEM_init</name>
         <value>0x9940</value>
         <object_component_ref idref="oc-195"/>
      </symbol>
      <symbol id="sm-79b">
         <name>_OBJ_table</name>
         <value>0x8ce0</value>
         <object_component_ref idref="oc-199"/>
      </symbol>
      <symbol id="sm-79c">
         <name>_OBJ_init</name>
         <value>0x9bb8</value>
         <object_component_ref idref="oc-19b"/>
      </symbol>
      <symbol id="sm-79d">
         <name>_OBJ_segtab</name>
         <value>0x8d18</value>
         <object_component_ref idref="oc-199"/>
      </symbol>
      <symbol id="sm-7a7">
         <name>_RTDX_Buffer_Start</name>
         <value>0x9e04</value>
         <object_component_ref idref="oc-19f"/>
      </symbol>
      <symbol id="sm-7a8">
         <name>_RTDX_Buffer_End</name>
         <value>0x9e08</value>
         <object_component_ref idref="oc-19f"/>
      </symbol>
      <symbol id="sm-7ae">
         <name>_RTDX_Buffer_ReadCB</name>
         <value>0x777a</value>
         <object_component_ref idref="oc-226"/>
      </symbol>
      <symbol id="sm-7af">
         <name>_RTDX_Buffer_Read</name>
         <value>0x7866</value>
         <object_component_ref idref="oc-21d"/>
      </symbol>
      <symbol id="sm-7c7">
         <name>_rtdx_buffer_state</name>
         <value>0x9de4</value>
         <object_component_ref idref="oc-1a5"/>
      </symbol>
      <symbol id="sm-7c8">
         <name>_RTDX_Buffer_WriteCB</name>
         <value>0x717b</value>
         <object_component_ref idref="oc-227"/>
      </symbol>
      <symbol id="sm-7c9">
         <name>_rtdxNullChanCnt</name>
         <value>0x8dc0</value>
         <object_component_ref idref="oc-1a3"/>
      </symbol>
      <symbol id="sm-7ca">
         <name>_RTDX_writing</name>
         <value>0x9df0</value>
         <object_component_ref idref="oc-1a5"/>
      </symbol>
      <symbol id="sm-7cb">
         <name>_RTDX_Buffer_Initialize</name>
         <value>0x7727</value>
         <object_component_ref idref="oc-21f"/>
      </symbol>
      <symbol id="sm-7cc">
         <name>_RTDX_Buffer_Write</name>
         <value>0x78a6</value>
         <object_component_ref idref="oc-21e"/>
      </symbol>
      <symbol id="sm-7cd">
         <name>_rtdxNullFuncCnt</name>
         <value>0x8dc2</value>
         <object_component_ref idref="oc-1a3"/>
      </symbol>
      <symbol id="sm-7ce">
         <name>_RTDX_Buffer_Size</name>
         <value>0x7801</value>
         <object_component_ref idref="oc-22a"/>
      </symbol>
      <symbol id="sm-7e8">
         <name>_RTDX_LMM</name>
         <value>0x1</value>
      </symbol>
      <symbol id="sm-7e9">
         <name>_RTDX_Mon_Queue</name>
         <value>0x763a</value>
         <object_component_ref idref="oc-22d"/>
      </symbol>
      <symbol id="sm-7ea">
         <name>_rtdx_mon_state</name>
         <value>0x9dc0</value>
         <object_component_ref idref="oc-1a8"/>
      </symbol>
      <symbol id="sm-7eb">
         <name>_RTDX_JTAGONLY</name>
         <value>0x3</value>
      </symbol>
      <symbol id="sm-7ec">
         <name>_RTDX_Final_RT_Monitor</name>
         <value>0x77c5</value>
         <object_component_ref idref="oc-229"/>
      </symbol>
      <symbol id="sm-7ed">
         <name>_RTDX_Poll</name>
         <value>0x7406</value>
         <object_component_ref idref="oc-21b"/>
      </symbol>
      <symbol id="sm-7ee">
         <name>_RTDX_H2TPoll</name>
         <value>0x76c2</value>
         <object_component_ref idref="oc-21c"/>
      </symbol>
      <symbol id="sm-7ef">
         <name>_RTDX_Init_RT_Monitor</name>
         <value>0x72f7</value>
         <object_component_ref idref="oc-220"/>
      </symbol>
      <symbol id="sm-7f5">
         <name>_RTDX_Set_IER</name>
         <value>0x7888</value>
         <object_component_ref idref="oc-225"/>
      </symbol>
      <symbol id="sm-7f6">
         <name>_RTDX_Mask_IER</name>
         <value>0x783c</value>
         <object_component_ref idref="oc-221"/>
      </symbol>
      <symbol id="sm-800">
         <name>_SEM_pend</name>
         <value>0x1da1</value>
         <object_component_ref idref="oc-1ab"/>
      </symbol>
      <symbol id="sm-80a">
         <name>_SEM_pendEnterKnl</name>
         <value>0xb98</value>
         <object_component_ref idref="oc-1af"/>
      </symbol>
      <symbol id="sm-814">
         <name>_SEM_postBinary</name>
         <value>0x1b4f</value>
         <object_component_ref idref="oc-1b3"/>
      </symbol>
      <symbol id="sm-815">
         <name>_SEM_post</name>
         <value>0x1b4f</value>
         <object_component_ref idref="oc-1b3"/>
      </symbol>
      <symbol id="sm-81f">
         <name>_SEM_postEnterKnl</name>
         <value>0x1df0</value>
         <object_component_ref idref="oc-1b7"/>
      </symbol>
      <symbol id="sm-829">
         <name>_STS_set</name>
         <value>0x2190</value>
         <object_component_ref idref="oc-1bb"/>
      </symbol>
      <symbol id="sm-837">
         <name>_TSK_nTasks</name>
         <value>0x8c30</value>
         <object_component_ref idref="oc-1bf"/>
      </symbol>
      <symbol id="sm-838">
         <name>_TSK_config</name>
         <value>0x8c50</value>
         <object_component_ref idref="oc-1bf"/>
      </symbol>
      <symbol id="sm-839">
         <name>_TSK</name>
         <value>0x8c6c</value>
         <object_component_ref idref="oc-1bf"/>
      </symbol>
      <symbol id="sm-83a">
         <name>_TSK_timerSem</name>
         <value>0x8c70</value>
         <object_component_ref idref="oc-1bf"/>
      </symbol>
      <symbol id="sm-83b">
         <name>_TSK_pid</name>
         <value>0x8c32</value>
         <object_component_ref idref="oc-1bf"/>
      </symbol>
      <symbol id="sm-83c">
         <name>_TSK_ATTRS</name>
         <value>0x8c34</value>
         <object_component_ref idref="oc-1bf"/>
      </symbol>
      <symbol id="sm-846">
         <name>_TSK_exit</name>
         <value>0x16e4</value>
         <object_component_ref idref="oc-1c5"/>
      </symbol>
      <symbol id="sm-850">
         <name>_SYS_exit</name>
         <value>0x1e80</value>
         <object_component_ref idref="oc-1c9"/>
      </symbol>
      <symbol id="sm-85c">
         <name>_SYS_exitStack</name>
         <value>0x8d28</value>
         <object_component_ref idref="oc-1cd"/>
      </symbol>
      <symbol id="sm-85d">
         <name>_SYS_exitStackPtr</name>
         <value>0x8d48</value>
         <object_component_ref idref="oc-1cd"/>
      </symbol>
      <symbol id="sm-85e">
         <name>_SYS_exitStackTop</name>
         <value>0x8d4c</value>
         <object_component_ref idref="oc-1cd"/>
      </symbol>
      <symbol id="sm-868">
         <name>_TSK_init</name>
         <value>0x9a54</value>
         <object_component_ref idref="oc-1d2"/>
      </symbol>
      <symbol id="sm-872">
         <name>_TSK_setup</name>
         <value>0x17dc</value>
         <object_component_ref idref="oc-1d6"/>
      </symbol>
      <symbol id="sm-884">
         <name>__MEM_mutex</name>
         <value>0x8cb8</value>
         <object_component_ref idref="oc-1db"/>
      </symbol>
      <symbol id="sm-885">
         <name>_TSK_startup</name>
         <value>0x1930</value>
         <object_component_ref idref="oc-1dd"/>
      </symbol>
      <symbol id="sm-886">
         <name>__TSK_mutex</name>
         <value>0x8c90</value>
         <object_component_ref idref="oc-1db"/>
      </symbol>
      <symbol id="sm-890">
         <name>_LCK_pend</name>
         <value>0x1d18</value>
         <object_component_ref idref="oc-1e2"/>
      </symbol>
      <symbol id="sm-891">
         <name>_LCK_post</name>
         <value>0x1cf8</value>
         <object_component_ref idref="oc-1e2"/>
      </symbol>
      <symbol id="sm-89b">
         <name>_SYS_abort</name>
         <value>0x2154</value>
         <object_component_ref idref="oc-1e6"/>
      </symbol>
      <symbol id="sm-89f">
         <name>__CSL_init</name>
         <value>0x38dc</value>
         <object_component_ref idref="oc-1ea"/>
      </symbol>
      <symbol id="sm-8a9">
         <name>__SEM_dopost</name>
         <value>0x15e0</value>
         <object_component_ref idref="oc-1eb"/>
      </symbol>
      <symbol id="sm-8b7">
         <name>__unlock</name>
         <value>0x8dd0</value>
         <object_component_ref idref="oc-1f0"/>
      </symbol>
      <symbol id="sm-8b8">
         <name>__lock</name>
         <value>0x8dcc</value>
         <object_component_ref idref="oc-1f0"/>
      </symbol>
      <symbol id="sm-8b9">
         <name>__register_lock</name>
         <value>0x38af</value>
         <object_component_ref idref="oc-1ef"/>
      </symbol>
      <symbol id="sm-8ba">
         <name>__nop</name>
         <value>0x38b7</value>
         <object_component_ref idref="oc-1ef"/>
      </symbol>
      <symbol id="sm-8bb">
         <name>__register_unlock</name>
         <value>0x38a7</value>
         <object_component_ref idref="oc-1ef"/>
      </symbol>
      <symbol id="sm-8c9">
         <name>_atexit</name>
         <value>0x3599</value>
         <object_component_ref idref="oc-1f5"/>
      </symbol>
      <symbol id="sm-8ca">
         <name>___atexit_func_id__</name>
         <value>0x8998</value>
         <object_component_ref idref="oc-1f6"/>
      </symbol>
      <symbol id="sm-8d8">
         <name>_dtors</name>
         <value>0x8df0</value>
         <object_component_ref idref="oc-1fc"/>
      </symbol>
      <symbol id="sm-8d9">
         <name>_call_dtors</name>
         <value>0x3441</value>
         <object_component_ref idref="oc-1fb"/>
      </symbol>
      <symbol id="sm-8da">
         <name>___add_dtor</name>
         <value>0x3497</value>
         <object_component_ref idref="oc-1fb"/>
      </symbol>
      <symbol id="sm-8ea">
         <name>C$$EXIT</name>
         <value>0x3905</value>
         <object_component_ref idref="oc-205"/>
      </symbol>
      <symbol id="sm-8eb">
         <name>_exit</name>
         <value>0x37ca</value>
         <object_component_ref idref="oc-201"/>
      </symbol>
      <symbol id="sm-8ec">
         <name>_abort</name>
         <value>0x3904</value>
         <object_component_ref idref="oc-205"/>
      </symbol>
      <symbol id="sm-8ed">
         <name>__cleanup_ptr</name>
         <value>0x8dd4</value>
         <object_component_ref idref="oc-202"/>
      </symbol>
      <symbol id="sm-8ee">
         <name>__dtors_ptr</name>
         <value>0x8dd8</value>
         <object_component_ref idref="oc-202"/>
      </symbol>
      <symbol id="sm-8f8">
         <name>_auto_init</name>
         <value>0x9ad8</value>
         <object_component_ref idref="oc-208"/>
      </symbol>
      <symbol id="sm-900">
         <name>_memcpy</name>
         <value>0x378b</value>
         <object_component_ref idref="oc-20c"/>
      </symbol>
      <symbol id="sm-90a">
         <name>_memset</name>
         <value>0x38b9</value>
         <object_component_ref idref="oc-210"/>
      </symbol>
      <symbol id="sm-914">
         <name>iRTA_F_or</name>
         <value>0x1f82</value>
         <object_component_ref idref="oc-214"/>
      </symbol>
      <symbol id="sm-915">
         <name>RTA_F_or</name>
         <value>0x1f6b</value>
         <object_component_ref idref="oc-214"/>
      </symbol>
      <symbol id="sm-916">
         <name>RTA_F_andn</name>
         <value>0x1f55</value>
         <object_component_ref idref="oc-214"/>
      </symbol>
   </symbol_table>
</link_info>
