<?xml version="1.0"?>
<link_info>
   <banner>TMS320C55x Linker PC v4.4.1</banner>
   <copyright>Copyright (c) 1996-2012 Texas Instruments Incorporated</copyright>
   <link_time>0x642229d9</link_time>
   <output_file>BIOS_HWI_TSK_PRD.out</output_file>
   <entry_point>
      <name>_c_int00</name>
      <address>0xa335</address>
   </entry_point>
   <input_file_list>
      <input_file id="fl-2">
         <path>.\</path>
         <kind>object</kind>
         <file>aic3204.obj</file>
         <name>aic3204.obj</name>
      </input_file>
      <input_file id="fl-3">
         <path>.\</path>
         <kind>object</kind>
         <file>audioProcessing.obj</file>
         <name>audioProcessing.obj</name>
      </input_file>
      <input_file id="fl-4">
         <path>.\</path>
         <kind>object</kind>
         <file>ezdsp5502.obj</file>
         <name>ezdsp5502.obj</name>
      </input_file>
      <input_file id="fl-5">
         <path>.\</path>
         <kind>object</kind>
         <file>ezdsp5502_gpio.obj</file>
         <name>ezdsp5502_gpio.obj</name>
      </input_file>
      <input_file id="fl-6">
         <path>.\</path>
         <kind>object</kind>
         <file>ezdsp5502_i2c.obj</file>
         <name>ezdsp5502_i2c.obj</name>
      </input_file>
      <input_file id="fl-7">
         <path>.\</path>
         <kind>object</kind>
         <file>ezdsp5502_i2cgpio.obj</file>
         <name>ezdsp5502_i2cgpio.obj</name>
      </input_file>
      <input_file id="fl-8">
         <path>.\</path>
         <kind>object</kind>
         <file>ezdsp5502_mcbsp.obj</file>
         <name>ezdsp5502_mcbsp.obj</name>
      </input_file>
      <input_file id="fl-9">
         <path>.\</path>
         <kind>object</kind>
         <file>fir2.obj</file>
         <name>fir2.obj</name>
      </input_file>
      <input_file id="fl-a">
         <path>.\</path>
         <kind>object</kind>
         <file>hellocfg.obj</file>
         <name>hellocfg.obj</name>
      </input_file>
      <input_file id="fl-b">
         <path>.\</path>
         <kind>object</kind>
         <file>hellocfg_c.obj</file>
         <name>hellocfg_c.obj</name>
      </input_file>
      <input_file id="fl-c">
         <path>.\</path>
         <kind>object</kind>
         <file>main.obj</file>
         <name>main.obj</name>
      </input_file>
      <input_file id="fl-d">
         <path>.\</path>
         <kind>object</kind>
         <file>userInterface.obj</file>
         <name>userInterface.obj</name>
      </input_file>
      <input_file id="fl-2d">
         <path>D:\ti\bios_5_42_01_09\packages\ti\bios\lib\</path>
         <kind>archive</kind>
         <file>bios.a55L</file>
         <name>biosdata.o55L</name>
      </input_file>
      <input_file id="fl-2e">
         <path>D:\ti\bios_5_42_01_09\packages\ti\bios\lib\</path>
         <kind>archive</kind>
         <file>bios.a55L</file>
         <name>knl_swit.o55L</name>
      </input_file>
      <input_file id="fl-2f">
         <path>D:\ti\bios_5_42_01_09\packages\ti\bios\lib\</path>
         <kind>archive</kind>
         <file>bios.a55L</file>
         <name>swi.o55L</name>
      </input_file>
      <input_file id="fl-30">
         <path>D:\ti\bios_5_42_01_09\packages\ti\bios\lib\</path>
         <kind>archive</kind>
         <file>bios5502.a55L</file>
         <name>clk5502_htime.o55L</name>
      </input_file>
      <input_file id="fl-31">
         <path>D:\ti\bios_5_42_01_09\packages\ti\bios\lib\</path>
         <kind>archive</kind>
         <file>bios.a55L</file>
         <name>clk_run.o55L</name>
      </input_file>
      <input_file id="fl-32">
         <path>D:\ti\bios_5_42_01_09\packages\ti\bios\lib\</path>
         <kind>archive</kind>
         <file>bios.a55L</file>
         <name>fxn_c.o55L</name>
      </input_file>
      <input_file id="fl-33">
         <path>D:\ti\bios_5_42_01_09\packages\ti\bios\lib\</path>
         <kind>archive</kind>
         <file>bios.a55L</file>
         <name>idl_stub.o55L</name>
      </input_file>
      <input_file id="fl-34">
         <path>D:\ti\bios_5_42_01_09\packages\ti\bios\lib\</path>
         <kind>archive</kind>
         <file>bios.a55L</file>
         <name>utl_doab.o55L</name>
      </input_file>
      <input_file id="fl-35">
         <path>D:\ti\bios_5_42_01_09\packages\ti\bios\lib\</path>
         <kind>archive</kind>
         <file>bios.a55L</file>
         <name>utl_doer.o55L</name>
      </input_file>
      <input_file id="fl-36">
         <path>D:\ti\bios_5_42_01_09\packages\ti\bios\lib\</path>
         <kind>archive</kind>
         <file>bios.a55L</file>
         <name>utl_putc.o55L</name>
      </input_file>
      <input_file id="fl-37">
         <path>D:\ti\bios_5_42_01_09\packages\ti\bios\lib\</path>
         <kind>archive</kind>
         <file>bios.a55L</file>
         <name>utl_halt.o55L</name>
      </input_file>
      <input_file id="fl-38">
         <path>D:\ti\bios_5_42_01_09\packages\ti\bios\lib\</path>
         <kind>archive</kind>
         <file>bios5502.a55L</file>
         <name>clk_isr.o55L</name>
      </input_file>
      <input_file id="fl-39">
         <path>D:\ti\bios_5_42_01_09\packages\ti\bios\lib\</path>
         <kind>archive</kind>
         <file>bios.a55L</file>
         <name>clk_itime.o55L</name>
      </input_file>
      <input_file id="fl-3a">
         <path>D:\ti\bios_5_42_01_09\packages\ti\bios\lib\</path>
         <kind>archive</kind>
         <file>bios.a55L</file>
         <name>fxn.o55L</name>
      </input_file>
      <input_file id="fl-3b">
         <path>D:\ti\bios_5_42_01_09\packages\ti\bios\lib\</path>
         <kind>archive</kind>
         <file>bios.a55L</file>
         <name>boot.o55L</name>
      </input_file>
      <input_file id="fl-3c">
         <path>D:\ti\bios_5_42_01_09\packages\ti\bios\lib\</path>
         <kind>archive</kind>
         <file>bios.a55L</file>
         <name>trc.o55L</name>
      </input_file>
      <input_file id="fl-3d">
         <path>D:\ti\bios_5_42_01_09\packages\ti\bios\lib\</path>
         <kind>archive</kind>
         <file>bios.a55L</file>
         <name>hwi_disp_asm.o55L</name>
      </input_file>
      <input_file id="fl-3e">
         <path>D:\ti\bios_5_42_01_09\packages\ti\bios\lib\</path>
         <kind>archive</kind>
         <file>bios.a55L</file>
         <name>idl_busy.o55L</name>
      </input_file>
      <input_file id="fl-3f">
         <path>D:\ti\bios_5_42_01_09\packages\ti\bios\lib\</path>
         <kind>archive</kind>
         <file>bios.a55L</file>
         <name>idl.o55L</name>
      </input_file>
      <input_file id="fl-40">
         <path>D:\ti\bios_5_42_01_09\packages\ti\bios\lib\</path>
         <kind>archive</kind>
         <file>lnkrtdx.a55L</file>
         <name>rtdx.o55L</name>
      </input_file>
      <input_file id="fl-41">
         <path>D:\ti\bios_5_42_01_09\packages\ti\bios\lib\</path>
         <kind>archive</kind>
         <file>bios.a55L</file>
         <name>log.o55L</name>
      </input_file>
      <input_file id="fl-42">
         <path>D:\ti\bios_5_42_01_09\packages\ti\bios\lib\</path>
         <kind>archive</kind>
         <file>bios.a55L</file>
         <name>pip.o55L</name>
      </input_file>
      <input_file id="fl-43">
         <path>D:\ti\bios_5_42_01_09\packages\ti\bios\lib\</path>
         <kind>archive</kind>
         <file>bios.a55L</file>
         <name>prd.o55L</name>
      </input_file>
      <input_file id="fl-44">
         <path>D:\ti\bios_5_42_01_09\packages\ti\bios\lib\</path>
         <kind>archive</kind>
         <file>bios.a55L</file>
         <name>rta.o55L</name>
      </input_file>
      <input_file id="fl-45">
         <path>D:\ti\bios_5_42_01_09\packages\ti\bios\lib\</path>
         <kind>archive</kind>
         <file>bios.a55L</file>
         <name>sts.o55L</name>
      </input_file>
      <input_file id="fl-46">
         <path>D:\ti\bios_5_42_01_09\packages\ti\bios\lib\</path>
         <kind>archive</kind>
         <file>bios.a55L</file>
         <name>c55_enable.o55L</name>
      </input_file>
      <input_file id="fl-47">
         <path>D:\ti\bios_5_42_01_09\packages\ti\bios\lib\</path>
         <kind>archive</kind>
         <file>bios.a55L</file>
         <name>c55_c.o55L</name>
      </input_file>
      <input_file id="fl-48">
         <path>D:\ti\bios_5_42_01_09\packages\ti\bios\lib\</path>
         <kind>archive</kind>
         <file>bios.a55L</file>
         <name>clk_data.o55L</name>
      </input_file>
      <input_file id="fl-49">
         <path>D:\ti\bios_5_42_01_09\packages\ti\bios\lib\</path>
         <kind>archive</kind>
         <file>bios.a55L</file>
         <name>clk_data2.o55L</name>
      </input_file>
      <input_file id="fl-4a">
         <path>D:\ti\bios_5_42_01_09\packages\ti\bios\lib\</path>
         <kind>archive</kind>
         <file>bios5502.a55L</file>
         <name>clk5502_start.o55L</name>
      </input_file>
      <input_file id="fl-4b">
         <path>D:\ti\bios_5_42_01_09\packages\ti\bios\lib\</path>
         <kind>archive</kind>
         <file>bios5502.a55L</file>
         <name>clk5502_startHtime.o55L</name>
      </input_file>
      <input_file id="fl-4c">
         <path>D:\ti\bios_5_42_01_09\packages\ti\bios\lib\</path>
         <kind>archive</kind>
         <file>bios5502.a55L</file>
         <name>clk5502_wdog.o55L</name>
      </input_file>
      <input_file id="fl-4d">
         <path>Z:\Semester8\Real-Time DSP\Projects\Real-TimeDSP\C55xxCSL\lib\</path>
         <kind>archive</kind>
         <file>csl5502x.lib</file>
         <name>csl.obj</name>
      </input_file>
      <input_file id="fl-4e">
         <path>D:\ti\bios_5_42_01_09\packages\ti\bios\lib\</path>
         <kind>archive</kind>
         <file>bios.a55L</file>
         <name>gbl_vers.o55L</name>
      </input_file>
      <input_file id="fl-4f">
         <path>Z:\Semester8\Real-Time DSP\Projects\Real-TimeDSP\C55xxCSL\lib\</path>
         <kind>archive</kind>
         <file>csl5502x.lib</file>
         <name>gpio_open.obj</name>
      </input_file>
      <input_file id="fl-50">
         <path>Z:\Semester8\Real-Time DSP\Projects\Real-TimeDSP\C55xxCSL\lib\</path>
         <kind>archive</kind>
         <file>csl5502x.lib</file>
         <name>csl_gpiodat.obj</name>
      </input_file>
      <input_file id="fl-51">
         <path>Z:\Semester8\Real-Time DSP\Projects\Real-TimeDSP\C55xxCSL\lib\</path>
         <kind>archive</kind>
         <file>csl5502x.lib</file>
         <name>csl_csldat.obj</name>
      </input_file>
      <input_file id="fl-52">
         <path>Z:\Semester8\Real-Time DSP\Projects\Real-TimeDSP\C55xxCSL\lib\</path>
         <kind>archive</kind>
         <file>csl5502x.lib</file>
         <name>gpio_dir.obj</name>
      </input_file>
      <input_file id="fl-53">
         <path>Z:\Semester8\Real-Time DSP\Projects\Real-TimeDSP\C55xxCSL\lib\</path>
         <kind>archive</kind>
         <file>csl5502x.lib</file>
         <name>gpio_enab.obj</name>
      </input_file>
      <input_file id="fl-54">
         <path>Z:\Semester8\Real-Time DSP\Projects\Real-TimeDSP\C55xxCSL\lib\</path>
         <kind>archive</kind>
         <file>csl5502x.lib</file>
         <name>gpio_read.obj</name>
      </input_file>
      <input_file id="fl-55">
         <path>Z:\Semester8\Real-Time DSP\Projects\Real-TimeDSP\C55xxCSL\lib\</path>
         <kind>archive</kind>
         <file>csl5502x.lib</file>
         <name>gpio_write.obj</name>
      </input_file>
      <input_file id="fl-56">
         <path>D:\ti\bios_5_42_01_09\packages\ti\bios\lib\</path>
         <kind>archive</kind>
         <file>bios.a55L</file>
         <name>hwi_xable.o55L</name>
      </input_file>
      <input_file id="fl-57">
         <path>Z:\Semester8\Real-Time DSP\Projects\Real-TimeDSP\C55xxCSL\lib\</path>
         <kind>archive</kind>
         <file>csl5502x.lib</file>
         <name>i2c_cfg.obj</name>
      </input_file>
      <input_file id="fl-58">
         <path>Z:\Semester8\Real-Time DSP\Projects\Real-TimeDSP\C55xxCSL\lib\</path>
         <kind>archive</kind>
         <file>csl5502x.lib</file>
         <name>i2c_read.obj</name>
      </input_file>
      <input_file id="fl-59">
         <path>Z:\Semester8\Real-Time DSP\Projects\Real-TimeDSP\C55xxCSL\lib\</path>
         <kind>archive</kind>
         <file>csl5502x.lib</file>
         <name>i2c_write.obj</name>
      </input_file>
      <input_file id="fl-5a">
         <path>D:\ti\bios_5_42_01_09\packages\ti\bios\lib\</path>
         <kind>archive</kind>
         <file>bios.a55L</file>
         <name>idl_cal.o55L</name>
      </input_file>
      <input_file id="fl-5b">
         <path>D:\ti\bios_5_42_01_09\packages\ti\bios\lib\</path>
         <kind>archive</kind>
         <file>bios5502.a55L</file>
         <name>clk5502_meas.o55L</name>
      </input_file>
      <input_file id="fl-5c">
         <path>Z:\Semester8\Real-Time DSP\Projects\Real-TimeDSP\C55xxCSL\lib\</path>
         <kind>archive</kind>
         <file>csl5502x.lib</file>
         <name>irq_gdisab.obj</name>
      </input_file>
      <input_file id="fl-5d">
         <path>Z:\Semester8\Real-Time DSP\Projects\Real-TimeDSP\C55xxCSL\lib\</path>
         <kind>archive</kind>
         <file>csl5502x.lib</file>
         <name>irq_grest.obj</name>
      </input_file>
      <input_file id="fl-5e">
         <path>D:\ti\bios_5_42_01_09\packages\ti\bios\lib\</path>
         <kind>archive</kind>
         <file>bios.a55L</file>
         <name>knl_exit.o55L</name>
      </input_file>
      <input_file id="fl-5f">
         <path>D:\ti\bios_5_42_01_09\packages\ti\bios\lib\</path>
         <kind>archive</kind>
         <file>bios.a55L</file>
         <name>knl_chec.o55L</name>
      </input_file>
      <input_file id="fl-60">
         <path>D:\ti\bios_5_42_01_09\packages\ti\bios\lib\</path>
         <kind>archive</kind>
         <file>bios.a55L</file>
         <name>knl.o55L</name>
      </input_file>
      <input_file id="fl-61">
         <path>D:\ti\bios_5_42_01_09\packages\ti\bios\lib\</path>
         <kind>archive</kind>
         <file>bios.a55L</file>
         <name>knl_run.o55L</name>
      </input_file>
      <input_file id="fl-62">
         <path>D:\ti\bios_5_42_01_09\packages\ti\bios\lib\</path>
         <kind>archive</kind>
         <file>bios.a55L</file>
         <name>knl_tick.o55L</name>
      </input_file>
      <input_file id="fl-63">
         <path>D:\ti\bios_5_42_01_09\packages\ti\bios\lib\</path>
         <kind>archive</kind>
         <file>bios.a55L</file>
         <name>knl_post.o55L</name>
      </input_file>
      <input_file id="fl-64">
         <path>D:\ti\bios_5_42_01_09\packages\ti\bios\lib\</path>
         <kind>archive</kind>
         <file>bios.a55L</file>
         <name>knl_ipos.o55L</name>
      </input_file>
      <input_file id="fl-65">
         <path>D:\ti\bios_5_42_01_09\packages\ti\bios\lib\</path>
         <kind>archive</kind>
         <file>bios.a55L</file>
         <name>mbx.o55L</name>
      </input_file>
      <input_file id="fl-66">
         <path>Z:\Semester8\Real-Time DSP\Projects\Real-TimeDSP\C55xxCSL\lib\</path>
         <kind>archive</kind>
         <file>csl5502x.lib</file>
         <name>mcbsp_cls.obj</name>
      </input_file>
      <input_file id="fl-67">
         <path>Z:\Semester8\Real-Time DSP\Projects\Real-TimeDSP\C55xxCSL\lib\</path>
         <kind>archive</kind>
         <file>csl5502x.lib</file>
         <name>mcbsp_cfg.obj</name>
      </input_file>
      <input_file id="fl-68">
         <path>Z:\Semester8\Real-Time DSP\Projects\Real-TimeDSP\C55xxCSL\lib\</path>
         <kind>archive</kind>
         <file>csl5502x.lib</file>
         <name>mcbsp_open.obj</name>
      </input_file>
      <input_file id="fl-69">
         <path>Z:\Semester8\Real-Time DSP\Projects\Real-TimeDSP\C55xxCSL\lib\</path>
         <kind>archive</kind>
         <file>csl5502x.lib</file>
         <name>csl_mcbspdat.obj</name>
      </input_file>
      <input_file id="fl-6a">
         <path>Z:\Semester8\Real-Time DSP\Projects\Real-TimeDSP\C55xxCSL\lib\</path>
         <kind>archive</kind>
         <file>csl5502x.lib</file>
         <name>mcbsp_r16.obj</name>
      </input_file>
      <input_file id="fl-6b">
         <path>Z:\Semester8\Real-Time DSP\Projects\Real-TimeDSP\C55xxCSL\lib\</path>
         <kind>archive</kind>
         <file>csl5502x.lib</file>
         <name>mcbsp_rst.obj</name>
      </input_file>
      <input_file id="fl-6c">
         <path>Z:\Semester8\Real-Time DSP\Projects\Real-TimeDSP\C55xxCSL\lib\</path>
         <kind>archive</kind>
         <file>csl5502x.lib</file>
         <name>mcbsp_start.obj</name>
      </input_file>
      <input_file id="fl-6d">
         <path>Z:\Semester8\Real-Time DSP\Projects\Real-TimeDSP\C55xxCSL\lib\</path>
         <kind>archive</kind>
         <file>csl5502x.lib</file>
         <name>mcbsp_w16.obj</name>
      </input_file>
      <input_file id="fl-6e">
         <path>D:\ti\bios_5_42_01_09\packages\ti\bios\lib\</path>
         <kind>archive</kind>
         <file>bios.a55L</file>
         <name>mem_asm.o55L</name>
      </input_file>
      <input_file id="fl-6f">
         <path>D:\ti\bios_5_42_01_09\packages\ti\bios\lib\</path>
         <kind>archive</kind>
         <file>bios.a55L</file>
         <name>mem_init.o55L</name>
      </input_file>
      <input_file id="fl-70">
         <path>D:\ti\bios_5_42_01_09\packages\ti\bios\lib\</path>
         <kind>archive</kind>
         <file>bios.a55L</file>
         <name>obj_init.o55L</name>
      </input_file>
      <input_file id="fl-71">
         <path>D:\ti\bios_5_42_01_09\packages\ti\bios\lib\</path>
         <kind>archive</kind>
         <file>bios.a55L</file>
         <name>rtdx_data.o55L</name>
      </input_file>
      <input_file id="fl-72">
         <path>D:\ti\bios_5_42_01_09\packages\ti\rtdx\lib\c5500\</path>
         <kind>archive</kind>
         <file>rtdxx.lib</file>
         <name>buffer2.o55L</name>
      </input_file>
      <input_file id="fl-73">
         <path>D:\ti\bios_5_42_01_09\packages\ti\rtdx\lib\c5500\</path>
         <kind>archive</kind>
         <file>rtdxx.lib</file>
         <name>buffer1.o55L</name>
      </input_file>
      <input_file id="fl-74">
         <path>D:\ti\bios_5_42_01_09\packages\ti\rtdx\lib\c5500\</path>
         <kind>archive</kind>
         <file>rtdxx.lib</file>
         <name>rtdx_mon.o55L</name>
      </input_file>
      <input_file id="fl-75">
         <path>D:\ti\bios_5_42_01_09\packages\ti\rtdx\lib\c5500\</path>
         <kind>archive</kind>
         <file>rtdxx.lib</file>
         <name>intr_tgt.o55L</name>
      </input_file>
      <input_file id="fl-76">
         <path>D:\ti\bios_5_42_01_09\packages\ti\bios\lib\</path>
         <kind>archive</kind>
         <file>bios.a55L</file>
         <name>sem_pend_counting.o55L</name>
      </input_file>
      <input_file id="fl-77">
         <path>D:\ti\bios_5_42_01_09\packages\ti\bios\lib\</path>
         <kind>archive</kind>
         <file>bios.a55L</file>
         <name>sem_pend.o55L</name>
      </input_file>
      <input_file id="fl-78">
         <path>D:\ti\bios_5_42_01_09\packages\ti\bios\lib\</path>
         <kind>archive</kind>
         <file>bios.a55L</file>
         <name>sem_post_asm.o55L</name>
      </input_file>
      <input_file id="fl-79">
         <path>D:\ti\bios_5_42_01_09\packages\ti\bios\lib\</path>
         <kind>archive</kind>
         <file>bios.a55L</file>
         <name>sem_post.o55L</name>
      </input_file>
      <input_file id="fl-7a">
         <path>D:\ti\bios_5_42_01_09\packages\ti\bios\lib\</path>
         <kind>archive</kind>
         <file>bios.a55L</file>
         <name>sts_set.o55L</name>
      </input_file>
      <input_file id="fl-7b">
         <path>D:\ti\bios_5_42_01_09\packages\ti\bios\lib\</path>
         <kind>archive</kind>
         <file>bios.a55L</file>
         <name>tsk.o55L</name>
      </input_file>
      <input_file id="fl-7c">
         <path>D:\ti\bios_5_42_01_09\packages\ti\bios\lib\</path>
         <kind>archive</kind>
         <file>bios.a55L</file>
         <name>tsk_exit.o55L</name>
      </input_file>
      <input_file id="fl-7d">
         <path>D:\ti\bios_5_42_01_09\packages\ti\bios\lib\</path>
         <kind>archive</kind>
         <file>bios.a55L</file>
         <name>sys_exit.o55L</name>
      </input_file>
      <input_file id="fl-7e">
         <path>D:\ti\bios_5_42_01_09\packages\ti\bios\lib\</path>
         <kind>archive</kind>
         <file>bios.a55L</file>
         <name>sys.o55L</name>
      </input_file>
      <input_file id="fl-7f">
         <path>D:\ti\bios_5_42_01_09\packages\ti\bios\lib\</path>
         <kind>archive</kind>
         <file>bios.a55L</file>
         <name>tsk_init.o55L</name>
      </input_file>
      <input_file id="fl-80">
         <path>D:\ti\bios_5_42_01_09\packages\ti\bios\lib\</path>
         <kind>archive</kind>
         <file>bios.a55L</file>
         <name>tsk_setu.o55L</name>
      </input_file>
      <input_file id="fl-81">
         <path>D:\ti\bios_5_42_01_09\packages\ti\bios\lib\</path>
         <kind>archive</kind>
         <file>bios.a55L</file>
         <name>tsk_stup.o55L</name>
      </input_file>
      <input_file id="fl-82">
         <path>D:\ti\bios_5_42_01_09\packages\ti\bios\lib\</path>
         <kind>archive</kind>
         <file>bios.a55L</file>
         <name>lck.o55L</name>
      </input_file>
      <input_file id="fl-83">
         <path>D:\ti\bios_5_42_01_09\packages\ti\bios\lib\</path>
         <kind>archive</kind>
         <file>bios.a55L</file>
         <name>sys_abor.o55L</name>
      </input_file>
      <input_file id="fl-84">
         <path>Z:\Semester8\Real-Time DSP\Projects\Real-TimeDSP\C55xxCSL\lib\</path>
         <kind>archive</kind>
         <file>csl5502x.lib</file>
         <name>_csl_init.obj</name>
      </input_file>
      <input_file id="fl-85">
         <path>D:\ti\bios_5_42_01_09\packages\ti\bios\lib\</path>
         <kind>archive</kind>
         <file>bios.a55L</file>
         <name>sem_dopo.o55L</name>
      </input_file>
      <input_file id="fl-86">
         <path>D:\ti\ccsv6\tools\compiler\c5500_4.4.1\lib\</path>
         <kind>archive</kind>
         <file>rts55x.lib</file>
         <name>_lock.obj</name>
      </input_file>
      <input_file id="fl-87">
         <path>D:\ti\ccsv6\tools\compiler\c5500_4.4.1\lib\</path>
         <kind>archive</kind>
         <file>rts55x.lib</file>
         <name>atexit.obj</name>
      </input_file>
      <input_file id="fl-88">
         <path>D:\ti\ccsv6\tools\compiler\c5500_4.4.1\lib\</path>
         <kind>archive</kind>
         <file>rts55x.lib</file>
         <name>sinit.obj</name>
      </input_file>
      <input_file id="fl-89">
         <path>D:\ti\ccsv6\tools\compiler\c5500_4.4.1\lib\</path>
         <kind>archive</kind>
         <file>rts55x.lib</file>
         <name>exit.obj</name>
      </input_file>
      <input_file id="fl-8a">
         <path>D:\ti\bios_5_42_01_09\packages\ti\bios\lib\</path>
         <kind>archive</kind>
         <file>bios.a55L</file>
         <name>autoinit.o55L</name>
      </input_file>
      <input_file id="fl-8b">
         <path>D:\ti\ccsv6\tools\compiler\c5500_4.4.1\lib\</path>
         <kind>archive</kind>
         <file>rts55x.lib</file>
         <name>memcpy.obj</name>
      </input_file>
      <input_file id="fl-8c">
         <path>D:\ti\ccsv6\tools\compiler\c5500_4.4.1\lib\</path>
         <kind>archive</kind>
         <file>rts55x.lib</file>
         <name>memset.obj</name>
      </input_file>
      <input_file id="fl-8d">
         <path>D:\ti\bios_5_42_01_09\packages\ti\bios\lib\</path>
         <kind>archive</kind>
         <file>bios.a55L</file>
         <name>rta_andn.o55L</name>
      </input_file>
   </input_file_list>
   <object_component_list>
      <object_component id="oc-a3">
         <name>.vers</name>
         <load_address>0x0</load_address>
         <run_address>0x0</run_address>
         <size>0x78</size>
         <input_file_ref idref="fl-a"/>
      </object_component>
      <object_component id="oc-8d">
         <name>.clk</name>
         <uninitialized>true</uninitialized>
         <run_address>0x83f8</run_address>
         <size>0x8</size>
         <input_file_ref idref="fl-a"/>
      </object_component>
      <object_component id="oc-8e">
         <name>.prd</name>
         <uninitialized>true</uninitialized>
         <run_address>0xb010</run_address>
         <size>0x18</size>
         <input_file_ref idref="fl-a"/>
      </object_component>
      <object_component id="oc-95">
         <name>.swi</name>
         <uninitialized>true</uninitialized>
         <run_address>0xaf38</run_address>
         <size>0x50</size>
         <input_file_ref idref="fl-a"/>
      </object_component>
      <object_component id="oc-97">
         <name>.tsk</name>
         <uninitialized>true</uninitialized>
         <run_address>0xabb4</run_address>
         <size>0x160</size>
         <input_file_ref idref="fl-a"/>
      </object_component>
      <object_component id="oc-9c">
         <name>.idl</name>
         <uninitialized>true</uninitialized>
         <run_address>0xb028</run_address>
         <size>0x14</size>
         <input_file_ref idref="fl-a"/>
      </object_component>
      <object_component id="oc-9b">
         <name>.idlcal</name>
         <uninitialized>true</uninitialized>
         <run_address>0xb03c</run_address>
         <size>0x14</size>
         <input_file_ref idref="fl-a"/>
      </object_component>
      <object_component id="oc-52">
         <name>.bss</name>
         <uninitialized>true</uninitialized>
         <run_address>0x9b5c</run_address>
         <size>0x28</size>
         <input_file_ref idref="fl-a"/>
      </object_component>
      <object_component id="oc-62">
         <name>.bss</name>
         <uninitialized>true</uninitialized>
         <run_address>0x99c0</run_address>
         <size>0x7a</size>
         <input_file_ref idref="fl-3"/>
      </object_component>
      <object_component id="oc-6e">
         <name>.bss</name>
         <uninitialized>true</uninitialized>
         <run_address>0x9b94</run_address>
         <size>0x10</size>
         <input_file_ref idref="fl-5"/>
      </object_component>
      <object_component id="oc-7e">
         <name>.bss</name>
         <uninitialized>true</uninitialized>
         <run_address>0x9be4</run_address>
         <size>0x4</size>
         <input_file_ref idref="fl-8"/>
      </object_component>
      <object_component id="oc-aa">
         <name>.bss</name>
         <uninitialized>true</uninitialized>
         <run_address>0x9784</run_address>
         <size>0x126</size>
         <input_file_ref idref="fl-c"/>
      </object_component>
      <object_component id="oc-b2">
         <name>.bss</name>
         <uninitialized>true</uninitialized>
         <run_address>0x9bd4</run_address>
         <size>0x6</size>
         <input_file_ref idref="fl-d"/>
      </object_component>
      <object_component id="oc-d8">
         <name>.bss</name>
         <uninitialized>true</uninitialized>
         <run_address>0x9ba4</run_address>
         <size>0xc</size>
         <input_file_ref idref="fl-36"/>
      </object_component>
      <object_component id="oc-128">
         <name>.bss</name>
         <uninitialized>true</uninitialized>
         <run_address>0x9bbc</run_address>
         <size>0x8</size>
         <input_file_ref idref="fl-48"/>
      </object_component>
      <object_component id="oc-12c">
         <name>.bss</name>
         <uninitialized>true</uninitialized>
         <run_address>0x9bdc</run_address>
         <size>0x4</size>
         <input_file_ref idref="fl-49"/>
      </object_component>
      <object_component id="oc-164">
         <name>.bss</name>
         <uninitialized>true</uninitialized>
         <run_address>0x98ac</run_address>
         <size>0x114</size>
         <input_file_ref idref="fl-60"/>
      </object_component>
      <object_component id="oc-16d">
         <name>.bss</name>
         <uninitialized>true</uninitialized>
         <run_address>0x9b84</run_address>
         <size>0x10</size>
         <input_file_ref idref="fl-62"/>
      </object_component>
      <object_component id="oc-188">
         <name>.bss</name>
         <uninitialized>true</uninitialized>
         <run_address>0x9be0</run_address>
         <size>0x4</size>
         <input_file_ref idref="fl-6e"/>
      </object_component>
      <object_component id="oc-190">
         <name>.bss</name>
         <uninitialized>true</uninitialized>
         <run_address>0x9aec</run_address>
         <size>0x46</size>
         <input_file_ref idref="fl-70"/>
      </object_component>
      <object_component id="oc-19a">
         <name>.bss</name>
         <uninitialized>true</uninitialized>
         <run_address>0x9bb0</run_address>
         <size>0xc</size>
         <input_file_ref idref="fl-73"/>
      </object_component>
      <object_component id="oc-1b6">
         <name>.bss</name>
         <uninitialized>true</uninitialized>
         <run_address>0x9a3c</run_address>
         <size>0x60</size>
         <input_file_ref idref="fl-7b"/>
      </object_component>
      <object_component id="oc-1c4">
         <name>.bss</name>
         <uninitialized>true</uninitialized>
         <run_address>0x9b34</run_address>
         <size>0x28</size>
         <input_file_ref idref="fl-7e"/>
      </object_component>
      <object_component id="oc-1d2">
         <name>.bss</name>
         <uninitialized>true</uninitialized>
         <run_address>0x9a9c</run_address>
         <size>0x50</size>
         <input_file_ref idref="fl-81"/>
      </object_component>
      <object_component id="oc-1e7">
         <name>.bss</name>
         <uninitialized>true</uninitialized>
         <run_address>0x9bc4</run_address>
         <size>0x8</size>
         <input_file_ref idref="fl-86"/>
      </object_component>
      <object_component id="oc-1ed">
         <name>.bss</name>
         <uninitialized>true</uninitialized>
         <run_address>0x9600</run_address>
         <size>0x184</size>
         <input_file_ref idref="fl-87"/>
      </object_component>
      <object_component id="oc-1f3">
         <name>.bss</name>
         <uninitialized>true</uninitialized>
         <run_address>0x9be8</run_address>
         <size>0x4</size>
         <input_file_ref idref="fl-88"/>
      </object_component>
      <object_component id="oc-1f9">
         <name>.bss</name>
         <uninitialized>true</uninitialized>
         <run_address>0x9bcc</run_address>
         <size>0x8</size>
         <input_file_ref idref="fl-89"/>
      </object_component>
      <object_component id="oc-f5">
         <name>.hwi_disp_sec</name>
         <uninitialized>true</uninitialized>
         <run_address>0xaa34</run_address>
         <size>0x180</size>
         <input_file_ref idref="fl-3d"/>
      </object_component>
      <object_component id="oc-b8">
         <name>.sysdata</name>
         <uninitialized>true</uninitialized>
         <run_address>0xa898</run_address>
         <size>0x160</size>
         <input_file_ref idref="fl-2d"/>
      </object_component>
      <object_component id="oc-fa">
         <name>.sysdata</name>
         <uninitialized>true</uninitialized>
         <run_address>0xaa30</run_address>
         <size>0x4</size>
         <input_file_ref idref="fl-3e"/>
      </object_component>
      <object_component id="oc-104">
         <name>.sysdata</name>
         <uninitialized>true</uninitialized>
         <run_address>0xaa24</run_address>
         <size>0xc</size>
         <input_file_ref idref="fl-40"/>
      </object_component>
      <object_component id="oc-116">
         <name>.sysdata</name>
         <uninitialized>true</uninitialized>
         <run_address>0xa9f8</run_address>
         <size>0x2c</size>
         <input_file_ref idref="fl-44"/>
      </object_component>
      <object_component id="oc-88">
         <name>.mem</name>
         <uninitialized>true</uninitialized>
         <run_address>0x4762</run_address>
         <size>0x2</size>
         <input_file_ref idref="fl-a"/>
      </object_component>
      <object_component id="oc-54">
         <name>.bios</name>
         <load_address>0xc0</load_address>
         <run_address>0xc0</run_address>
         <size>0x3d4</size>
         <input_file_ref idref="fl-2f"/>
      </object_component>
      <object_component id="oc-106">
         <name>.bios</name>
         <load_address>0x494</load_address>
         <run_address>0x494</run_address>
         <size>0x3a3</size>
         <input_file_ref idref="fl-40"/>
      </object_component>
      <object_component id="oc-f6">
         <name>.bios</name>
         <load_address>0x837</load_address>
         <run_address>0x837</run_address>
         <size>0x35f</size>
         <input_file_ref idref="fl-3d"/>
      </object_component>
      <object_component id="oc-138">
         <name>.bios</name>
         <load_address>0xb96</load_address>
         <run_address>0xb96</run_address>
         <size>0x2</size>
         <input_file_ref idref="fl-4c"/>
      </object_component>
      <object_component id="oc-1a6">
         <name>.bios</name>
         <load_address>0xb98</load_address>
         <run_address>0xb98</run_address>
         <size>0x18b</size>
         <input_file_ref idref="fl-77"/>
      </object_component>
      <object_component id="oc-112">
         <name>.bios</name>
         <load_address>0xd23</load_address>
         <run_address>0xd23</run_address>
         <size>0x186</size>
         <input_file_ref idref="fl-43"/>
      </object_component>
      <object_component id="oc-169">
         <name>.bios</name>
         <load_address>0xeac</load_address>
         <run_address>0xeac</run_address>
         <size>0x185</size>
         <input_file_ref idref="fl-61"/>
      </object_component>
      <object_component id="oc-16f">
         <name>.bios</name>
         <load_address>0x1034</load_address>
         <run_address>0x1034</run_address>
         <size>0x144</size>
         <input_file_ref idref="fl-62"/>
      </object_component>
      <object_component id="oc-118">
         <name>.bios</name>
         <load_address>0x1178</load_address>
         <run_address>0x1178</run_address>
         <size>0x130</size>
         <input_file_ref idref="fl-44"/>
      </object_component>
      <object_component id="oc-10e">
         <name>.bios</name>
         <load_address>0x12a8</load_address>
         <run_address>0x12a8</run_address>
         <size>0x119</size>
         <input_file_ref idref="fl-42"/>
      </object_component>
      <object_component id="oc-50">
         <name>.bios</name>
         <load_address>0x13c1</load_address>
         <run_address>0x13c1</run_address>
         <size>0x10e</size>
         <input_file_ref idref="fl-2e"/>
      </object_component>
      <object_component id="oc-17b">
         <name>.bios</name>
         <load_address>0x14d0</load_address>
         <run_address>0x14d0</run_address>
         <size>0x10d</size>
         <input_file_ref idref="fl-65"/>
      </object_component>
      <object_component id="oc-1e2">
         <name>.bios</name>
         <load_address>0x15e0</load_address>
         <run_address>0x15e0</run_address>
         <size>0x104</size>
         <input_file_ref idref="fl-85"/>
      </object_component>
      <object_component id="oc-1bc">
         <name>.bios</name>
         <load_address>0x16e4</load_address>
         <run_address>0x16e4</run_address>
         <size>0xf8</size>
         <input_file_ref idref="fl-7c"/>
      </object_component>
      <object_component id="oc-1cd">
         <name>.bios</name>
         <load_address>0x17dc</load_address>
         <run_address>0x17dc</run_address>
         <size>0xf6</size>
         <input_file_ref idref="fl-80"/>
      </object_component>
      <object_component id="oc-1d4">
         <name>.bios</name>
         <load_address>0x18d4</load_address>
         <run_address>0x18d4</run_address>
         <size>0xbf</size>
         <input_file_ref idref="fl-81"/>
      </object_component>
      <object_component id="oc-124">
         <name>.bios</name>
         <load_address>0x1993</load_address>
         <run_address>0x1993</run_address>
         <size>0xa2</size>
         <input_file_ref idref="fl-47"/>
      </object_component>
      <object_component id="oc-160">
         <name>.bios</name>
         <load_address>0x1a35</load_address>
         <run_address>0x1a35</run_address>
         <size>0x8d</size>
         <input_file_ref idref="fl-5f"/>
      </object_component>
      <object_component id="oc-e0">
         <name>.bios</name>
         <load_address>0x1ac2</load_address>
         <run_address>0x1ac2</run_address>
         <size>0x8d</size>
         <input_file_ref idref="fl-38"/>
      </object_component>
      <object_component id="oc-1aa">
         <name>.bios</name>
         <load_address>0x1b4f</load_address>
         <run_address>0x1b4f</run_address>
         <size>0x82</size>
         <input_file_ref idref="fl-78"/>
      </object_component>
      <object_component id="oc-130">
         <name>.bios</name>
         <load_address>0x1bd1</load_address>
         <run_address>0x1bd1</run_address>
         <size>0x6b</size>
         <input_file_ref idref="fl-4a"/>
      </object_component>
      <object_component id="oc-15c">
         <name>.bios</name>
         <load_address>0x1c3c</load_address>
         <run_address>0x1c3c</run_address>
         <size>0x5f</size>
         <input_file_ref idref="fl-5e"/>
      </object_component>
      <object_component id="oc-177">
         <name>.bios</name>
         <load_address>0x1c9c</load_address>
         <run_address>0x1c9c</run_address>
         <size>0x5b</size>
         <input_file_ref idref="fl-64"/>
      </object_component>
      <object_component id="oc-1d9">
         <name>.bios</name>
         <load_address>0x1cf8</load_address>
         <run_address>0x1cf8</run_address>
         <size>0x58</size>
         <input_file_ref idref="fl-82"/>
      </object_component>
      <object_component id="oc-10a">
         <name>.bios</name>
         <load_address>0x1d50</load_address>
         <run_address>0x1d50</run_address>
         <size>0x51</size>
         <input_file_ref idref="fl-41"/>
      </object_component>
      <object_component id="oc-1a2">
         <name>.bios</name>
         <load_address>0x1da1</load_address>
         <run_address>0x1da1</run_address>
         <size>0x4e</size>
         <input_file_ref idref="fl-76"/>
      </object_component>
      <object_component id="oc-1ae">
         <name>.bios</name>
         <load_address>0x1df0</load_address>
         <run_address>0x1df0</run_address>
         <size>0x48</size>
         <input_file_ref idref="fl-79"/>
      </object_component>
      <object_component id="oc-11c">
         <name>.bios</name>
         <load_address>0x1e38</load_address>
         <run_address>0x1e38</run_address>
         <size>0x48</size>
         <input_file_ref idref="fl-45"/>
      </object_component>
      <object_component id="oc-1c0">
         <name>.bios</name>
         <load_address>0x1e80</load_address>
         <run_address>0x1e80</run_address>
         <size>0x48</size>
         <input_file_ref idref="fl-7d"/>
      </object_component>
      <object_component id="oc-fc">
         <name>.bios</name>
         <load_address>0x1ec8</load_address>
         <run_address>0x1ec8</run_address>
         <size>0x47</size>
         <input_file_ref idref="fl-3e"/>
      </object_component>
      <object_component id="oc-152">
         <name>.bios</name>
         <load_address>0x1f0f</load_address>
         <run_address>0x1f0f</run_address>
         <size>0x46</size>
         <input_file_ref idref="fl-5a"/>
      </object_component>
      <object_component id="oc-20b">
         <name>.bios</name>
         <load_address>0x1f55</load_address>
         <run_address>0x1f55</run_address>
         <size>0x43</size>
         <input_file_ref idref="fl-8d"/>
      </object_component>
      <object_component id="oc-156">
         <name>.bios</name>
         <load_address>0x1f98</load_address>
         <run_address>0x1f98</run_address>
         <size>0x40</size>
         <input_file_ref idref="fl-5b"/>
      </object_component>
      <object_component id="oc-55">
         <name>.bios</name>
         <load_address>0x1fd8</load_address>
         <run_address>0x1fd8</run_address>
         <size>0x36</size>
         <input_file_ref idref="fl-36"/>
      </object_component>
      <object_component id="oc-173">
         <name>.bios</name>
         <load_address>0x2010</load_address>
         <run_address>0x2010</run_address>
         <size>0x34</size>
         <input_file_ref idref="fl-63"/>
      </object_component>
      <object_component id="oc-134">
         <name>.bios</name>
         <load_address>0x2044</load_address>
         <run_address>0x2044</run_address>
         <size>0x2c</size>
         <input_file_ref idref="fl-4b"/>
      </object_component>
      <object_component id="oc-e8">
         <name>.bios</name>
         <load_address>0x2070</load_address>
         <run_address>0x2070</run_address>
         <size>0x25</size>
         <input_file_ref idref="fl-3a"/>
      </object_component>
      <object_component id="oc-5b">
         <name>.bios</name>
         <load_address>0x2095</load_address>
         <run_address>0x2095</run_address>
         <size>0x24</size>
         <input_file_ref idref="fl-33"/>
      </object_component>
      <object_component id="oc-51">
         <name>.bios</name>
         <load_address>0x20bc</load_address>
         <run_address>0x20bc</run_address>
         <size>0x23</size>
         <input_file_ref idref="fl-34"/>
      </object_component>
      <object_component id="oc-59">
         <name>.bios</name>
         <load_address>0x20e0</load_address>
         <run_address>0x20e0</run_address>
         <size>0x20</size>
         <input_file_ref idref="fl-35"/>
      </object_component>
      <object_component id="oc-e4">
         <name>.bios</name>
         <load_address>0x2100</load_address>
         <run_address>0x2100</run_address>
         <size>0x1f</size>
         <input_file_ref idref="fl-39"/>
      </object_component>
      <object_component id="oc-14b">
         <name>.bios</name>
         <load_address>0x2120</load_address>
         <run_address>0x2120</run_address>
         <size>0x1a</size>
         <input_file_ref idref="fl-56"/>
      </object_component>
      <object_component id="oc-57">
         <name>.bios</name>
         <load_address>0x213a</load_address>
         <run_address>0x213a</run_address>
         <size>0x17</size>
         <input_file_ref idref="fl-31"/>
      </object_component>
      <object_component id="oc-1dd">
         <name>.bios</name>
         <load_address>0x2154</load_address>
         <run_address>0x2154</run_address>
         <size>0x17</size>
         <input_file_ref idref="fl-83"/>
      </object_component>
      <object_component id="oc-56">
         <name>.bios</name>
         <load_address>0x216b</load_address>
         <run_address>0x216b</run_address>
         <size>0xf</size>
         <input_file_ref idref="fl-30"/>
      </object_component>
      <object_component id="oc-100">
         <name>.bios</name>
         <load_address>0x217a</load_address>
         <run_address>0x217a</run_address>
         <size>0xc</size>
         <input_file_ref idref="fl-3f"/>
      </object_component>
      <object_component id="oc-58">
         <name>.bios</name>
         <load_address>0x2188</load_address>
         <run_address>0x2188</run_address>
         <size>0x8</size>
         <input_file_ref idref="fl-37"/>
      </object_component>
      <object_component id="oc-1b2">
         <name>.bios</name>
         <load_address>0x2190</load_address>
         <run_address>0x2190</run_address>
         <size>0x7</size>
         <input_file_ref idref="fl-7a"/>
      </object_component>
      <object_component id="oc-13e">
         <name>.bios</name>
         <load_address>0x2197</load_address>
         <run_address>0x2197</run_address>
         <size>0x6</size>
         <input_file_ref idref="fl-4e"/>
      </object_component>
      <object_component id="oc-5a">
         <name>.bios</name>
         <load_address>0x21a0</load_address>
         <run_address>0x21a0</run_address>
         <size>0x2</size>
         <input_file_ref idref="fl-32"/>
      </object_component>
      <object_component id="oc-185">
         <name>.text:MCBSP_reset</name>
         <load_address>0x21a4</load_address>
         <run_address>0x21a4</run_address>
         <size>0x261</size>
         <input_file_ref idref="fl-6b"/>
      </object_component>
      <object_component id="oc-5c">
         <name>.text</name>
         <load_address>0x2405</load_address>
         <run_address>0x2405</run_address>
         <size>0x231</size>
         <input_file_ref idref="fl-2"/>
      </object_component>
      <object_component id="oc-6d">
         <name>.text</name>
         <load_address>0x2636</load_address>
         <run_address>0x2636</run_address>
         <size>0x20c</size>
         <input_file_ref idref="fl-5"/>
      </object_component>
      <object_component id="oc-151">
         <name>.text:I2C_write</name>
         <load_address>0x2844</load_address>
         <run_address>0x2844</run_address>
         <size>0x18e</size>
         <input_file_ref idref="fl-59"/>
      </object_component>
      <object_component id="oc-61">
         <name>.text</name>
         <load_address>0x29d2</load_address>
         <run_address>0x29d2</run_address>
         <size>0x16a</size>
         <input_file_ref idref="fl-3"/>
      </object_component>
      <object_component id="oc-150">
         <name>.text:I2C_read</name>
         <load_address>0x2b3c</load_address>
         <run_address>0x2b3c</run_address>
         <size>0x15d</size>
         <input_file_ref idref="fl-58"/>
      </object_component>
      <object_component id="oc-78">
         <name>.text</name>
         <load_address>0x2c99</load_address>
         <run_address>0x2c99</run_address>
         <size>0x14e</size>
         <input_file_ref idref="fl-7"/>
      </object_component>
      <object_component id="oc-180">
         <name>.text:MCBSP_config</name>
         <load_address>0x2de8</load_address>
         <run_address>0x2de8</run_address>
         <size>0x130</size>
         <input_file_ref idref="fl-67"/>
      </object_component>
      <object_component id="oc-181">
         <name>.text:MCBSP_open</name>
         <load_address>0x2f18</load_address>
         <run_address>0x2f18</run_address>
         <size>0xee</size>
         <input_file_ref idref="fl-68"/>
      </object_component>
      <object_component id="oc-b1">
         <name>.text</name>
         <load_address>0x3006</load_address>
         <run_address>0x3006</run_address>
         <size>0xe2</size>
         <input_file_ref idref="fl-d"/>
      </object_component>
      <object_component id="oc-7d">
         <name>.text</name>
         <load_address>0x30e8</load_address>
         <run_address>0x30e8</run_address>
         <size>0xba</size>
         <input_file_ref idref="fl-8"/>
      </object_component>
      <object_component id="oc-a9">
         <name>.text</name>
         <load_address>0x31a2</load_address>
         <run_address>0x31a2</run_address>
         <size>0xa0</size>
         <input_file_ref idref="fl-c"/>
      </object_component>
      <object_component id="oc-186">
         <name>.text:MCBSP_start</name>
         <load_address>0x3244</load_address>
         <run_address>0x3244</run_address>
         <size>0x82</size>
         <input_file_ref idref="fl-6c"/>
      </object_component>
      <object_component id="oc-83">
         <name>.text</name>
         <load_address>0x32c6</load_address>
         <run_address>0x32c6</run_address>
         <size>0x7b</size>
         <input_file_ref idref="fl-9"/>
      </object_component>
      <object_component id="oc-1f2">
         <name>.text</name>
         <load_address>0x3341</load_address>
         <run_address>0x3341</run_address>
         <size>0x75</size>
         <input_file_ref idref="fl-88"/>
      </object_component>
      <object_component id="oc-14f">
         <name>.text:I2C_config</name>
         <load_address>0x33b8</load_address>
         <run_address>0x33b8</run_address>
         <size>0x72</size>
         <input_file_ref idref="fl-57"/>
      </object_component>
      <object_component id="oc-68">
         <name>.text</name>
         <load_address>0x342a</load_address>
         <run_address>0x342a</run_address>
         <size>0x6f</size>
         <input_file_ref idref="fl-4"/>
      </object_component>
      <object_component id="oc-1ec">
         <name>.text</name>
         <load_address>0x3499</load_address>
         <run_address>0x3499</run_address>
         <size>0x6f</size>
         <input_file_ref idref="fl-87"/>
      </object_component>
      <object_component id="oc-73">
         <name>.text</name>
         <load_address>0x3508</load_address>
         <run_address>0x3508</run_address>
         <size>0x6d</size>
         <input_file_ref idref="fl-6"/>
      </object_component>
      <object_component id="oc-120">
         <name>.text</name>
         <load_address>0x3578</load_address>
         <run_address>0x3578</run_address>
         <size>0x67</size>
         <input_file_ref idref="fl-46"/>
      </object_component>
      <object_component id="oc-1d1">
         <name>.text</name>
         <load_address>0x35e0</load_address>
         <run_address>0x35e0</run_address>
         <size>0x5c</size>
         <input_file_ref idref="fl-81"/>
      </object_component>
      <object_component id="oc-142">
         <name>.text:GPIO_open</name>
         <load_address>0x363c</load_address>
         <run_address>0x363c</run_address>
         <size>0x4f</size>
         <input_file_ref idref="fl-4f"/>
      </object_component>
      <object_component id="oc-203">
         <name>.text</name>
         <load_address>0x368b</load_address>
         <run_address>0x368b</run_address>
         <size>0x3f</size>
         <input_file_ref idref="fl-8b"/>
      </object_component>
      <object_component id="oc-1f8">
         <name>.text</name>
         <load_address>0x36ca</load_address>
         <run_address>0x36ca</run_address>
         <size>0x3e</size>
         <input_file_ref idref="fl-89"/>
      </object_component>
      <object_component id="oc-17f">
         <name>.text:MCBSP_close</name>
         <load_address>0x3708</load_address>
         <run_address>0x3708</run_address>
         <size>0x36</size>
         <input_file_ref idref="fl-66"/>
      </object_component>
      <object_component id="oc-147">
         <name>.text:GPIO_pinDirection</name>
         <load_address>0x3740</load_address>
         <run_address>0x3740</run_address>
         <size>0x1f</size>
         <input_file_ref idref="fl-52"/>
      </object_component>
      <object_component id="oc-14a">
         <name>.text:GPIO_pinWrite</name>
         <load_address>0x3760</load_address>
         <run_address>0x3760</run_address>
         <size>0x1f</size>
         <input_file_ref idref="fl-55"/>
      </object_component>
      <object_component id="oc-149">
         <name>.text:GPIO_pinRead</name>
         <load_address>0x3780</load_address>
         <run_address>0x3780</run_address>
         <size>0x14</size>
         <input_file_ref idref="fl-54"/>
      </object_component>
      <object_component id="oc-148">
         <name>.text:GPIO_pinEnable</name>
         <load_address>0x3794</load_address>
         <run_address>0x3794</run_address>
         <size>0x13</size>
         <input_file_ref idref="fl-53"/>
      </object_component>
      <object_component id="oc-1e6">
         <name>.text</name>
         <load_address>0x37a7</load_address>
         <run_address>0x37a7</run_address>
         <size>0x12</size>
         <input_file_ref idref="fl-86"/>
      </object_component>
      <object_component id="oc-207">
         <name>.text</name>
         <load_address>0x37b9</load_address>
         <run_address>0x37b9</run_address>
         <size>0x11</size>
         <input_file_ref idref="fl-8c"/>
      </object_component>
      <object_component id="oc-15a">
         <name>.text:IRQ_globalDisable</name>
         <load_address>0x37cc</load_address>
         <run_address>0x37cc</run_address>
         <size>0xf</size>
         <input_file_ref idref="fl-5c"/>
      </object_component>
      <object_component id="oc-1e1">
         <name>.text:_CSL_init</name>
         <load_address>0x37dc</load_address>
         <run_address>0x37dc</run_address>
         <size>0xd</size>
         <input_file_ref idref="fl-84"/>
      </object_component>
      <object_component id="oc-13d">
         <name>.text:CSL_init</name>
         <load_address>0x37ec</load_address>
         <run_address>0x37ec</run_address>
         <size>0xc</size>
         <input_file_ref idref="fl-4d"/>
      </object_component>
      <object_component id="oc-15b">
         <name>.text:IRQ_globalRestore</name>
         <load_address>0x37f8</load_address>
         <run_address>0x37f8</run_address>
         <size>0xc</size>
         <input_file_ref idref="fl-5d"/>
      </object_component>
      <object_component id="oc-1fc">
         <name>.text:CIO_breakpoint</name>
         <load_address>0x3804</load_address>
         <run_address>0x3804</run_address>
         <size>0x7</size>
         <input_file_ref idref="fl-89"/>
      </object_component>
      <object_component id="oc-184">
         <name>.text:MCBSP_read16</name>
         <load_address>0x380c</load_address>
         <run_address>0x380c</run_address>
         <size>0x7</size>
         <input_file_ref idref="fl-6a"/>
      </object_component>
      <object_component id="oc-187">
         <name>.text:MCBSP_write16</name>
         <load_address>0x3814</load_address>
         <run_address>0x3814</run_address>
         <size>0x7</size>
         <input_file_ref idref="fl-6d"/>
      </object_component>
      <object_component id="oc-13c">
         <name>.text</name>
         <load_address>0x381c</load_address>
         <run_address>0x381c</run_address>
         <size>0x2</size>
         <input_file_ref idref="fl-4d"/>
      </object_component>
      <object_component id="oc-a2">
         <name>.sysinit</name>
         <load_address>0x9fec</load_address>
         <run_address>0x9fec</run_address>
         <size>0x13d</size>
         <input_file_ref idref="fl-a"/>
      </object_component>
      <object_component id="oc-18c">
         <name>.sysinit</name>
         <load_address>0xa12c</load_address>
         <run_address>0xa12c</run_address>
         <size>0x111</size>
         <input_file_ref idref="fl-6f"/>
      </object_component>
      <object_component id="oc-1c9">
         <name>.sysinit</name>
         <load_address>0xa240</load_address>
         <run_address>0xa240</run_address>
         <size>0x84</size>
         <input_file_ref idref="fl-7f"/>
      </object_component>
      <object_component id="oc-1ff">
         <name>.sysinit</name>
         <load_address>0xa2c4</load_address>
         <run_address>0xa2c4</run_address>
         <size>0x71</size>
         <input_file_ref idref="fl-8a"/>
      </object_component>
      <object_component id="oc-53">
         <name>.sysinit</name>
         <load_address>0xa335</load_address>
         <run_address>0xa335</run_address>
         <size>0x6f</size>
         <input_file_ref idref="fl-3b"/>
      </object_component>
      <object_component id="oc-192">
         <name>.sysinit</name>
         <load_address>0xa3a4</load_address>
         <run_address>0xa3a4</run_address>
         <size>0x2</size>
         <input_file_ref idref="fl-70"/>
      </object_component>
      <object_component id="oc-f1">
         <name>.trcdata</name>
         <load_address>0xb098</load_address>
         <run_address>0xb098</run_address>
         <size>0x6</size>
         <input_file_ref idref="fl-3c"/>
      </object_component>
      <object_component id="oc-225">
         <name>.rtdx_text:_RTDX_write_next</name>
         <load_address>0x7964</load_address>
         <run_address>0x7964</run_address>
         <size>0x1db</size>
         <input_file_ref idref="fl-73"/>
      </object_component>
      <object_component id="oc-220">
         <name>.rtdx_text:_RTDX_Buffer_WriteCB</name>
         <load_address>0x7b3f</load_address>
         <run_address>0x7b3f</run_address>
         <size>0x17c</size>
         <input_file_ref idref="fl-73"/>
      </object_component>
      <object_component id="oc-219">
         <name>.rtdx_text:_RTDX_Init_RT_Monitor</name>
         <load_address>0x7cbb</load_address>
         <run_address>0x7cbb</run_address>
         <size>0x10f</size>
         <input_file_ref idref="fl-74"/>
      </object_component>
      <object_component id="oc-212">
         <name>.rtdx_text:_RTDX_Poll</name>
         <load_address>0x7dca</load_address>
         <run_address>0x7dca</run_address>
         <size>0xec</size>
         <input_file_ref idref="fl-74"/>
      </object_component>
      <object_component id="oc-224">
         <name>.rtdx_text:_claim</name>
         <load_address>0x7eb6</load_address>
         <run_address>0x7eb6</run_address>
         <size>0xb5</size>
         <input_file_ref idref="fl-73"/>
      </object_component>
      <object_component id="oc-21d">
         <name>.rtdx_text:_StartXFer</name>
         <load_address>0x7f6b</load_address>
         <run_address>0x7f6b</run_address>
         <size>0x93</size>
         <input_file_ref idref="fl-74"/>
      </object_component>
      <object_component id="oc-226">
         <name>.rtdx_text:_RTDX_Mon_Queue</name>
         <load_address>0x7ffe</load_address>
         <run_address>0x7ffe</run_address>
         <size>0x88</size>
         <input_file_ref idref="fl-74"/>
      </object_component>
      <object_component id="oc-213">
         <name>.rtdx_text:_RTDX_H2TPoll</name>
         <load_address>0x8086</load_address>
         <run_address>0x8086</run_address>
         <size>0x65</size>
         <input_file_ref idref="fl-74"/>
      </object_component>
      <object_component id="oc-218">
         <name>.rtdx_text:_RTDX_Buffer_Initialize</name>
         <load_address>0x80eb</load_address>
         <run_address>0x80eb</run_address>
         <size>0x53</size>
         <input_file_ref idref="fl-73"/>
      </object_component>
      <object_component id="oc-21f">
         <name>.rtdx_text:_RTDX_Buffer_ReadCB</name>
         <load_address>0x813e</load_address>
         <run_address>0x813e</run_address>
         <size>0x4b</size>
         <input_file_ref idref="fl-72"/>
      </object_component>
      <object_component id="oc-222">
         <name>.rtdx_text:_RTDX_Final_RT_Monitor</name>
         <load_address>0x8189</load_address>
         <run_address>0x8189</run_address>
         <size>0x3c</size>
         <input_file_ref idref="fl-74"/>
      </object_component>
      <object_component id="oc-223">
         <name>.rtdx_text:_RTDX_Buffer_Size</name>
         <load_address>0x81c5</load_address>
         <run_address>0x81c5</run_address>
         <size>0x3b</size>
         <input_file_ref idref="fl-73"/>
      </object_component>
      <object_component id="oc-21a">
         <name>.rtdx_text:_RTDX_Mask_IER</name>
         <load_address>0x8200</load_address>
         <run_address>0x8200</run_address>
         <size>0x2a</size>
         <input_file_ref idref="fl-75"/>
      </object_component>
      <object_component id="oc-216">
         <name>.rtdx_text:_RTDX_Buffer_Read</name>
         <load_address>0x822a</load_address>
         <run_address>0x822a</run_address>
         <size>0x22</size>
         <input_file_ref idref="fl-72"/>
      </object_component>
      <object_component id="oc-21e">
         <name>.rtdx_text:_RTDX_Set_IER</name>
         <load_address>0x824c</load_address>
         <run_address>0x824c</run_address>
         <size>0x1e</size>
         <input_file_ref idref="fl-75"/>
      </object_component>
      <object_component id="oc-217">
         <name>.rtdx_text:_RTDX_Buffer_Write</name>
         <load_address>0x826a</load_address>
         <run_address>0x826a</run_address>
         <size>0x1c</size>
         <input_file_ref idref="fl-73"/>
      </object_component>
      <object_component id="oc-21b">
         <name>.rtdx_text:_Allow_EmuAccess</name>
         <load_address>0x8286</load_address>
         <run_address>0x8286</run_address>
         <size>0x17</size>
         <input_file_ref idref="fl-74"/>
      </object_component>
      <object_component id="oc-21c">
         <name>.rtdx_text:_Disallow_EmuAccess</name>
         <load_address>0x829d</load_address>
         <run_address>0x829d</run_address>
         <size>0x4</size>
         <input_file_ref idref="fl-74"/>
      </object_component>
      <object_component id="oc-221">
         <name>.rtdx_text:_Wait</name>
         <load_address>0x82a1</load_address>
         <run_address>0x82a1</run_address>
         <size>0x4</size>
         <input_file_ref idref="fl-74"/>
      </object_component>
      <object_component id="oc-a1">
         <name>.mbx</name>
         <uninitialized>true</uninitialized>
         <run_address>0x82a8</run_address>
         <size>0xd0</size>
         <input_file_ref idref="fl-a"/>
      </object_component>
      <object_component id="oc-a0">
         <name>.sem</name>
         <uninitialized>true</uninitialized>
         <run_address>0xafbc</run_address>
         <size>0x2c</size>
         <input_file_ref idref="fl-a"/>
      </object_component>
      <object_component id="oc-8c">
         <name>.sys</name>
         <uninitialized>true</uninitialized>
         <run_address>0xb070</run_address>
         <size>0x10</size>
         <input_file_ref idref="fl-a"/>
      </object_component>
      <object_component id="oc-89">
         <name>.cinit</name>
         <load_address>0x3820</load_address>
         <run_address>0x3820</run_address>
         <size>0x90e</size>
         <input_file_ref idref="fl-a"/>
      </object_component>
      <object_component id="oc-b9">
         <name>.cinit</name>
         <load_address>0x412e</load_address>
         <run_address>0x412e</run_address>
         <size>0x15e</size>
         <input_file_ref idref="fl-2d"/>
      </object_component>
      <object_component id="oc-165">
         <name>.cinit</name>
         <load_address>0x428c</load_address>
         <run_address>0x428c</run_address>
         <size>0x140</size>
         <input_file_ref idref="fl-60"/>
      </object_component>
      <object_component id="oc-182">
         <name>.cinit</name>
         <load_address>0x43cc</load_address>
         <run_address>0x43cc</run_address>
         <size>0xd2</size>
         <input_file_ref idref="fl-69"/>
      </object_component>
      <object_component id="oc-1b7">
         <name>.cinit</name>
         <load_address>0x449e</load_address>
         <run_address>0x449e</run_address>
         <size>0x62</size>
         <input_file_ref idref="fl-7b"/>
      </object_component>
      <object_component id="oc-1d3">
         <name>.cinit</name>
         <load_address>0x4500</load_address>
         <run_address>0x4500</run_address>
         <size>0x5c</size>
         <input_file_ref idref="fl-81"/>
      </object_component>
      <object_component id="oc-145">
         <name>.cinit</name>
         <load_address>0x455c</load_address>
         <run_address>0x455c</run_address>
         <size>0x4a</size>
         <input_file_ref idref="fl-51"/>
      </object_component>
      <object_component id="oc-143">
         <name>.cinit</name>
         <load_address>0x45a6</load_address>
         <run_address>0x45a6</run_address>
         <size>0x46</size>
         <input_file_ref idref="fl-50"/>
      </object_component>
      <object_component id="oc-117">
         <name>.cinit</name>
         <load_address>0x45ec</load_address>
         <run_address>0x45ec</run_address>
         <size>0x32</size>
         <input_file_ref idref="fl-44"/>
      </object_component>
      <object_component id="oc-19b">
         <name>.cinit</name>
         <load_address>0x461e</load_address>
         <run_address>0x461e</run_address>
         <size>0x2e</size>
         <input_file_ref idref="fl-73"/>
      </object_component>
      <object_component id="oc-64">
         <name>.cinit</name>
         <load_address>0x464c</load_address>
         <run_address>0x464c</run_address>
         <size>0x28</size>
         <input_file_ref idref="fl-3"/>
      </object_component>
      <object_component id="oc-d9">
         <name>.cinit</name>
         <load_address>0x4674</load_address>
         <run_address>0x4674</run_address>
         <size>0x1e</size>
         <input_file_ref idref="fl-36"/>
      </object_component>
      <object_component id="oc-ac">
         <name>.cinit</name>
         <load_address>0x4692</load_address>
         <run_address>0x4692</run_address>
         <size>0x18</size>
         <input_file_ref idref="fl-c"/>
      </object_component>
      <object_component id="oc-16e">
         <name>.cinit</name>
         <load_address>0x46aa</load_address>
         <run_address>0x46aa</run_address>
         <size>0x16</size>
         <input_file_ref idref="fl-62"/>
      </object_component>
      <object_component id="oc-191">
         <name>.cinit</name>
         <load_address>0x46c0</load_address>
         <run_address>0x46c0</run_address>
         <size>0x14</size>
         <input_file_ref idref="fl-70"/>
      </object_component>
      <object_component id="oc-1c5">
         <name>.cinit</name>
         <load_address>0x46d4</load_address>
         <run_address>0x46d4</run_address>
         <size>0x14</size>
         <input_file_ref idref="fl-7e"/>
      </object_component>
      <object_component id="oc-1e9">
         <name>.cinit</name>
         <load_address>0x46e8</load_address>
         <run_address>0x46e8</run_address>
         <size>0x14</size>
         <input_file_ref idref="fl-86"/>
      </object_component>
      <object_component id="oc-1fb">
         <name>.cinit</name>
         <load_address>0x46fc</load_address>
         <run_address>0x46fc</run_address>
         <size>0x14</size>
         <input_file_ref idref="fl-89"/>
      </object_component>
      <object_component id="oc-105">
         <name>.cinit</name>
         <load_address>0x4710</load_address>
         <run_address>0x4710</run_address>
         <size>0x12</size>
         <input_file_ref idref="fl-40"/>
      </object_component>
      <object_component id="oc-1ef">
         <name>.cinit</name>
         <load_address>0x4722</load_address>
         <run_address>0x4722</run_address>
         <size>0x10</size>
         <input_file_ref idref="fl-87"/>
      </object_component>
      <object_component id="oc-b4">
         <name>.cinit</name>
         <load_address>0x4732</load_address>
         <run_address>0x4732</run_address>
         <size>0x10</size>
         <input_file_ref idref="fl-d"/>
      </object_component>
      <object_component id="oc-fb">
         <name>.cinit</name>
         <load_address>0x4742</load_address>
         <run_address>0x4742</run_address>
         <size>0xa</size>
         <input_file_ref idref="fl-3e"/>
      </object_component>
      <object_component id="oc-bd">
         <name>.cinit</name>
         <load_address>0x474c</load_address>
         <run_address>0x474c</run_address>
         <size>0xa</size>
         <input_file_ref idref="fl-2e"/>
      </object_component>
      <object_component id="oc-1f5">
         <name>.cinit</name>
         <load_address>0x4756</load_address>
         <run_address>0x4756</run_address>
         <size>0xa</size>
         <input_file_ref idref="fl-88"/>
      </object_component>
      <object_component id="oc-19e">
         <name>.pinit</name>
         <load_address>0xb08c</load_address>
         <run_address>0xb08c</run_address>
         <size>0x4</size>
         <input_file_ref idref="fl-73"/>
      </object_component>
      <object_component id="oc-1a1">
         <name>.pinit</name>
         <load_address>0xb090</load_address>
         <run_address>0xb090</run_address>
         <size>0x4</size>
         <input_file_ref idref="fl-74"/>
      </object_component>
      <object_component id="oc-87">
         <name>.gblinit</name>
         <load_address>0xae5c</load_address>
         <run_address>0xae5c</run_address>
         <size>0x72</size>
         <input_file_ref idref="fl-a"/>
      </object_component>
      <object_component id="oc-8a">
         <name>.rtdx_data</name>
         <uninitialized>true</uninitialized>
         <run_address>0xa648</run_address>
         <size>0x204</size>
         <input_file_ref idref="fl-a"/>
      </object_component>
      <object_component id="oc-196">
         <name>.rtdx_data</name>
         <uninitialized>true</uninitialized>
         <run_address>0xa890</run_address>
         <size>0x8</size>
         <input_file_ref idref="fl-71"/>
      </object_component>
      <object_component id="oc-19c">
         <name>.rtdx_data</name>
         <uninitialized>true</uninitialized>
         <run_address>0xa870</run_address>
         <size>0x20</size>
         <input_file_ref idref="fl-73"/>
      </object_component>
      <object_component id="oc-19f">
         <name>.rtdx_data</name>
         <uninitialized>true</uninitialized>
         <run_address>0xa84c</run_address>
         <size>0x24</size>
         <input_file_ref idref="fl-74"/>
      </object_component>
      <object_component id="oc-96">
         <name>.TSK_idle$stk</name>
         <uninitialized>true</uninitialized>
         <run_address>0x5b64</run_address>
         <size>0xa00</size>
         <input_file_ref idref="fl-a"/>
      </object_component>
      <object_component id="oc-98">
         <name>.task$stk</name>
         <uninitialized>true</uninitialized>
         <run_address>0x6f64</run_address>
         <size>0xa00</size>
         <input_file_ref idref="fl-a"/>
      </object_component>
      <object_component id="oc-99">
         <name>.TaskAudioProcessing$stk</name>
         <uninitialized>true</uninitialized>
         <run_address>0x6564</run_address>
         <size>0xa00</size>
         <input_file_ref idref="fl-a"/>
      </object_component>
      <object_component id="oc-9a">
         <name>.TSKUserInterface$stk</name>
         <uninitialized>true</uninitialized>
         <run_address>0x9000</run_address>
         <size>0x600</size>
         <input_file_ref idref="fl-a"/>
      </object_component>
      <object_component id="oc-1d5">
         <name>.const</name>
         <load_address>0xa3a8</load_address>
         <run_address>0xa3a8</run_address>
         <size>0x9e</size>
         <input_file_ref idref="fl-81"/>
      </object_component>
      <object_component id="oc-214">
         <name>.const:_demoFilter</name>
         <load_address>0xa446</load_address>
         <run_address>0xa446</run_address>
         <size>0x8c</size>
         <input_file_ref idref="fl-c"/>
      </object_component>
      <object_component id="oc-215">
         <name>.const:_highPass</name>
         <load_address>0xa4d2</load_address>
         <run_address>0xa4d2</run_address>
         <size>0x86</size>
         <input_file_ref idref="fl-c"/>
      </object_component>
      <object_component id="oc-d0">
         <name>.const</name>
         <load_address>0xa558</load_address>
         <run_address>0xa558</run_address>
         <size>0x46</size>
         <input_file_ref idref="fl-34"/>
      </object_component>
      <object_component id="oc-ad">
         <name>.const</name>
         <load_address>0xa59e</load_address>
         <run_address>0xa59e</run_address>
         <size>0x2</size>
         <input_file_ref idref="fl-c"/>
      </object_component>
      <object_component id="oc-d4">
         <name>.const</name>
         <load_address>0xa5a0</load_address>
         <run_address>0xa5a0</run_address>
         <size>0x44</size>
         <input_file_ref idref="fl-35"/>
      </object_component>
      <object_component id="oc-211">
         <name>.const:_$P$T0$1</name>
         <load_address>0xa5e4</load_address>
         <run_address>0xa5e4</run_address>
         <size>0x36</size>
         <input_file_ref idref="fl-8"/>
      </object_component>
      <object_component id="oc-210">
         <name>.const:_$P$T0$1</name>
         <load_address>0xa61a</load_address>
         <run_address>0xa61a</run_address>
         <size>0x14</size>
         <input_file_ref idref="fl-6"/>
      </object_component>
      <object_component id="oc-1a0">
         <name>.const</name>
         <load_address>0xa630</load_address>
         <run_address>0xa630</run_address>
         <size>0xc</size>
         <input_file_ref idref="fl-74"/>
      </object_component>
      <object_component id="oc-19d">
         <name>.const</name>
         <load_address>0xa63c</load_address>
         <run_address>0xa63c</run_address>
         <size>0x8</size>
         <input_file_ref idref="fl-73"/>
      </object_component>
      <object_component id="oc-1b8">
         <name>.const</name>
         <load_address>0xa644</load_address>
         <run_address>0xa644</run_address>
         <size>0x2</size>
         <input_file_ref idref="fl-7b"/>
      </object_component>
      <object_component id="oc-8b">
         <name>.printf</name>
         <load_address>0xa646</load_address>
         <run_address>0xa646</run_address>
         <size>0x198</size>
         <input_file_ref idref="fl-a"/>
      </object_component>
      <object_component id="oc-9d">
         <name>.LOG_system$buf</name>
         <uninitialized>true</uninitialized>
         <run_address>0x8400</run_address>
         <size>0x400</size>
         <input_file_ref idref="fl-a"/>
      </object_component>
      <object_component id="oc-9f">
         <name>.trace$buf</name>
         <uninitialized>true</uninitialized>
         <run_address>0x8800</run_address>
         <size>0x800</size>
         <input_file_ref idref="fl-a"/>
      </object_component>
      <object_component id="oc-90">
         <name>.hst1</name>
         <uninitialized>true</uninitialized>
         <run_address>0xb060</run_address>
         <size>0x10</size>
         <input_file_ref idref="fl-a"/>
      </object_component>
      <object_component id="oc-93">
         <name>.hst0</name>
         <uninitialized>true</uninitialized>
         <run_address>0x8378</run_address>
         <size>0x80</size>
         <input_file_ref idref="fl-a"/>
      </object_component>
      <object_component id="oc-ed">
         <name>.args</name>
         <load_address>0xb050</load_address>
         <run_address>0xb050</run_address>
         <size>0x0</size>
         <input_file_ref idref="fl-3b"/>
      </object_component>
      <object_component id="oc-38">
         <name>MBXAudio$queElems</name>
         <uninitialized>true</uninitialized>
         <run_address>0xaed0</run_address>
         <size>0x0</size>
      </object_component>
      <object_component id="oc-3b">
         <name>MBXOutput$queElems</name>
         <uninitialized>true</uninitialized>
         <run_address>0xb080</run_address>
         <size>0x0</size>
      </object_component>
      <object_component id="oc-3e">
         <name>_SYS_PUTCBEG</name>
         <load_address>0x9bec</load_address>
         <run_address>0x9bec</run_address>
         <size>0x0</size>
      </object_component>
      <object_component id="oc-40">
         <name>_SYS_PUTCEND</name>
         <load_address>0x9fec</load_address>
         <run_address>0x9fec</run_address>
         <size>0x0</size>
      </object_component>
      <object_component id="oc-91">
         <name>.hst</name>
         <uninitialized>true</uninitialized>
         <run_address>0xaf88</run_address>
         <size>0x34</size>
         <input_file_ref idref="fl-a"/>
      </object_component>
      <object_component id="oc-9e">
         <name>.log</name>
         <uninitialized>true</uninitialized>
         <run_address>0xafe8</run_address>
         <size>0x28</size>
         <input_file_ref idref="fl-a"/>
      </object_component>
      <object_component id="oc-92">
         <name>.pip</name>
         <uninitialized>true</uninitialized>
         <run_address>0xad14</run_address>
         <size>0xc8</size>
         <input_file_ref idref="fl-a"/>
      </object_component>
      <object_component id="oc-8f">
         <name>.sts</name>
         <uninitialized>true</uninitialized>
         <run_address>0xaddc</run_address>
         <size>0x80</size>
         <input_file_ref idref="fl-a"/>
      </object_component>
      <object_component id="oc-47">
         <name>GBL_sysstackbeg</name>
         <uninitialized>true</uninitialized>
         <run_address>0x4764</run_address>
         <size>0x0</size>
      </object_component>
      <object_component id="oc-20f">
         <name>.sysstack</name>
         <uninitialized>true</uninitialized>
         <run_address>0x4764</run_address>
         <size>0x0</size>
         <input_file_ref idref="fl-3b"/>
      </object_component>
      <object_component id="oc-26b">
         <name>.sysstack</name>
         <uninitialized>true</uninitialized>
         <run_address>0x4764</run_address>
         <size>0x0</size>
      </object_component>
      <object_component id="oc-4a">
         <name>GBL_stackbeg</name>
         <uninitialized>true</uninitialized>
         <run_address>0x4964</run_address>
         <size>0x0</size>
      </object_component>
      <object_component id="oc-ec">
         <name>.stack</name>
         <uninitialized>true</uninitialized>
         <run_address>0x4964</run_address>
         <size>0x0</size>
         <input_file_ref idref="fl-3b"/>
      </object_component>
      <object_component id="oc-26a">
         <name>.stack</name>
         <uninitialized>true</uninitialized>
         <run_address>0x4964</run_address>
         <size>0x0</size>
      </object_component>
      <object_component id="oc-94">
         <name>.hwi_vec</name>
         <load_address>0xff00</load_address>
         <run_address>0xff00</run_address>
         <size>0x100</size>
         <input_file_ref idref="fl-a"/>
      </object_component>
      <object_component id="oc-5d">
         <name>.debug_info</name>
         <load_address>0x0</load_address>
         <run_address>0x0</run_address>
         <size>0xd73</size>
         <input_file_ref idref="fl-2"/>
      </object_component>
      <object_component id="oc-63">
         <name>.debug_info</name>
         <load_address>0xd73</load_address>
         <run_address>0xd73</run_address>
         <size>0xee0</size>
         <input_file_ref idref="fl-3"/>
      </object_component>
      <object_component id="oc-69">
         <name>.debug_info</name>
         <load_address>0x1c53</load_address>
         <run_address>0x1c53</run_address>
         <size>0x880</size>
         <input_file_ref idref="fl-4"/>
      </object_component>
      <object_component id="oc-6f">
         <name>.debug_info</name>
         <load_address>0x24d3</load_address>
         <run_address>0x24d3</run_address>
         <size>0xb86</size>
         <input_file_ref idref="fl-5"/>
      </object_component>
      <object_component id="oc-74">
         <name>.debug_info</name>
         <load_address>0x3059</load_address>
         <run_address>0x3059</run_address>
         <size>0xa11</size>
         <input_file_ref idref="fl-6"/>
      </object_component>
      <object_component id="oc-79">
         <name>.debug_info</name>
         <load_address>0x3a6a</load_address>
         <run_address>0x3a6a</run_address>
         <size>0xb80</size>
         <input_file_ref idref="fl-7"/>
      </object_component>
      <object_component id="oc-7f">
         <name>.debug_info</name>
         <load_address>0x45ea</load_address>
         <run_address>0x45ea</run_address>
         <size>0x10e0</size>
[...]
         <name>_GPIO_pinDirection</name>
         <value>0x3740</value>
         <object_component_ref idref="oc-147"/>
      </symbol>
      <symbol id="sm-697">
         <name>_GPIO_pinEnable</name>
         <value>0x3794</value>
         <object_component_ref idref="oc-148"/>
      </symbol>
      <symbol id="sm-69b">
         <name>_GPIO_pinRead</name>
         <value>0x3780</value>
         <object_component_ref idref="oc-149"/>
      </symbol>
      <symbol id="sm-69f">
         <name>_GPIO_pinWrite</name>
         <value>0x3760</value>
         <object_component_ref idref="oc-14a"/>
      </symbol>
      <symbol id="sm-6a9">
         <name>_HWI_restore</name>
         <value>0x2134</value>
         <object_component_ref idref="oc-14b"/>
      </symbol>
      <symbol id="sm-6aa">
         <name>_HWI_enable</name>
         <value>0x2130</value>
         <object_component_ref idref="oc-14b"/>
      </symbol>
      <symbol id="sm-6ab">
         <name>_HWI_disable</name>
         <value>0x2120</value>
         <object_component_ref idref="oc-14b"/>
      </symbol>
      <symbol id="sm-6af">
         <name>_I2C_config</name>
         <value>0x33b8</value>
         <object_component_ref idref="oc-14f"/>
      </symbol>
      <symbol id="sm-6b7">
         <name>_I2C_read</name>
         <value>0x2b3c</value>
         <object_component_ref idref="oc-150"/>
      </symbol>
      <symbol id="sm-6c1">
         <name>_I2C_write</name>
         <value>0x2844</value>
         <object_component_ref idref="oc-151"/>
      </symbol>
      <symbol id="sm-6cb">
         <name>_IDL_calibrate</name>
         <value>0x1f0f</value>
         <object_component_ref idref="oc-152"/>
      </symbol>
      <symbol id="sm-6d5">
         <name>_CLK_measure</name>
         <value>0x1f98</value>
         <object_component_ref idref="oc-156"/>
      </symbol>
      <symbol id="sm-6d9">
         <name>_IRQ_globalDisable</name>
         <value>0x37cc</value>
         <object_component_ref idref="oc-15a"/>
      </symbol>
      <symbol id="sm-6dd">
         <name>_IRQ_globalRestore</name>
         <value>0x37f8</value>
         <object_component_ref idref="oc-15b"/>
      </symbol>
      <symbol id="sm-6e7">
         <name>_KNL_exit</name>
         <value>0x1c7c</value>
         <object_component_ref idref="oc-15c"/>
      </symbol>
      <symbol id="sm-6e8">
         <name>_KNL_enter</name>
         <value>0x1c3c</value>
         <object_component_ref idref="oc-15c"/>
      </symbol>
      <symbol id="sm-6f2">
         <name>_KNL_max</name>
         <value>0x1aad</value>
         <object_component_ref idref="oc-160"/>
      </symbol>
      <symbol id="sm-6f3">
         <name>_KNL_check</name>
         <value>0x1a35</value>
         <object_component_ref idref="oc-160"/>
      </symbol>
      <symbol id="sm-6f4">
         <name>_KNL_idle</name>
         <value>0x1a90</value>
         <object_component_ref idref="oc-160"/>
      </symbol>
      <symbol id="sm-700">
         <name>_KNL_maxqueue</name>
         <value>0x99a8</value>
         <object_component_ref idref="oc-164"/>
      </symbol>
      <symbol id="sm-701">
         <name>_KNL_inactive</name>
         <value>0x995c</value>
         <object_component_ref idref="oc-164"/>
      </symbol>
      <symbol id="sm-702">
         <name>_KNL_tswitchfxn</name>
         <value>0x99ac</value>
         <object_component_ref idref="oc-164"/>
      </symbol>
      <symbol id="sm-703">
         <name>_KNL_setpri</name>
         <value>0x9958</value>
         <object_component_ref idref="oc-164"/>
      </symbol>
      <symbol id="sm-704">
         <name>_KNL_swiptr</name>
         <value>0x99a0</value>
         <object_component_ref idref="oc-164"/>
      </symbol>
      <symbol id="sm-705">
         <name>_KNL_dummy</name>
         <value>0x9964</value>
         <object_component_ref idref="oc-164"/>
      </symbol>
      <symbol id="sm-706">
         <name>_KNL_curtask</name>
         <value>0x9994</value>
         <object_component_ref idref="oc-164"/>
      </symbol>
      <symbol id="sm-707">
         <name>_KNL_curqueue</name>
         <value>0x99a4</value>
         <object_component_ref idref="oc-164"/>
      </symbol>
      <symbol id="sm-708">
         <name>_KNL_wList</name>
         <value>0x9950</value>
         <object_component_ref idref="oc-164"/>
      </symbol>
      <symbol id="sm-709">
         <name>_KNL_curtime</name>
         <value>0x999c</value>
         <object_component_ref idref="oc-164"/>
      </symbol>
      <symbol id="sm-70a">
         <name>_KNL_set</name>
         <value>0x98ae</value>
         <object_component_ref idref="oc-164"/>
      </symbol>
      <symbol id="sm-70b">
         <name>_KNL_alarm</name>
         <value>0x9954</value>
         <object_component_ref idref="oc-164"/>
      </symbol>
      <symbol id="sm-70c">
         <name>_KNL_prevtask</name>
         <value>0x9998</value>
         <object_component_ref idref="oc-164"/>
      </symbol>
      <symbol id="sm-70d">
         <name>_KNL_queues</name>
         <value>0x98b0</value>
         <object_component_ref idref="oc-164"/>
      </symbol>
      <symbol id="sm-70e">
         <name>_KNL_idlefxn</name>
         <value>0x99bc</value>
         <object_component_ref idref="oc-164"/>
      </symbol>
      <symbol id="sm-70f">
         <name>_KNL_priority</name>
         <value>0x9960</value>
         <object_component_ref idref="oc-164"/>
      </symbol>
      <symbol id="sm-710">
         <name>_KNL_treadyfxn</name>
         <value>0x99b8</value>
         <object_component_ref idref="oc-164"/>
      </symbol>
      <symbol id="sm-711">
         <name>_KNL_tcreatefxn</name>
         <value>0x99b0</value>
         <object_component_ref idref="oc-164"/>
      </symbol>
      <symbol id="sm-712">
         <name>_KNL_wFlag</name>
         <value>0x98ac</value>
         <object_component_ref idref="oc-164"/>
      </symbol>
      <symbol id="sm-713">
         <name>_KNL_tdeletefxn</name>
         <value>0x99b4</value>
         <object_component_ref idref="oc-164"/>
      </symbol>
      <symbol id="sm-71d">
         <name>_KNL_run</name>
         <value>0xeac</value>
         <object_component_ref idref="oc-169"/>
      </symbol>
      <symbol id="sm-72b">
         <name>_KNL_tick</name>
         <value>0x1168</value>
         <object_component_ref idref="oc-16f"/>
      </symbol>
      <symbol id="sm-735">
         <name>_KNL_post</name>
         <value>0x2010</value>
         <object_component_ref idref="oc-173"/>
      </symbol>
      <symbol id="sm-73f">
         <name>_KNL_ipost</name>
         <value>0x1c9c</value>
         <object_component_ref idref="oc-177"/>
      </symbol>
      <symbol id="sm-749">
         <name>_MBX_pend</name>
         <value>0x14d0</value>
         <object_component_ref idref="oc-17b"/>
      </symbol>
      <symbol id="sm-74a">
         <name>_MBX_post</name>
         <value>0x1558</value>
         <object_component_ref idref="oc-17b"/>
      </symbol>
      <symbol id="sm-74e">
         <name>_MCBSP_close</name>
         <value>0x3708</value>
         <object_component_ref idref="oc-17f"/>
      </symbol>
      <symbol id="sm-752">
         <name>_MCBSP_config</name>
         <value>0x2de8</value>
         <object_component_ref idref="oc-180"/>
      </symbol>
      <symbol id="sm-757">
         <name>_MCBSP_open</name>
         <value>0x2f18</value>
         <object_component_ref idref="oc-181"/>
      </symbol>
      <symbol id="sm-75d">
         <name>_CSL_McbspData</name>
         <value>0xb0a0</value>
         <object_component_ref idref="oc-183"/>
      </symbol>
      <symbol id="sm-761">
         <name>_MCBSP_read16</name>
         <value>0x380c</value>
         <object_component_ref idref="oc-184"/>
      </symbol>
      <symbol id="sm-765">
         <name>_MCBSP_reset</name>
         <value>0x21a4</value>
         <object_component_ref idref="oc-185"/>
      </symbol>
      <symbol id="sm-769">
         <name>_MCBSP_start</name>
         <value>0x3244</value>
         <object_component_ref idref="oc-186"/>
      </symbol>
      <symbol id="sm-76d">
         <name>_MCBSP_write16</name>
         <value>0x3814</value>
         <object_component_ref idref="oc-187"/>
      </symbol>
      <symbol id="sm-777">
         <name>_MEM</name>
         <value>0x9be0</value>
         <object_component_ref idref="oc-188"/>
      </symbol>
      <symbol id="sm-781">
         <name>_MEM_init</name>
         <value>0xa12c</value>
         <object_component_ref idref="oc-18c"/>
      </symbol>
      <symbol id="sm-78f">
         <name>_OBJ_table</name>
         <value>0x9aec</value>
         <object_component_ref idref="oc-190"/>
      </symbol>
      <symbol id="sm-790">
         <name>_OBJ_init</name>
         <value>0xa3a4</value>
         <object_component_ref idref="oc-192"/>
      </symbol>
      <symbol id="sm-791">
         <name>_OBJ_segtab</name>
         <value>0x9b24</value>
         <object_component_ref idref="oc-190"/>
      </symbol>
      <symbol id="sm-79b">
         <name>_RTDX_Buffer_Start</name>
         <value>0xa890</value>
         <object_component_ref idref="oc-196"/>
      </symbol>
      <symbol id="sm-79c">
         <name>_RTDX_Buffer_End</name>
         <value>0xa894</value>
         <object_component_ref idref="oc-196"/>
      </symbol>
      <symbol id="sm-7a2">
         <name>_RTDX_Buffer_ReadCB</name>
         <value>0x813e</value>
         <object_component_ref idref="oc-21f"/>
      </symbol>
      <symbol id="sm-7a3">
         <name>_RTDX_Buffer_Read</name>
         <value>0x822a</value>
         <object_component_ref idref="oc-216"/>
      </symbol>
      <symbol id="sm-7bb">
         <name>_rtdx_buffer_state</name>
         <value>0xa870</value>
         <object_component_ref idref="oc-19c"/>
      </symbol>
      <symbol id="sm-7bc">
         <name>_RTDX_Buffer_WriteCB</name>
         <value>0x7b3f</value>
         <object_component_ref idref="oc-220"/>
      </symbol>
      <symbol id="sm-7bd">
         <name>_rtdxNullChanCnt</name>
         <value>0x9bb8</value>
         <object_component_ref idref="oc-19a"/>
      </symbol>
      <symbol id="sm-7be">
         <name>_RTDX_writing</name>
         <value>0xa87c</value>
         <object_component_ref idref="oc-19c"/>
      </symbol>
      <symbol id="sm-7bf">
         <name>_RTDX_Buffer_Initialize</name>
         <value>0x80eb</value>
         <object_component_ref idref="oc-218"/>
      </symbol>
      <symbol id="sm-7c0">
         <name>_RTDX_Buffer_Write</name>
         <value>0x826a</value>
         <object_component_ref idref="oc-217"/>
      </symbol>
      <symbol id="sm-7c1">
         <name>_rtdxNullFuncCnt</name>
         <value>0x9bba</value>
         <object_component_ref idref="oc-19a"/>
      </symbol>
      <symbol id="sm-7c2">
         <name>_RTDX_Buffer_Size</name>
         <value>0x81c5</value>
         <object_component_ref idref="oc-223"/>
      </symbol>
      <symbol id="sm-7dc">
         <name>_RTDX_LMM</name>
         <value>0x1</value>
      </symbol>
      <symbol id="sm-7dd">
         <name>_RTDX_Mon_Queue</name>
         <value>0x7ffe</value>
         <object_component_ref idref="oc-226"/>
      </symbol>
      <symbol id="sm-7de">
         <name>_rtdx_mon_state</name>
         <value>0xa84c</value>
         <object_component_ref idref="oc-19f"/>
      </symbol>
      <symbol id="sm-7df">
         <name>_RTDX_JTAGONLY</name>
         <value>0x3</value>
      </symbol>
      <symbol id="sm-7e0">
         <name>_RTDX_Final_RT_Monitor</name>
         <value>0x8189</value>
         <object_component_ref idref="oc-222"/>
      </symbol>
      <symbol id="sm-7e1">
         <name>_RTDX_Poll</name>
         <value>0x7dca</value>
         <object_component_ref idref="oc-212"/>
      </symbol>
      <symbol id="sm-7e2">
         <name>_RTDX_H2TPoll</name>
         <value>0x8086</value>
         <object_component_ref idref="oc-213"/>
      </symbol>
      <symbol id="sm-7e3">
         <name>_RTDX_Init_RT_Monitor</name>
         <value>0x7cbb</value>
         <object_component_ref idref="oc-219"/>
      </symbol>
      <symbol id="sm-7e9">
         <name>_RTDX_Set_IER</name>
         <value>0x824c</value>
         <object_component_ref idref="oc-21e"/>
      </symbol>
      <symbol id="sm-7ea">
         <name>_RTDX_Mask_IER</name>
         <value>0x8200</value>
         <object_component_ref idref="oc-21a"/>
      </symbol>
      <symbol id="sm-7f4">
         <name>_SEM_pend</name>
         <value>0x1da1</value>
         <object_component_ref idref="oc-1a2"/>
      </symbol>
      <symbol id="sm-7fe">
         <name>_SEM_pendEnterKnl</name>
         <value>0xb98</value>
         <object_component_ref idref="oc-1a6"/>
      </symbol>
      <symbol id="sm-808">
         <name>_SEM_postBinary</name>
         <value>0x1b4f</value>
         <object_component_ref idref="oc-1aa"/>
      </symbol>
      <symbol id="sm-809">
         <name>_SEM_post</name>
         <value>0x1b4f</value>
         <object_component_ref idref="oc-1aa"/>
      </symbol>
      <symbol id="sm-813">
         <name>_SEM_postEnterKnl</name>
         <value>0x1df0</value>
         <object_component_ref idref="oc-1ae"/>
      </symbol>
      <symbol id="sm-81d">
         <name>_STS_set</name>
         <value>0x2190</value>
         <object_component_ref idref="oc-1b2"/>
      </symbol>
      <symbol id="sm-82b">
         <name>_TSK_nTasks</name>
         <value>0x9a3c</value>
         <object_component_ref idref="oc-1b6"/>
      </symbol>
      <symbol id="sm-82c">
         <name>_TSK_config</name>
         <value>0x9a5c</value>
         <object_component_ref idref="oc-1b6"/>
      </symbol>
      <symbol id="sm-82d">
         <name>_TSK</name>
         <value>0x9a78</value>
         <object_component_ref idref="oc-1b6"/>
      </symbol>
      <symbol id="sm-82e">
         <name>_TSK_timerSem</name>
         <value>0x9a7c</value>
         <object_component_ref idref="oc-1b6"/>
      </symbol>
      <symbol id="sm-82f">
         <name>_TSK_pid</name>
         <value>0x9a3e</value>
         <object_component_ref idref="oc-1b6"/>
      </symbol>
      <symbol id="sm-830">
         <name>_TSK_ATTRS</name>
         <value>0x9a40</value>
         <object_component_ref idref="oc-1b6"/>
      </symbol>
      <symbol id="sm-83a">
         <name>_TSK_exit</name>
         <value>0x16e4</value>
         <object_component_ref idref="oc-1bc"/>
      </symbol>
      <symbol id="sm-844">
         <name>_SYS_exit</name>
         <value>0x1e80</value>
         <object_component_ref idref="oc-1c0"/>
      </symbol>
      <symbol id="sm-850">
         <name>_SYS_exitStack</name>
         <value>0x9b34</value>
         <object_component_ref idref="oc-1c4"/>
      </symbol>
      <symbol id="sm-851">
         <name>_SYS_exitStackPtr</name>
         <value>0x9b54</value>
         <object_component_ref idref="oc-1c4"/>
      </symbol>
      <symbol id="sm-852">
         <name>_SYS_exitStackTop</name>
         <value>0x9b58</value>
         <object_component_ref idref="oc-1c4"/>
      </symbol>
      <symbol id="sm-85c">
         <name>_TSK_init</name>
         <value>0xa240</value>
         <object_component_ref idref="oc-1c9"/>
      </symbol>
      <symbol id="sm-866">
         <name>_TSK_setup</name>
         <value>0x17dc</value>
         <object_component_ref idref="oc-1cd"/>
      </symbol>
      <symbol id="sm-878">
         <name>__MEM_mutex</name>
         <value>0x9ac4</value>
         <object_component_ref idref="oc-1d2"/>
      </symbol>
      <symbol id="sm-879">
         <name>_TSK_startup</name>
         <value>0x1930</value>
         <object_component_ref idref="oc-1d4"/>
      </symbol>
      <symbol id="sm-87a">
         <name>__TSK_mutex</name>
         <value>0x9a9c</value>
         <object_component_ref idref="oc-1d2"/>
      </symbol>
      <symbol id="sm-884">
         <name>_LCK_pend</name>
         <value>0x1d18</value>
         <object_component_ref idref="oc-1d9"/>
      </symbol>
      <symbol id="sm-885">
         <name>_LCK_post</name>
         <value>0x1cf8</value>
         <object_component_ref idref="oc-1d9"/>
      </symbol>
      <symbol id="sm-88f">
         <name>_SYS_abort</name>
         <value>0x2154</value>
         <object_component_ref idref="oc-1dd"/>
      </symbol>
      <symbol id="sm-893">
         <name>__CSL_init</name>
         <value>0x37dc</value>
         <object_component_ref idref="oc-1e1"/>
      </symbol>
      <symbol id="sm-89d">
         <name>__SEM_dopost</name>
         <value>0x15e0</value>
         <object_component_ref idref="oc-1e2"/>
      </symbol>
      <symbol id="sm-8ab">
         <name>__unlock</name>
         <value>0x9bc8</value>
         <object_component_ref idref="oc-1e7"/>
      </symbol>
      <symbol id="sm-8ac">
         <name>__lock</name>
         <value>0x9bc4</value>
         <object_component_ref idref="oc-1e7"/>
      </symbol>
      <symbol id="sm-8ad">
         <name>__register_lock</name>
         <value>0x37af</value>
         <object_component_ref idref="oc-1e6"/>
      </symbol>
      <symbol id="sm-8ae">
         <name>__nop</name>
         <value>0x37b7</value>
         <object_component_ref idref="oc-1e6"/>
      </symbol>
      <symbol id="sm-8af">
         <name>__register_unlock</name>
         <value>0x37a7</value>
         <object_component_ref idref="oc-1e6"/>
      </symbol>
      <symbol id="sm-8bd">
         <name>_atexit</name>
         <value>0x3499</value>
         <object_component_ref idref="oc-1ec"/>
      </symbol>
      <symbol id="sm-8be">
         <name>___atexit_func_id__</name>
         <value>0x9600</value>
         <object_component_ref idref="oc-1ed"/>
      </symbol>
      <symbol id="sm-8cc">
         <name>_dtors</name>
         <value>0x9be8</value>
         <object_component_ref idref="oc-1f3"/>
      </symbol>
      <symbol id="sm-8cd">
         <name>_call_dtors</name>
         <value>0x3341</value>
         <object_component_ref idref="oc-1f2"/>
      </symbol>
      <symbol id="sm-8ce">
         <name>___add_dtor</name>
         <value>0x3397</value>
         <object_component_ref idref="oc-1f2"/>
      </symbol>
      <symbol id="sm-8de">
         <name>C$$EXIT</name>
         <value>0x3805</value>
         <object_component_ref idref="oc-1fc"/>
      </symbol>
      <symbol id="sm-8df">
         <name>_exit</name>
         <value>0x36ca</value>
         <object_component_ref idref="oc-1f8"/>
      </symbol>
      <symbol id="sm-8e0">
         <name>_abort</name>
         <value>0x3804</value>
         <object_component_ref idref="oc-1fc"/>
      </symbol>
      <symbol id="sm-8e1">
         <name>__cleanup_ptr</name>
         <value>0x9bcc</value>
         <object_component_ref idref="oc-1f9"/>
      </symbol>
      <symbol id="sm-8e2">
         <name>__dtors_ptr</name>
         <value>0x9bd0</value>
         <object_component_ref idref="oc-1f9"/>
      </symbol>
      <symbol id="sm-8ec">
         <name>_auto_init</name>
         <value>0xa2c4</value>
         <object_component_ref idref="oc-1ff"/>
      </symbol>
      <symbol id="sm-8f4">
         <name>_memcpy</name>
         <value>0x368b</value>
         <object_component_ref idref="oc-203"/>
      </symbol>
      <symbol id="sm-8fe">
         <name>_memset</name>
         <value>0x37b9</value>
         <object_component_ref idref="oc-207"/>
      </symbol>
      <symbol id="sm-908">
         <name>iRTA_F_or</name>
         <value>0x1f82</value>
         <object_component_ref idref="oc-20b"/>
      </symbol>
      <symbol id="sm-909">
         <name>RTA_F_or</name>
         <value>0x1f6b</value>
         <object_component_ref idref="oc-20b"/>
      </symbol>
      <symbol id="sm-90a">
         <name>RTA_F_andn</name>
         <value>0x1f55</value>
         <object_component_ref idref="oc-20b"/>
      </symbol>
   </symbol_table>
</link_info>
