******************************************************************************
              TMS320C55x Linker PC v4.4.1                      
******************************************************************************
>> Linked Thu Mar 09 23:35:10 2023

OUTPUT FILE NAME:   <aic3204.out>
ENTRY POINT SYMBOL: "_c_int00"  address: 00003562


MEMORY CONFIGURATION

         name            origin    length      used     unused   attr    fill
                        (bytes)   (bytes)    (bytes)   (bytes)
----------------------  --------  ---------  --------  --------  ----  --------
PAGE 0:
  MMR                   00000000   000000c0  00000000  000000c0  RWIX
  BTRSVD                000000c0   00000240  00000000  00000240  RWIX
  DARAM                 00000300   0000fb00  00004c04  0000aefc  RWIX
  VECS                  0000fe00   00000200  00000100  00000100  RWIX
  CE0                   00010000   003f0000  00000000  003f0000  RWIX
  CE1                   00400000   00400000  00000000  00400000  RWIX
  CE2                   00800000   00400000  00000000  00400000  RWIX
  CE3                   00c00000   003f8000  00000000  003f8000  RWIX
  PDROM                 00ff8000   00008000  00000000  00008000  R IX

PAGE 2:
  IOPORT                00000000   00020000  00000000  00020000  RWI 


SECTION ALLOCATION MAP
(Addresses surrounded by []'s are displayed for convenience only!)

output                                                          attributes/
section   page  orgn(bytes) orgn(words) len(bytes) len(words)   input sections
--------  ----  ----------- ----------- ---------- ----------   --------------
.stack       0   [ 00000300 ]  00000180          *   00001000   
                 [ 00000300 ]  00000180          *   00001000   --HOLE-- [fill = 00]

.data        0   [ 00000300 ]  00000180          *   00000000   

.pinit       0   [ 00000300 ]  00000180          *   00000000   

.text        0     00002300  [ 00001180 ] 00001368          *   
                   00002300  [ 00001180 ] 00000261          *   csl5502x.lib : mcbsp_rst.obj (.text:MCBSP_reset)
                   00002561  [ 000012b0+] 00000223          *   aic3204.obj (.text)
                   00002784  [ 000013c2 ] 0000020c          *   ezdsp5502_gpio.obj (.text)
                   00002990  [ 000014c8 ] 0000018e          *   csl5502x.lib : i2c_write.obj (.text:I2C_write)
                   00002b1e  [ 0000158f ] 00000002          *   rts55x.lib : vectors.obj (.text)
                   00002b20  [ 00001590 ] 0000015d          *   csl5502x.lib : i2c_read.obj (.text:I2C_read)
                   00002c7d  [ 0000163e+] 0000014e          *   ezdsp5502_i2cgpio.obj (.text)
                   00002dcb  [ 000016e5 ] 00000001          *   --HOLE-- [fill = 20]
                   00002dcc  [ 000016e6 ] 00000130          *   csl5502x.lib : mcbsp_cfg.obj (.text:MCBSP_config)
                   00002efc  [ 0000177e ] 0000010e          *   main.obj (.text)
                   0000300a  [ 00001805 ] 00000002          *   --HOLE-- [fill = 20]
                   0000300c  [ 00001806 ] 000000ee          *   csl5502x.lib : mcbsp_open.obj (.text:MCBSP_open)
                   000030fa  [ 0000187d ] 000000ba          *   ezdsp5502_mcbsp.obj (.text)
                   000031b4  [ 000018da ] 00000082          *   csl5502x.lib : mcbsp_start.obj (.text:MCBSP_start)
                   00003236  [ 0000191b ] 0000007b          *   myFIR.obj (.text)
                   000032b1  [ 00001958 ] 00000003          *   --HOLE-- [fill = 20]
                   000032b4  [ 0000195a ] 00000072          *   csl5502x.lib : i2c_cfg.obj (.text:I2C_config)
                   00003326  [ 00001993 ] 0000006f          *   ezdsp5502.obj (.text)
                   00003395  [ 000019ca+] 0000006d          *   ezdsp5502_i2c.obj (.text)
                   00003402  [ 00001a01 ] 00000002          *   --HOLE-- [fill = 20]
                   00003404  [ 00001a02 ] 0000004f          *   csl5502x.lib : gpio_open.obj (.text:GPIO_open)
                   00003453  [ 00001a29+] 0000004d          *   rts55x.lib : autoinit.obj (.text)
                   000034a0  [ 00001a50 ] 0000004b          *              : args_main.obj (.text)
                   000034eb  [ 00001a75+] 0000003e          *              : exit.obj (.text)
                   00003529  [ 00001a94 ] 00000003          *   --HOLE-- [fill = 20]
                   0000352c  [ 00001a96 ] 00000036          *   csl5502x.lib : mcbsp_cls.obj (.text:MCBSP_close)
                   00003562  [ 00001ab1 ] 00000034          *   rts55x.lib : boot.obj (.text)
                   00003596  [ 00001acb ] 00000002          *   --HOLE-- [fill = 20]
                   00003598  [ 00001acc ] 0000001f          *   csl5502x.lib : gpio_dir.obj (.text:GPIO_pinDirection)
                   000035b7  [ 00001adb ] 00000001          *   --HOLE-- [fill = 20]
                   000035b8  [ 00001adc ] 0000001f          *                : gpio_write.obj (.text:GPIO_pinWrite)
                   000035d7  [ 00001aeb ] 00000001          *   --HOLE-- [fill = 20]
                   000035d8  [ 00001aec ] 00000014          *                : gpio_read.obj (.text:GPIO_pinRead)
                   000035ec  [ 00001af6 ] 00000013          *                : gpio_enab.obj (.text:GPIO_pinEnable)
                   000035ff  [ 00001aff+] 00000012          *   rts55x.lib : _lock.obj (.text)
                   00003611  [ 00001b08 ] 00000003          *   --HOLE-- [fill = 20]
                   00003614  [ 00001b0a ] 0000000f          *   csl5502x.lib : irq_gdisab.obj (.text:IRQ_globalDisable)
                   00003623  [ 00001b11 ] 00000001          *   --HOLE-- [fill = 20]
                   00003624  [ 00001b12 ] 0000000d          *                : _csl_init.obj (.text:_CSL_init)
                   00003631  [ 00001b18 ] 00000003          *   --HOLE-- [fill = 20]
                   00003634  [ 00001b1a ] 0000000c          *                : csl.obj (.text:CSL_init)
                   00003640  [ 00001b20 ] 0000000c          *                : irq_grest.obj (.text:IRQ_globalRestore)
                   0000364c  [ 00001b26 ] 00000007          *   rts55x.lib : exit.obj (.text:CIO_breakpoint)
                   00003653  [ 00001b29 ] 00000001          *   --HOLE-- [fill = 20]
                   00003654  [ 00001b2a ] 00000007          *   csl5502x.lib : mcbsp_r16.obj (.text:MCBSP_read16)
                   0000365b  [ 00001b2d ] 00000001          *   --HOLE-- [fill = 20]
                   0000365c  [ 00001b2e ] 00000007          *                : mcbsp_w16.obj (.text:MCBSP_write16)
                   00003663  [ 00001b31 ] 00000001          *   --HOLE-- [fill = 20]
                   00003664  [ 00001b32 ] 00000002          *                : csl.obj (.text)
                   00003666  [ 00001b33 ] 00000002          *   --HOLE-- [fill = 20]

.sysstack 
*            0   [ 00003680 ]  00001b40          *   00000800   
                 [ 00003680 ]  00001b40          *   00000800   --HOLE-- [fill = 00]

.cinit       0   [ 00004680 ]  00002340          *   000001b9   
                 [ 00004680 ]  00002340          *   000000f3   main.obj (.cinit)
                 [ 00004866 ]  00002433          *   00000069   csl5502x.lib : csl_mcbspdat.obj (.cinit)
                 [ 00004938 ]  0000249c          *   00000025                : csl_csldat.obj (.cinit)
                 [ 00004982 ]  000024c1          *   00000023                : csl_gpiodat.obj (.cinit)
                 [ 000049c8 ]  000024e4          *   0000000a   rts55x.lib : _lock.obj (.cinit)
                 [ 000049dc ]  000024ee          *   0000000a              : exit.obj (.cinit)
                 [ 000049f0 ]  000024f8          *   00000001   --HOLE-- [fill = 0]

.bss         0   [ 00004a00 ]  00002500          *   00000102   
                 [ 00004a00 ]  00002500          *   000000f0   main.obj (.bss) [fill = 00]
                 [ 00004be0 ]  000025f0          *   00000008   ezdsp5502_gpio.obj (.bss) [fill = 00]
                 [ 00004bf0 ]  000025f8          *   00000004   rts55x.lib : _lock.obj (.bss) [fill = 00]
                 [ 00004bf8 ]  000025fc          *   00000004              : exit.obj (.bss) [fill = 00]
                 [ 00004c00 ]  00002600          *   00000002   ezdsp5502_mcbsp.obj (.bss) [fill = 00]

.const       0   [ 00004c20 ]  00002610          *   000000eb   
                 [ 00004c20 ]  00002610          *   00000044   main.obj (.const:_demoFilter)
                 [ 00004ca8 ]  00002654          *   00000043   main.obj (.const:_highPass)
                 [ 00004d2e ]  00002697          *   0000003e   main.obj (.const:_fir1Coeffs)
                 [ 00004daa ]  000026d5          *   0000001b   ezdsp5502_mcbsp.obj (.const:_$P$T0$1)
                 [ 00004de0 ]  000026f0          *   0000000a   ezdsp5502_i2c.obj (.const:_$P$T0$1)
                 [ 00004df4 ]  000026fa          *   00000001   main.obj (.const)

.csldata     0   [ 00004e00 ]  00002700          *   000000a8   
                 [ 00004e00 ]  00002700          *   00000066   csl5502x.lib : csl_mcbspdat.obj (.csldata:MCBSP_data) [fill = 00]
                 [ 00004ecc ]  00002766          *   00000022                : csl_csldat.obj (.csldata:SYS_data) [fill = 00]
                 [ 00004f10 ]  00002788          *   00000020                : csl_gpiodat.obj (.csldata:GPIO_data) [fill = 00]

vectors      0     0000fe00  [ 00007f00 ] 00000100          *   
                   0000fe00  [ 00007f00 ] 00000100          *   rts55x.lib : vectors.obj (vectors)


GLOBAL SYMBOLS: SORTED ALPHABETICALLY BY Name 

abs. value/
byte addr   word addr   name
---------   ---------   ----
00000002                $TI_capability$C5500$CallingConvention
00000002                $TI_capability$C5500$MemoryModel
00000001                $TI_capability_requires_rev2
            00002500    .bss
            00000180    .data
00002300                .text
0000364d                C$$EXIT
00002561                _AIC3204_rget
000025ae                _AIC3204_rset
            000026fa    _BL
00003664                _CSL5502_LIB_
            00002788    _CSL_GpioData
            00002700    _CSL_McbspData
            00002766    _CSL_SysData
00003634                _CSL_init
00002915                _EZDSP5502_GPIO_getInput
00002784                _EZDSP5502_GPIO_init
0000281b                _EZDSP5502_GPIO_setDirection
00002898                _EZDSP5502_GPIO_setOutput
00002c7d                _EZDSP5502_I2CGPIO_configLine
00002d54                _EZDSP5502_I2CGPIO_read
00002cd0                _EZDSP5502_I2CGPIO_readLine
00002da1                _EZDSP5502_I2CGPIO_write
00002d01                _EZDSP5502_I2CGPIO_writeLine
00003395                _EZDSP5502_I2C_init
000033de                _EZDSP5502_I2C_read
000033b2                _EZDSP5502_I2C_reset
000033bc                _EZDSP5502_I2C_write
0000313e                _EZDSP5502_MCBSP_close
000030fa                _EZDSP5502_MCBSP_init
00003180                _EZDSP5502_MCBSP_read
00003150                _EZDSP5502_MCBSP_write
0000337c                _EZDSP5502_init
00003336                _EZDSP5502_wait
0000336a                _EZDSP5502_waitusec
00003404                _GPIO_open
00003598                _GPIO_pinDirection
000035ec                _GPIO_pinEnable
000035d8                _GPIO_pinRead
000035b8                _GPIO_pinWrite
000032b4                _I2C_config
00002b20                _I2C_read
00002990                _I2C_write
00003614                _IRQ_globalDisable
00003640                _IRQ_globalRestore
0000352c                _MCBSP_close
00002dcc                _MCBSP_config
0000300c                _MCBSP_open
00003654                _MCBSP_read16
00002300                _MCBSP_reset
000031b4                _MCBSP_start
0000365c                _MCBSP_write16
0000fe00                _Reset
00003624                __CSL_init
            00001180    __STACK_END
00002000                __STACK_SIZE
00001000                __SYSSTACK_SIZE
00000001                __TI_args_main
ffffffff                ___binit__
            00002500    ___bss__
ffffffff                ___c_args__
            00002340    ___cinit__
            00000180    ___data__
            00000180    ___edata__
            00002602    ___end__
00003668                ___etext__
ffffffff                ___pinit__
00002300                ___text__
000034a0                __args_main
            000025fc    __cleanup_ptr
            000025fe    __dtors_ptr
            000025f8    __lock
0000360f                __nop
00003607                __register_lock
000035ff                __register_unlock
            00000180    __stack
            00001b40    __sysstack
            000025fa    __unlock
0000364c                _abort
00002770                _aic3204_output_sample
000025d8                _aic3204_setup
            00002600    _aicMcbsp
00003453                _auto_init
00003562                _c_int00
            00002610    _demoFilter
000034eb                _exit
            00002697    _fir1Coeffs
            000025f0    _hGPIO_group0
            000025f2    _hGPIO_group1
            000025f4    _hGPIO_group2
            000025f6    _hGPIO_group3
            00002654    _highPass
00002efc                _main
00003236                _myFIR
            00002500    _testVector
ffffffff                binit
            00002340    cinit
            00000180    edata
            00002602    end
00003668                etext
ffffffff                pinit


GLOBAL SYMBOLS: SORTED BY Symbol Address 

abs. value/
byte addr   word addr   name
---------   ---------   ----
00000001                $TI_capability_requires_rev2
00000001                __TI_args_main
00000002                $TI_capability$C5500$CallingConvention
00000002                $TI_capability$C5500$MemoryModel
            00000180    .data
            00000180    ___data__
            00000180    ___edata__
            00000180    __stack
            00000180    edata
00001000                __SYSSTACK_SIZE
00002000                __STACK_SIZE
00002300                .text
00002300                _MCBSP_reset
            00001180    __STACK_END
00002300                ___text__
00002561                _AIC3204_rget
000025ae                _AIC3204_rset
000025d8                _aic3204_setup
00002770                _aic3204_output_sample
00002784                _EZDSP5502_GPIO_init
0000281b                _EZDSP5502_GPIO_setDirection
00002898                _EZDSP5502_GPIO_setOutput
00002915                _EZDSP5502_GPIO_getInput
00002990                _I2C_write
00002b20                _I2C_read
00002c7d                _EZDSP5502_I2CGPIO_configLine
00002cd0                _EZDSP5502_I2CGPIO_readLine
00002d01                _EZDSP5502_I2CGPIO_writeLine
00002d54                _EZDSP5502_I2CGPIO_read
00002da1                _EZDSP5502_I2CGPIO_write
00002dcc                _MCBSP_config
00002efc                _main
0000300c                _MCBSP_open
000030fa                _EZDSP5502_MCBSP_init
0000313e                _EZDSP5502_MCBSP_close
00003150                _EZDSP5502_MCBSP_write
00003180                _EZDSP5502_MCBSP_read
000031b4                _MCBSP_start
00003236                _myFIR
000032b4                _I2C_config
00003336                _EZDSP5502_wait
0000336a                _EZDSP5502_waitusec
0000337c                _EZDSP5502_init
00003395                _EZDSP5502_I2C_init
000033b2                _EZDSP5502_I2C_reset
000033bc                _EZDSP5502_I2C_write
000033de                _EZDSP5502_I2C_read
00003404                _GPIO_open
00003453                _auto_init
000034a0                __args_main
000034eb                _exit
0000352c                _MCBSP_close
00003562                _c_int00
00003598                _GPIO_pinDirection
000035b8                _GPIO_pinWrite
000035d8                _GPIO_pinRead
000035ec                _GPIO_pinEnable
000035ff                __register_unlock
00003607                __register_lock
0000360f                __nop
00003614                _IRQ_globalDisable
00003624                __CSL_init
00003634                _CSL_init
00003640                _IRQ_globalRestore
0000364c                _abort
0000364d                C$$EXIT
00003654                _MCBSP_read16
0000365c                _MCBSP_write16
00003664                _CSL5502_LIB_
00003668                ___etext__
00003668                etext
            00001b40    __sysstack
            00002340    ___cinit__
            00002340    cinit
            00002500    .bss
            00002500    ___bss__
            00002500    _testVector
            000025f0    _hGPIO_group0
            000025f2    _hGPIO_group1
            000025f4    _hGPIO_group2
            000025f6    _hGPIO_group3
            000025f8    __lock
            000025fa    __unlock
            000025fc    __cleanup_ptr
            000025fe    __dtors_ptr
            00002600    _aicMcbsp
            00002602    ___end__
            00002602    end
            00002610    _demoFilter
            00002654    _highPass
            00002697    _fir1Coeffs
            000026fa    _BL
            00002700    _CSL_McbspData
            00002766    _CSL_SysData
            00002788    _CSL_GpioData
0000fe00                _Reset
ffffffff                ___binit__
ffffffff                ___c_args__
ffffffff                ___pinit__
ffffffff                binit
ffffffff                pinit

[101 symbols]
