******************************************************************************
              TMS320C55x Linker PC v4.4.1                      
******************************************************************************
>> Linked Sat Feb 18 19:06:21 2023

OUTPUT FILE NAME:   <aic3204.out>
ENTRY POINT SYMBOL: "_c_int00"  address: 0000359e


MEMORY CONFIGURATION

         name            origin    length      used     unused   attr    fill
                        (bytes)   (bytes)    (bytes)   (bytes)
----------------------  --------  ---------  --------  --------  ----  --------
PAGE 0:
  MMR                   00000000   000000c0  00000000  000000c0  RWIX
  BTRSVD                000000c0   00000240  00000000  00000240  RWIX
  DARAM                 00000300   0000fb00  00004b30  0000afd0  RWIX
  VECS                  0000fe00   00000200  00000100  00000100  RWIX
  CE0                   00010000   003f0000  00000000  003f0000  RWIX
  CE1                   00400000   00400000  00000000  00400000  RWIX
  CE2                   00800000   00400000  00000000  00400000  RWIX
  CE3                   00c00000   003f8000  00000000  003f8000  RWIX
  PDROM                 00ff8000   00008000  00000000  00008000  R IX

PAGE 2:
  IOPORT                00000000   00020000  00000000  00020000  RWI 


SECTION ALLOCATION MAP
(Addresses surrounded by []'s are displayed for convenience only!)

output                                                          attributes/
section   page  orgn(bytes) orgn(words) len(bytes) len(words)   input sections
--------  ----  ----------- ----------- ---------- ----------   --------------
.stack       0   [ 00000300 ]  00000180          *   00001000   
                 [ 00000300 ]  00000180          *   00001000   --HOLE-- [fill = 00]

.data        0   [ 00000300 ]  00000180          *   00000000   

.pinit       0   [ 00000300 ]  00000180          *   00000000   

.text        0     00002300  [ 00001180 ] 000013a4          *   
                   00002300  [ 00001180 ] 00000261          *   csl5502x.lib : mcbsp_rst.obj (.text:MCBSP_reset)
                   00002561  [ 000012b0+] 00000223          *   aic3204.obj (.text)
                   00002784  [ 000013c2 ] 0000020c          *   ezdsp5502_gpio.obj (.text)
                   00002990  [ 000014c8 ] 0000018e          *   csl5502x.lib : i2c_write.obj (.text:I2C_write)
                   00002b1e  [ 0000158f ] 00000002          *   rts55x.lib : vectors.obj (.text)
                   00002b20  [ 00001590 ] 0000015d          *   csl5502x.lib : i2c_read.obj (.text:I2C_read)
                   00002c7d  [ 0000163e+] 0000014e          *   ezdsp5502_i2cgpio.obj (.text)
                   00002dcb  [ 000016e5 ] 00000001          *   --HOLE-- [fill = 20]
                   00002dcc  [ 000016e6 ] 00000130          *   csl5502x.lib : mcbsp_cfg.obj (.text:MCBSP_config)
                   00002efc  [ 0000177e ] 00000101          *   main.obj (.text)
                   00002ffd  [ 000017fe ] 00000003          *   --HOLE-- [fill = 20]
                   00003000  [ 00001800 ] 000000ee          *   csl5502x.lib : mcbsp_open.obj (.text:MCBSP_open)
                   000030ee  [ 00001877 ] 000000c2          *   myFIR.obj (.text)
                   000031b0  [ 000018d8 ] 000000ba          *   ezdsp5502_mcbsp.obj (.text)
                   0000326a  [ 00001935 ] 00000002          *   --HOLE-- [fill = 20]
                   0000326c  [ 00001936 ] 00000082          *   csl5502x.lib : mcbsp_start.obj (.text:MCBSP_start)
                   000032ee  [ 00001977 ] 00000002          *   --HOLE-- [fill = 20]
                   000032f0  [ 00001978 ] 00000072          *                : i2c_cfg.obj (.text:I2C_config)
                   00003362  [ 000019b1 ] 0000006f          *   ezdsp5502.obj (.text)
                   000033d1  [ 000019e8+] 0000006d          *   ezdsp5502_i2c.obj (.text)
                   0000343e  [ 00001a1f ] 00000002          *   --HOLE-- [fill = 20]
                   00003440  [ 00001a20 ] 0000004f          *   csl5502x.lib : gpio_open.obj (.text:GPIO_open)
                   0000348f  [ 00001a47+] 0000004d          *   rts55x.lib : autoinit.obj (.text)
                   000034dc  [ 00001a6e ] 0000004b          *              : args_main.obj (.text)
                   00003527  [ 00001a93+] 0000003e          *              : exit.obj (.text)
                   00003565  [ 00001ab2 ] 00000003          *   --HOLE-- [fill = 20]
                   00003568  [ 00001ab4 ] 00000036          *   csl5502x.lib : mcbsp_cls.obj (.text:MCBSP_close)
                   0000359e  [ 00001acf ] 00000034          *   rts55x.lib : boot.obj (.text)
                   000035d2  [ 00001ae9 ] 00000002          *   --HOLE-- [fill = 20]
                   000035d4  [ 00001aea ] 0000001f          *   csl5502x.lib : gpio_dir.obj (.text:GPIO_pinDirection)
                   000035f3  [ 00001af9 ] 00000001          *   --HOLE-- [fill = 20]
                   000035f4  [ 00001afa ] 0000001f          *                : gpio_write.obj (.text:GPIO_pinWrite)
                   00003613  [ 00001b09 ] 00000001          *   --HOLE-- [fill = 20]
                   00003614  [ 00001b0a ] 00000014          *                : gpio_read.obj (.text:GPIO_pinRead)
                   00003628  [ 00001b14 ] 00000013          *                : gpio_enab.obj (.text:GPIO_pinEnable)
                   0000363b  [ 00001b1d+] 00000012          *   rts55x.lib : _lock.obj (.text)
                   0000364d  [ 00001b26 ] 00000003          *   --HOLE-- [fill = 20]
                   00003650  [ 00001b28 ] 0000000f          *   csl5502x.lib : irq_gdisab.obj (.text:IRQ_globalDisable)
                   0000365f  [ 00001b2f ] 00000001          *   --HOLE-- [fill = 20]
                   00003660  [ 00001b30 ] 0000000d          *                : _csl_init.obj (.text:_CSL_init)
                   0000366d  [ 00001b36 ] 00000003          *   --HOLE-- [fill = 20]
                   00003670  [ 00001b38 ] 0000000c          *                : csl.obj (.text:CSL_init)
                   0000367c  [ 00001b3e ] 0000000c          *                : irq_grest.obj (.text:IRQ_globalRestore)
                   00003688  [ 00001b44 ] 00000007          *   rts55x.lib : exit.obj (.text:CIO_breakpoint)
                   0000368f  [ 00001b47 ] 00000001          *   --HOLE-- [fill = 20]
                   00003690  [ 00001b48 ] 00000007          *   csl5502x.lib : mcbsp_r16.obj (.text:MCBSP_read16)
                   00003697  [ 00001b4b ] 00000001          *   --HOLE-- [fill = 20]
                   00003698  [ 00001b4c ] 00000007          *                : mcbsp_w16.obj (.text:MCBSP_write16)
                   0000369f  [ 00001b4f ] 00000001          *   --HOLE-- [fill = 20]
                   000036a0  [ 00001b50 ] 00000002          *                : csl.obj (.text)
                   000036a2  [ 00001b51 ] 00000002          *   --HOLE-- [fill = 20]

.sysstack 
*            0   [ 000036c0 ]  00001b60          *   00000800   
                 [ 000036c0 ]  00001b60          *   00000800   --HOLE-- [fill = 00]

.cinit       0   [ 000046c0 ]  00002360          *   000001b9   
                 [ 000046c0 ]  00002360          *   000000f3   main.obj (.cinit)
                 [ 000048a6 ]  00002453          *   00000069   csl5502x.lib : csl_mcbspdat.obj (.cinit)
                 [ 00004978 ]  000024bc          *   00000025                : csl_csldat.obj (.cinit)
                 [ 000049c2 ]  000024e1          *   00000023                : csl_gpiodat.obj (.cinit)
                 [ 00004a08 ]  00002504          *   0000000a   rts55x.lib : _lock.obj (.cinit)
                 [ 00004a1c ]  0000250e          *   0000000a              : exit.obj (.cinit)
                 [ 00004a30 ]  00002518          *   00000001   --HOLE-- [fill = 0]

.bss         0   [ 00004a40 ]  00002520          *   00000102   
                 [ 00004a40 ]  00002520          *   000000f0   main.obj (.bss) [fill = 00]
                 [ 00004c20 ]  00002610          *   00000008   ezdsp5502_gpio.obj (.bss) [fill = 00]
                 [ 00004c30 ]  00002618          *   00000004   rts55x.lib : _lock.obj (.bss) [fill = 00]
                 [ 00004c38 ]  0000261c          *   00000004              : exit.obj (.bss) [fill = 00]
                 [ 00004c40 ]  00002620          *   00000002   ezdsp5502_mcbsp.obj (.bss) [fill = 00]

.csldata     0   [ 00004c60 ]  00002630          *   000000a8   
                 [ 00004c60 ]  00002630          *   00000066   csl5502x.lib : csl_mcbspdat.obj (.csldata:MCBSP_data) [fill = 00]
                 [ 00004d2c ]  00002696          *   00000022                : csl_csldat.obj (.csldata:SYS_data) [fill = 00]
                 [ 00004d70 ]  000026b8          *   00000020                : csl_gpiodat.obj (.csldata:GPIO_data) [fill = 00]

.const       0   [ 00004dc0 ]  000026e0          *   00000063   
                 [ 00004dc0 ]  000026e0          *   0000003e   main.obj (.const:_fir1Coeffs)
                 [ 00004e3c ]  0000271e          *   0000001b   ezdsp5502_mcbsp.obj (.const:_$P$T0$1)
                 [ 00004e72 ]  00002739          *   0000000a   ezdsp5502_i2c.obj (.const:_$P$T0$1)

vectors      0     0000fe00  [ 00007f00 ] 00000100          *   
                   0000fe00  [ 00007f00 ] 00000100          *   rts55x.lib : vectors.obj (vectors)


GLOBAL SYMBOLS: SORTED ALPHABETICALLY BY Name 

abs. value/
byte addr   word addr   name
---------   ---------   ----
00000002                $TI_capability$C5500$CallingConvention
00000002                $TI_capability$C5500$MemoryModel
00000001                $TI_capability_requires_rev2
            00002520    .bss
            00000180    .data
00002300                .text
00003689                C$$EXIT
00002561                _AIC3204_rget
000025ae                _AIC3204_rset
000036a0                _CSL5502_LIB_
            000026b8    _CSL_GpioData
            00002630    _CSL_McbspData
            00002696    _CSL_SysData
00003670                _CSL_init
00002915                _EZDSP5502_GPIO_getInput
00002784                _EZDSP5502_GPIO_init
0000281b                _EZDSP5502_GPIO_setDirection
00002898                _EZDSP5502_GPIO_setOutput
00002c7d                _EZDSP5502_I2CGPIO_configLine
00002d54                _EZDSP5502_I2CGPIO_read
00002cd0                _EZDSP5502_I2CGPIO_readLine
00002da1                _EZDSP5502_I2CGPIO_write
00002d01                _EZDSP5502_I2CGPIO_writeLine
000033d1                _EZDSP5502_I2C_init
0000341a                _EZDSP5502_I2C_read
000033ee                _EZDSP5502_I2C_reset
000033f8                _EZDSP5502_I2C_write
000031f4                _EZDSP5502_MCBSP_close
000031b0                _EZDSP5502_MCBSP_init
00003236                _EZDSP5502_MCBSP_read
00003206                _EZDSP5502_MCBSP_write
000033b8                _EZDSP5502_init
00003372                _EZDSP5502_wait
000033a6                _EZDSP5502_waitusec
00003440                _GPIO_open
000035d4                _GPIO_pinDirection
00003628                _GPIO_pinEnable
00003614                _GPIO_pinRead
000035f4                _GPIO_pinWrite
000032f0                _I2C_config
00002b20                _I2C_read
00002990                _I2C_write
00003650                _IRQ_globalDisable
0000367c                _IRQ_globalRestore
00003568                _MCBSP_close
00002dcc                _MCBSP_config
00003000                _MCBSP_open
00003690                _MCBSP_read16
00002300                _MCBSP_reset
0000326c                _MCBSP_start
00003698                _MCBSP_write16
0000fe00                _Reset
00003660                __CSL_init
            00001180    __STACK_END
00002000                __STACK_SIZE
00001000                __SYSSTACK_SIZE
00000001                __TI_args_main
ffffffff                ___binit__
            00002520    ___bss__
ffffffff                ___c_args__
            00002360    ___cinit__
            00000180    ___data__
            00000180    ___edata__
            00002622    ___end__
000036a4                ___etext__
ffffffff                ___pinit__
00002300                ___text__
000034dc                __args_main
            0000261c    __cleanup_ptr
            0000261e    __dtors_ptr
            00002618    __lock
0000364b                __nop
00003643                __register_lock
0000363b                __register_unlock
            00000180    __stack
            00001b60    __sysstack
            0000261a    __unlock
00003688                _abort
00002770                _aic3204_output_sample
000025d8                _aic3204_setup
            00002620    _aicMcbsp
0000348f                _auto_init
0000359e                _c_int00
00003527                _exit
            000026e0    _fir1Coeffs
            00002610    _hGPIO_group0
            00002612    _hGPIO_group1
            00002614    _hGPIO_group2
            00002616    _hGPIO_group3
00002efc                _main
000030ee                _myFIR
            00002520    _testVector
ffffffff                binit
            00002360    cinit
            00000180    edata
            00002622    end
000036a4                etext
ffffffff                pinit


GLOBAL SYMBOLS: SORTED BY Symbol Address 

abs. value/
byte addr   word addr   name
---------   ---------   ----
00000001                $TI_capability_requires_rev2
00000001                __TI_args_main
00000002                $TI_capability$C5500$CallingConvention
00000002                $TI_capability$C5500$MemoryModel
            00000180    .data
            00000180    ___data__
            00000180    ___edata__
            00000180    __stack
            00000180    edata
00001000                __SYSSTACK_SIZE
00002000                __STACK_SIZE
00002300                .text
00002300                _MCBSP_reset
            00001180    __STACK_END
00002300                ___text__
00002561                _AIC3204_rget
000025ae                _AIC3204_rset
000025d8                _aic3204_setup
00002770                _aic3204_output_sample
00002784                _EZDSP5502_GPIO_init
0000281b                _EZDSP5502_GPIO_setDirection
00002898                _EZDSP5502_GPIO_setOutput
00002915                _EZDSP5502_GPIO_getInput
00002990                _I2C_write
00002b20                _I2C_read
00002c7d                _EZDSP5502_I2CGPIO_configLine
00002cd0                _EZDSP5502_I2CGPIO_readLine
00002d01                _EZDSP5502_I2CGPIO_writeLine
00002d54                _EZDSP5502_I2CGPIO_read
00002da1                _EZDSP5502_I2CGPIO_write
00002dcc                _MCBSP_config
00002efc                _main
00003000                _MCBSP_open
000030ee                _myFIR
000031b0                _EZDSP5502_MCBSP_init
000031f4                _EZDSP5502_MCBSP_close
00003206                _EZDSP5502_MCBSP_write
00003236                _EZDSP5502_MCBSP_read
0000326c                _MCBSP_start
000032f0                _I2C_config
00003372                _EZDSP5502_wait
000033a6                _EZDSP5502_waitusec
000033b8                _EZDSP5502_init
000033d1                _EZDSP5502_I2C_init
000033ee                _EZDSP5502_I2C_reset
000033f8                _EZDSP5502_I2C_write
0000341a                _EZDSP5502_I2C_read
00003440                _GPIO_open
0000348f                _auto_init
000034dc                __args_main
00003527                _exit
00003568                _MCBSP_close
0000359e                _c_int00
000035d4                _GPIO_pinDirection
000035f4                _GPIO_pinWrite
00003614                _GPIO_pinRead
00003628                _GPIO_pinEnable
0000363b                __register_unlock
00003643                __register_lock
0000364b                __nop
00003650                _IRQ_globalDisable
00003660                __CSL_init
00003670                _CSL_init
0000367c                _IRQ_globalRestore
00003688                _abort
00003689                C$$EXIT
00003690                _MCBSP_read16
00003698                _MCBSP_write16
000036a0                _CSL5502_LIB_
000036a4                ___etext__
000036a4                etext
            00001b60    __sysstack
            00002360    ___cinit__
            00002360    cinit
            00002520    .bss
            00002520    ___bss__
            00002520    _testVector
            00002610    _hGPIO_group0
            00002612    _hGPIO_group1
            00002614    _hGPIO_group2
            00002616    _hGPIO_group3
            00002618    __lock
            0000261a    __unlock
            0000261c    __cleanup_ptr
            0000261e    __dtors_ptr
            00002620    _aicMcbsp
            00002622    ___end__
            00002622    end
            00002630    _CSL_McbspData
            00002696    _CSL_SysData
            000026b8    _CSL_GpioData
            000026e0    _fir1Coeffs
0000fe00                _Reset
ffffffff                ___binit__
ffffffff                ___c_args__
ffffffff                ___pinit__
ffffffff                binit
ffffffff                pinit

[98 symbols]
