******************************************************************************
              TMS320C55x Linker PC v4.4.1                      
******************************************************************************
>> Linked Fri Feb 17 14:40:27 2023

OUTPUT FILE NAME:   <aic3204.out>
ENTRY POINT SYMBOL: "_c_int00"  address: 00003552


MEMORY CONFIGURATION

         name            origin    length      used     unused   attr    fill
                        (bytes)   (bytes)    (bytes)   (bytes)
----------------------  --------  ---------  --------  --------  ----  --------
PAGE 0:
  MMR                   00000000   000000c0  00000000  000000c0  RWIX
  BTRSVD                000000c0   00000240  00000000  00000240  RWIX
  DARAM                 00000300   0000fb00  00004be8  0000af18  RWIX
  VECS                  0000fe00   00000200  00000100  00000100  RWIX
  CE0                   00010000   003f0000  00000000  003f0000  RWIX
  CE1                   00400000   00400000  00000000  00400000  RWIX
  CE2                   00800000   00400000  00000000  00400000  RWIX
  CE3                   00c00000   003f8000  00000000  003f8000  RWIX
  PDROM                 00ff8000   00008000  00000000  00008000  R IX

PAGE 2:
  IOPORT                00000000   00020000  00000000  00020000  RWI 


SECTION ALLOCATION MAP
(Addresses surrounded by []'s are displayed for convenience only!)

output                                                          attributes/
section   page  orgn(bytes) orgn(words) len(bytes) len(words)   input sections
--------  ----  ----------- ----------- ---------- ----------   --------------
.stack       0   [ 00000300 ]  00000180          *   00001000   
                 [ 00000300 ]  00000180          *   00001000   --HOLE-- [fill = 00]

.data        0   [ 00000300 ]  00000180          *   00000000   

.pinit       0   [ 00000300 ]  00000180          *   00000000   

.text        0     00002300  [ 00001180 ] 00001358          *   
                   00002300  [ 00001180 ] 00000261          *   csl5502x.lib : mcbsp_rst.obj (.text:MCBSP_reset)
                   00002561  [ 000012b0+] 00000223          *   aic3204.obj (.text)
                   00002784  [ 000013c2 ] 0000020c          *   ezdsp5502_gpio.obj (.text)
                   00002990  [ 000014c8 ] 0000018e          *   csl5502x.lib : i2c_write.obj (.text:I2C_write)
                   00002b1e  [ 0000158f ] 00000002          *   rts55x.lib : vectors.obj (.text)
                   00002b20  [ 00001590 ] 0000015d          *   csl5502x.lib : i2c_read.obj (.text:I2C_read)
                   00002c7d  [ 0000163e+] 0000014e          *   ezdsp5502_i2cgpio.obj (.text)
                   00002dcb  [ 000016e5 ] 00000001          *   --HOLE-- [fill = 20]
                   00002dcc  [ 000016e6 ] 00000130          *   csl5502x.lib : mcbsp_cfg.obj (.text:MCBSP_config)
                   00002efc  [ 0000177e ] 000000ee          *                : mcbsp_open.obj (.text:MCBSP_open)
                   00002fea  [ 000017f5 ] 000000d8          *   main.obj (.text)
                   000030c2  [ 00001861 ] 000000ba          *   ezdsp5502_mcbsp.obj (.text)
                   0000317c  [ 000018be ] 000000a2          *   myFIR.obj (.text)
                   0000321e  [ 0000190f ] 00000002          *   --HOLE-- [fill = 20]
                   00003220  [ 00001910 ] 00000082          *   csl5502x.lib : mcbsp_start.obj (.text:MCBSP_start)
                   000032a2  [ 00001951 ] 00000002          *   --HOLE-- [fill = 20]
                   000032a4  [ 00001952 ] 00000072          *                : i2c_cfg.obj (.text:I2C_config)
                   00003316  [ 0000198b ] 0000006f          *   ezdsp5502.obj (.text)
                   00003385  [ 000019c2+] 0000006d          *   ezdsp5502_i2c.obj (.text)
                   000033f2  [ 000019f9 ] 00000002          *   --HOLE-- [fill = 20]
                   000033f4  [ 000019fa ] 0000004f          *   csl5502x.lib : gpio_open.obj (.text:GPIO_open)
                   00003443  [ 00001a21+] 0000004d          *   rts55x.lib : autoinit.obj (.text)
                   00003490  [ 00001a48 ] 0000004b          *              : args_main.obj (.text)
                   000034db  [ 00001a6d+] 0000003e          *              : exit.obj (.text)
                   00003519  [ 00001a8c ] 00000003          *   --HOLE-- [fill = 20]
                   0000351c  [ 00001a8e ] 00000036          *   csl5502x.lib : mcbsp_cls.obj (.text:MCBSP_close)
                   00003552  [ 00001aa9 ] 00000034          *   rts55x.lib : boot.obj (.text)
                   00003586  [ 00001ac3 ] 00000002          *   --HOLE-- [fill = 20]
                   00003588  [ 00001ac4 ] 0000001f          *   csl5502x.lib : gpio_dir.obj (.text:GPIO_pinDirection)
                   000035a7  [ 00001ad3 ] 00000001          *   --HOLE-- [fill = 20]
                   000035a8  [ 00001ad4 ] 0000001f          *                : gpio_write.obj (.text:GPIO_pinWrite)
                   000035c7  [ 00001ae3 ] 00000001          *   --HOLE-- [fill = 20]
                   000035c8  [ 00001ae4 ] 00000014          *                : gpio_read.obj (.text:GPIO_pinRead)
                   000035dc  [ 00001aee ] 00000013          *                : gpio_enab.obj (.text:GPIO_pinEnable)
                   000035ef  [ 00001af7+] 00000012          *   rts55x.lib : _lock.obj (.text)
                   00003601  [ 00001b00 ] 00000003          *   --HOLE-- [fill = 20]
                   00003604  [ 00001b02 ] 0000000f          *   csl5502x.lib : irq_gdisab.obj (.text:IRQ_globalDisable)
                   00003613  [ 00001b09 ] 00000001          *   --HOLE-- [fill = 20]
                   00003614  [ 00001b0a ] 0000000d          *                : _csl_init.obj (.text:_CSL_init)
                   00003621  [ 00001b10 ] 00000003          *   --HOLE-- [fill = 20]
                   00003624  [ 00001b12 ] 0000000c          *                : csl.obj (.text:CSL_init)
                   00003630  [ 00001b18 ] 0000000c          *                : irq_grest.obj (.text:IRQ_globalRestore)
                   0000363c  [ 00001b1e ] 00000007          *   rts55x.lib : exit.obj (.text:CIO_breakpoint)
                   00003643  [ 00001b21 ] 00000001          *   --HOLE-- [fill = 20]
                   00003644  [ 00001b22 ] 00000007          *   csl5502x.lib : mcbsp_r16.obj (.text:MCBSP_read16)
                   0000364b  [ 00001b25 ] 00000001          *   --HOLE-- [fill = 20]
                   0000364c  [ 00001b26 ] 00000007          *                : mcbsp_w16.obj (.text:MCBSP_write16)
                   00003653  [ 00001b29 ] 00000001          *   --HOLE-- [fill = 20]
                   00003654  [ 00001b2a ] 00000002          *                : csl.obj (.text)
                   00003656  [ 00001b2b ] 00000002          *   --HOLE-- [fill = 20]

.sysstack 
*            0   [ 00003660 ]  00001b30          *   00000800   
                 [ 00003660 ]  00001b30          *   00000800   --HOLE-- [fill = 00]

.cinit       0   [ 00004660 ]  00002330          *   000001b9   
                 [ 00004660 ]  00002330          *   000000f3   main.obj (.cinit)
                 [ 00004846 ]  00002423          *   00000069   csl5502x.lib : csl_mcbspdat.obj (.cinit)
                 [ 00004918 ]  0000248c          *   00000025                : csl_csldat.obj (.cinit)
                 [ 00004962 ]  000024b1          *   00000023                : csl_gpiodat.obj (.cinit)
                 [ 000049a8 ]  000024d4          *   0000000a   rts55x.lib : _lock.obj (.cinit)
                 [ 000049bc ]  000024de          *   0000000a              : exit.obj (.cinit)
                 [ 000049d0 ]  000024e8          *   00000001   --HOLE-- [fill = 0]

.bss         0   [ 000049e0 ]  000024f0          *   00000184   
                 [ 000049e0 ]  000024f0          *   00000172   main.obj (.bss) [fill = 00]
                 [ 00004cc4 ]  00002662          *   00000008   ezdsp5502_gpio.obj (.bss) [fill = 00]
                 [ 00004cd4 ]  0000266a          *   00000004   rts55x.lib : _lock.obj (.bss) [fill = 00]
                 [ 00004cdc ]  0000266e          *   00000004              : exit.obj (.bss) [fill = 00]
                 [ 00004ce4 ]  00002672          *   00000002   ezdsp5502_mcbsp.obj (.bss) [fill = 00]

.csldata     0   [ 00004d00 ]  00002680          *   000000a8   
                 [ 00004d00 ]  00002680          *   00000066   csl5502x.lib : csl_mcbspdat.obj (.csldata:MCBSP_data) [fill = 00]
                 [ 00004dcc ]  000026e6          *   00000022                : csl_csldat.obj (.csldata:SYS_data) [fill = 00]
                 [ 00004e10 ]  00002708          *   00000020                : csl_gpiodat.obj (.csldata:GPIO_data) [fill = 00]

.const       0   [ 00004e60 ]  00002730          *   00000063   
                 [ 00004e60 ]  00002730          *   0000003e   main.obj (.const:_fir1Coeffs)
                 [ 00004edc ]  0000276e          *   0000001b   ezdsp5502_mcbsp.obj (.const:_$P$T0$1)
                 [ 00004f12 ]  00002789          *   0000000a   ezdsp5502_i2c.obj (.const:_$P$T0$1)

vectors      0     0000fe00  [ 00007f00 ] 00000100          *   
                   0000fe00  [ 00007f00 ] 00000100          *   rts55x.lib : vectors.obj (vectors)


GLOBAL SYMBOLS: SORTED ALPHABETICALLY BY Name 

abs. value/
byte addr   word addr   name
---------   ---------   ----
00000002                $TI_capability$C5500$CallingConvention
00000002                $TI_capability$C5500$MemoryModel
00000001                $TI_capability_requires_rev2
            000024f0    .bss
            00000180    .data
00002300                .text
0000363d                C$$EXIT
00002561                _AIC3204_rget
000025ae                _AIC3204_rset
00003654                _CSL5502_LIB_
            00002708    _CSL_GpioData
            00002680    _CSL_McbspData
            000026e6    _CSL_SysData
00003624                _CSL_init
00002915                _EZDSP5502_GPIO_getInput
00002784                _EZDSP5502_GPIO_init
0000281b                _EZDSP5502_GPIO_setDirection
00002898                _EZDSP5502_GPIO_setOutput
00002c7d                _EZDSP5502_I2CGPIO_configLine
00002d54                _EZDSP5502_I2CGPIO_read
00002cd0                _EZDSP5502_I2CGPIO_readLine
00002da1                _EZDSP5502_I2CGPIO_write
00002d01                _EZDSP5502_I2CGPIO_writeLine
00003385                _EZDSP5502_I2C_init
000033ce                _EZDSP5502_I2C_read
000033a2                _EZDSP5502_I2C_reset
000033ac                _EZDSP5502_I2C_write
00003106                _EZDSP5502_MCBSP_close
000030c2                _EZDSP5502_MCBSP_init
00003148                _EZDSP5502_MCBSP_read
00003118                _EZDSP5502_MCBSP_write
0000336c                _EZDSP5502_init
00003326                _EZDSP5502_wait
0000335a                _EZDSP5502_waitusec
000033f4                _GPIO_open
00003588                _GPIO_pinDirection
000035dc                _GPIO_pinEnable
000035c8                _GPIO_pinRead
000035a8                _GPIO_pinWrite
000032a4                _I2C_config
00002b20                _I2C_read
00002990                _I2C_write
00003604                _IRQ_globalDisable
00003630                _IRQ_globalRestore
0000351c                _MCBSP_close
00002dcc                _MCBSP_config
00002efc                _MCBSP_open
00003644                _MCBSP_read16
00002300                _MCBSP_reset
00003220                _MCBSP_start
0000364c                _MCBSP_write16
0000fe00                _Reset
00003614                __CSL_init
            00001180    __STACK_END
00002000                __STACK_SIZE
00001000                __SYSSTACK_SIZE
00000001                __TI_args_main
ffffffff                ___binit__
            000024f0    ___bss__
ffffffff                ___c_args__
            00002330    ___cinit__
            00000180    ___data__
            00000180    ___edata__
            00002674    ___end__
00003658                ___etext__
ffffffff                ___pinit__
00002300                ___text__
00003490                __args_main
            0000266e    __cleanup_ptr
            00002670    __dtors_ptr
            0000266a    __lock
000035ff                __nop
000035f7                __register_lock
000035ef                __register_unlock
            00000180    __stack
            00001b30    __sysstack
            0000266c    __unlock
0000363c                _abort
00002770                _aic3204_output_sample
000025d8                _aic3204_setup
            00002672    _aicMcbsp
00003443                _auto_init
00003552                _c_int00
000034db                _exit
            00002730    _fir1Coeffs
            00002660    _fir1Coeffsptr
            000025e0    _fir1_delayLine
            00002662    _hGPIO_group0
            00002664    _hGPIO_group1
            00002666    _hGPIO_group2
            00002668    _hGPIO_group3
00002fea                _main
0000317c                _myFIR
            000024f0    _testVector
            0000265c    _testVectorOutput
            0000265e    _testVectorptr
ffffffff                binit
            00002330    cinit
            00000180    edata
            00002674    end
00003658                etext
ffffffff                pinit


GLOBAL SYMBOLS: SORTED BY Symbol Address 

abs. value/
byte addr   word addr   name
---------   ---------   ----
00000001                $TI_capability_requires_rev2
00000001                __TI_args_main
00000002                $TI_capability$C5500$CallingConvention
00000002                $TI_capability$C5500$MemoryModel
            00000180    .data
            00000180    ___data__
            00000180    ___edata__
            00000180    __stack
            00000180    edata
00001000                __SYSSTACK_SIZE
00002000                __STACK_SIZE
00002300                .text
00002300                _MCBSP_reset
            00001180    __STACK_END
00002300                ___text__
00002561                _AIC3204_rget
000025ae                _AIC3204_rset
000025d8                _aic3204_setup
00002770                _aic3204_output_sample
00002784                _EZDSP5502_GPIO_init
0000281b                _EZDSP5502_GPIO_setDirection
00002898                _EZDSP5502_GPIO_setOutput
00002915                _EZDSP5502_GPIO_getInput
00002990                _I2C_write
00002b20                _I2C_read
00002c7d                _EZDSP5502_I2CGPIO_configLine
00002cd0                _EZDSP5502_I2CGPIO_readLine
00002d01                _EZDSP5502_I2CGPIO_writeLine
00002d54                _EZDSP5502_I2CGPIO_read
00002da1                _EZDSP5502_I2CGPIO_write
00002dcc                _MCBSP_config
00002efc                _MCBSP_open
00002fea                _main
000030c2                _EZDSP5502_MCBSP_init
00003106                _EZDSP5502_MCBSP_close
00003118                _EZDSP5502_MCBSP_write
00003148                _EZDSP5502_MCBSP_read
0000317c                _myFIR
00003220                _MCBSP_start
000032a4                _I2C_config
00003326                _EZDSP5502_wait
0000335a                _EZDSP5502_waitusec
0000336c                _EZDSP5502_init
00003385                _EZDSP5502_I2C_init
000033a2                _EZDSP5502_I2C_reset
000033ac                _EZDSP5502_I2C_write
000033ce                _EZDSP5502_I2C_read
000033f4                _GPIO_open
00003443                _auto_init
00003490                __args_main
000034db                _exit
0000351c                _MCBSP_close
00003552                _c_int00
00003588                _GPIO_pinDirection
000035a8                _GPIO_pinWrite
000035c8                _GPIO_pinRead
000035dc                _GPIO_pinEnable
000035ef                __register_unlock
000035f7                __register_lock
000035ff                __nop
00003604                _IRQ_globalDisable
00003614                __CSL_init
00003624                _CSL_init
00003630                _IRQ_globalRestore
0000363c                _abort
0000363d                C$$EXIT
00003644                _MCBSP_read16
0000364c                _MCBSP_write16
00003654                _CSL5502_LIB_
00003658                ___etext__
00003658                etext
            00001b30    __sysstack
            00002330    ___cinit__
            00002330    cinit
            000024f0    .bss
            000024f0    ___bss__
            000024f0    _testVector
            000025e0    _fir1_delayLine
            0000265c    _testVectorOutput
            0000265e    _testVectorptr
            00002660    _fir1Coeffsptr
            00002662    _hGPIO_group0
            00002664    _hGPIO_group1
            00002666    _hGPIO_group2
            00002668    _hGPIO_group3
            0000266a    __lock
            0000266c    __unlock
            0000266e    __cleanup_ptr
            00002670    __dtors_ptr
            00002672    _aicMcbsp
            00002674    ___end__
            00002674    end
            00002680    _CSL_McbspData
            000026e6    _CSL_SysData
            00002708    _CSL_GpioData
            00002730    _fir1Coeffs
0000fe00                _Reset
ffffffff                ___binit__
ffffffff                ___c_args__
ffffffff                ___pinit__
ffffffff                binit
ffffffff                pinit

[102 symbols]
