******************************************************************************
              TMS320C55x Linker PC v4.4.1                      
******************************************************************************
>> Linked Tue Feb 21 21:48:29 2023

OUTPUT FILE NAME:   <aic3204.out>
ENTRY POINT SYMBOL: "_c_int00"  address: 0000354e


MEMORY CONFIGURATION

         name            origin    length      used     unused   attr    fill
                        (bytes)   (bytes)    (bytes)   (bytes)
----------------------  --------  ---------  --------  --------  ----  --------
PAGE 0:
  MMR                   00000000   000000c0  00000000  000000c0  RWIX
  BTRSVD                000000c0   00000240  00000000  00000240  RWIX
  DARAM                 00000300   0000fb00  00004b68  0000af98  RWIX
  VECS                  0000fe00   00000200  00000100  00000100  RWIX
  CE0                   00010000   003f0000  00000000  003f0000  RWIX
  CE1                   00400000   00400000  00000000  00400000  RWIX
  CE2                   00800000   00400000  00000000  00400000  RWIX
  CE3                   00c00000   003f8000  00000000  003f8000  RWIX
  PDROM                 00ff8000   00008000  00000000  00008000  R IX

PAGE 2:
  IOPORT                00000000   00020000  00000000  00020000  RWI 


SECTION ALLOCATION MAP
(Addresses surrounded by []'s are displayed for convenience only!)

output                                                          attributes/
section   page  orgn(bytes) orgn(words) len(bytes) len(words)   input sections
--------  ----  ----------- ----------- ---------- ----------   --------------
.stack       0   [ 00000300 ]  00000180          *   00001000   
                 [ 00000300 ]  00000180          *   00001000   --HOLE-- [fill = 00]

.data        0   [ 00000300 ]  00000180          *   00000000   

.pinit       0   [ 00000300 ]  00000180          *   00000000   

.text        0     00002300  [ 00001180 ] 00001354          *   
                   00002300  [ 00001180 ] 00000261          *   csl5502x.lib : mcbsp_rst.obj (.text:MCBSP_reset)
                   00002561  [ 000012b0+] 00000223          *   aic3204.obj (.text)
                   00002784  [ 000013c2 ] 0000020c          *   ezdsp5502_gpio.obj (.text)
                   00002990  [ 000014c8 ] 0000018e          *   csl5502x.lib : i2c_write.obj (.text:I2C_write)
                   00002b1e  [ 0000158f ] 00000002          *   rts55x.lib : vectors.obj (.text)
                   00002b20  [ 00001590 ] 0000015d          *   csl5502x.lib : i2c_read.obj (.text:I2C_read)
                   00002c7d  [ 0000163e+] 0000014e          *   ezdsp5502_i2cgpio.obj (.text)
                   00002dcb  [ 000016e5 ] 00000001          *   --HOLE-- [fill = 20]
                   00002dcc  [ 000016e6 ] 00000130          *   csl5502x.lib : mcbsp_cfg.obj (.text:MCBSP_config)
                   00002efc  [ 0000177e ] 00000108          *   main.obj (.text)
                   00003004  [ 00001802 ] 000000ee          *   csl5502x.lib : mcbsp_open.obj (.text:MCBSP_open)
                   000030f2  [ 00001879 ] 000000ba          *   ezdsp5502_mcbsp.obj (.text)
                   000031ac  [ 000018d6 ] 00000082          *   csl5502x.lib : mcbsp_start.obj (.text:MCBSP_start)
                   0000322e  [ 00001917 ] 00000002          *   --HOLE-- [fill = 20]
                   00003230  [ 00001918 ] 00000072          *                : i2c_cfg.obj (.text:I2C_config)
                   000032a2  [ 00001951 ] 00000071          *   myFIR.obj (.text)
                   00003313  [ 00001989+] 0000006f          *   ezdsp5502.obj (.text)
                   00003382  [ 000019c1 ] 0000006d          *   ezdsp5502_i2c.obj (.text)
                   000033ef  [ 000019f7 ] 00000001          *   --HOLE-- [fill = 20]
                   000033f0  [ 000019f8 ] 0000004f          *   csl5502x.lib : gpio_open.obj (.text:GPIO_open)
                   0000343f  [ 00001a1f+] 0000004d          *   rts55x.lib : autoinit.obj (.text)
                   0000348c  [ 00001a46 ] 0000004b          *              : args_main.obj (.text)
                   000034d7  [ 00001a6b+] 0000003e          *              : exit.obj (.text)
                   00003515  [ 00001a8a ] 00000003          *   --HOLE-- [fill = 20]
                   00003518  [ 00001a8c ] 00000036          *   csl5502x.lib : mcbsp_cls.obj (.text:MCBSP_close)
                   0000354e  [ 00001aa7 ] 00000034          *   rts55x.lib : boot.obj (.text)
                   00003582  [ 00001ac1 ] 00000002          *   --HOLE-- [fill = 20]
                   00003584  [ 00001ac2 ] 0000001f          *   csl5502x.lib : gpio_dir.obj (.text:GPIO_pinDirection)
                   000035a3  [ 00001ad1 ] 00000001          *   --HOLE-- [fill = 20]
                   000035a4  [ 00001ad2 ] 0000001f          *                : gpio_write.obj (.text:GPIO_pinWrite)
                   000035c3  [ 00001ae1 ] 00000001          *   --HOLE-- [fill = 20]
                   000035c4  [ 00001ae2 ] 00000014          *                : gpio_read.obj (.text:GPIO_pinRead)
                   000035d8  [ 00001aec ] 00000013          *                : gpio_enab.obj (.text:GPIO_pinEnable)
                   000035eb  [ 00001af5+] 00000012          *   rts55x.lib : _lock.obj (.text)
                   000035fd  [ 00001afe ] 00000003          *   --HOLE-- [fill = 20]
                   00003600  [ 00001b00 ] 0000000f          *   csl5502x.lib : irq_gdisab.obj (.text:IRQ_globalDisable)
                   0000360f  [ 00001b07 ] 00000001          *   --HOLE-- [fill = 20]
                   00003610  [ 00001b08 ] 0000000d          *                : _csl_init.obj (.text:_CSL_init)
                   0000361d  [ 00001b0e ] 00000003          *   --HOLE-- [fill = 20]
                   00003620  [ 00001b10 ] 0000000c          *                : csl.obj (.text:CSL_init)
                   0000362c  [ 00001b16 ] 0000000c          *                : irq_grest.obj (.text:IRQ_globalRestore)
                   00003638  [ 00001b1c ] 00000007          *   rts55x.lib : exit.obj (.text:CIO_breakpoint)
                   0000363f  [ 00001b1f ] 00000001          *   --HOLE-- [fill = 20]
                   00003640  [ 00001b20 ] 00000007          *   csl5502x.lib : mcbsp_r16.obj (.text:MCBSP_read16)
                   00003647  [ 00001b23 ] 00000001          *   --HOLE-- [fill = 20]
                   00003648  [ 00001b24 ] 00000007          *                : mcbsp_w16.obj (.text:MCBSP_write16)
                   0000364f  [ 00001b27 ] 00000001          *   --HOLE-- [fill = 20]
                   00003650  [ 00001b28 ] 00000002          *                : csl.obj (.text)
                   00003652  [ 00001b29 ] 00000002          *   --HOLE-- [fill = 20]

.sysstack 
*            0   [ 00003660 ]  00001b30          *   00000800   
                 [ 00003660 ]  00001b30          *   00000800   --HOLE-- [fill = 00]

.cinit       0   [ 00004660 ]  00002330          *   000001b9   
                 [ 00004660 ]  00002330          *   000000f3   main.obj (.cinit)
                 [ 00004846 ]  00002423          *   00000069   csl5502x.lib : csl_mcbspdat.obj (.cinit)
                 [ 00004918 ]  0000248c          *   00000025                : csl_csldat.obj (.cinit)
                 [ 00004962 ]  000024b1          *   00000023                : csl_gpiodat.obj (.cinit)
                 [ 000049a8 ]  000024d4          *   0000000a   rts55x.lib : _lock.obj (.cinit)
                 [ 000049bc ]  000024de          *   0000000a              : exit.obj (.cinit)
                 [ 000049d0 ]  000024e8          *   00000001   --HOLE-- [fill = 0]

.bss         0   [ 000049e0 ]  000024f0          *   00000102   
                 [ 000049e0 ]  000024f0          *   000000f0   main.obj (.bss) [fill = 00]
                 [ 00004bc0 ]  000025e0          *   00000008   ezdsp5502_gpio.obj (.bss) [fill = 00]
                 [ 00004bd0 ]  000025e8          *   00000004   rts55x.lib : _lock.obj (.bss) [fill = 00]
                 [ 00004bd8 ]  000025ec          *   00000004              : exit.obj (.bss) [fill = 00]
                 [ 00004be0 ]  000025f0          *   00000002   ezdsp5502_mcbsp.obj (.bss) [fill = 00]

.csldata     0   [ 00004c00 ]  00002600          *   000000a8   
                 [ 00004c00 ]  00002600          *   00000066   csl5502x.lib : csl_mcbspdat.obj (.csldata:MCBSP_data) [fill = 00]
                 [ 00004ccc ]  00002666          *   00000022                : csl_csldat.obj (.csldata:SYS_data) [fill = 00]
                 [ 00004d10 ]  00002688          *   00000020                : csl_gpiodat.obj (.csldata:GPIO_data) [fill = 00]

.const       0   [ 00004d60 ]  000026b0          *   000000a7   
                 [ 00004d60 ]  000026b0          *   00000044   main.obj (.const:_demoFilter)
                 [ 00004de8 ]  000026f4          *   0000003e   main.obj (.const:_fir1Coeffs)
                 [ 00004e64 ]  00002732          *   0000001b   ezdsp5502_mcbsp.obj (.const:_$P$T0$1)
                 [ 00004e9a ]  0000274d          *   0000000a   ezdsp5502_i2c.obj (.const:_$P$T0$1)

vectors      0     0000fe00  [ 00007f00 ] 00000100          *   
                   0000fe00  [ 00007f00 ] 00000100          *   rts55x.lib : vectors.obj (vectors)


GLOBAL SYMBOLS: SORTED ALPHABETICALLY BY Name 

abs. value/
byte addr   word addr   name
---------   ---------   ----
00000002                $TI_capability$C5500$CallingConvention
00000002                $TI_capability$C5500$MemoryModel
00000001                $TI_capability_requires_rev2
            000024f0    .bss
            00000180    .data
00002300                .text
00003639                C$$EXIT
00002561                _AIC3204_rget
000025ae                _AIC3204_rset
00003650                _CSL5502_LIB_
            00002688    _CSL_GpioData
            00002600    _CSL_McbspData
            00002666    _CSL_SysData
00003620                _CSL_init
00002915                _EZDSP5502_GPIO_getInput
00002784                _EZDSP5502_GPIO_init
0000281b                _EZDSP5502_GPIO_setDirection
00002898                _EZDSP5502_GPIO_setOutput
00002c7d                _EZDSP5502_I2CGPIO_configLine
00002d54                _EZDSP5502_I2CGPIO_read
00002cd0                _EZDSP5502_I2CGPIO_readLine
00002da1                _EZDSP5502_I2CGPIO_write
00002d01                _EZDSP5502_I2CGPIO_writeLine
00003382                _EZDSP5502_I2C_init
000033cb                _EZDSP5502_I2C_read
0000339f                _EZDSP5502_I2C_reset
000033a9                _EZDSP5502_I2C_write
00003136                _EZDSP5502_MCBSP_close
000030f2                _EZDSP5502_MCBSP_init
00003178                _EZDSP5502_MCBSP_read
00003148                _EZDSP5502_MCBSP_write
00003369                _EZDSP5502_init
00003323                _EZDSP5502_wait
00003357                _EZDSP5502_waitusec
000033f0                _GPIO_open
00003584                _GPIO_pinDirection
000035d8                _GPIO_pinEnable
000035c4                _GPIO_pinRead
000035a4                _GPIO_pinWrite
00003230                _I2C_config
00002b20                _I2C_read
00002990                _I2C_write
00003600                _IRQ_globalDisable
0000362c                _IRQ_globalRestore
00003518                _MCBSP_close
00002dcc                _MCBSP_config
00003004                _MCBSP_open
00003640                _MCBSP_read16
00002300                _MCBSP_reset
000031ac                _MCBSP_start
00003648                _MCBSP_write16
0000fe00                _Reset
00003610                __CSL_init
            00001180    __STACK_END
00002000                __STACK_SIZE
00001000                __SYSSTACK_SIZE
00000001                __TI_args_main
ffffffff                ___binit__
            000024f0    ___bss__
ffffffff                ___c_args__
            00002330    ___cinit__
            00000180    ___data__
            00000180    ___edata__
            000025f2    ___end__
00003654                ___etext__
ffffffff                ___pinit__
00002300                ___text__
0000348c                __args_main
            000025ec    __cleanup_ptr
            000025ee    __dtors_ptr
            000025e8    __lock
000035fb                __nop
000035f3                __register_lock
000035eb                __register_unlock
            00000180    __stack
            00001b30    __sysstack
            000025ea    __unlock
00003638                _abort
00002770                _aic3204_output_sample
000025d8                _aic3204_setup
            000025f0    _aicMcbsp
0000343f                _auto_init
0000354e                _c_int00
            000026b0    _demoFilter
000034d7                _exit
            000026f4    _fir1Coeffs
            000025e0    _hGPIO_group0
            000025e2    _hGPIO_group1
            000025e4    _hGPIO_group2
            000025e6    _hGPIO_group3
00002efc                _main
000032a2                _myFIR
            000024f0    _testVector
ffffffff                binit
            00002330    cinit
            00000180    edata
            000025f2    end
00003654                etext
ffffffff                pinit


GLOBAL SYMBOLS: SORTED BY Symbol Address 

abs. value/
byte addr   word addr   name
---------   ---------   ----
00000001                $TI_capability_requires_rev2
00000001                __TI_args_main
00000002                $TI_capability$C5500$CallingConvention
00000002                $TI_capability$C5500$MemoryModel
            00000180    .data
            00000180    ___data__
            00000180    ___edata__
            00000180    __stack
            00000180    edata
00001000                __SYSSTACK_SIZE
00002000                __STACK_SIZE
00002300                .text
00002300                _MCBSP_reset
            00001180    __STACK_END
00002300                ___text__
00002561                _AIC3204_rget
000025ae                _AIC3204_rset
000025d8                _aic3204_setup
00002770                _aic3204_output_sample
00002784                _EZDSP5502_GPIO_init
0000281b                _EZDSP5502_GPIO_setDirection
00002898                _EZDSP5502_GPIO_setOutput
00002915                _EZDSP5502_GPIO_getInput
00002990                _I2C_write
00002b20                _I2C_read
00002c7d                _EZDSP5502_I2CGPIO_configLine
00002cd0                _EZDSP5502_I2CGPIO_readLine
00002d01                _EZDSP5502_I2CGPIO_writeLine
00002d54                _EZDSP5502_I2CGPIO_read
00002da1                _EZDSP5502_I2CGPIO_write
00002dcc                _MCBSP_config
00002efc                _main
00003004                _MCBSP_open
000030f2                _EZDSP5502_MCBSP_init
00003136                _EZDSP5502_MCBSP_close
00003148                _EZDSP5502_MCBSP_write
00003178                _EZDSP5502_MCBSP_read
000031ac                _MCBSP_start
00003230                _I2C_config
000032a2                _myFIR
00003323                _EZDSP5502_wait
00003357                _EZDSP5502_waitusec
00003369                _EZDSP5502_init
00003382                _EZDSP5502_I2C_init
0000339f                _EZDSP5502_I2C_reset
000033a9                _EZDSP5502_I2C_write
000033cb                _EZDSP5502_I2C_read
000033f0                _GPIO_open
0000343f                _auto_init
0000348c                __args_main
000034d7                _exit
00003518                _MCBSP_close
0000354e                _c_int00
00003584                _GPIO_pinDirection
000035a4                _GPIO_pinWrite
000035c4                _GPIO_pinRead
000035d8                _GPIO_pinEnable
000035eb                __register_unlock
000035f3                __register_lock
000035fb                __nop
00003600                _IRQ_globalDisable
00003610                __CSL_init
00003620                _CSL_init
0000362c                _IRQ_globalRestore
00003638                _abort
00003639                C$$EXIT
00003640                _MCBSP_read16
00003648                _MCBSP_write16
00003650                _CSL5502_LIB_
00003654                ___etext__
00003654                etext
            00001b30    __sysstack
            00002330    ___cinit__
            00002330    cinit
            000024f0    .bss
            000024f0    ___bss__
            000024f0    _testVector
            000025e0    _hGPIO_group0
            000025e2    _hGPIO_group1
            000025e4    _hGPIO_group2
            000025e6    _hGPIO_group3
            000025e8    __lock
            000025ea    __unlock
            000025ec    __cleanup_ptr
            000025ee    __dtors_ptr
            000025f0    _aicMcbsp
            000025f2    ___end__
            000025f2    end
            00002600    _CSL_McbspData
            00002666    _CSL_SysData
            00002688    _CSL_GpioData
            000026b0    _demoFilter
            000026f4    _fir1Coeffs
0000fe00                _Reset
ffffffff                ___binit__
ffffffff                ___c_args__
ffffffff                ___pinit__
ffffffff                binit
ffffffff                pinit

[99 symbols]
