******************************************************************************
              TMS320C55x Linker PC v4.4.1                      
******************************************************************************
>> Linked Sun Feb 19 20:18:08 2023

OUTPUT FILE NAME:   <aic3204.out>
ENTRY POINT SYMBOL: "_c_int00"  address: 000035ae


MEMORY CONFIGURATION

         name            origin    length      used     unused   attr    fill
                        (bytes)   (bytes)    (bytes)   (bytes)
----------------------  --------  ---------  --------  --------  ----  --------
PAGE 0:
  MMR                   00000000   000000c0  00000000  000000c0  RWIX
  BTRSVD                000000c0   00000240  00000000  00000240  RWIX
  DARAM                 00000300   0000fb00  00004b40  0000afc0  RWIX
  VECS                  0000fe00   00000200  00000100  00000100  RWIX
  CE0                   00010000   003f0000  00000000  003f0000  RWIX
  CE1                   00400000   00400000  00000000  00400000  RWIX
  CE2                   00800000   00400000  00000000  00400000  RWIX
  CE3                   00c00000   003f8000  00000000  003f8000  RWIX
  PDROM                 00ff8000   00008000  00000000  00008000  R IX

PAGE 2:
  IOPORT                00000000   00020000  00000000  00020000  RWI 


SECTION ALLOCATION MAP
(Addresses surrounded by []'s are displayed for convenience only!)

output                                                          attributes/
section   page  orgn(bytes) orgn(words) len(bytes) len(words)   input sections
--------  ----  ----------- ----------- ---------- ----------   --------------
.stack       0   [ 00000300 ]  00000180          *   00001000   
                 [ 00000300 ]  00000180          *   00001000   --HOLE-- [fill = 00]

.data        0   [ 00000300 ]  00000180          *   00000000   

.pinit       0   [ 00000300 ]  00000180          *   00000000   

.text        0     00002300  [ 00001180 ] 000013b4          *   
                   00002300  [ 00001180 ] 00000261          *   csl5502x.lib : mcbsp_rst.obj (.text:MCBSP_reset)
                   00002561  [ 000012b0+] 00000223          *   aic3204.obj (.text)
                   00002784  [ 000013c2 ] 0000020c          *   ezdsp5502_gpio.obj (.text)
                   00002990  [ 000014c8 ] 0000018e          *   csl5502x.lib : i2c_write.obj (.text:I2C_write)
                   00002b1e  [ 0000158f ] 00000002          *   rts55x.lib : vectors.obj (.text)
                   00002b20  [ 00001590 ] 0000015d          *   csl5502x.lib : i2c_read.obj (.text:I2C_read)
                   00002c7d  [ 0000163e+] 0000014e          *   ezdsp5502_i2cgpio.obj (.text)
                   00002dcb  [ 000016e5 ] 00000001          *   --HOLE-- [fill = 20]
                   00002dcc  [ 000016e6 ] 00000130          *   csl5502x.lib : mcbsp_cfg.obj (.text:MCBSP_config)
                   00002efc  [ 0000177e ] 00000112          *   main.obj (.text)
                   0000300e  [ 00001807 ] 00000002          *   --HOLE-- [fill = 20]
                   00003010  [ 00001808 ] 000000ee          *   csl5502x.lib : mcbsp_open.obj (.text:MCBSP_open)
                   000030fe  [ 0000187f ] 000000c2          *   myFIR.obj (.text)
                   000031c0  [ 000018e0 ] 000000ba          *   ezdsp5502_mcbsp.obj (.text)
                   0000327a  [ 0000193d ] 00000002          *   --HOLE-- [fill = 20]
                   0000327c  [ 0000193e ] 00000082          *   csl5502x.lib : mcbsp_start.obj (.text:MCBSP_start)
                   000032fe  [ 0000197f ] 00000002          *   --HOLE-- [fill = 20]
                   00003300  [ 00001980 ] 00000072          *                : i2c_cfg.obj (.text:I2C_config)
                   00003372  [ 000019b9 ] 0000006f          *   ezdsp5502.obj (.text)
                   000033e1  [ 000019f0+] 0000006d          *   ezdsp5502_i2c.obj (.text)
                   0000344e  [ 00001a27 ] 00000002          *   --HOLE-- [fill = 20]
                   00003450  [ 00001a28 ] 0000004f          *   csl5502x.lib : gpio_open.obj (.text:GPIO_open)
                   0000349f  [ 00001a4f+] 0000004d          *   rts55x.lib : autoinit.obj (.text)
                   000034ec  [ 00001a76 ] 0000004b          *              : args_main.obj (.text)
                   00003537  [ 00001a9b+] 0000003e          *              : exit.obj (.text)
                   00003575  [ 00001aba ] 00000003          *   --HOLE-- [fill = 20]
                   00003578  [ 00001abc ] 00000036          *   csl5502x.lib : mcbsp_cls.obj (.text:MCBSP_close)
                   000035ae  [ 00001ad7 ] 00000034          *   rts55x.lib : boot.obj (.text)
                   000035e2  [ 00001af1 ] 00000002          *   --HOLE-- [fill = 20]
                   000035e4  [ 00001af2 ] 0000001f          *   csl5502x.lib : gpio_dir.obj (.text:GPIO_pinDirection)
                   00003603  [ 00001b01 ] 00000001          *   --HOLE-- [fill = 20]
                   00003604  [ 00001b02 ] 0000001f          *                : gpio_write.obj (.text:GPIO_pinWrite)
                   00003623  [ 00001b11 ] 00000001          *   --HOLE-- [fill = 20]
                   00003624  [ 00001b12 ] 00000014          *                : gpio_read.obj (.text:GPIO_pinRead)
                   00003638  [ 00001b1c ] 00000013          *                : gpio_enab.obj (.text:GPIO_pinEnable)
                   0000364b  [ 00001b25+] 00000012          *   rts55x.lib : _lock.obj (.text)
                   0000365d  [ 00001b2e ] 00000003          *   --HOLE-- [fill = 20]
                   00003660  [ 00001b30 ] 0000000f          *   csl5502x.lib : irq_gdisab.obj (.text:IRQ_globalDisable)
                   0000366f  [ 00001b37 ] 00000001          *   --HOLE-- [fill = 20]
                   00003670  [ 00001b38 ] 0000000d          *                : _csl_init.obj (.text:_CSL_init)
                   0000367d  [ 00001b3e ] 00000003          *   --HOLE-- [fill = 20]
                   00003680  [ 00001b40 ] 0000000c          *                : csl.obj (.text:CSL_init)
                   0000368c  [ 00001b46 ] 0000000c          *                : irq_grest.obj (.text:IRQ_globalRestore)
                   00003698  [ 00001b4c ] 00000007          *   rts55x.lib : exit.obj (.text:CIO_breakpoint)
                   0000369f  [ 00001b4f ] 00000001          *   --HOLE-- [fill = 20]
                   000036a0  [ 00001b50 ] 00000007          *   csl5502x.lib : mcbsp_r16.obj (.text:MCBSP_read16)
                   000036a7  [ 00001b53 ] 00000001          *   --HOLE-- [fill = 20]
                   000036a8  [ 00001b54 ] 00000007          *                : mcbsp_w16.obj (.text:MCBSP_write16)
                   000036af  [ 00001b57 ] 00000001          *   --HOLE-- [fill = 20]
                   000036b0  [ 00001b58 ] 00000002          *                : csl.obj (.text)
                   000036b2  [ 00001b59 ] 00000002          *   --HOLE-- [fill = 20]

.sysstack 
*            0   [ 000036c0 ]  00001b60          *   00000800   
                 [ 000036c0 ]  00001b60          *   00000800   --HOLE-- [fill = 00]

.cinit       0   [ 000046c0 ]  00002360          *   000001b9   
                 [ 000046c0 ]  00002360          *   000000f3   main.obj (.cinit)
                 [ 000048a6 ]  00002453          *   00000069   csl5502x.lib : csl_mcbspdat.obj (.cinit)
                 [ 00004978 ]  000024bc          *   00000025                : csl_csldat.obj (.cinit)
                 [ 000049c2 ]  000024e1          *   00000023                : csl_gpiodat.obj (.cinit)
                 [ 00004a08 ]  00002504          *   0000000a   rts55x.lib : _lock.obj (.cinit)
                 [ 00004a1c ]  0000250e          *   0000000a              : exit.obj (.cinit)
                 [ 00004a30 ]  00002518          *   00000001   --HOLE-- [fill = 0]

.bss         0   [ 00004a40 ]  00002520          *   00000102   
                 [ 00004a40 ]  00002520          *   000000f0   main.obj (.bss) [fill = 00]
                 [ 00004c20 ]  00002610          *   00000008   ezdsp5502_gpio.obj (.bss) [fill = 00]
                 [ 00004c30 ]  00002618          *   00000004   rts55x.lib : _lock.obj (.bss) [fill = 00]
                 [ 00004c38 ]  0000261c          *   00000004              : exit.obj (.bss) [fill = 00]
                 [ 00004c40 ]  00002620          *   00000002   ezdsp5502_mcbsp.obj (.bss) [fill = 00]

.csldata     0   [ 00004c60 ]  00002630          *   000000a8   
                 [ 00004c60 ]  00002630          *   00000066   csl5502x.lib : csl_mcbspdat.obj (.csldata:MCBSP_data) [fill = 00]
                 [ 00004d2c ]  00002696          *   00000022                : csl_csldat.obj (.csldata:SYS_data) [fill = 00]
                 [ 00004d70 ]  000026b8          *   00000020                : csl_gpiodat.obj (.csldata:GPIO_data) [fill = 00]

.const       0   [ 00004dc0 ]  000026e0          *   00000063   
                 [ 00004dc0 ]  000026e0          *   0000003e   main.obj (.const:_fir1Coeffs)
                 [ 00004e3c ]  0000271e          *   0000001b   ezdsp5502_mcbsp.obj (.const:_$P$T0$1)
                 [ 00004e72 ]  00002739          *   0000000a   ezdsp5502_i2c.obj (.const:_$P$T0$1)

vectors      0     0000fe00  [ 00007f00 ] 00000100          *   
                   0000fe00  [ 00007f00 ] 00000100          *   rts55x.lib : vectors.obj (vectors)


GLOBAL SYMBOLS: SORTED ALPHABETICALLY BY Name 

abs. value/
byte addr   word addr   name
---------   ---------   ----
00000002                $TI_capability$C5500$CallingConvention
00000002                $TI_capability$C5500$MemoryModel
00000001                $TI_capability_requires_rev2
            00002520    .bss
            00000180    .data
00002300                .text
00003699                C$$EXIT
00002561                _AIC3204_rget
000025ae                _AIC3204_rset
000036b0                _CSL5502_LIB_
            000026b8    _CSL_GpioData
            00002630    _CSL_McbspData
            00002696    _CSL_SysData
00003680                _CSL_init
00002915                _EZDSP5502_GPIO_getInput
00002784                _EZDSP5502_GPIO_init
0000281b                _EZDSP5502_GPIO_setDirection
00002898                _EZDSP5502_GPIO_setOutput
00002c7d                _EZDSP5502_I2CGPIO_configLine
00002d54                _EZDSP5502_I2CGPIO_read
00002cd0                _EZDSP5502_I2CGPIO_readLine
00002da1                _EZDSP5502_I2CGPIO_write
00002d01                _EZDSP5502_I2CGPIO_writeLine
000033e1                _EZDSP5502_I2C_init
0000342a                _EZDSP5502_I2C_read
000033fe                _EZDSP5502_I2C_reset
00003408                _EZDSP5502_I2C_write
00003204                _EZDSP5502_MCBSP_close
000031c0                _EZDSP5502_MCBSP_init
00003246                _EZDSP5502_MCBSP_read
00003216                _EZDSP5502_MCBSP_write
000033c8                _EZDSP5502_init
00003382                _EZDSP5502_wait
000033b6                _EZDSP5502_waitusec
00003450                _GPIO_open
000035e4                _GPIO_pinDirection
00003638                _GPIO_pinEnable
00003624                _GPIO_pinRead
00003604                _GPIO_pinWrite
00003300                _I2C_config
00002b20                _I2C_read
00002990                _I2C_write
00003660                _IRQ_globalDisable
0000368c                _IRQ_globalRestore
00003578                _MCBSP_close
00002dcc                _MCBSP_config
00003010                _MCBSP_open
000036a0                _MCBSP_read16
00002300                _MCBSP_reset
0000327c                _MCBSP_start
000036a8                _MCBSP_write16
0000fe00                _Reset
00003670                __CSL_init
            00001180    __STACK_END
00002000                __STACK_SIZE
00001000                __SYSSTACK_SIZE
00000001                __TI_args_main
ffffffff                ___binit__
            00002520    ___bss__
ffffffff                ___c_args__
            00002360    ___cinit__
            00000180    ___data__
            00000180    ___edata__
            00002622    ___end__
000036b4                ___etext__
ffffffff                ___pinit__
00002300                ___text__
000034ec                __args_main
            0000261c    __cleanup_ptr
            0000261e    __dtors_ptr
            00002618    __lock
0000365b                __nop
00003653                __register_lock
0000364b                __register_unlock
            00000180    __stack
            00001b60    __sysstack
            0000261a    __unlock
00003698                _abort
00002770                _aic3204_output_sample
000025d8                _aic3204_setup
            00002620    _aicMcbsp
0000349f                _auto_init
000035ae                _c_int00
00003537                _exit
            000026e0    _fir1Coeffs
            00002610    _hGPIO_group0
            00002612    _hGPIO_group1
            00002614    _hGPIO_group2
            00002616    _hGPIO_group3
00002efc                _main
000030fe                _myFIR
            00002520    _testVector
ffffffff                binit
            00002360    cinit
            00000180    edata
            00002622    end
000036b4                etext
ffffffff                pinit


GLOBAL SYMBOLS: SORTED BY Symbol Address 

abs. value/
byte addr   word addr   name
---------   ---------   ----
00000001                $TI_capability_requires_rev2
00000001                __TI_args_main
00000002                $TI_capability$C5500$CallingConvention
00000002                $TI_capability$C5500$MemoryModel
            00000180    .data
            00000180    ___data__
            00000180    ___edata__
            00000180    __stack
            00000180    edata
00001000                __SYSSTACK_SIZE
00002000                __STACK_SIZE
00002300                .text
00002300                _MCBSP_reset
            00001180    __STACK_END
00002300                ___text__
00002561                _AIC3204_rget
000025ae                _AIC3204_rset
000025d8                _aic3204_setup
00002770                _aic3204_output_sample
00002784                _EZDSP5502_GPIO_init
0000281b                _EZDSP5502_GPIO_setDirection
00002898                _EZDSP5502_GPIO_setOutput
00002915                _EZDSP5502_GPIO_getInput
00002990                _I2C_write
00002b20                _I2C_read
00002c7d                _EZDSP5502_I2CGPIO_configLine
00002cd0                _EZDSP5502_I2CGPIO_readLine
00002d01                _EZDSP5502_I2CGPIO_writeLine
00002d54                _EZDSP5502_I2CGPIO_read
00002da1                _EZDSP5502_I2CGPIO_write
00002dcc                _MCBSP_config
00002efc                _main
00003010                _MCBSP_open
000030fe                _myFIR
000031c0                _EZDSP5502_MCBSP_init
00003204                _EZDSP5502_MCBSP_close
00003216                _EZDSP5502_MCBSP_write
00003246                _EZDSP5502_MCBSP_read
0000327c                _MCBSP_start
00003300                _I2C_config
00003382                _EZDSP5502_wait
000033b6                _EZDSP5502_waitusec
000033c8                _EZDSP5502_init
000033e1                _EZDSP5502_I2C_init
000033fe                _EZDSP5502_I2C_reset
00003408                _EZDSP5502_I2C_write
0000342a                _EZDSP5502_I2C_read
00003450                _GPIO_open
0000349f                _auto_init
000034ec                __args_main
00003537                _exit
00003578                _MCBSP_close
000035ae                _c_int00
000035e4                _GPIO_pinDirection
00003604                _GPIO_pinWrite
00003624                _GPIO_pinRead
00003638                _GPIO_pinEnable
0000364b                __register_unlock
00003653                __register_lock
0000365b                __nop
00003660                _IRQ_globalDisable
00003670                __CSL_init
00003680                _CSL_init
0000368c                _IRQ_globalRestore
00003698                _abort
00003699                C$$EXIT
000036a0                _MCBSP_read16
000036a8                _MCBSP_write16
000036b0                _CSL5502_LIB_
000036b4                ___etext__
000036b4                etext
            00001b60    __sysstack
            00002360    ___cinit__
            00002360    cinit
            00002520    .bss
            00002520    ___bss__
            00002520    _testVector
            00002610    _hGPIO_group0
            00002612    _hGPIO_group1
            00002614    _hGPIO_group2
            00002616    _hGPIO_group3
            00002618    __lock
            0000261a    __unlock
            0000261c    __cleanup_ptr
            0000261e    __dtors_ptr
            00002620    _aicMcbsp
            00002622    ___end__
            00002622    end
            00002630    _CSL_McbspData
            00002696    _CSL_SysData
            000026b8    _CSL_GpioData
            000026e0    _fir1Coeffs
0000fe00                _Reset
ffffffff                ___binit__
ffffffff                ___c_args__
ffffffff                ___pinit__
ffffffff                binit
ffffffff                pinit

[98 symbols]
