******************************************************************************
              TMS320C55x Linker PC v4.4.1                      
******************************************************************************
>> Linked Fri Feb 17 19:10:21 2023

OUTPUT FILE NAME:   <aic3204.out>
ENTRY POINT SYMBOL: "_c_int00"  address: 0000359a


MEMORY CONFIGURATION

         name            origin    length      used     unused   attr    fill
                        (bytes)   (bytes)    (bytes)   (bytes)
----------------------  --------  ---------  --------  --------  ----  --------
PAGE 0:
  MMR                   00000000   000000c0  00000000  000000c0  RWIX
  BTRSVD                000000c0   00000240  00000000  00000240  RWIX
  DARAM                 00000300   0000fb00  00004b2c  0000afd4  RWIX
  VECS                  0000fe00   00000200  00000100  00000100  RWIX
  CE0                   00010000   003f0000  00000000  003f0000  RWIX
  CE1                   00400000   00400000  00000000  00400000  RWIX
  CE2                   00800000   00400000  00000000  00400000  RWIX
  CE3                   00c00000   003f8000  00000000  003f8000  RWIX
  PDROM                 00ff8000   00008000  00000000  00008000  R IX

PAGE 2:
  IOPORT                00000000   00020000  00000000  00020000  RWI 


SECTION ALLOCATION MAP
(Addresses surrounded by []'s are displayed for convenience only!)

output                                                          attributes/
section   page  orgn(bytes) orgn(words) len(bytes) len(words)   input sections
--------  ----  ----------- ----------- ---------- ----------   --------------
.stack       0   [ 00000300 ]  00000180          *   00001000   
                 [ 00000300 ]  00000180          *   00001000   --HOLE-- [fill = 00]

.data        0   [ 00000300 ]  00000180          *   00000000   

.pinit       0   [ 00000300 ]  00000180          *   00000000   

.text        0     00002300  [ 00001180 ] 000013a0          *   
                   00002300  [ 00001180 ] 00000261          *   csl5502x.lib : mcbsp_rst.obj (.text:MCBSP_reset)
                   00002561  [ 000012b0+] 00000223          *   aic3204.obj (.text)
                   00002784  [ 000013c2 ] 0000020c          *   ezdsp5502_gpio.obj (.text)
                   00002990  [ 000014c8 ] 0000018e          *   csl5502x.lib : i2c_write.obj (.text:I2C_write)
                   00002b1e  [ 0000158f ] 00000002          *   rts55x.lib : vectors.obj (.text)
                   00002b20  [ 00001590 ] 0000015d          *   csl5502x.lib : i2c_read.obj (.text:I2C_read)
                   00002c7d  [ 0000163e+] 0000014e          *   ezdsp5502_i2cgpio.obj (.text)
                   00002dcb  [ 000016e5 ] 00000001          *   --HOLE-- [fill = 20]
                   00002dcc  [ 000016e6 ] 00000130          *   csl5502x.lib : mcbsp_cfg.obj (.text:MCBSP_config)
                   00002efc  [ 0000177e ] 00000103          *   main.obj (.text)
                   00002fff  [ 000017ff ] 00000001          *   --HOLE-- [fill = 20]
                   00003000  [ 00001800 ] 000000ee          *   csl5502x.lib : mcbsp_open.obj (.text:MCBSP_open)
                   000030ee  [ 00001877 ] 000000bf          *   myFIR.obj (.text)
                   000031ad  [ 000018d6+] 000000ba          *   ezdsp5502_mcbsp.obj (.text)
                   00003267  [ 00001933 ] 00000001          *   --HOLE-- [fill = 20]
                   00003268  [ 00001934 ] 00000082          *   csl5502x.lib : mcbsp_start.obj (.text:MCBSP_start)
                   000032ea  [ 00001975 ] 00000002          *   --HOLE-- [fill = 20]
                   000032ec  [ 00001976 ] 00000072          *                : i2c_cfg.obj (.text:I2C_config)
                   0000335e  [ 000019af ] 0000006f          *   ezdsp5502.obj (.text)
                   000033cd  [ 000019e6+] 0000006d          *   ezdsp5502_i2c.obj (.text)
                   0000343a  [ 00001a1d ] 00000002          *   --HOLE-- [fill = 20]
                   0000343c  [ 00001a1e ] 0000004f          *   csl5502x.lib : gpio_open.obj (.text:GPIO_open)
                   0000348b  [ 00001a45+] 0000004d          *   rts55x.lib : autoinit.obj (.text)
                   000034d8  [ 00001a6c ] 0000004b          *              : args_main.obj (.text)
                   00003523  [ 00001a91+] 0000003e          *              : exit.obj (.text)
                   00003561  [ 00001ab0 ] 00000003          *   --HOLE-- [fill = 20]
                   00003564  [ 00001ab2 ] 00000036          *   csl5502x.lib : mcbsp_cls.obj (.text:MCBSP_close)
                   0000359a  [ 00001acd ] 00000034          *   rts55x.lib : boot.obj (.text)
                   000035ce  [ 00001ae7 ] 00000002          *   --HOLE-- [fill = 20]
                   000035d0  [ 00001ae8 ] 0000001f          *   csl5502x.lib : gpio_dir.obj (.text:GPIO_pinDirection)
                   000035ef  [ 00001af7 ] 00000001          *   --HOLE-- [fill = 20]
                   000035f0  [ 00001af8 ] 0000001f          *                : gpio_write.obj (.text:GPIO_pinWrite)
                   0000360f  [ 00001b07 ] 00000001          *   --HOLE-- [fill = 20]
                   00003610  [ 00001b08 ] 00000014          *                : gpio_read.obj (.text:GPIO_pinRead)
                   00003624  [ 00001b12 ] 00000013          *                : gpio_enab.obj (.text:GPIO_pinEnable)
                   00003637  [ 00001b1b+] 00000012          *   rts55x.lib : _lock.obj (.text)
                   00003649  [ 00001b24 ] 00000003          *   --HOLE-- [fill = 20]
                   0000364c  [ 00001b26 ] 0000000f          *   csl5502x.lib : irq_gdisab.obj (.text:IRQ_globalDisable)
                   0000365b  [ 00001b2d ] 00000001          *   --HOLE-- [fill = 20]
                   0000365c  [ 00001b2e ] 0000000d          *                : _csl_init.obj (.text:_CSL_init)
                   00003669  [ 00001b34 ] 00000003          *   --HOLE-- [fill = 20]
                   0000366c  [ 00001b36 ] 0000000c          *                : csl.obj (.text:CSL_init)
                   00003678  [ 00001b3c ] 0000000c          *                : irq_grest.obj (.text:IRQ_globalRestore)
                   00003684  [ 00001b42 ] 00000007          *   rts55x.lib : exit.obj (.text:CIO_breakpoint)
                   0000368b  [ 00001b45 ] 00000001          *   --HOLE-- [fill = 20]
                   0000368c  [ 00001b46 ] 00000007          *   csl5502x.lib : mcbsp_r16.obj (.text:MCBSP_read16)
                   00003693  [ 00001b49 ] 00000001          *   --HOLE-- [fill = 20]
                   00003694  [ 00001b4a ] 00000007          *                : mcbsp_w16.obj (.text:MCBSP_write16)
                   0000369b  [ 00001b4d ] 00000001          *   --HOLE-- [fill = 20]
                   0000369c  [ 00001b4e ] 00000002          *                : csl.obj (.text)
                   0000369e  [ 00001b4f ] 00000002          *   --HOLE-- [fill = 20]

.sysstack 
*            0   [ 000036a0 ]  00001b50          *   00000800   
                 [ 000036a0 ]  00001b50          *   00000800   --HOLE-- [fill = 00]

.cinit       0   [ 000046a0 ]  00002350          *   000001b9   
                 [ 000046a0 ]  00002350          *   000000f3   main.obj (.cinit)
                 [ 00004886 ]  00002443          *   00000069   csl5502x.lib : csl_mcbspdat.obj (.cinit)
                 [ 00004958 ]  000024ac          *   00000025                : csl_csldat.obj (.cinit)
                 [ 000049a2 ]  000024d1          *   00000023                : csl_gpiodat.obj (.cinit)
                 [ 000049e8 ]  000024f4          *   0000000a   rts55x.lib : _lock.obj (.cinit)
                 [ 000049fc ]  000024fe          *   0000000a              : exit.obj (.cinit)
                 [ 00004a10 ]  00002508          *   00000001   --HOLE-- [fill = 0]

.bss         0   [ 00004a20 ]  00002510          *   00000102   
                 [ 00004a20 ]  00002510          *   000000f0   main.obj (.bss) [fill = 00]
                 [ 00004c00 ]  00002600          *   00000008   ezdsp5502_gpio.obj (.bss) [fill = 00]
                 [ 00004c10 ]  00002608          *   00000004   rts55x.lib : _lock.obj (.bss) [fill = 00]
                 [ 00004c18 ]  0000260c          *   00000004              : exit.obj (.bss) [fill = 00]
                 [ 00004c20 ]  00002610          *   00000002   ezdsp5502_mcbsp.obj (.bss) [fill = 00]

.csldata     0   [ 00004c40 ]  00002620          *   000000a8   
                 [ 00004c40 ]  00002620          *   00000066   csl5502x.lib : csl_mcbspdat.obj (.csldata:MCBSP_data) [fill = 00]
                 [ 00004d0c ]  00002686          *   00000022                : csl_csldat.obj (.csldata:SYS_data) [fill = 00]
                 [ 00004d50 ]  000026a8          *   00000020                : csl_gpiodat.obj (.csldata:GPIO_data) [fill = 00]

.const       0   [ 00004da0 ]  000026d0          *   00000063   
                 [ 00004da0 ]  000026d0          *   0000003e   main.obj (.const:_fir1Coeffs)
                 [ 00004e1c ]  0000270e          *   0000001b   ezdsp5502_mcbsp.obj (.const:_$P$T0$1)
                 [ 00004e52 ]  00002729          *   0000000a   ezdsp5502_i2c.obj (.const:_$P$T0$1)

vectors      0     0000fe00  [ 00007f00 ] 00000100          *   
                   0000fe00  [ 00007f00 ] 00000100          *   rts55x.lib : vectors.obj (vectors)


GLOBAL SYMBOLS: SORTED ALPHABETICALLY BY Name 

abs. value/
byte addr   word addr   name
---------   ---------   ----
00000002                $TI_capability$C5500$CallingConvention
00000002                $TI_capability$C5500$MemoryModel
00000001                $TI_capability_requires_rev2
            00002510    .bss
            00000180    .data
00002300                .text
00003685                C$$EXIT
00002561                _AIC3204_rget
000025ae                _AIC3204_rset
0000369c                _CSL5502_LIB_
            000026a8    _CSL_GpioData
            00002620    _CSL_McbspData
            00002686    _CSL_SysData
0000366c                _CSL_init
00002915                _EZDSP5502_GPIO_getInput
00002784                _EZDSP5502_GPIO_init
0000281b                _EZDSP5502_GPIO_setDirection
00002898                _EZDSP5502_GPIO_setOutput
00002c7d                _EZDSP5502_I2CGPIO_configLine
00002d54                _EZDSP5502_I2CGPIO_read
00002cd0                _EZDSP5502_I2CGPIO_readLine
00002da1                _EZDSP5502_I2CGPIO_write
00002d01                _EZDSP5502_I2CGPIO_writeLine
000033cd                _EZDSP5502_I2C_init
00003416                _EZDSP5502_I2C_read
000033ea                _EZDSP5502_I2C_reset
000033f4                _EZDSP5502_I2C_write
000031f1                _EZDSP5502_MCBSP_close
000031ad                _EZDSP5502_MCBSP_init
00003233                _EZDSP5502_MCBSP_read
00003203                _EZDSP5502_MCBSP_write
000033b4                _EZDSP5502_init
0000336e                _EZDSP5502_wait
000033a2                _EZDSP5502_waitusec
0000343c                _GPIO_open
000035d0                _GPIO_pinDirection
00003624                _GPIO_pinEnable
00003610                _GPIO_pinRead
000035f0                _GPIO_pinWrite
000032ec                _I2C_config
00002b20                _I2C_read
00002990                _I2C_write
0000364c                _IRQ_globalDisable
00003678                _IRQ_globalRestore
00003564                _MCBSP_close
00002dcc                _MCBSP_config
00003000                _MCBSP_open
0000368c                _MCBSP_read16
00002300                _MCBSP_reset
00003268                _MCBSP_start
00003694                _MCBSP_write16
0000fe00                _Reset
0000365c                __CSL_init
            00001180    __STACK_END
00002000                __STACK_SIZE
00001000                __SYSSTACK_SIZE
00000001                __TI_args_main
ffffffff                ___binit__
            00002510    ___bss__
ffffffff                ___c_args__
            00002350    ___cinit__
            00000180    ___data__
            00000180    ___edata__
            00002612    ___end__
000036a0                ___etext__
ffffffff                ___pinit__
00002300                ___text__
000034d8                __args_main
            0000260c    __cleanup_ptr
            0000260e    __dtors_ptr
            00002608    __lock
00003647                __nop
0000363f                __register_lock
00003637                __register_unlock
            00000180    __stack
            00001b50    __sysstack
            0000260a    __unlock
00003684                _abort
00002770                _aic3204_output_sample
000025d8                _aic3204_setup
            00002610    _aicMcbsp
0000348b                _auto_init
0000359a                _c_int00
00003523                _exit
            000026d0    _fir1Coeffs
            00002600    _hGPIO_group0
            00002602    _hGPIO_group1
            00002604    _hGPIO_group2
            00002606    _hGPIO_group3
00002efc                _main
000030ee                _myFIR
            00002510    _testVector
ffffffff                binit
            00002350    cinit
            00000180    edata
            00002612    end
000036a0                etext
ffffffff                pinit


GLOBAL SYMBOLS: SORTED BY Symbol Address 

abs. value/
byte addr   word addr   name
---------   ---------   ----
00000001                $TI_capability_requires_rev2
00000001                __TI_args_main
00000002                $TI_capability$C5500$CallingConvention
00000002                $TI_capability$C5500$MemoryModel
            00000180    .data
            00000180    ___data__
            00000180    ___edata__
            00000180    __stack
            00000180    edata
00001000                __SYSSTACK_SIZE
00002000                __STACK_SIZE
00002300                .text
00002300                _MCBSP_reset
            00001180    __STACK_END
00002300                ___text__
00002561                _AIC3204_rget
000025ae                _AIC3204_rset
000025d8                _aic3204_setup
00002770                _aic3204_output_sample
00002784                _EZDSP5502_GPIO_init
0000281b                _EZDSP5502_GPIO_setDirection
00002898                _EZDSP5502_GPIO_setOutput
00002915                _EZDSP5502_GPIO_getInput
00002990                _I2C_write
00002b20                _I2C_read
00002c7d                _EZDSP5502_I2CGPIO_configLine
00002cd0                _EZDSP5502_I2CGPIO_readLine
00002d01                _EZDSP5502_I2CGPIO_writeLine
00002d54                _EZDSP5502_I2CGPIO_read
00002da1                _EZDSP5502_I2CGPIO_write
00002dcc                _MCBSP_config
00002efc                _main
00003000                _MCBSP_open
000030ee                _myFIR
000031ad                _EZDSP5502_MCBSP_init
000031f1                _EZDSP5502_MCBSP_close
00003203                _EZDSP5502_MCBSP_write
00003233                _EZDSP5502_MCBSP_read
00003268                _MCBSP_start
000032ec                _I2C_config
0000336e                _EZDSP5502_wait
000033a2                _EZDSP5502_waitusec
000033b4                _EZDSP5502_init
000033cd                _EZDSP5502_I2C_init
000033ea                _EZDSP5502_I2C_reset
000033f4                _EZDSP5502_I2C_write
00003416                _EZDSP5502_I2C_read
0000343c                _GPIO_open
0000348b                _auto_init
000034d8                __args_main
00003523                _exit
00003564                _MCBSP_close
0000359a                _c_int00
000035d0                _GPIO_pinDirection
000035f0                _GPIO_pinWrite
00003610                _GPIO_pinRead
00003624                _GPIO_pinEnable
00003637                __register_unlock
0000363f                __register_lock
00003647                __nop
0000364c                _IRQ_globalDisable
0000365c                __CSL_init
0000366c                _CSL_init
00003678                _IRQ_globalRestore
00003684                _abort
00003685                C$$EXIT
0000368c                _MCBSP_read16
00003694                _MCBSP_write16
0000369c                _CSL5502_LIB_
000036a0                ___etext__
            00001b50    __sysstack
000036a0                etext
            00002350    ___cinit__
            00002350    cinit
            00002510    .bss
            00002510    ___bss__
            00002510    _testVector
            00002600    _hGPIO_group0
            00002602    _hGPIO_group1
            00002604    _hGPIO_group2
            00002606    _hGPIO_group3
            00002608    __lock
            0000260a    __unlock
            0000260c    __cleanup_ptr
            0000260e    __dtors_ptr
            00002610    _aicMcbsp
            00002612    ___end__
            00002612    end
            00002620    _CSL_McbspData
            00002686    _CSL_SysData
            000026a8    _CSL_GpioData
            000026d0    _fir1Coeffs
0000fe00                _Reset
ffffffff                ___binit__
ffffffff                ___c_args__
ffffffff                ___pinit__
ffffffff                binit
ffffffff                pinit

[98 symbols]
