******************************************************************************
              TMS320C55x Linker PC v4.4.1                      
******************************************************************************
>> Linked Sat Apr 15 19:50:42 2023

OUTPUT FILE NAME:   <FFT_LCD.out>
ENTRY POINT SYMBOL: "_c_int00"  address: 0000b785


MEMORY CONFIGURATION

         name            origin    length      used     unused   attr    fill
                        (bytes)   (bytes)    (bytes)   (bytes)
----------------------  --------  ---------  --------  --------  ----  --------
  DARAM                 000000c0   0000fe40  0000ea1e  00001422  RWIX
  VECT                  0000ff00   00000100  00000100  00000000  RWIX


SECTION ALLOCATION MAP
(Addresses surrounded by []'s are displayed for convenience only!)

output                                                          attributes/
section   page  orgn(bytes) orgn(words) len(bytes) len(words)   input sections
--------  ----  ----------- ----------- ---------- ----------   --------------
.vers        0   [ 00000000 ]  00000000          *   0000003c   COPY SECTION
                 [ 00000000 ]  00000000          *   0000003c   hellocfg.obj (.vers)

.prd         0   [ 000000c0 ]  00000060          *   00000000   UNINITIALIZED

.text        0     000000c0  [ 00000060 ] 00003d10          *   
                   000000c0  [ 00000060 ] 00000dc0          *   FFT.obj (.text)
                   00000e80  [ 00000740 ] 0000040b          *   audioProcessing.obj (.text)
                   0000128b  [ 00000945+] 000003cc          *   rts55x.lib : divd.obj (.text)
                   00001657  [ 00000b2b ] 00000001          *   --HOLE-- [fill = 20]
                   00001658  [ 00000b2c ] 00000261          *   csl5502x.lib : mcbsp_rst.obj (.text:MCBSP_reset)
                   000018b9  [ 00000c5c+] 0000025a          *   rts55x.lib : addd.obj (.text)
                   00001b13  [ 00000d89+] 00000231          *   aic3204.obj (.text)
                   00001d44  [ 00000ea2 ] 0000020c          *   ezdsp5502_gpio.obj (.text)
                   00001f50  [ 00000fa8 ] 000001ea          *   rts55x.lib : cmpd.obj (.text)
                   0000213a  [ 0000109d ] 000001bc          *   lcd.obj (.text)
                   000022f6  [ 0000117b ] 00000002          *   --HOLE-- [fill = 20]
                   000022f8  [ 0000117c ] 0000018e          *   csl5502x.lib : i2c_write.obj (.text:I2C_write)
                   00002486  [ 00001243 ] 0000016a          *   main.obj (.text)
                   000025f0  [ 000012f8 ] 0000015d          *   csl5502x.lib : i2c_read.obj (.text:I2C_read)
                   0000274d  [ 000013a6+] 0000014e          *   ezdsp5502_i2cgpio.obj (.text)
                   0000289b  [ 0000144d+] 0000014c          *   rts55x.lib : mpyd.obj (.text)
                   000029e7  [ 000014f3 ] 00000001          *   --HOLE-- [fill = 20]
                   000029e8  [ 000014f4 ] 00000130          *   csl5502x.lib : mcbsp_cfg.obj (.text:MCBSP_config)
                   00002b18  [ 0000158c ] 0000011e          *   rt_nonfinite.obj (.text)
                   00002c36  [ 0000161b ] 00000116          *   rts55x.lib : sqrt.obj (.text)
                   00002d4c  [ 000016a6 ] 00000109          *   myNCO.obj (.text)
                   00002e55  [ 0000172a+] 000000f2          *   rts55x.lib : ldexp.obj (.text)
                   00002f47  [ 000017a3 ] 00000001          *   --HOLE-- [fill = 20]
                   00002f48  [ 000017a4 ] 000000ee          *   csl5502x.lib : mcbsp_open.obj (.text:MCBSP_open)
                   00003036  [ 0000181b ] 000000e0          *   userInterface.obj (.text)
                   00003116  [ 0000188b ] 000000cc          *   rts55x.lib : frexp.obj (.text)
                   000031e2  [ 000018f1 ] 000000bf          *              : modf.obj (.text)
                   000032a1  [ 00001950+] 000000ba          *   ezdsp5502_mcbsp.obj (.text)
                   0000335b  [ 000019ad+] 000000a2          *   rts55x.lib : floor.obj (.text)
                   000033fd  [ 000019fe+] 00000084          *   rtGetInf.obj (.text)
                   00003481  [ 00001a40 ] 00000003          *   --HOLE-- [fill = 20]
                   00003484  [ 00001a42 ] 00000082          *   csl5502x.lib : mcbsp_start.obj (.text:MCBSP_start)
                   00003506  [ 00001a83 ] 0000007b          *   fir2.obj (.text)
                   00003581  [ 00001ac0+] 00000077          *   rts55x.lib : fixdul.obj (.text)
                   000035f8  [ 00001afc ] 00000076          *              : frcmpyd.obj (.text)
                   0000366e  [ 00001b37 ] 00000075          *              : sinit.obj (.text)
                   000036e3  [ 00001b71+] 00000073          *              : frcmpyd_div.obj (.text)
                   00003756  [ 00001bab ] 00000002          *   --HOLE-- [fill = 20]
                   00003758  [ 00001bac ] 00000072          *   csl5502x.lib : i2c_cfg.obj (.text:I2C_config)
                   000037ca  [ 00001be5 ] 0000006f          *   ezdsp5502.obj (.text)
                   00003839  [ 00001c1c+] 0000006f          *   rts55x.lib : atexit.obj (.text)
                   000038a8  [ 00001c54 ] 0000006f          *              : fixdli.obj (.text)
                   00003917  [ 00001c8b+] 0000006d          *   ezdsp5502_i2c.obj (.text)
                   00003984  [ 00001cc2 ] 00000067          *   bios.a55L : c55_enable.o55L (.text)
                   000039eb  [ 00001cf5+] 00000067          *   rts55x.lib : fltlid.obj (.text)
                   00003a52  [ 00001d29 ] 00000002          *   --HOLE-- [fill = 20]
                   00003a54  [ 00001d2a ] 0000005c          *   bios.a55L : tsk_stup.o55L (.text)
                   00003ab0  [ 00001d58 ] 0000005b          *   rts55x.lib : fltuld.obj (.text)
                   00003b0b  [ 00001d85+] 00000059          *   rtGetNaN.obj (.text)
                   00003b64  [ 00001db2 ] 0000004f          *   csl5502x.lib : gpio_open.obj (.text:GPIO_open)
                   00003bb3  [ 00001dd9+] 0000003f          *   rts55x.lib : memcpy.obj (.text)
                   00003bf2  [ 00001df9 ] 0000003e          *              : exit.obj (.text)
                   00003c30  [ 00001e18 ] 00000036          *   csl5502x.lib : mcbsp_cls.obj (.text:MCBSP_close)
                   00003c66  [ 00001e33 ] 0000002a          *   rts55x.lib : fixdi.obj (.text)
                   00003c90  [ 00001e48 ] 0000001f          *   csl5502x.lib : gpio_dir.obj (.text:GPIO_pinDirection)
                   00003caf  [ 00001e57 ] 00000001          *   --HOLE-- [fill = 20]
                   00003cb0  [ 00001e58 ] 0000001f          *                : gpio_write.obj (.text:GPIO_pinWrite)
                   00003ccf  [ 00001e67+] 0000001b          *   rts55x.lib : fixdu.obj (.text)
                   00003cea  [ 00001e75 ] 00000002          *   --HOLE-- [fill = 20]
                   00003cec  [ 00001e76 ] 00000014          *   csl5502x.lib : gpio_read.obj (.text:GPIO_pinRead)
                   00003d00  [ 00001e80 ] 00000014          *   rts55x.lib : subd.obj (.text)
                   00003d14  [ 00001e8a ] 00000013          *   csl5502x.lib : gpio_enab.obj (.text:GPIO_pinEnable)
                   00003d27  [ 00001e93+] 00000013          *   rts55x.lib : lmpy.obj (.text)
                   00003d3a  [ 00001e9d ] 00000012          *              : _lock.obj (.text)
                   00003d4c  [ 00001ea6 ] 00000011          *              : memset.obj (.text)
                   00003d5d  [ 00001eae+] 00000010          *              : negd.obj (.text)
                   00003d6d  [ 00001eb6 ] 00000003          *   --HOLE-- [fill = 20]
                   00003d70  [ 00001eb8 ] 0000000f          *   csl5502x.lib : irq_gdisab.obj (.text:IRQ_globalDisable)
                   00003d7f  [ 00001ebf ] 00000001          *   --HOLE-- [fill = 20]
                   00003d80  [ 00001ec0 ] 0000000d          *                : _csl_init.obj (.text:_CSL_init)
                   00003d8d  [ 00001ec6 ] 00000003          *   --HOLE-- [fill = 20]
                   00003d90  [ 00001ec8 ] 0000000c          *                : csl.obj (.text:CSL_init)
                   00003d9c  [ 00001ece ] 0000000c          *                : irq_grest.obj (.text:IRQ_globalRestore)
                   00003da8  [ 00001ed4 ] 0000000c          *   rts55x.lib : fltid.obj (.text)
                   00003db4  [ 00001eda ] 00000007          *              : exit.obj (.text:CIO_breakpoint)
                   00003dbb  [ 00001edd ] 00000001          *   --HOLE-- [fill = 20]
                   00003dbc  [ 00001ede ] 00000007          *   csl5502x.lib : mcbsp_r16.obj (.text:MCBSP_read16)
                   00003dc3  [ 00001ee1 ] 00000001          *   --HOLE-- [fill = 20]
                   00003dc4  [ 00001ee2 ] 00000007          *                : mcbsp_w16.obj (.text:MCBSP_write16)
                   00003dcb  [ 00001ee5 ] 00000001          *   --HOLE-- [fill = 20]
                   00003dcc  [ 00001ee6 ] 00000002          *                : csl.obj (.text)
                   00003dce  [ 00001ee7 ] 00000002          *   --HOLE-- [fill = 20]

.data        0   [ 000000c0 ]  00000060          *   00000000   UNINITIALIZED

.bios        0     00003dd0  [ 00001ee8 ] 000020e4          *   
                   00003dd0  [ 00001ee8 ] 000003d4          *   bios.a55L : swi.o55L (.bios)
                   000041a4  [ 000020d2 ] 000003a3          *   lnkrtdx.a55L : rtdx.o55L (.bios)
                   00004547  [ 000022a3+] 0000035f          *   bios.a55L : hwi_disp_asm.o55L (.bios)
                   000048a6  [ 00002453 ] 00000002          *   bios5502.a55L : clk5502_wdog.o55L (.bios)
                   000048a8  [ 00002454 ] 0000018b          *   bios.a55L : sem_pend.o55L (.bios)
                   00004a33  [ 00002519+] 00000186          *             : prd.o55L (.bios)
                   00004bb9  [ 000025dc ] 00000003          *   --HOLE-- [fill = 20]
                   00004bbc  [ 000025de ] 00000185          *             : knl_run.o55L (.bios)
                   00004d41  [ 000026a0 ] 00000003          *   --HOLE-- [fill = 20]
                   00004d44  [ 000026a2 ] 00000144          *             : knl_tick.o55L (.bios)
                   00004e88  [ 00002744 ] 00000130          *             : rta.o55L (.bios)
                   00004fb8  [ 000027dc ] 00000119          *             : pip.o55L (.bios)
                   000050d1  [ 00002868+] 0000010e          *             : knl_swit.o55L (.bios)
                   000051df  [ 000028ef ] 00000001          *   --HOLE-- [fill = 20]
                   000051e0  [ 000028f0 ] 0000010d          *             : mbx.o55L (.bios)
                   000052ed  [ 00002976 ] 00000003          *   --HOLE-- [fill = 20]
                   000052f0  [ 00002978 ] 00000104          *             : sem_dopo.o55L (.bios)
                   000053f4  [ 000029fa ] 000000f8          *             : tsk_exit.o55L (.bios)
                   000054ec  [ 00002a76 ] 000000f6          *             : tsk_setu.o55L (.bios)
                   000055e2  [ 00002af1 ] 00000002          *   --HOLE-- [fill = 20]
                   000055e4  [ 00002af2 ] 000000bf          *             : tsk_stup.o55L (.bios)
                   000056a3  [ 00002b51+] 000000a2          *             : c55_c.o55L (.bios)
                   00005745  [ 00002ba2+] 0000008d          *             : knl_chec.o55L (.bios)
                   000057d2  [ 00002be9 ] 0000008d          *   bios5502.a55L : clk_isr.o55L (.bios)
                   0000585f  [ 00002c2f+] 00000082          *   bios.a55L : sem_post_asm.o55L (.bios)
                   000058e1  [ 00002c70+] 0000006b          *   bios5502.a55L : clk5502_start.o55L (.bios)
                   0000594c  [ 00002ca6 ] 0000005f          *   bios.a55L : knl_exit.o55L (.bios)
                   000059ab  [ 00002cd5 ] 00000001          *   --HOLE-- [fill = 20]
                   000059ac  [ 00002cd6 ] 0000005b          *             : knl_ipos.o55L (.bios)
                   00005a07  [ 00002d03 ] 00000001          *   --HOLE-- [fill = 20]
                   00005a08  [ 00002d04 ] 00000058          *             : lck.o55L (.bios)
                   00005a60  [ 00002d30 ] 00000051          *             : log.o55L (.bios)
                   00005ab1  [ 00002d58+] 0000004e          *             : sem_pend_counting.o55L (.bios)
                   00005aff  [ 00002d7f ] 00000001          *   --HOLE-- [fill = 20]
                   00005b00  [ 00002d80 ] 00000048          *             : sem_post.o55L (.bios)
                   00005b48  [ 00002da4 ] 00000048          *             : sts.o55L (.bios)
                   00005b90  [ 00002dc8 ] 00000048          *             : sys_exit.o55L (.bios)
                   00005bd8  [ 00002dec ] 00000047          *             : idl_busy.o55L (.bios)
                   00005c1f  [ 00002e0f+] 00000046          *             : idl_cal.o55L (.bios)
                   00005c65  [ 00002e32+] 00000043          *             : rta_andn.o55L (.bios)
                   00005ca8  [ 00002e54 ] 00000040          *   bios5502.a55L : clk5502_meas.o55L (.bios)
                   00005ce8  [ 00002e74 ] 00000036          *   bios.a55L : utl_putc.o55L (.bios)
                   00005d1e  [ 00002e8f ] 00000002          *   --HOLE-- [fill = 20]
                   00005d20  [ 00002e90 ] 00000034          *             : knl_post.o55L (.bios)
                   00005d54  [ 00002eaa ] 0000002c          *   bios5502.a55L : clk5502_startHtime.o55L (.bios)
                   00005d80  [ 00002ec0 ] 00000025          *   bios.a55L : fxn.o55L (.bios)
                   00005da5  [ 00002ed2+] 00000024          *             : idl_stub.o55L (.bios)
                   00005dc9  [ 00002ee4 ] 00000003          *   --HOLE-- [fill = 20]
                   00005dcc  [ 00002ee6 ] 00000023          *             : utl_doab.o55L (.bios)
                   00005def  [ 00002ef7 ] 00000001          *   --HOLE-- [fill = 20]
                   00005df0  [ 00002ef8 ] 00000020          *             : utl_doer.o55L (.bios)
                   00005e10  [ 00002f08 ] 0000001f          *             : clk_itime.o55L (.bios)
                   00005e2f  [ 00002f17 ] 00000001          *   --HOLE-- [fill = 20]
                   00005e30  [ 00002f18 ] 0000001a          *             : hwi_xable.o55L (.bios)
                   00005e4a  [ 00002f25 ] 00000017          *             : clk_run.o55L (.bios)
                   00005e61  [ 00002f30 ] 00000003          *   --HOLE-- [fill = 20]
                   00005e64  [ 00002f32 ] 00000017          *             : sys_abor.o55L (.bios)
                   00005e7b  [ 00002f3d+] 0000000f          *   bios5502.a55L : clk5502_htime.o55L (.bios)
                   00005e8a  [ 00002f45 ] 0000000c          *   bios.a55L : idl.o55L (.bios)
                   00005e96  [ 00002f4b ] 00000002          *   --HOLE-- [fill = 20]
                   00005e98  [ 00002f4c ] 00000008          *             : utl_halt.o55L (.bios)
                   00005ea0  [ 00002f50 ] 00000007          *             : sts_set.o55L (.bios)
                   00005ea7  [ 00002f53+] 00000006          *             : gbl_vers.o55L (.bios)
                   00005ead  [ 00002f56 ] 00000003          *   --HOLE-- [fill = 20]
                   00005eb0  [ 00002f58 ] 00000002          *             : fxn_c.o55L (.bios)
                   00005eb2  [ 00002f59 ] 00000002          *   --HOLE-- [fill = 20]

.TSK_FFT$stk 
*            0   [ 00005eb4 ]  00002f5a          *   00000900   UNINITIALIZED
                 [ 00005eb4 ]  00002f5a          *   00000900   hellocfg.obj (.TSK_FFT$stk)

.cinit       0   [ 000070b4 ]  0000385a          *   00000810   
                 [ 000070b4 ]  0000385a          *   000004cd   hellocfg.obj (.cinit)
                 [ 00007a4e ]  00003d27          *   000000af   bios.a55L : biosdata.o55L (.cinit)
                 [ 00007bac ]  00003dd6          *   000000a0             : knl.o55L (.cinit)
                 [ 00007cec ]  00003e76          *   00000069   csl5502x.lib : csl_mcbspdat.obj (.cinit)
                 [ 00007dbe ]  00003edf          *   00000034   audioProcessing.obj (.cinit)
                 [ 00007e26 ]  00003f13          *   00000031   bios.a55L : tsk.o55L (.cinit)
                 [ 00007e88 ]  00003f44          *   0000002e             : tsk_stup.o55L (.cinit)
                 [ 00007ee4 ]  00003f72          *   00000025   csl5502x.lib : csl_csldat.obj (.cinit)
                 [ 00007f2e ]  00003f97          *   00000023                : csl_gpiodat.obj (.cinit)
                 [ 00007f74 ]  00003fba          *   00000019   bios.a55L : rta.o55L (.cinit)
                 [ 00007fa6 ]  00003fd3          *   00000017   rtdxx.lib : buffer1.o55L (.cinit)
                 [ 00007fd4 ]  00003fea          *   0000000f   bios.a55L : utl_putc.o55L (.cinit)
                 [ 00007ff2 ]  00003ff9          *   0000000c   main.obj (.cinit)
                 [ 0000800a ]  00004005          *   0000000b   bios.a55L : knl_tick.o55L (.cinit)
                 [ 00008020 ]  00004010          *   0000000a             : obj_init.o55L (.cinit)
                 [ 00008034 ]  0000401a          *   0000000a             : sys.o55L (.cinit)
                 [ 00008048 ]  00004024          *   0000000a   rts55x.lib : _lock.obj (.cinit)
                 [ 0000805c ]  0000402e          *   0000000a              : exit.obj (.cinit)
                 [ 00008070 ]  00004038          *   00000009   lnkrtdx.a55L : rtdx.o55L (.cinit)
                 [ 00008082 ]  00004041          *   00000008   rts55x.lib : atexit.obj (.cinit)
                 [ 00008092 ]  00004049          *   00000008   userInterface.obj (.cinit)
                 [ 000080a2 ]  00004051          *   00000005   bios.a55L : idl_busy.o55L (.cinit)
                 [ 000080ac ]  00004056          *   00000005             : knl_swit.o55L (.cinit)
                 [ 000080b6 ]  0000405b          *   00000005   myNCO.obj (.cinit)
                 [ 000080c0 ]  00004060          *   00000005   rts55x.lib : sinit.obj (.cinit)
                 [ 000080ca ]  00004065          *   00000004              : errno.obj (.cinit)
                 [ 000080d2 ]  00004069          *   00000001   --HOLE-- [fill = 0]

.bss         0   [ 000080d4 ]  0000406a          *   00000612   UNINITIALIZED
                 [ 000080d4 ]  0000406a          *   000002cd   audioProcessing.obj (.bss)
                 [ 0000866e ]  00004337          *   00000001   rts55x.lib : errno.obj (.bss)
                 [ 00008670 ]  00004338          *   00000102   FFT.obj (.bss)
                 [ 00008874 ]  0000443a          *   000000c2   rts55x.lib : atexit.obj (.bss)
                 [ 000089f8 ]  000044fc          *   0000008a   bios.a55L : knl.o55L (.bss)
                 [ 00008b0c ]  00004586          *   00000030             : tsk.o55L (.bss)
                 [ 00008b6c ]  000045b6          *   00000028             : tsk_stup.o55L (.bss)
                 [ 00008bbc ]  000045de          *   00000023             : obj_init.o55L (.bss)
                 [ 00008c02 ]  00004601          *   00000001   --HOLE--
                 [ 00008c04 ]  00004602          *   00000014             : sys.o55L (.bss)
                 [ 00008c2c ]  00004616          *   00000014   hellocfg.obj (.bss)
                 [ 00008c54 ]  0000462a          *   0000000c   rt_nonfinite.obj (.bss)
                 [ 00008c6c ]  00004636          *   0000000a   main.obj (.bss)
                 [ 00008c80 ]  00004640          *   00000008   bios.a55L : knl_tick.o55L (.bss)
                 [ 00008c90 ]  00004648          *   00000008   ezdsp5502_gpio.obj (.bss)
                 [ 00008ca0 ]  00004650          *   00000008   myNCO.obj (.bss)
                 [ 00008cb0 ]  00004658          *   00000006   bios.a55L : utl_putc.o55L (.bss)
                 [ 00008cbc ]  0000465e          *   00000006   rtdxx.lib : buffer1.o55L (.bss)
                 [ 00008cc8 ]  00004664          *   00000004   bios.a55L : clk_data.o55L (.bss)
                 [ 00008cd0 ]  00004668          *   00000004   rts55x.lib : _lock.obj (.bss)
                 [ 00008cd8 ]  0000466c          *   00000004              : exit.obj (.bss)
                 [ 00008ce0 ]  00004670          *   00000003   userInterface.obj (.bss)
                 [ 00008ce6 ]  00004673          *   00000001   --HOLE--
                 [ 00008ce8 ]  00004674          *   00000002   bios.a55L : clk_data2.o55L (.bss)
                 [ 00008cec ]  00004676          *   00000002             : mem_asm.o55L (.bss)
                 [ 00008cf0 ]  00004678          *   00000002   ezdsp5502_mcbsp.obj (.bss)
                 [ 00008cf4 ]  0000467a          *   00000002   rts55x.lib : sinit.obj (.bss)

.sysstack 
*            0   [ 00008cf8 ]  0000467c          *   00000100   UNINITIALIZED
                 [ 00008cf8 ]  0000467c          *   00000100   --HOLE--

.stack       0   [ 00008ef8 ]  0000477c          *   00000400   UNINITIALIZED
                 [ 00008ef8 ]  0000477c          *   00000400   --HOLE--

.DARAM$heap 
*            0   [ 000096f8 ]  00004b7c          *   00000500   UNINITIALIZED
                 [ 000096f8 ]  00004b7c          *   00000500   --HOLE--

.TaskAudioProcessing$stk 
*            0   [ 0000a0f8 ]  0000507c          *   00000500   UNINITIALIZED
                 [ 0000a0f8 ]  0000507c          *   00000500   hellocfg.obj (.TaskAudioProcessing$stk)

.rtdx_text 
*            0     0000aaf8  [ 0000557c ] 00000942          *   
                   0000aaf8  [ 0000557c ] 000001db          *   rtdxx.lib : buffer1.o55L (.rtdx_text:_RTDX_write_next)
                   0000acd3  [ 00005669+] 0000017c          *             : buffer1.o55L (.rtdx_text:_RTDX_Buffer_WriteCB)
                   0000ae4f  [ 00005727+] 0000010f          *             : rtdx_mon.o55L (.rtdx_text:_RTDX_Init_RT_Monitor)
                   0000af5e  [ 000057af ] 000000ec          *             : rtdx_mon.o55L (.rtdx_text:_RTDX_Poll)
                   0000b04a  [ 00005825 ] 000000b5          *             : buffer1.o55L (.rtdx_text:_claim)
                   0000b0ff  [ 0000587f+] 00000093          *             : rtdx_mon.o55L (.rtdx_text:_StartXFer)
                   0000b192  [ 000058c9 ] 00000088          *             : rtdx_mon.o55L (.rtdx_text:_RTDX_Mon_Queue)
                   0000b21a  [ 0000590d ] 00000065          *             : rtdx_mon.o55L (.rtdx_text:_RTDX_H2TPoll)
                   0000b27f  [ 0000593f+] 00000053          *             : buffer1.o55L (.rtdx_text:_RTDX_Buffer_Initialize)
                   0000b2d2  [ 00005969 ] 0000004b          *             : buffer2.o55L (.rtdx_text:_RTDX_Buffer_ReadCB)
                   0000b31d  [ 0000598e+] 0000003c          *             : rtdx_mon.o55L (.rtdx_text:_RTDX_Final_RT_Monitor)
                   0000b359  [ 000059ac+] 0000003b          *             : buffer1.o55L (.rtdx_text:_RTDX_Buffer_Size)
                   0000b394  [ 000059ca ] 0000002a          *             : intr_tgt.o55L (.rtdx_text:_RTDX_Mask_IER)
                   0000b3be  [ 000059df ] 00000022          *             : buffer2.o55L (.rtdx_text:_RTDX_Buffer_Read)
                   0000b3e0  [ 000059f0 ] 0000001e          *             : intr_tgt.o55L (.rtdx_text:_RTDX_Set_IER)
                   0000b3fe  [ 000059ff ] 0000001c          *             : buffer1.o55L (.rtdx_text:_RTDX_Buffer_Write)
                   0000b41a  [ 00005a0d ] 00000017          *             : rtdx_mon.o55L (.rtdx_text:_Allow_EmuAccess)
                   0000b431  [ 00005a18+] 00000004          *             : rtdx_mon.o55L (.rtdx_text:_Disallow_EmuAccess)
                   0000b435  [ 00005a1a+] 00000004          *             : rtdx_mon.o55L (.rtdx_text:_Wait)
                   0000b439  [ 00005a1c ] 00000001          *   --HOLE-- [fill = 20]

.mem         0   [ 0000b43a ]  00005a1d          *   00000001   UNINITIALIZED
                 [ 0000b43a ]  00005a1d          *   00000001   hellocfg.obj (.mem)

.sysinit     0     0000b43c  [ 00005a1e ] 000003bc          *   
                   0000b43c  [ 00005a1e ] 0000013d          *   hellocfg.obj (.sysinit)
                   0000b579  [ 00005abc ] 00000003          *   --HOLE-- [fill = 20]
                   0000b57c  [ 00005abe ] 00000111          *   bios.a55L : mem_init.o55L (.sysinit)
                   0000b68d  [ 00005b46 ] 00000003          *   --HOLE-- [fill = 20]
                   0000b690  [ 00005b48 ] 00000084          *             : tsk_init.o55L (.sysinit)
                   0000b714  [ 00005b8a ] 00000071          *             : autoinit.o55L (.sysinit)
                   0000b785  [ 00005bc2+] 0000006f          *             : boot.o55L (.sysinit)
                   0000b7f4  [ 00005bfa ] 00000002          *             : obj_init.o55L (.sysinit)
                   0000b7f6  [ 00005bfb ] 00000002          *   --HOLE-- [fill = 20]

.clk         0   [ 0000b7f8 ]  00005bfc          *   00000004   UNINITIALIZED
                 [ 0000b7f8 ]  00005bfc          *   00000004   hellocfg.obj (.clk)

.trace$buf 
*            0   [ 0000b800 ]  00005c00          *   00000400   UNINITIALIZED
                 [ 0000b800 ]  00005c00          *   00000400   hellocfg.obj (.trace$buf)

.const       0   [ 0000c000 ]  00006000          *   000003ef   
                 [ 0000c000 ]  00006000          *   00000100   myNCO.obj (.const:_sinusoid)
                 [ 0000c200 ]  00006100          *   00000100   myNCO.obj (.const:_triangle)
                 [ 0000c400 ]  00006200          *   000000c0   FFT_data.obj (.const:_FFT_ConstP)
                 [ 0000c580 ]  000062c0          *   0000004f   bios.a55L : tsk_stup.o55L (.const)
                 [ 0000c61e ]  0000630f          *   00000001   --HOLE-- [fill = 0]
                 [ 0000c620 ]  00006310          *   00000023             : utl_doab.o55L (.const)
                 [ 0000c666 ]  00006333          *   00000001   --HOLE-- [fill = 0]
                 [ 0000c668 ]  00006334          *   00000022             : utl_doer.o55L (.const)
                 [ 0000c6ac ]  00006356          *   0000001b   ezdsp5502_mcbsp.obj (.const:_$P$T0$1)
                 [ 0000c6e2 ]  00006371          *   00000001   --HOLE-- [fill = 0]
                 [ 0000c6e4 ]  00006372          *   00000010   FFT.obj (.const)
                 [ 0000c704 ]  00006382          *   00000010   audioProcessing.obj (.const:_sally)
                 [ 0000c724 ]  00006392          *   0000000a   ezdsp5502_i2c.obj (.const:_$P$T0$1)
                 [ 0000c738 ]  0000639c          *   0000000a   rts55x.lib : ldexp.obj (.const)
                 [ 0000c74c ]  000063a6          *   0000000a              : sqrt.obj (.const)
                 [ 0000c760 ]  000063b0          *   00000008              : divd.obj (.const:_initial_approx$1)
                 [ 0000c770 ]  000063b8          *   00000008              : floor.obj (.const)
                 [ 0000c780 ]  000063c0          *   00000008              : frexp.obj (.const)
                 [ 0000c790 ]  000063c8          *   00000006   rtdxx.lib : rtdx_mon.o55L (.const)
                 [ 0000c79c ]  000063ce          *   00000006   rts55x.lib : modf.obj (.const)
                 [ 0000c7a8 ]  000063d4          *   00000004   audioProcessing.obj (.const)
                 [ 0000c7b0 ]  000063d8          *   00000004   main.obj (.const)
                 [ 0000c7b8 ]  000063dc          *   00000004   myNCO.obj (.const)
                 [ 0000c7c0 ]  000063e0          *   00000004   rtdxx.lib : buffer1.o55L (.const)
                 [ 0000c7c8 ]  000063e4          *   00000002   rtGetNaN.obj (.const:_$P$T0$1)
                 [ 0000c7cc ]  000063e6          *   00000002   rtGetInf.obj (.const)
                 [ 0000c7d0 ]  000063e8          *   00000002   rtGetNaN.obj (.const)
                 [ 0000c7d4 ]  000063ea          *   00000002   rts55x.lib : fltlid.obj (.const)
                 [ 0000c7d8 ]  000063ec          *   00000002              : fltuld.obj (.const)
                 [ 0000c7dc ]  000063ee          *   00000001   bios.a55L : tsk.o55L (.const)

.printf      0   [ 0000c7de ]  000063ef          *   00000095   COPY SECTION
                 [ 0000c7de ]  000063ef          *   00000095   hellocfg.obj (.printf)

.TSKUserInterface$stk 
*            0   [ 0000c7e0 ]  000063f0          *   00000300   UNINITIALIZED
                 [ 0000c7e0 ]  000063f0          *   00000300   hellocfg.obj (.TSKUserInterface$stk)

.sysdata     0   [ 0000cde0 ]  000066f0          *   000000ce   UNINITIALIZED
                 [ 0000cde0 ]  000066f0          *   000000b0   bios.a55L : biosdata.o55L (.sysdata)
                 [ 0000cf40 ]  000067a0          *   00000016             : rta.o55L (.sysdata)
                 [ 0000cf6c ]  000067b6          *   00000006   lnkrtdx.a55L : rtdx.o55L (.sysdata)
                 [ 0000cf78 ]  000067bc          *   00000002   bios.a55L : idl_busy.o55L (.sysdata)

.hst0        0   [ 0000cf7c ]  000067be          *   00000040   UNINITIALIZED
                 [ 0000cf7c ]  000067be          *   00000040   hellocfg.obj (.hst0)

.LOG_system$buf 
*            0   [ 0000d000 ]  00006800          *   00000200   UNINITIALIZED
                 [ 0000d000 ]  00006800          *   00000200   hellocfg.obj (.LOG_system$buf)

.TSK_idle$stk 
*            0   [ 0000d400 ]  00006a00          *   00000200   UNINITIALIZED
                 [ 0000d400 ]  00006a00          *   00000200   hellocfg.obj (.TSK_idle$stk)

.trace       0   [ 0000d800 ]  00006c00          *   00000200   
                 [ 0000d800 ]  00006c00          *   00000200   --HOLE-- [fill = 00]

.rtdx_data 
*            0   [ 0000dc00 ]  00006e00          *   00000128   UNINITIALIZED
                 [ 0000dc00 ]  00006e00          *   00000102   hellocfg.obj (.rtdx_data)
                 [ 0000de04 ]  00006f02          *   00000012   rtdxx.lib : rtdx_mon.o55L (.rtdx_data)
                 [ 0000de28 ]  00006f14          *   00000010             : buffer1.o55L (.rtdx_data)
                 [ 0000de48 ]  00006f24          *   00000004   bios.a55L : rtdx_data.o55L (.rtdx_data)

.hwi_disp_sec 
*            0   [ 0000de50 ]  00006f28          *   000000c0   UNINITIALIZED
                 [ 0000de50 ]  00006f28          *   000000c0   bios.a55L : hwi_disp_asm.o55L (.hwi_disp_sec)

.tsk         0   [ 0000dfd0 ]  00006fe8          *   000000b0   UNINITIALIZED
                 [ 0000dfd0 ]  00006fe8          *   000000b0   hellocfg.obj (.tsk)

.mbx         0   [ 0000e130 ]  00007098          *   0000009c   UNINITIALIZED
                 [ 0000e130 ]  00007098          *   0000009c   hellocfg.obj (.mbx)

.args        0   [ 0000e268 ]  00007134          *   00000008   
                 [ 0000e268 ]  00007134          *   00000008   --HOLE-- [fill = 0]

.trcdata     0   [ 0000e278 ]  0000713c          *   00000003   
                 [ 0000e278 ]  0000713c          *   00000003   bios.a55L : trc.o55L (.trcdata)

.coeffs2     0   [ 0000e280 ]  00007140          *   00000089   
                 [ 0000e280 ]  00007140          *   00000089   main.obj (.coeffs2)

.MBXFFT$que 
*            0   [ 0000e394 ]  000071ca          *   00000084   UNINITIALIZED
                 [ 0000e394 ]  000071ca          *   00000084   --HOLE--

.pip         0   [ 0000e49c ]  0000724e          *   00000064   UNINITIALIZED
                 [ 0000e49c ]  0000724e          *   00000064   hellocfg.obj (.pip)

.sem         0   [ 0000e564 ]  000072b2          *   00000058   UNINITIALIZED
                 [ 0000e564 ]  000072b2          *   00000058   hellocfg.obj (.sem)

.pinit       0   [ 0000e614 ]  0000730a          *   00000006   
                 [ 0000e614 ]  0000730a          *   00000002   rtdxx.lib : buffer1.o55L (.pinit)
                 [ 0000e618 ]  0000730c          *   00000002             : rtdx_mon.o55L (.pinit)
                 [ 0000e61c ]  0000730e          *   00000002   --HOLE-- [fill = 0]

.dbufferLP 
*            0   [ 0000e620 ]  00007310          *   00000046   
                 [ 0000e620 ]  00007310          *   00000046   main.obj (.dbufferLP) [fill = 00]

.hst1        0   [ 0000e6ac ]  00007356          *   00000008   UNINITIALIZED
                 [ 0000e6ac ]  00007356          *   00000008   hellocfg.obj (.hst1)

.dbufferHP 
*            0   [ 0000e6c0 ]  00007360          *   00000043   
                 [ 0000e6c0 ]  00007360          *   00000043   main.obj (.dbufferHP) [fill = 00]

.gblinit     0   [ 0000e746 ]  000073a3          *   00000039   
                 [ 0000e746 ]  000073a3          *   00000039   hellocfg.obj (.gblinit)

.MBXAudio$que 
*            0   [ 0000e7b8 ]  000073dc          *   00000034   UNINITIALIZED
                 [ 0000e7b8 ]  000073dc          *   00000034   --HOLE--

.MBXOutput$que 
*            0   [ 0000e820 ]  00007410          *   00000034   UNINITIALIZED
                 [ 0000e820 ]  00007410          *   00000034   --HOLE--

.sts         0   [ 0000e888 ]  00007444          *   00000030   UNINITIALIZED
                 [ 0000e888 ]  00007444          *   00000030   hellocfg.obj (.sts)

.hst         0   [ 0000e8e8 ]  00007474          *   0000001a   UNINITIALIZED
                 [ 0000e8e8 ]  00007474          *   0000001a   hellocfg.obj (.hst)

.log         0   [ 0000e91c ]  0000748e          *   00000014   UNINITIALIZED
                 [ 0000e91c ]  0000748e          *   00000014   hellocfg.obj (.log)

.swi         0   [ 0000e944 ]  000074a2          *   00000014   UNINITIALIZED
                 [ 0000e944 ]  000074a2          *   00000014   hellocfg.obj (.swi)

.idl         0   [ 0000e96c ]  000074b6          *   00000008   UNINITIALIZED
                 [ 0000e96c ]  000074b6          *   00000008   hellocfg.obj (.idl)

.idlcal      0   [ 0000e97c ]  000074be          *   00000008   UNINITIALIZED
                 [ 0000e97c ]  000074be          *   00000008   hellocfg.obj (.idlcal)

.sys         0   [ 0000e98c ]  000074c6          *   00000008   UNINITIALIZED
                 [ 0000e98c ]  000074c6          *   00000008   hellocfg.obj (.sys)

.csldata     0   [ 0000e99c ]  000074ce          *   000000a8   UNINITIALIZED
                 [ 0000e99c ]  000074ce          *   00000066   csl5502x.lib : csl_mcbspdat.obj (.csldata:MCBSP_data)
                 [ 0000ea68 ]  00007534          *   00000022                : csl_csldat.obj (.csldata:SYS_data)
                 [ 0000eaac ]  00007556          *   00000020                : csl_gpiodat.obj (.csldata:GPIO_data)

.hwi_vec     0     0000ff00  [ 00007f80 ] 00000100          *   
                   0000ff00  [ 00007f80 ] 00000100          *   hellocfg.obj (.hwi_vec)


GLOBAL SYMBOLS: SORTED ALPHABETICALLY BY Name 

abs. value/
byte addr   word addr   name
---------   ---------   ----
00000002                $TI_capability$C5500$CallingConvention
00000002                $TI_capability$C5500$MemoryModel
00000001                $TI_capability_requires_rev2
            0000406a    .bss
            00000060    .data
000000c0                .text
00000014                BIOSDATA_O_CLK_D_COUNTSPMS
0000000e                BIOSDATA_O_CLK_D_DIRTY
00000016                BIOSDATA_O_CLK_D_IDLETIME
00000018                BIOSDATA_O_CLK_D_ISRHOOK
00000010                BIOSDATA_O_CLK_D_PRD
0000001a                BIOSDATA_O_CLK_D_TABBEG
00000012                BIOSDATA_O_CLK_D_TDDR
0000001c                BIOSDATA_O_CLK_D_TIMEFXN
00000006                BIOSDATA_O_CLK_HTIMEDIV
00000008                BIOSDATA_O_CLK_HTIMEMULT
0000000a                BIOSDATA_O_CLK_LTIMEDIV
0000000c                BIOSDATA_O_CLK_LTIMEMULT
0000001e                BIOSDATA_O_CLK_R_TIMH
0000001f                BIOSDATA_O_CLK_R_TIML
00000020                BIOSDATA_O_HST_D_CHANMASK
000000a0                BIOSDATA_O_HST_D_TABBEGADDR
000000a2                BIOSDATA_O_HST_D_TABENDADDR
00000088                BIOSDATA_O_HWI_D_SPSAVE
0000008a                BIOSDATA_O_HWI_D_SSPSAVE
0000008c                BIOSDATA_O_HWI_D_STKBOTADDR
00000090                BIOSDATA_O_HWI_D_STKTOPADDR
0000008e                BIOSDATA_O_HWI_D_SYSTKBOTADDR
00000092                BIOSDATA_O_HWI_D_SYSTKTOPADDR
00000022                BIOSDATA_O_IDL_D_CALBEG
00000024                BIOSDATA_O_IDL_D_CALIBRATE
00000026                BIOSDATA_O_IDL_D_TABBEG
00000028                BIOSDATA_O_LOG_D_SYSTEM
00000098                BIOSDATA_O_MEM_D_FREELIST
0000009a                BIOSDATA_O_MEM_D_LOCKADDR
00000096                BIOSDATA_O_MEM_D_MEMTAB
00000095                BIOSDATA_O_MEM_D_NUMSEGMENTS
0000009c                BIOSDATA_O_MEM_D_UNLOCKADDR
0000002a                BIOSDATA_O_PIP_D_TABBEG
0000002c                BIOSDATA_O_PIP_D_TABLEN
0000002e                BIOSDATA_O_PRD_D_CUR
00000030                BIOSDATA_O_PRD_D_ELAPSED
00000031                BIOSDATA_O_PRD_D_PREVTIM
00000032                BIOSDATA_O_PRD_D_SCALAR
00000034                BIOSDATA_O_PRD_D_SWIHANDLE
00000036                BIOSDATA_O_PRD_D_TABBEG
00000038                BIOSDATA_O_PRD_D_TABLEN
0000003a                BIOSDATA_O_PRD_D_THOOK
0000003c                BIOSDATA_O_PRD_D_TICKH
0000003d                BIOSDATA_O_PRD_D_TICKL
000000a8                BIOSDATA_O_RTDX_D_BUFREAD
000000aa                BIOSDATA_O_RTDX_D_BUFWRITE
00000046                BIOSDATA_O_SWI_D_CURFXN
00000042                BIOSDATA_O_SWI_D_CURMASK
00000045                BIOSDATA_O_SWI_D_CURMBOX
00000043                BIOSDATA_O_SWI_D_CURSET
00000040                BIOSDATA_O_SWI_D_EXECADDR
00000044                BIOSDATA_O_SWI_D_LOCK
00000048                BIOSDATA_O_SWI_D_RDYBEG
0000004a                BIOSDATA_O_SWI_D_RDYTAB
0000003e                BIOSDATA_O_SWI_D_RUNADDR
0000009e                BIOSDATA_O_SYS
000000a4                BIOSDATA_O_TSK_D_IDLSTKADDR
000000a6                BIOSDATA_O_TSK_D_IDLSYSTKADDR
0000b43c                BIOS_init
0000b52d                BIOS_start
00000000                BUF$
00000001                BUF_ENABLED
00003db5                C$$EXIT
            000066f0    C55_BIOSDATAOBJ
00000001                CLK$
00005bfc                CLK_A_TABBEG
0000b7f8                CLK_A_TABBEGb
00000001                CLK_CALDIV
00000004                CLK_CALMULT
00000001                CLK_CLKDIV
000124f8                CLK_COUNTSPMS
00000001                CLK_COUNTSPMSHIGH
            00006706    CLK_D_idletime
            00006708    CLK_D_isrhook
            0000670a    CLK_D_tabbeg
            0000670c    CLK_D_timefxn
00000001                CLK_ENABLEHTIME
00005e55                CLK_F_dispRun
00005e7b                CLK_F_gethtime
000057d2                CLK_F_isr
00005e10                CLK_F_itime
00005e4a                CLK_HOOKFXN
00000001                CLK_HTIMEDIV
00000004                CLK_HTIMEMULT
000124f8                CLK_HTIMEPERLTIME
00000010                CLK_IMR0TINTMASK
00000000                CLK_IMR1TINTMASK
00000004                CLK_INTBIT
00000004                CLK_INTID
00000001                CLK_LTIMEDIV
000493e0                CLK_LTIMEMULT
000003e8                CLK_MICROSECS
            00005bfe    CLK_NULL
000124f7                CLK_PRD
00000001                CLK_PRDHIGH
00001000                CLK_REGS
            0000670e    CLK_R_timh
            0000670f    CLK_R_timl
00000020                CLK_TCR
00000000                CLK_TDDR
00000000                CLK_TDDRHIGH
00005e7b                CLK_TIMEFXN
00000001                CLK_TIMERIFR
00000000                CLK_TIMERIMR
00000010                CLK_TIMERIMRMASK
00000000                CLK_TIMERNUM
00000001                CLK_USETIMER
            0000461c    DARAM
00004b7c                DARAM$B
000096f8                DARAM$Bb
00000a00                DARAM$L
00000000                DEV$
00000000                DGN$
00000000                DHL$
00000000                DHL_gChannelsAvailable
00000000                DIO$
00000000                DIO_NUMSWIBASE
00000000                DIO_NUMTSKBASE
00000000                DIO_STATIC
00000000                DPI$
00005d80                FXN_F_nop
00005d82                FXN_F_run
00005da3                FXN_F_selfLoop
00005d9f                FXN_F_zero
00000001                GBL$
00005205                GBL_A_VERSION
00005eb0                GBL_BIOS_BOOTFXN
00f80000                GBL_CACHEICRTAG1
00f81000                GBL_CACHEICRTAG2
00000002                GBL_CACHETYPE
00000001                GBL_CALLCSLCFGINIT
00004e20                GBL_CLKIN
00000001                GBL_CLKMD
0000157e                GBL_CLKTYPE
00000001                GBL_DCRPOSTEDWRITE
0000157e                GBL_DSPSUBTYPE
00000037                GBL_DSPTYPE
00000000                GBL_ENABLEICACHE
00000001                GBL_ENABLEINST
00000042                GBL_FOOTPRINT
000493e0                GBL_FREQ
00000001                GBL_LARGEMODEL
00000001                GBL_MODIFYCLKMD
00000000                GBL_NULL
00008000                GBL_PLLDIV0
00008003                GBL_PLLDIV1
0000000f                GBL_PLLM
00000000                GBL_PROCID
00000000                GBL_ROM
00000000                GBL_SUPPORTCSL
0000dbef                GBL_TRCMASKVALUE
00000000                GBL_USERINIT
00005eb0                GBL_USERINITFXN
00000001                GBL_boot
            0000713e    GBL_initdone
            0000477c    GBL_stackbeg
            00004b7b    GBL_stackend
            0000467c    GBL_sysstackbeg
            0000477b    GBL_sysstackend
00000000                GIO$
00005eb0                GIO_CREATEFXN
00005eb0                GIO_DELETEFXN
00005eb0                GIO_PENDFXN
00005eb0                GIO_POSTFXN
00000000                HOOK$
00000000                HOOK_KNLID
00000001                HST$
00007474                HST_A_TABBEG
0000e8e8                HST_A_TABBEGb
0000748e                HST_A_TABEND
0000e91c                HST_A_TABENDb
00000000                HST_BIOSLINK
00000000                HST_DSM
            0000461c    HST_DSMBUFSEG
00000400                HST_DSMMEMSIZE
            00006710    HST_D_chanmask
            00006790    HST_D_tabbegaddr
            00006792    HST_D_tabendaddr
000000ff                HST_MAXFRAMEALLOWED
00000040                HST_MAXFRAMESET
00000000                HST_NONE
00000001                HST_RTDX
00000001                HWI$
0000ff00                HWI_A_VECS
00000018                HWI_BERR
00000019                HWI_DLOG
            00006784    HWI_D_inhwi
            00006778    HWI_D_spsave
            0000677a    HWI_D_sspsave
            0000677c    HWI_D_stkbotaddr
            00006780    HWI_D_stktopaddr
            0000677e    HWI_D_systkbotaddr
            00006782    HWI_D_systktopaddr
00004547                HWI_F_dispatch
0000000a                HWI_INT10
0000000b                HWI_INT11
0000000c                HWI_INT12
0000000d                HWI_INT13
0000000e                HWI_INT14
0000000f                HWI_INT15
00000010                HWI_INT16
00000011                HWI_INT17
00000012                HWI_INT18
00000013                HWI_INT19
00000002                HWI_INT2
00000014                HWI_INT20
00000015                HWI_INT21
00000016                HWI_INT22
00000017                HWI_INT23
00000003                HWI_INT3
00000004                HWI_INT4
00000005                HWI_INT5
00000006                HWI_INT6
00000007                HWI_INT7
00000008                HWI_INT8
00000009                HWI_INT9
00000001                HWI_NMI
00000000                HWI_RESET
0000001a                HWI_RTOS
0000001b                HWI_SINT27
0000001c                HWI_SINT28
0000001d                HWI_SINT29
0000001e                HWI_SINT30
0000001f                HWI_SINT31
00000004                HWI_TINT
00000000                HWI_ZEROTAB
00003d27                I$$LMPY
00000001                IDL$
000074be                IDL_A_CALBEG
0000e97c                IDL_A_CALBEGb
000074b6                IDL_A_TABBEG
0000e96c                IDL_A_TABBEGb
00000000                IDL_CALIBRERROR
00005da5                IDL_CALIBRFXN
            000067bc    IDL_D_busyObj
            00006712    IDL_D_calbeg
            00006714    IDL_D_calibrate
            00006716    IDL_D_tabbeg
            000074bc    IDL_END
            000074c4    IDL_END$
00005bd8                IDL_F_busy
00005e8a                IDL_F_loop
00000001                IDL_USECLKIDLTIME
            0000746e    IDL_busyObj
            0000647f    IDL_busyObj$avgfmt
00000001                IDL_busyObj$filter
00000001                IDL_busyObj$iA
00000000                IDL_busyObj$iB
00000001                IDL_busyObj$iC
            00006479    IDL_busyObj$maxfmt
00000000                IDL_busyObj$operation
            0000746c    IDL_busyObj$stsobj
            0000647c    IDL_busyObj$sumfmt
00000002                IDL_busyObj$unittype
            000074ba    IDL_cpuLoad
            000074c2    IDL_cpuLoad$
00000001                ISRC$
0000511f                KNL_glue
            000074a2    KNL_swi
00000001                KNL_swi$dorta
00000002                KNL_swi$ord
00000000                KNL_swi$pri
            00007446    KNL_swi$sts
            00006407    KNL_swi$sts$avgfmt
00000002                KNL_swi$sts$filter
00000001                KNL_swi$sts$filtmaxmult
00000001                KNL_swi$sts$filtsummult
            000063f7    KNL_swi$sts$maxfmt
            00007444    KNL_swi$sts$stsobj
            000063ff    KNL_swi$sts$sumfmt
00000000                KNL_swi$sts$unittype
00000000                KNL_swi$swi
0000515e                KNL_tick_stub
00000001                LCK$
            000067b6    LNKCTRL
            000067b7    LNK_D_dataReadyMask
            000067b6    LNK_D_fromHostMask
            000067b9    LNK_D_readDone
            000067ba    LNK_D_readFail
            000067b8    LNK_D_readPend
            000067bb    LNK_D_writeFail
000041a6                LNK_F_checkChanEnabled
000041ff                LNK_F_dataPump
000041cd                LNK_F_getChanPtr
000041b4                LNK_F_getNextChan
000041a4                LNK_F_init
00004522                LNK_F_readCallBack
            000074b6    LNK_dataPump
            000074be    LNK_dataPump$
0000436a                LNK_newin
0000444e                LNK_newout
000041ff                LNK_rcloop
00004253                LNK_rdrtry
0000425d                LNK_rrloop
000042dd                LNK_wrloop
000042d3                LNK_wrrtry
00000001                LOG$
0000748e                LOG_A_TABBEG
0000e91c                LOG_A_TABBEGb
000074a2                LOG_A_TABEND
0000e944                LOG_A_TABENDb
00000002                LOG_A_TABLEN
            00006718    LOG_D_system
00000001                LOG_ENABLED
00005a60                LOG_F_event
            0000748e    LOG_system
            00006800    LOG_system$buf
00000000                LOG_system$datatype
00000000                LOG_system$log
00000200                LOG_system$size
00000001                MBX$
            0000709e    MBXAudio
            000070a6    MBXAudio$data
            000070b6    MBXAudio$free
            000073dc    MBXAudio$queElems
            00007106    MBXFFT
            0000710e    MBXFFT$data
            0000711e    MBXFFT$free
            000071ca    MBXFFT$queElems
            000070d2    MBXOutput
            000070da    MBXOutput$data
            000070ea    MBXOutput$free
            00007410    MBXOutput$queElems
00000001                MEM$
            0000461c    MEM_MALLOCSEG
00000000                MEM_NULL
            0000461c    MEM_SEGZERO
00000001                MEM_gNumHeap
00000000                MSGQ$
00000000                MSGQ_USEMSGQ
00000000                OBJ$
00000000                PIP$
0000724e                PIP_A_TABBEG
0000e49c                PIP_A_TABBEGb
000072b2                PIP_A_TABEND
0000e564                PIP_A_TABENDb
00000002                PIP_A_TABLEN
            0000671a    PIP_D_tabbeg
            0000671c    PIP_D_tablen
0000500e                PIP_F_give
0000500c                PIP_F_probe
00005080                PIP_F_start
00004fb8                PIP_F_take
00000064                PIP_OBJSIZE
00000000                PIP_gNextId
00000002                PIP_gNumEmbed
00000000                POOL$
00000000                POOL_USEPOOL
00000001                PRD$
00000060                PRD_A_TABBEG
000000c0                PRD_A_TABBEGb
00000060                PRD_A_TABEND
000000c0                PRD_A_TABENDb
00000000                PRD_A_TABLEN
            0000671e    PRD_D_cur
            00006720    PRD_D_elapsed
            00006721    PRD_D_prevtim
            00006722    PRD_D_scalar
            00006724    PRD_D_swihandle
            00006726    PRD_D_tabbeg
            00006728    PRD_D_tablen
            0000672a    PRD_D_thook
            0000672c    PRD_D_tickh
            0000672d    PRD_D_tickl
00004a33                PRD_F_swi
00004b58                PRD_F_tick
00004000                PRD_SCALAR
00000000                PRD_SWIHANDLE
0000515e                PRD_THOOKFXN
            00005bfc    PRD_clock
00000001                PWRM$
00000000                PWRM_PWRM_ADAPTCLK
00005eb0                PWRM_PWRM_BOOTHOOKFXN
00000023                PWRM_PWRM_CAPSMASK
0000003f                PWRM_PWRM_DS_IDLEMASK
00000000                PWRM_PWRM_ENABLE
00000005                PWRM_PWRM_IDLEMASK
00000000                PWRM_PWRM_IER0
00000000                PWRM_PWRM_IER1
00000640                PWRM_PWRM_INITMILVOLTS
0000000f                PWRM_PWRM_INITSP
00000000                PWRM_PWRM_SCALING
00000001                QUE$
            000067a0    RTA_D_fromHost
            000067a4    RTA_D_logval
            000067ae    RTA_D_stsval
            000067a2    RTA_D_toHost
00005c65                RTA_F_andn
00004f11                RTA_F_dispatch
00004e88                RTA_F_getlog
00004eb4                RTA_F_getsts
00005c7b                RTA_F_or
00004ee3                RTA_F_readblk
00004ef6                RTA_F_resetmem
00004ef2                RTA_F_writeword
            000074b8    RTA_dispatcher
            000074c0    RTA_dispatcher$
            00007476    RTA_fromHost
            00007356    RTA_fromHost$buf
00000008                RTA_fromHost$framesize
00000000                RTA_fromHost$hst
00000001                RTA_fromHost$id
00000000                RTA_fromHost$mode
            0000724e    RTA_fromHost$pipe
            0000461e    RTA_fromHost$pipe$dtab
            00007250    RTA_fromHost$pipe$rd
            00007252    RTA_fromHost$pipe$rdaddr
            00007256    RTA_fromHost$pipe$rdcurdesc
            00007254    RTA_fromHost$pipe$rdsize
            00007266    RTA_fromHost$pipe$rdstshdl
            00007268    RTA_fromHost$pipe$wr
            0000726a    RTA_fromHost$pipe$wraddr
            0000726e    RTA_fromHost$pipe$wrcurdesc
            0000726c    RTA_fromHost$pipe$wrsize
            0000727e    RTA_fromHost$pipe$wrstshdl
            0000747a    RTA_fromHost$rtdx
            00007482    RTA_toHost
            000067be    RTA_toHost$buf
00000040                RTA_toHost$framesize
00000000                RTA_toHost$hst
00000000                RTA_toHost$id
00000001                RTA_toHost$mode
            00007280    RTA_toHost$pipe
            00004624    RTA_toHost$pipe$dtab
            00007282    RTA_toHost$pipe$rd
            00007284    RTA_toHost$pipe$rdaddr
            00007288    RTA_toHost$pipe$rdcurdesc
            00007286    RTA_toHost$pipe$rdsize
            00007298    RTA_toHost$pipe$rdstshdl
            0000729a    RTA_toHost$pipe$wr
            0000729c    RTA_toHost$pipe$wraddr
            000072a0    RTA_toHost$pipe$wrcurdesc
            0000729e    RTA_toHost$pipe$wrsize
            000072b0    RTA_toHost$pipe$wrstshdl
            00007486    RTA_toHost$rtdx
00000001                RTDX$
00000102                RTDX_BUFMEMSIZE
            0000461c    RTDX_DATAMEMSEG
            00006798    RTDX_D_BufRead
            0000679a    RTDX_D_BufWrite
00000000                RTDX_MODE
00000001                RTDX_USERTDX
00000000                RTDX_USERTEXECUTION
00000001                SEM$
            000072fa    SEMFFT
            000072e4    SEMFilter
            000072b8    SEMI2C
            000072ce    SEMLED
00000000                SIO$
00000001                STS$
00007444                STS_A_TABBEG
0000e888                STS_A_TABBEGb
00007474                STS_A_TABEND
0000e8e8                STS_A_TABENDb
00005b6a                STS_F_add
00005b48                STS_F_delta
00005b82                STS_F_reset
00000001                SWI$
000074a2                SWI_A_TABBEG
0000e944                SWI_A_TABBEGb
000074b6                SWI_A_TABEND
0000e96c                SWI_A_TABENDb
00000001                SWI_A_TABLEN
            00006736    SWI_D_curfxn
            00006732    SWI_D_curmask
            00006735    SWI_D_curmbox
            00006733    SWI_D_curset
            00006730    SWI_D_execaddr
            00006776    SWI_D_inswi
            00006734    SWI_D_lock
            00006738    SWI_D_rdybeg
            0000673a    SWI_D_rdytab
            0000672e    SWI_D_runaddr
00000000                SWI_EHOOKFXN
00003f16                SWI_EXECFXN
00003dd0                SWI_F_enable
00003f16                SWI_F_exec
00003e8e                SWI_F_exec_sync
00003e03                SWI_F_post
00004002                SWI_F_run
00000000                SWI_IHOOKFXN
00004002                SWI_RUNFXN
00000001                SYS$
            000074c6    SYS$config
00005dcc                SYS_ABORTFXN
00005df0                SYS_ERRORFXN
00005e98                SYS_EXITFXN
00005ce8                SYS_PUTCFXN
00004000                TRC_GBLTARG
            0000713d    TRC_R_mask
            0000713c    TRC_cinit
00000001                TSK$
            00007046    TSKUserInterface
00000003                TSKUserInterface$ord
00000008                TSKUserInterface$pri
            000063f0    TSKUserInterface$stack
            000065d2    TSKUserInterface$stkptr
            0000745e    TSKUserInterface$sts
            00006455    TSKUserInterface$sts$avgfmt
00000002                TSKUserInterface$sts$filter
00000001                TSKUserInterface$sts$filtmaxmult
00000001                TSKUserInterface$sts$filtsummult
            00006445    TSKUserInterface$sts$maxfmt
            0000745c    TSKUserInterface$sts$stsobj
            0000644d    TSKUserInterface$sts$sumfmt
00000000                TSKUserInterface$sts$unittype
            000065f0    TSKUserInterface$sysstack
            000066d2    TSKUserInterface$sysstkptr
00000000                TSKUserInterface$tsk
            0000705e    TSKUserInterface$tskobj
            00006794    TSK_D_idlstkaddr
            00006796    TSK_D_idlsystkaddr
            00007072    TSK_FFT
00000004                TSK_FFT$ord
00000007                TSK_FFT$pri
            00002f5a    TSK_FFT$stack
            0000373c    TSK_FFT$stkptr
            00007466    TSK_FFT$sts
            0000646f    TSK_FFT$sts$avgfmt
00000002                TSK_FFT$sts$filter
00000001                TSK_FFT$sts$filtmaxmult
00000001                TSK_FFT$sts$filtsummult
            0000645f    TSK_FFT$sts$maxfmt
            00007464    TSK_FFT$sts$stsobj
            00006467    TSK_FFT$sts$sumfmt
00000000                TSK_FFT$sts$unittype
            0000375a    TSK_FFT$sysstack
            0000383c    TSK_FFT$sysstkptr
00000000                TSK_FFT$tsk
            0000708a    TSK_FFT$tskobj
00000000                TSK_NUM_HOOKS
00000001                TSK_PRIORITY
00000000                TSK_READYFXN
00000000                TSK_STACKSEG
00000400                TSK_STACKSIZE
00000000                TSK_SWITCHFXN
00000100                TSK_SYSTACKSIZE
00005eb0                TSK_VCREATEFXN
00005eb0                TSK_VDELETEFXN
00005eb0                TSK_VEXITFXN
            00006fee    TSK_idle
00000001                TSK_idle$ord
00000000                TSK_idle$pri
            00006a00    TSK_idle$stack
            00006ae2    TSK_idle$stkptr
            0000744e    TSK_idle$sts
            00006421    TSK_idle$sts$avgfmt
00000002                TSK_idle$sts$filter
00000001                TSK_idle$sts$filtmaxmult
00000001                TSK_idle$sts$filtsummult
            00006411    TSK_idle$sts$maxfmt
            0000744c    TSK_idle$sts$stsobj
            00006419    TSK_idle$sts$sumfmt
00000000                TSK_idle$sts$unittype
            00006b00    TSK_idle$sysstack
            00006be2    TSK_idle$sysstkptr
00000000                TSK_idle$tsk
            00007006    TSK_idle$tskobj
            0000701a    TaskAudioProcessing
00000002                TaskAudioProcessing$ord
0000000f                TaskAudioProcessing$pri
            0000507c    TaskAudioProcessing$stack
            0000545e    TaskAudioProcessing$stkptr
            00007456    TaskAudioProcessing$sts
            0000643b    TaskAudioProcessing$sts$avgfmt
00000002                TaskAudioProcessing$sts$filter
00000001                TaskAudioProcessing$sts$filtmaxmult
00000001                TaskAudioProcessing$sts$filtsummult
            0000642b    TaskAudioProcessing$sts$maxfmt
            00007454    TaskAudioProcessing$sts$stsobj
            00006433    TaskAudioProcessing$sts$sumfmt
00000000                TaskAudioProcessing$sts$unittype
            0000547c    TaskAudioProcessing$sysstack
            0000555e    TaskAudioProcessing$sysstkptr
00000000                TaskAudioProcessing$tsk
            00007032    TaskAudioProcessing$tskobj
00000000                UDEV$
ffffffff                VECT
00001b13                _AIC3204_rget
00001b5e                _AIC3204_rset
0000b43c                _BIOS_init
0000b52d                _BIOS_start
            000063d8    _BL
0000571b                _C55_clearIFR0
00005730                _C55_clearIFR1
000056a3                _C55_disableIMR0
000056c6                _C55_disableIMR1
000039b8                _C55_disableInt
000056e9                _C55_enableIMR0
00005702                _C55_enableIMR1
00003984                _C55_enableInt
000124f8                _CLK_COUNTSPMS
            00004664    _CLK_DFLTMICROSECS
            00006704    _CLK_D_countspms
            000066fe    _CLK_D_dirty
            00004666    _CLK_D_microseconds
            00006700    _CLK_D_prd
            00006702    _CLK_D_tddr
000124f7                _CLK_PRD
00000001                _CLK_PRDHIGH
00001000                _CLK_REGS
00000020                _CLK_TCR
00000000                _CLK_TDDR
00000000                _CLK_TDDRHIGH
00000000                _CLK_TIMERNUM
00000001                _CLK_USETIMER
00005e55                _CLK_dispRun
00005e7b                _CLK_getfhtime
00005e7b                _CLK_getshtime
            000066f6    _CLK_htimeDiv
            000066f8    _CLK_htimeMult
            00004674    _CLK_htimePerLtime
000057d2                _CLK_isr
            00006708    _CLK_isrhook
00005e10                _CLK_itime
            000066fa    _CLK_ltimeDiv
            000066fc    _CLK_ltimeMult
00005ca8                _CLK_measure
00005e4a                _CLK_run
000058e1                _CLK_start
00005d54                _CLK_start_htimer
00005940                _CLK_stop
00005d79                _CLK_stop_htimer
            0000670e    _CLK_time
000048a6                _CLK_wdogdisable
00003dcc                _CSL5502_LIB_
            00007556    _CSL_GpioData
            000074ce    _CSL_McbspData
            00007534    _CSL_SysData
00003d90                _CSL_init
00001b92                _ConfigureAic3204
            0000461c    _DARAM
00004b7c                _DARAM_base
000096f8                _DARAM_baseb
00000a00                _DARAM_length
00001ed5                _EZDSP5502_GPIO_getInput
00001d44                _EZDSP5502_GPIO_init
00001ddb                _EZDSP5502_GPIO_setDirection
00001e58                _EZDSP5502_GPIO_setOutput
0000274d                _EZDSP5502_I2CGPIO_configLine
00002824                _EZDSP5502_I2CGPIO_read
000027a0                _EZDSP5502_I2CGPIO_readLine
00002871                _EZDSP5502_I2CGPIO_write
000027d1                _EZDSP5502_I2CGPIO_writeLine
00003917                _EZDSP5502_I2C_init
00003960                _EZDSP5502_I2C_read
00003934                _EZDSP5502_I2C_reset
0000393e                _EZDSP5502_I2C_write
000032e5                _EZDSP5502_MCBSP_close
000032a1                _EZDSP5502_MCBSP_init
00003327                _EZDSP5502_MCBSP_read
000032f7                _EZDSP5502_MCBSP_write
00003820                _EZDSP5502_init
000037da                _EZDSP5502_wait
0000380e                _EZDSP5502_waitusec
            00004180    _FFTSamps
            00006200    _FFT_ConstP
            00006372    _FFT_M
            00004338    _FFT_U
            000043b8    _FFT_Y
00000e72                _FFT_initialize
00000cec                _FFT_step
00000e7e                _FFT_terminate
00005eb0                _FXN_F_nop
            000066f2    _GBL_clkIn
            000066f4    _GBL_freq
00005ea7                _GBL_getVersion
            000066f0    _GBL_procId
00003b64                _GPIO_open
00003c90                _GPIO_pinDirection
00003d14                _GPIO_pinEnable
00003cec                _GPIO_pinRead
00003cb0                _GPIO_pinWrite
00007474                _HST_A_TABBEG
0000748e                _HST_A_TABEND
            000063ef    _HST_HOST_CHANNEL_DRIVER
00000018                _HWI_BERR
00000019                _HWI_DLOG
            00006784    _HWI_D_inhwi
            00006778    _HWI_D_spsave
            0000677a    _HWI_D_sspsave
000047c6                _HWI_F_DispIsr0
00004547                _HWI_F_dispatch
00001207                _HWI_I2S_Rx
0000118f                _HWI_I2S_Tx
0000000a                _HWI_INT10
0000000b                _HWI_INT11
0000000c                _HWI_INT12
0000000d                _HWI_INT13
0000000e                _HWI_INT14
0000000f                _HWI_INT15
00000010                _HWI_INT16
00000011                _HWI_INT17
00000012                _HWI_INT18
00000013                _HWI_INT19
00000002                _HWI_INT2
00000014                _HWI_INT20
00000015                _HWI_INT21
00000016                _HWI_INT22
00000017                _HWI_INT23
00000003                _HWI_INT3
00000004                _HWI_INT4
00000005                _HWI_INT5
00000006                _HWI_INT6
00000007                _HWI_INT7
00000008                _HWI_INT8
00000009                _HWI_INT9
00000001                _HWI_NMI
00000000                _HWI_RESET
0000001a                _HWI_RTOS
0000001b                _HWI_SINT27
0000001c                _HWI_SINT28
0000001d                _HWI_SINT29
0000001e                _HWI_SINT30
0000001f                _HWI_SINT31
            00004b7c    _HWI_STKBOTTOM
            0000477c    _HWI_STKTOP
            0000477c    _HWI_SYSSTKBOTTOM
            0000467c    _HWI_SYSSTKTOP
00000004                _HWI_TINT
            00006778    _HWI_data
00005e30                _HWI_disable
            00006f28    _HWI_dispatchTab
00005e40                _HWI_enable
00005e44                _HWI_restore
00003758                _I2C_config
000025f0                _I2C_read
000022f8                _I2C_write
00005bd8                _IDL_busy
            0000746e    _IDL_busyObj
00005c1f                _IDL_calibrate
            000074ba    _IDL_cpuLoad
00005c04                _IDL_init
00005e8a                _IDL_loop
00005da5                _IDL_stub
00003d70                _IRQ_globalDisable
00003d9c                _IRQ_globalRestore
            00004550    _KNL_alarm
00005745                _KNL_check
            00004578    _KNL_curqueue
            00004570    _KNL_curtask
            00004574    _KNL_curtime
            00004558    _KNL_dummy
0000594c                _KNL_enter
0000598c                _KNL_exit
000057a0                _KNL_idle
            00004584    _KNL_idlefxn
            00004554    _KNL_inactive
000059ac                _KNL_ipost
000057bd                _KNL_max
            0000457a    _KNL_maxqueue
00005d20                _KNL_post
            00004572    _KNL_prevtask
            00004556    _KNL_priority
            000044fe    _KNL_queues
00004bbc                _KNL_run
0000517e                _KNL_saveIsrFrame
            000044fd    _KNL_set
            00004552    _KNL_setpri
            000074a2    _KNL_swi
            00004576    _KNL_swiptr
000050d1                _KNL_switch
            0000457e    _KNL_tcreatefxn
            00004580    _KNL_tdeletefxn
00004e78                _KNL_tick
            00004582    _KNL_treadyfxn
            0000457c    _KNL_tswitchfxn
            000044fc    _KNL_wFlag
            0000454e    _KNL_wList
00005a28                _LCK_pend
00005a08                _LCK_post
00004522                _LNK_F_readCallBack
            000074b6    _LNK_dataPump
0000748e                _LOG_A_TABBEG
000074a2                _LOG_A_TABEND
00000002                _LOG_A_TABLEN
            00006718    _LOG_D_system
00005a60                _LOG_event
            0000748e    _LOG_system
            0000709e    _MBXAudio
            00007106    _MBXFFT
            000070d2    _MBXOutput
000051e0                _MBX_pend
00005268                _MBX_post
00003c30                _MCBSP_close
000029e8                _MCBSP_config
00002f48                _MCBSP_open
00003dbc                _MCBSP_read16
00001658                _MCBSP_reset
00003484                _MCBSP_start
00003dc4                _MCBSP_write16
            00004676    _MEM
            00006785    _MEM_D_NUMSEGMENTS
            00006788    _MEM_D_freelist
            0000678a    _MEM_D_lockaddr
            00006786    _MEM_D_memtab
            0000678c    _MEM_D_unlockaddr
0000b57c                _MEM_init
            00004616    _MEM_memtab
00000793                _MWDSPCG_FFT_DblLen_C
000000c0                _MWDSPCG_FFT_Interleave_R2BR_S
00000302                _MWDSPCG_R2DIT_TBLS_C
0000b7f4                _OBJ_init
            000045fa    _OBJ_segtab
            000045de    _OBJ_table
0000724e                _PIP_A_TABBEG
000072b2                _PIP_A_TABEND
            0000672d    _PRD_D_tick
            00005bfc    _PRD_clock
00004e88                _RTA_F_getlog
            000074b8    _RTA_dispatcher
            00007476    _RTA_fromHost
            00007482    _RTA_toHost
            00006e00    _RTDX_Buffer
            00006f26    _RTDX_Buffer_End
0000b27f                _RTDX_Buffer_Initialize
0000b3be                _RTDX_Buffer_Read
0000b2d2                _RTDX_Buffer_ReadCB
0000b359                _RTDX_Buffer_Size
            00006f24    _RTDX_Buffer_Start
0000b3fe                _RTDX_Buffer_Write
0000acd3                _RTDX_Buffer_WriteCB
0000b31d                _RTDX_Final_RT_Monitor
0000b21a                _RTDX_H2TPoll
0000ae4f                _RTDX_Init_RT_Monitor
00000003                _RTDX_JTAGONLY
00000001                _RTDX_LMM
0000b394                _RTDX_Mask_IER
0000b192                _RTDX_Mon_Queue
0000af5e                _RTDX_Poll
0000b3e0                _RTDX_Set_IER
00000000                _RTDX_interrupt_mask
            00006f1a    _RTDX_writing
            0000461c    _SEG0
            000072fa    _SEMFFT
            000072e4    _SEMFilter
            000072b8    _SEMI2C
            000072ce    _SEMLED
00005ab1                _SEM_pend
000048a8                _SEM_pendEnterKnl
0000585f                _SEM_post
0000585f                _SEM_postBinary
00005b00                _SEM_postEnterKnl
00007444                _STS_A_TABBEG
00007474                _STS_A_TABEND
00005b6a                _STS_add
00005b48                _STS_delta
00005b82                _STS_reset
00005ea0                _STS_set
            00006736    _SWI_D_curfxn
            00006732    _SWI_D_curmask
            00006776    _SWI_D_inswi
            00006734    _SWI_D_lock
            00006738    _SWI_D_rdybeg
            0000672e    _SWI_data
00003dd0                _SWI_enable
00003e03                _SWI_post
            0000678e    _SYS
            00006c00    _SYS_PUTCBEG
            00006dff    _SYS_PUTCEND
00005e64                _SYS_abort
00005b90                _SYS_exit
            00004602    _SYS_exitStack
            00004612    _SYS_exitStackPtr
            00004614    _SYS_exitStackTop
            0000713d    _TRC_R_mask
            000045a4    _TSK
00001077                _TSKAudioProcessorFxn
00000e8e                _TSKFFTfxn
            00007046    _TSKUserInterface
00003036                _TSKUserInterfaceFxn
            00004588    _TSK_ATTRS
            00007072    _TSK_FFT
            00004596    _TSK_config
000053f4                _TSK_exit
            00006fee    _TSK_idle
0000b690                _TSK_init
            00004586    _TSK_nTasks
            00004587    _TSK_pid
000054ec                _TSK_setup
00005640                _TSK_startup
            000045a6    _TSK_timerSem
            0000701a    _TaskAudioProcessing
00005dcc                _UTL_doAbort
00005df0                _UTL_doError
00005ce8                _UTL_doPutc
00005e98                _UTL_halt
ffffffff                _VECT
00003d80                __CSL_init
            0000679e    __HOOK_NUMHOOKS
            0000679c    __HOOK_knlId
            000045ca    __MEM_mutex
000052f0                __SEM_dopost
            00004b7c    __STACK_END
00000800                __STACK_SIZE
00000200                __SYSSTACK_SIZE
            000045b6    __TSK_mutex
000036c4                ___add_dtor
            0000443a    ___atexit_func_id__
ffffffff                ___binit__
            0000406a    ___bss__
ffffffff                ___c_args__
            0000385a    ___cinit__
            00000060    ___data__
            00000060    ___edata__
            0000467c    ___end__
00003dd0                ___etext__
            0000730a    ___pinit__
000000c0                ___text__
000018b9                __addd
            0000466c    __cleanup_ptr
000020e2                __cmpd
0000128b                __divd
            0000466e    __dtors_ptr
000020ae                __eqld
00003c66                __fixdi
000038a8                __fixdli
00003ccf                __fixdu
00003581                __fixdul
00003da8                __fltid
000039eb                __fltlid
00003ab0                __fltuld
000035f8                __frcmpyd
000036e3                __frcmpyd_div
00002064                __geqd
00002019                __gtrd
00001fcc                __leqd
            00004668    __lock
00001f84                __lssd
0000289b                __mpyd
00003d27                __mpyli
00003d5d                __negd
00001f50                __neqd
00003d4a                __nop
00003d42                __register_lock
00003d3a                __register_unlock
            0000477c    __stack
00003d00                __subd
            0000467c    __sysstack
            0000466a    __unlock
00003db4                _abort
00001b88                _aic3204_init
            00004678    _aicMcbsp
00003839                _atexit
            00004652    _attFactor
00000e80                _audioProcessingInit
0000b714                _auto_init
            00004300    _buffcount
            00004306    _bufferIn
0000b785                _c_int00
0000366e                _call_dtors
            0000463e    _counter
            00007360    _delayLineHP
            0000463a    _delayLineHPptr
            00007310    _delayLineLP
            00004638    _delayLineLPptr
            00007140    _demoFilter
            00004636    _demoFilterptr
            0000467a    _dtors
            00004337    _errno
00003bf2                _exit
            00004672    _filterMode
            00004070    _filteredLeftSample
            00004301    _filteredLeftSampleOutput
00003506                _fir2
0000335b                _floor
00003116                _frexp
            00004648    _hGPIO_group0
            0000464a    _hGPIO_group1
            0000464c    _hGPIO_group2
            0000464e    _hGPIO_group3
            00007186    _highPass
            0000463c    _highPassptr
            00004654    _index
            00004336    _indexIn
            0000463f    _k
00002e55                _ldexp
            0000406c    _leftRightFlag
00002486                _main
00003bb3                _memcpy
00003d4c                _memset
000031e2                _modf
            000040a0    _msg
00002d87                _nco_run_sinusoid
00002dee                _nco_run_triangle
00002d78                _nco_set_attenuation
00002d4c                _nco_set_frequency
0000213a                _osd9616_init
00002253                _osd9616_multiSend
00002233                _osd9616_send
            000040d0    _output
            0000406f    _outputHP
            0000406e    _outputLP
            00004656    _pa
000022b9                _printLetter
000033fd                _rtGetInf
0000342f                _rtGetInfF
0000343f                _rtGetMinusInf
00003471                _rtGetMinusInfF
00003b0b                _rtGetNaN
00003b47                _rtGetNaNF
            0000462a    _rtInf
            00004630    _rtInfF
00002b5c                _rtIsInf
00002b86                _rtIsInfF
00002bb0                _rtIsNaN
00002c04                _rtIsNaNF
            0000462c    _rtMinusInf
            00004632    _rtMinusInfF
            0000462e    _rtNaN
            00004634    _rtNaNF
00002b18                _rt_InitInfAndNaN
00000c38                _rt_hypotf_snf
            00004662    _rtdxNullChanCnt
            00004663    _rtdxNullFuncCnt
            00006f14    _rtdx_buffer_state
            00006f02    _rtdx_mon_state
            0000406b    _rxLeftSample
            0000406a    _rxRightSample
            00006382    _sally
            00006000    _sinusoid
            00004100    _spectrum
            00004280    _spectrumOut
00002c36                _sqrt
            00004303    _start
            00004304    _stop
            00004670    _switch1
            00004671    _switch1Prev
            00004305    _time
            00007498    _trace
            00006100    _triangle
            00004302    _txcounter
            0000406d    _txleftRightFlag
            00004200    _wave
ffffffff                binit
            0000385a    cinit
            00000060    edata
            0000467c    end
00003dd0                etext
            000073a3    gblinit
0000ff00                hwi0
0000ff08                hwi1
0000ff50                hwi10
0000ff58                hwi11
0000ff60                hwi12
0000ff68                hwi13
0000ff70                hwi14
0000ff78                hwi15
0000ff80                hwi16
0000ff88                hwi17
0000ff90                hwi18
0000ff98                hwi19
0000ff10                hwi2
0000ffa0                hwi20
0000ffa8                hwi21
0000ffb0                hwi22
0000ffb8                hwi23
0000ffc0                hwi24
0000ffc8                hwi25
0000ffd0                hwi26
0000ffd8                hwi27
0000ffe0                hwi28
0000ffe8                hwi29
0000ff18                hwi3
0000fff0                hwi30
0000fff8                hwi31
0000ff20                hwi4
0000ff28                hwi5
0000ff30                hwi6
0000ff38                hwi7
0000ff40                hwi8
0000ff48                hwi9
00005c92                iRTA_F_or
00004108                logPost
            0000730a    pinit
0000415a                stsPost
            00007498    trace
            00005c00    trace$buf
00000001                trace$datatype
00000000                trace$log
00000400                trace$size


GLOBAL SYMBOLS: SORTED BY Symbol Address 

abs. value/
byte addr   word addr   name
---------   ---------   ----
00000000                BUF$
00000000                CLK_IMR1TINTMASK
00000000                CLK_TDDR
00000000                CLK_TDDRHIGH
00000000                CLK_TIMERIMR
00000000                CLK_TIMERNUM
00000000                DEV$
00000000                DGN$
00000000                DHL$
00000000                DHL_gChannelsAvailable
00000000                DIO$
00000000                DIO_NUMSWIBASE
00000000                DIO_NUMTSKBASE
00000000                DIO_STATIC
00000000                DPI$
00000000                GBL_ENABLEICACHE
00000000                GBL_NULL
00000000                GBL_PROCID
00000000                GBL_ROM
00000000                GBL_SUPPORTCSL
00000000                GBL_USERINIT
00000000                GIO$
00000000                HOOK$
00000000                HOOK_KNLID
00000000                HST_BIOSLINK
00000000                HST_DSM
00000000                HST_NONE
00000000                HWI_RESET
00000000                HWI_ZEROTAB
00000000                IDL_CALIBRERROR
00000000                IDL_busyObj$iB
00000000                IDL_busyObj$operation
00000000                KNL_swi$pri
00000000                KNL_swi$sts$unittype
00000000                KNL_swi$swi
00000000                LOG_system$datatype
00000000                LOG_system$log
00000000                MEM_NULL
00000000                MSGQ$
00000000                MSGQ_USEMSGQ
00000000                OBJ$
00000000                PIP$
00000000                PIP_gNextId
00000000                POOL$
00000000                POOL_USEPOOL
00000000                PRD_A_TABLEN
00000000                PRD_SWIHANDLE
00000000                PWRM_PWRM_ADAPTCLK
00000000                PWRM_PWRM_ENABLE
00000000                PWRM_PWRM_IER0
00000000                PWRM_PWRM_IER1
00000000                PWRM_PWRM_SCALING
00000000                RTA_fromHost$hst
00000000                RTA_fromHost$mode
00000000                RTA_toHost$hst
00000000                RTA_toHost$id
00000000                RTDX_MODE
00000000                RTDX_USERTEXECUTION
00000000                SIO$
00000000                SWI_EHOOKFXN
00000000                SWI_IHOOKFXN
00000000                TSKUserInterface$sts$unittype
00000000                TSKUserInterface$tsk
00000000                TSK_FFT$sts$unittype
00000000                TSK_FFT$tsk
00000000                TSK_NUM_HOOKS
00000000                TSK_READYFXN
00000000                TSK_STACKSEG
00000000                TSK_SWITCHFXN
00000000                TSK_idle$pri
00000000                TSK_idle$sts$unittype
00000000                TSK_idle$tsk
00000000                TaskAudioProcessing$sts$unittype
00000000                TaskAudioProcessing$tsk
00000000                UDEV$
00000000                _CLK_TDDR
00000000                _CLK_TDDRHIGH
00000000                _CLK_TIMERNUM
00000000                _HWI_RESET
00000000                _RTDX_interrupt_mask
00000000                trace$log
00000001                $TI_capability_requires_rev2
00000001                BUF_ENABLED
00000001                CLK$
00000001                CLK_CALDIV
00000001                CLK_CLKDIV
00000001                CLK_COUNTSPMSHIGH
00000001                CLK_ENABLEHTIME
00000001                CLK_HTIMEDIV
00000001                CLK_LTIMEDIV
00000001                CLK_PRDHIGH
[...]
00005c92                iRTA_F_or
00005ca8                _CLK_measure
00005ce8                SYS_PUTCFXN
00005ce8                _UTL_doPutc
00005d20                _KNL_post
00005d54                _CLK_start_htimer
00005d79                _CLK_stop_htimer
00005d80                FXN_F_nop
00005d82                FXN_F_run
00005d9f                FXN_F_zero
00005da3                FXN_F_selfLoop
00005da5                IDL_CALIBRFXN
00005da5                _IDL_stub
00005dcc                SYS_ABORTFXN
00005dcc                _UTL_doAbort
00005df0                SYS_ERRORFXN
00005df0                _UTL_doError
00005e10                CLK_F_itime
00005e10                _CLK_itime
00005e30                _HWI_disable
00005e40                _HWI_enable
00005e44                _HWI_restore
00005e4a                CLK_HOOKFXN
00005e4a                _CLK_run
00005e55                CLK_F_dispRun
00005e55                _CLK_dispRun
00005e64                _SYS_abort
00005e7b                CLK_F_gethtime
00005e7b                CLK_TIMEFXN
00005e7b                _CLK_getfhtime
00005e7b                _CLK_getshtime
00005e8a                IDL_F_loop
00005e8a                _IDL_loop
00005e98                SYS_EXITFXN
00005e98                _UTL_halt
00005ea0                _STS_set
00005ea7                _GBL_getVersion
00005eb0                GBL_BIOS_BOOTFXN
00005eb0                GBL_USERINITFXN
00005eb0                GIO_CREATEFXN
00005eb0                GIO_DELETEFXN
00005eb0                GIO_PENDFXN
00005eb0                GIO_POSTFXN
00005eb0                PWRM_PWRM_BOOTHOOKFXN
00005eb0                TSK_VCREATEFXN
00005eb0                TSK_VDELETEFXN
00005eb0                TSK_VEXITFXN
00005eb0                _FXN_F_nop
            00002f5a    TSK_FFT$stack
            0000373c    TSK_FFT$stkptr
            0000375a    TSK_FFT$sysstack
            0000383c    TSK_FFT$sysstkptr
            0000385a    ___cinit__
            0000385a    cinit
0000724e                PIP_A_TABBEG
0000724e                _PIP_A_TABBEG
000072b2                PIP_A_TABEND
000072b2                _PIP_A_TABEND
00007444                STS_A_TABBEG
00007444                _STS_A_TABBEG
00007474                HST_A_TABBEG
00007474                STS_A_TABEND
00007474                _HST_A_TABBEG
00007474                _STS_A_TABEND
0000748e                HST_A_TABEND
0000748e                LOG_A_TABBEG
0000748e                _HST_A_TABEND
0000748e                _LOG_A_TABBEG
000074a2                LOG_A_TABEND
000074a2                SWI_A_TABBEG
000074a2                _LOG_A_TABEND
000074b6                IDL_A_TABBEG
000074b6                SWI_A_TABEND
000074be                IDL_A_CALBEG
00008000                GBL_PLLDIV0
00008003                GBL_PLLDIV1
            0000406a    .bss
            0000406a    ___bss__
            0000406a    _rxRightSample
            0000406b    _rxLeftSample
            0000406c    _leftRightFlag
            0000406d    _txleftRightFlag
            0000406e    _outputLP
            0000406f    _outputHP
            00004070    _filteredLeftSample
            000040a0    _msg
            000040d0    _output
            00004100    _spectrum
            00004180    _FFTSamps
            00004200    _wave
            00004280    _spectrumOut
            00004300    _buffcount
            00004301    _filteredLeftSampleOutput
            00004302    _txcounter
            00004303    _start
            00004304    _stop
            00004305    _time
            00004306    _bufferIn
            00004336    _indexIn
            00004337    _errno
            00004338    _FFT_U
            000043b8    _FFT_Y
            0000443a    ___atexit_func_id__
            000044fc    _KNL_wFlag
            000044fd    _KNL_set
            000044fe    _KNL_queues
            0000454e    _KNL_wList
            00004550    _KNL_alarm
            00004552    _KNL_setpri
            00004554    _KNL_inactive
            00004556    _KNL_priority
            00004558    _KNL_dummy
            00004570    _KNL_curtask
            00004572    _KNL_prevtask
            00004574    _KNL_curtime
            00004576    _KNL_swiptr
            00004578    _KNL_curqueue
            0000457a    _KNL_maxqueue
            0000457c    _KNL_tswitchfxn
            0000457e    _KNL_tcreatefxn
            00004580    _KNL_tdeletefxn
            00004582    _KNL_treadyfxn
            00004584    _KNL_idlefxn
            00004586    _TSK_nTasks
            00004587    _TSK_pid
            00004588    _TSK_ATTRS
            00004596    _TSK_config
            000045a4    _TSK
            000045a6    _TSK_timerSem
            000045b6    __TSK_mutex
            000045ca    __MEM_mutex
            000045de    _OBJ_table
            000045fa    _OBJ_segtab
            00004602    _SYS_exitStack
            00004612    _SYS_exitStackPtr
            00004614    _SYS_exitStackTop
            00004616    _MEM_memtab
            0000461c    DARAM
            0000461c    HST_DSMBUFSEG
            0000461c    MEM_MALLOCSEG
            0000461c    MEM_SEGZERO
            0000461c    RTDX_DATAMEMSEG
            0000461c    _DARAM
            0000461c    _SEG0
            0000461e    RTA_fromHost$pipe$dtab
            00004624    RTA_toHost$pipe$dtab
            0000462a    _rtInf
            0000462c    _rtMinusInf
            0000462e    _rtNaN
            00004630    _rtInfF
            00004632    _rtMinusInfF
            00004634    _rtNaNF
            00004636    _demoFilterptr
            00004638    _delayLineLPptr
            0000463a    _delayLineHPptr
            0000463c    _highPassptr
            0000463e    _counter
            0000463f    _k
            00004648    _hGPIO_group0
            0000464a    _hGPIO_group1
            0000464c    _hGPIO_group2
            0000464e    _hGPIO_group3
            00004652    _attFactor
            00004654    _index
            00004656    _pa
            00004662    _rtdxNullChanCnt
            00004663    _rtdxNullFuncCnt
            00004664    _CLK_DFLTMICROSECS
            00004666    _CLK_D_microseconds
            00004668    __lock
            0000466a    __unlock
            0000466c    __cleanup_ptr
            0000466e    __dtors_ptr
            00004670    _switch1
            00004671    _switch1Prev
            00004672    _filterMode
            00004674    _CLK_htimePerLtime
            00004676    _MEM
            00004678    _aicMcbsp
            0000467a    _dtors
            0000467c    GBL_sysstackbeg
            0000467c    _HWI_SYSSTKTOP
            0000467c    ___end__
            0000467c    __sysstack
            0000467c    end
            0000477b    GBL_sysstackend
            0000477c    GBL_stackbeg
            0000477c    _HWI_STKTOP
            0000477c    _HWI_SYSSTKBOTTOM
            0000477c    __stack
            00004b7b    GBL_stackend
000096f8                DARAM$Bb
000096f8                _DARAM_baseb
            00004b7c    _HWI_STKBOTTOM
            00004b7c    __STACK_END
            0000507c    TaskAudioProcessing$stack
            0000545e    TaskAudioProcessing$stkptr
            0000547c    TaskAudioProcessing$sysstack
            0000555e    TaskAudioProcessing$sysstkptr
0000acd3                _RTDX_Buffer_WriteCB
0000ae4f                _RTDX_Init_RT_Monitor
0000af5e                _RTDX_Poll
0000b192                _RTDX_Mon_Queue
0000b21a                _RTDX_H2TPoll
0000b27f                _RTDX_Buffer_Initialize
0000b2d2                _RTDX_Buffer_ReadCB
0000b31d                _RTDX_Final_RT_Monitor
0000b359                _RTDX_Buffer_Size
0000b394                _RTDX_Mask_IER
0000b3be                _RTDX_Buffer_Read
0000b3e0                _RTDX_Set_IER
0000b3fe                _RTDX_Buffer_Write
0000b43c                BIOS_init
0000b43c                _BIOS_init
0000b52d                BIOS_start
0000b52d                _BIOS_start
0000b57c                _MEM_init
0000b690                _TSK_init
0000b714                _auto_init
0000b785                _c_int00
0000b7f4                _OBJ_init
0000b7f8                CLK_A_TABBEGb
            00005bfc    PRD_clock
            00005bfc    _PRD_clock
            00005bfe    CLK_NULL
            00005c00    trace$buf
            00006000    _sinusoid
            00006100    _triangle
            00006200    _FFT_ConstP
            00006372    _FFT_M
            00006382    _sally
            000063d8    _BL
            000063ef    _HST_HOST_CHANNEL_DRIVER
            000063f0    TSKUserInterface$stack
            000063f7    KNL_swi$sts$maxfmt
            000063ff    KNL_swi$sts$sumfmt
            00006407    KNL_swi$sts$avgfmt
            00006411    TSK_idle$sts$maxfmt
            00006419    TSK_idle$sts$sumfmt
            00006421    TSK_idle$sts$avgfmt
            0000642b    TaskAudioProcessing$sts$maxfmt
            00006433    TaskAudioProcessing$sts$sumfmt
            0000643b    TaskAudioProcessing$sts$avgfmt
            00006445    TSKUserInterface$sts$maxfmt
            0000644d    TSKUserInterface$sts$sumfmt
            00006455    TSKUserInterface$sts$avgfmt
            0000645f    TSK_FFT$sts$maxfmt
            00006467    TSK_FFT$sts$sumfmt
            0000646f    TSK_FFT$sts$avgfmt
            00006479    IDL_busyObj$maxfmt
            0000647c    IDL_busyObj$sumfmt
            0000647f    IDL_busyObj$avgfmt
            000065d2    TSKUserInterface$stkptr
            000065f0    TSKUserInterface$sysstack
            000066d2    TSKUserInterface$sysstkptr
            000066f0    C55_BIOSDATAOBJ
            000066f0    _GBL_procId
            000066f2    _GBL_clkIn
            000066f4    _GBL_freq
            000066f6    _CLK_htimeDiv
            000066f8    _CLK_htimeMult
            000066fa    _CLK_ltimeDiv
            000066fc    _CLK_ltimeMult
            000066fe    _CLK_D_dirty
            00006700    _CLK_D_prd
            00006702    _CLK_D_tddr
            00006704    _CLK_D_countspms
            00006706    CLK_D_idletime
            00006708    CLK_D_isrhook
            00006708    _CLK_isrhook
            0000670a    CLK_D_tabbeg
            0000670c    CLK_D_timefxn
            0000670e    CLK_R_timh
            0000670e    _CLK_time
            0000670f    CLK_R_timl
            00006710    HST_D_chanmask
            00006712    IDL_D_calbeg
            00006714    IDL_D_calibrate
            00006716    IDL_D_tabbeg
            00006718    LOG_D_system
            00006718    _LOG_D_system
            0000671a    PIP_D_tabbeg
            0000671c    PIP_D_tablen
            0000671e    PRD_D_cur
            00006720    PRD_D_elapsed
            00006721    PRD_D_prevtim
            00006722    PRD_D_scalar
            00006724    PRD_D_swihandle
            00006726    PRD_D_tabbeg
            00006728    PRD_D_tablen
            0000672a    PRD_D_thook
            0000672c    PRD_D_tickh
            0000672d    PRD_D_tickl
            0000672d    _PRD_D_tick
            0000672e    SWI_D_runaddr
            0000672e    _SWI_data
            00006730    SWI_D_execaddr
            00006732    SWI_D_curmask
            00006732    _SWI_D_curmask
            00006733    SWI_D_curset
            00006734    SWI_D_lock
            00006734    _SWI_D_lock
            00006735    SWI_D_curmbox
            00006736    SWI_D_curfxn
            00006736    _SWI_D_curfxn
            00006738    SWI_D_rdybeg
            00006738    _SWI_D_rdybeg
            0000673a    SWI_D_rdytab
            00006776    SWI_D_inswi
            00006776    _SWI_D_inswi
            00006778    HWI_D_spsave
            00006778    _HWI_D_spsave
            00006778    _HWI_data
            0000677a    HWI_D_sspsave
            0000677a    _HWI_D_sspsave
            0000677c    HWI_D_stkbotaddr
            0000677e    HWI_D_systkbotaddr
            00006780    HWI_D_stktopaddr
            00006782    HWI_D_systktopaddr
            00006784    HWI_D_inhwi
            00006784    _HWI_D_inhwi
            00006785    _MEM_D_NUMSEGMENTS
            00006786    _MEM_D_memtab
            00006788    _MEM_D_freelist
            0000678a    _MEM_D_lockaddr
            0000678c    _MEM_D_unlockaddr
            0000678e    _SYS
            00006790    HST_D_tabbegaddr
            00006792    HST_D_tabendaddr
            00006794    TSK_D_idlstkaddr
            00006796    TSK_D_idlsystkaddr
            00006798    RTDX_D_BufRead
            0000679a    RTDX_D_BufWrite
            0000679c    __HOOK_knlId
            0000679e    __HOOK_NUMHOOKS
            000067a0    RTA_D_fromHost
            000067a2    RTA_D_toHost
            000067a4    RTA_D_logval
            000067ae    RTA_D_stsval
            000067b6    LNKCTRL
            000067b6    LNK_D_fromHostMask
            000067b7    LNK_D_dataReadyMask
            000067b8    LNK_D_readPend
            000067b9    LNK_D_readDone
            000067ba    LNK_D_readFail
            000067bb    LNK_D_writeFail
            000067bc    IDL_D_busyObj
            000067be    RTA_toHost$buf
            00006800    LOG_system$buf
            00006a00    TSK_idle$stack
            00006ae2    TSK_idle$stkptr
            00006b00    TSK_idle$sysstack
            00006be2    TSK_idle$sysstkptr
            00006c00    _SYS_PUTCBEG
0000dbef                GBL_TRCMASKVALUE
            00006dff    _SYS_PUTCEND
            00006e00    _RTDX_Buffer
            00006f02    _rtdx_mon_state
            00006f14    _rtdx_buffer_state
            00006f1a    _RTDX_writing
            00006f24    _RTDX_Buffer_Start
            00006f26    _RTDX_Buffer_End
            00006f28    _HWI_dispatchTab
            00006fee    TSK_idle
            00006fee    _TSK_idle
            00007006    TSK_idle$tskobj
            0000701a    TaskAudioProcessing
            0000701a    _TaskAudioProcessing
            00007032    TaskAudioProcessing$tskobj
            00007046    TSKUserInterface
            00007046    _TSKUserInterface
            0000705e    TSKUserInterface$tskobj
            00007072    TSK_FFT
            00007072    _TSK_FFT
            0000708a    TSK_FFT$tskobj
            0000709e    MBXAudio
            0000709e    _MBXAudio
            000070a6    MBXAudio$data
            000070b6    MBXAudio$free
            000070d2    MBXOutput
            000070d2    _MBXOutput
            000070da    MBXOutput$data
            000070ea    MBXOutput$free
            00007106    MBXFFT
            00007106    _MBXFFT
            0000710e    MBXFFT$data
            0000711e    MBXFFT$free
            0000713c    TRC_cinit
            0000713d    TRC_R_mask
            0000713d    _TRC_R_mask
            0000713e    GBL_initdone
            00007140    _demoFilter
            00007186    _highPass
            000071ca    MBXFFT$queElems
0000e49c                PIP_A_TABBEGb
            0000724e    RTA_fromHost$pipe
            00007250    RTA_fromHost$pipe$rd
            00007252    RTA_fromHost$pipe$rdaddr
            00007254    RTA_fromHost$pipe$rdsize
            00007256    RTA_fromHost$pipe$rdcurdesc
            00007266    RTA_fromHost$pipe$rdstshdl
            00007268    RTA_fromHost$pipe$wr
            0000726a    RTA_fromHost$pipe$wraddr
            0000726c    RTA_fromHost$pipe$wrsize
            0000726e    RTA_fromHost$pipe$wrcurdesc
            0000727e    RTA_fromHost$pipe$wrstshdl
            00007280    RTA_toHost$pipe
            00007282    RTA_toHost$pipe$rd
            00007284    RTA_toHost$pipe$rdaddr
            00007286    RTA_toHost$pipe$rdsize
            00007288    RTA_toHost$pipe$rdcurdesc
            00007298    RTA_toHost$pipe$rdstshdl
            0000729a    RTA_toHost$pipe$wr
            0000729c    RTA_toHost$pipe$wraddr
            0000729e    RTA_toHost$pipe$wrsize
            000072a0    RTA_toHost$pipe$wrcurdesc
            000072b0    RTA_toHost$pipe$wrstshdl
0000e564                PIP_A_TABENDb
            000072b8    SEMI2C
            000072b8    _SEMI2C
            000072ce    SEMLED
            000072ce    _SEMLED
            000072e4    SEMFilter
            000072e4    _SEMFilter
            000072fa    SEMFFT
            000072fa    _SEMFFT
            0000730a    ___pinit__
            0000730a    pinit
            00007310    _delayLineLP
            00007356    RTA_fromHost$buf
            00007360    _delayLineHP
            000073a3    gblinit
            000073dc    MBXAudio$queElems
            00007410    MBXOutput$queElems
            00007444    KNL_swi$sts$stsobj
0000e888                STS_A_TABBEGb
            00007446    KNL_swi$sts
            0000744c    TSK_idle$sts$stsobj
            0000744e    TSK_idle$sts
            00007454    TaskAudioProcessing$sts$stsobj
            00007456    TaskAudioProcessing$sts
            0000745c    TSKUserInterface$sts$stsobj
            0000745e    TSKUserInterface$sts
            00007464    TSK_FFT$sts$stsobj
            00007466    TSK_FFT$sts
            0000746c    IDL_busyObj$stsobj
            0000746e    IDL_busyObj
            0000746e    _IDL_busyObj
0000e8e8                HST_A_TABBEGb
0000e8e8                STS_A_TABENDb
            00007476    RTA_fromHost
            00007476    _RTA_fromHost
            0000747a    RTA_fromHost$rtdx
            00007482    RTA_toHost
            00007482    _RTA_toHost
            00007486    RTA_toHost$rtdx
0000e91c                HST_A_TABENDb
0000e91c                LOG_A_TABBEGb
            0000748e    LOG_system
            0000748e    _LOG_system
            00007498    _trace
            00007498    trace
            000074a2    KNL_swi
0000e944                LOG_A_TABENDb
0000e944                SWI_A_TABBEGb
            000074a2    _KNL_swi
0000e96c                IDL_A_TABBEGb
            000074b6    LNK_dataPump
0000e96c                SWI_A_TABENDb
            000074b6    _LNK_dataPump
            000074b8    RTA_dispatcher
            000074b8    _RTA_dispatcher
            000074ba    IDL_cpuLoad
            000074ba    _IDL_cpuLoad
            000074bc    IDL_END
0000e97c                IDL_A_CALBEGb
            000074be    LNK_dataPump$
            000074c0    RTA_dispatcher$
            000074c2    IDL_cpuLoad$
            000074c4    IDL_END$
            000074c6    SYS$config
            000074ce    _CSL_McbspData
            00007534    _CSL_SysData
            00007556    _CSL_GpioData
0000ff00                HWI_A_VECS
0000ff00                hwi0
0000ff08                hwi1
0000ff10                hwi2
0000ff18                hwi3
0000ff20                hwi4
0000ff28                hwi5
0000ff30                hwi6
0000ff38                hwi7
0000ff40                hwi8
0000ff48                hwi9
0000ff50                hwi10
0000ff58                hwi11
0000ff60                hwi12
0000ff68                hwi13
0000ff70                hwi14
0000ff78                hwi15
0000ff80                hwi16
0000ff88                hwi17
0000ff90                hwi18
0000ff98                hwi19
0000ffa0                hwi20
0000ffa8                hwi21
0000ffb0                hwi22
0000ffb8                hwi23
0000ffc0                hwi24
0000ffc8                hwi25
0000ffd0                hwi26
0000ffd8                hwi27
0000ffe0                hwi28
0000ffe8                hwi29
0000fff0                hwi30
0000fff8                hwi31
000124f7                CLK_PRD
000124f7                _CLK_PRD
000124f8                CLK_COUNTSPMS
000124f8                CLK_HTIMEPERLTIME
000124f8                _CLK_COUNTSPMS
000493e0                CLK_LTIMEMULT
000493e0                GBL_FREQ
00f80000                GBL_CACHEICRTAG1
00f81000                GBL_CACHEICRTAG2
ffffffff                VECT
ffffffff                _VECT
ffffffff                ___binit__
ffffffff                ___c_args__
ffffffff                binit

[1087 symbols]
